Archive member included to satisfy reference by file (symbol)

C:/ST/STM32CubeIDE_1.17.0/STM32CubeIDE/plugins/com.st.stm32cube.ide.mcu.externaltools.gnu-tools-for-stm32.13.3.rel1.win32_1.0.0.202411081344/tools/bin/../lib/gcc/arm-none-eabi/13.3.1/../../../../arm-none-eabi/lib/thumb/v7e-m+fp/hard\libc_nano.a(libc_a-exit.o)
                              C:/ST/STM32CubeIDE_1.17.0/STM32CubeIDE/plugins/com.st.stm32cube.ide.mcu.externaltools.gnu-tools-for-stm32.13.3.rel1.win32_1.0.0.202411081344/tools/bin/../lib/gcc/arm-none-eabi/13.3.1/../../../../arm-none-eabi/lib/thumb/v7e-m+fp/hard/crt0.o (exit)
C:/ST/STM32CubeIDE_1.17.0/STM32CubeIDE/plugins/com.st.stm32cube.ide.mcu.externaltools.gnu-tools-for-stm32.13.3.rel1.win32_1.0.0.202411081344/tools/bin/../lib/gcc/arm-none-eabi/13.3.1/../../../../arm-none-eabi/lib/thumb/v7e-m+fp/hard\libc_nano.a(libc_a-findfp.o)
                              C:/ST/STM32CubeIDE_1.17.0/STM32CubeIDE/plugins/com.st.stm32cube.ide.mcu.externaltools.gnu-tools-for-stm32.13.3.rel1.win32_1.0.0.202411081344/tools/bin/../lib/gcc/arm-none-eabi/13.3.1/../../../../arm-none-eabi/lib/thumb/v7e-m+fp/hard\libc_nano.a(libc_a-exit.o) (__stdio_exit_handler)
C:/ST/STM32CubeIDE_1.17.0/STM32CubeIDE/plugins/com.st.stm32cube.ide.mcu.externaltools.gnu-tools-for-stm32.13.3.rel1.win32_1.0.0.202411081344/tools/bin/../lib/gcc/arm-none-eabi/13.3.1/../../../../arm-none-eabi/lib/thumb/v7e-m+fp/hard\libc_nano.a(libc_a-fwalk.o)
                              C:/ST/STM32CubeIDE_1.17.0/STM32CubeIDE/plugins/com.st.stm32cube.ide.mcu.externaltools.gnu-tools-for-stm32.13.3.rel1.win32_1.0.0.202411081344/tools/bin/../lib/gcc/arm-none-eabi/13.3.1/../../../../arm-none-eabi/lib/thumb/v7e-m+fp/hard\libc_nano.a(libc_a-findfp.o) (_fwalk_sglue)
C:/ST/STM32CubeIDE_1.17.0/STM32CubeIDE/plugins/com.st.stm32cube.ide.mcu.externaltools.gnu-tools-for-stm32.13.3.rel1.win32_1.0.0.202411081344/tools/bin/../lib/gcc/arm-none-eabi/13.3.1/../../../../arm-none-eabi/lib/thumb/v7e-m+fp/hard\libc_nano.a(libc_a-sprintf.o)
                              ./Core/Src/main.o (sprintf)
C:/ST/STM32CubeIDE_1.17.0/STM32CubeIDE/plugins/com.st.stm32cube.ide.mcu.externaltools.gnu-tools-for-stm32.13.3.rel1.win32_1.0.0.202411081344/tools/bin/../lib/gcc/arm-none-eabi/13.3.1/../../../../arm-none-eabi/lib/thumb/v7e-m+fp/hard\libc_nano.a(libc_a-stdio.o)
                              C:/ST/STM32CubeIDE_1.17.0/STM32CubeIDE/plugins/com.st.stm32cube.ide.mcu.externaltools.gnu-tools-for-stm32.13.3.rel1.win32_1.0.0.202411081344/tools/bin/../lib/gcc/arm-none-eabi/13.3.1/../../../../arm-none-eabi/lib/thumb/v7e-m+fp/hard\libc_nano.a(libc_a-findfp.o) (__sread)
C:/ST/STM32CubeIDE_1.17.0/STM32CubeIDE/plugins/com.st.stm32cube.ide.mcu.externaltools.gnu-tools-for-stm32.13.3.rel1.win32_1.0.0.202411081344/tools/bin/../lib/gcc/arm-none-eabi/13.3.1/../../../../arm-none-eabi/lib/thumb/v7e-m+fp/hard\libc_nano.a(libc_a-memset.o)
                              C:/ST/STM32CubeIDE_1.17.0/STM32CubeIDE/plugins/com.st.stm32cube.ide.mcu.externaltools.gnu-tools-for-stm32.13.3.rel1.win32_1.0.0.202411081344/tools/bin/../lib/gcc/arm-none-eabi/13.3.1/../../../../arm-none-eabi/lib/thumb/v7e-m+fp/hard/crt0.o (memset)
C:/ST/STM32CubeIDE_1.17.0/STM32CubeIDE/plugins/com.st.stm32cube.ide.mcu.externaltools.gnu-tools-for-stm32.13.3.rel1.win32_1.0.0.202411081344/tools/bin/../lib/gcc/arm-none-eabi/13.3.1/../../../../arm-none-eabi/lib/thumb/v7e-m+fp/hard\libc_nano.a(libc_a-closer.o)
                              C:/ST/STM32CubeIDE_1.17.0/STM32CubeIDE/plugins/com.st.stm32cube.ide.mcu.externaltools.gnu-tools-for-stm32.13.3.rel1.win32_1.0.0.202411081344/tools/bin/../lib/gcc/arm-none-eabi/13.3.1/../../../../arm-none-eabi/lib/thumb/v7e-m+fp/hard\libc_nano.a(libc_a-stdio.o) (_close_r)
C:/ST/STM32CubeIDE_1.17.0/STM32CubeIDE/plugins/com.st.stm32cube.ide.mcu.externaltools.gnu-tools-for-stm32.13.3.rel1.win32_1.0.0.202411081344/tools/bin/../lib/gcc/arm-none-eabi/13.3.1/../../../../arm-none-eabi/lib/thumb/v7e-m+fp/hard\libc_nano.a(libc_a-reent.o)
                              C:/ST/STM32CubeIDE_1.17.0/STM32CubeIDE/plugins/com.st.stm32cube.ide.mcu.externaltools.gnu-tools-for-stm32.13.3.rel1.win32_1.0.0.202411081344/tools/bin/../lib/gcc/arm-none-eabi/13.3.1/../../../../arm-none-eabi/lib/thumb/v7e-m+fp/hard\libc_nano.a(libc_a-closer.o) (errno)
C:/ST/STM32CubeIDE_1.17.0/STM32CubeIDE/plugins/com.st.stm32cube.ide.mcu.externaltools.gnu-tools-for-stm32.13.3.rel1.win32_1.0.0.202411081344/tools/bin/../lib/gcc/arm-none-eabi/13.3.1/../../../../arm-none-eabi/lib/thumb/v7e-m+fp/hard\libc_nano.a(libc_a-impure.o)
                              C:/ST/STM32CubeIDE_1.17.0/STM32CubeIDE/plugins/com.st.stm32cube.ide.mcu.externaltools.gnu-tools-for-stm32.13.3.rel1.win32_1.0.0.202411081344/tools/bin/../lib/gcc/arm-none-eabi/13.3.1/../../../../arm-none-eabi/lib/thumb/v7e-m+fp/hard\libc_nano.a(libc_a-sprintf.o) (_impure_ptr)
[...]
Memory Configuration

Name             Origin             Length             Attributes
RAM              0x20000000         0x00050000         xrw
FLASH            0x08000000         0x00100000         xr
*default*        0x00000000         0xffffffff

Linker script and memory map

LOAD C:/ST/STM32CubeIDE_1.17.0/STM32CubeIDE/plugins/com.st.stm32cube.ide.mcu.externaltools.gnu-tools-for-stm32.13.3.rel1.win32_1.0.0.202411081344/tools/bin/../lib/gcc/arm-none-eabi/13.3.1/thumb/v7e-m+fp/hard/crti.o
LOAD C:/ST/STM32CubeIDE_1.17.0/STM32CubeIDE/plugins/com.st.stm32cube.ide.mcu.externaltools.gnu-tools-for-stm32.13.3.rel1.win32_1.0.0.202411081344/tools/bin/../lib/gcc/arm-none-eabi/13.3.1/thumb/v7e-m+fp/hard/crtbegin.o
LOAD C:/ST/STM32CubeIDE_1.17.0/STM32CubeIDE/plugins/com.st.stm32cube.ide.mcu.externaltools.gnu-tools-for-stm32.13.3.rel1.win32_1.0.0.202411081344/tools/bin/../lib/gcc/arm-none-eabi/13.3.1/../../../../arm-none-eabi/lib/thumb/v7e-m+fp/hard/crt0.o
LOAD ./Core/Src/DFR_i2c.o
LOAD ./Core/Src/fatfs_sd.o
LOAD ./Core/Src/main.o
LOAD ./Core/Src/stm32f7xx_hal_msp.o
LOAD ./Core/Src/stm32f7xx_it.o
LOAD ./Core/Src/syscalls.o
LOAD ./Core/Src/sysmem.o
LOAD ./Core/Src/system_stm32f7xx.o
LOAD ./Core/Startup/startup_stm32f756zgtx.o
LOAD ./Drivers/STM32F7xx_HAL_Driver/Src/stm32f7xx_hal.o
LOAD ./Drivers/STM32F7xx_HAL_Driver/Src/stm32f7xx_hal_cortex.o
LOAD ./Drivers/STM32F7xx_HAL_Driver/Src/stm32f7xx_hal_dma.o
LOAD ./Drivers/STM32F7xx_HAL_Driver/Src/stm32f7xx_hal_dma_ex.o
LOAD ./Drivers/STM32F7xx_HAL_Driver/Src/stm32f7xx_hal_exti.o
LOAD ./Drivers/STM32F7xx_HAL_Driver/Src/stm32f7xx_hal_flash.o
LOAD ./Drivers/STM32F7xx_HAL_Driver/Src/stm32f7xx_hal_flash_ex.o
LOAD ./Drivers/STM32F7xx_HAL_Driver/Src/stm32f7xx_hal_gpio.o
LOAD ./Drivers/STM32F7xx_HAL_Driver/Src/stm32f7xx_hal_i2c.o
LOAD ./Drivers/STM32F7xx_HAL_Driver/Src/stm32f7xx_hal_i2c_ex.o
LOAD ./Drivers/STM32F7xx_HAL_Driver/Src/stm32f7xx_hal_pwr.o
LOAD ./Drivers/STM32F7xx_HAL_Driver/Src/stm32f7xx_hal_pwr_ex.o
LOAD ./Drivers/STM32F7xx_HAL_Driver/Src/stm32f7xx_hal_rcc.o
LOAD ./Drivers/STM32F7xx_HAL_Driver/Src/stm32f7xx_hal_rcc_ex.o
LOAD ./Drivers/STM32F7xx_HAL_Driver/Src/stm32f7xx_hal_spi.o
LOAD ./Drivers/STM32F7xx_HAL_Driver/Src/stm32f7xx_hal_spi_ex.o
LOAD ./Drivers/STM32F7xx_HAL_Driver/Src/stm32f7xx_hal_tim.o
LOAD ./Drivers/STM32F7xx_HAL_Driver/Src/stm32f7xx_hal_tim_ex.o
LOAD ./FATFS/App/fatfs.o
LOAD ./FATFS/Target/user_diskio.o
LOAD ./Middlewares/Third_Party/FatFs/src/diskio.o
LOAD ./Middlewares/Third_Party/FatFs/src/ff.o
LOAD ./Middlewares/Third_Party/FatFs/src/ff_gen_drv.o
LOAD ./Middlewares/Third_Party/FatFs/src/option/syscall.o
START GROUP
LOAD C:/ST/STM32CubeIDE_1.17.0/STM32CubeIDE/plugins/com.st.stm32cube.ide.mcu.externaltools.gnu-tools-for-stm32.13.3.rel1.win32_1.0.0.202411081344/tools/bin/../lib/gcc/arm-none-eabi/13.3.1/../../../../arm-none-eabi/lib/thumb/v7e-m+fp/hard\libc_nano.a
LOAD C:/ST/STM32CubeIDE_1.17.0/STM32CubeIDE/plugins/com.st.stm32cube.ide.mcu.externaltools.gnu-tools-for-stm32.13.3.rel1.win32_1.0.0.202411081344/tools/bin/../lib/gcc/arm-none-eabi/13.3.1/../../../../arm-none-eabi/lib/thumb/v7e-m+fp/hard\libm.a
END GROUP
START GROUP
LOAD C:/ST/STM32CubeIDE_1.17.0/STM32CubeIDE/plugins/com.st.stm32cube.ide.mcu.externaltools.gnu-tools-for-stm32.13.3.rel1.win32_1.0.0.202411081344/tools/bin/../lib/gcc/arm-none-eabi/13.3.1/thumb/v7e-m+fp/hard\libgcc.a
LOAD C:/ST/STM32CubeIDE_1.17.0/STM32CubeIDE/plugins/com.st.stm32cube.ide.mcu.externaltools.gnu-tools-for-stm32.13.3.rel1.win32_1.0.0.202411081344/tools/bin/../lib/gcc/arm-none-eabi/13.3.1/../../../../arm-none-eabi/lib/thumb/v7e-m+fp/hard\libc_nano.a
END GROUP
START GROUP
LOAD C:/ST/STM32CubeIDE_1.17.0/STM32CubeIDE/plugins/com.st.stm32cube.ide.mcu.externaltools.gnu-tools-for-stm32.13.3.rel1.win32_1.0.0.202411081344/tools/bin/../lib/gcc/arm-none-eabi/13.3.1/thumb/v7e-m+fp/hard\libgcc.a
LOAD C:/ST/STM32CubeIDE_1.17.0/STM32CubeIDE/plugins/com.st.stm32cube.ide.mcu.externaltools.gnu-tools-for-stm32.13.3.rel1.win32_1.0.0.202411081344/tools/bin/../lib/gcc/arm-none-eabi/13.3.1/../../../../arm-none-eabi/lib/thumb/v7e-m+fp/hard\libc_nano.a
LOAD C:/ST/STM32CubeIDE_1.17.0/STM32CubeIDE/plugins/com.st.stm32cube.ide.mcu.externaltools.gnu-tools-for-stm32.13.3.rel1.win32_1.0.0.202411081344/tools/bin/../lib/gcc/arm-none-eabi/13.3.1/../../../../arm-none-eabi/lib/thumb/v7e-m+fp/hard\libnosys.a
END GROUP
START GROUP
LOAD C:/ST/STM32CubeIDE_1.17.0/STM32CubeIDE/plugins/com.st.stm32cube.ide.mcu.externaltools.gnu-tools-for-stm32.13.3.rel1.win32_1.0.0.202411081344/tools/bin/../lib/gcc/arm-none-eabi/13.3.1/thumb/v7e-m+fp/hard\libgcc.a
LOAD C:/ST/STM32CubeIDE_1.17.0/STM32CubeIDE/plugins/com.st.stm32cube.ide.mcu.externaltools.gnu-tools-for-stm32.13.3.rel1.win32_1.0.0.202411081344/tools/bin/../lib/gcc/arm-none-eabi/13.3.1/../../../../arm-none-eabi/lib/thumb/v7e-m+fp/hard\libc_nano.a
LOAD C:/ST/STM32CubeIDE_1.17.0/STM32CubeIDE/plugins/com.st.stm32cube.ide.mcu.externaltools.gnu-tools-for-stm32.13.3.rel1.win32_1.0.0.202411081344/tools/bin/../lib/gcc/arm-none-eabi/13.3.1/../../../../arm-none-eabi/lib/thumb/v7e-m+fp/hard\libnosys.a
END GROUP
LOAD C:/ST/STM32CubeIDE_1.17.0/STM32CubeIDE/plugins/com.st.stm32cube.ide.mcu.externaltools.gnu-tools-for-stm32.13.3.rel1.win32_1.0.0.202411081344/tools/bin/../lib/gcc/arm-none-eabi/13.3.1/thumb/v7e-m+fp/hard/crtend.o
LOAD C:/ST/STM32CubeIDE_1.17.0/STM32CubeIDE/plugins/com.st.stm32cube.ide.mcu.externaltools.gnu-tools-for-stm32.13.3.rel1.win32_1.0.0.202411081344/tools/bin/../lib/gcc/arm-none-eabi/13.3.1/thumb/v7e-m+fp/hard/crtn.o
                0x20050000                        _estack = (ORIGIN (RAM) + LENGTH (RAM))
                0x00000200                        _Min_Heap_Size = 0x200
                0x00000400                        _Min_Stack_Size = 0x400

.isr_vector     0x08000000      0x1c8
                0x08000000                        . = ALIGN (0x4)
 *(.isr_vector)
 .isr_vector    0x08000000      0x1c8 ./Core/Startup/startup_stm32f756zgtx.o
                0x08000000                g_pfnVectors
                0x080001c8                        . = ALIGN (0x4)

.text           0x080001d0     0x88f8
                0x080001d0                        . = ALIGN (0x4)
 *(.text)
 .text          0x080001d0       0x40 C:/ST/STM32CubeIDE_1.17.0/STM32CubeIDE/plugins/com.st.stm32cube.ide.mcu.externaltools.gnu-tools-for-stm32.13.3.rel1.win32_1.0.0.202411081344/tools/bin/../lib/gcc/arm-none-eabi/13.3.1/thumb/v7e-m+fp/hard/crtbegin.o
 .text          0x08000210       0x10 C:/ST/STM32CubeIDE_1.17.0/STM32CubeIDE/plugins/com.st.stm32cube.ide.mcu.externaltools.gnu-tools-for-stm32.13.3.rel1.win32_1.0.0.202411081344/tools/bin/../lib/gcc/arm-none-eabi/13.3.1/../../../../arm-none-eabi/lib/thumb/v7e-m+fp/hard\libc_nano.a(libc_a-strlen.o)
                0x08000210                strlen
 .text          0x08000220       0xa0 C:/ST/STM32CubeIDE_1.17.0/STM32CubeIDE/plugins/com.st.stm32cube.ide.mcu.externaltools.gnu-tools-for-stm32.13.3.rel1.win32_1.0.0.202411081344/tools/bin/../lib/gcc/arm-none-eabi/13.3.1/../../../../arm-none-eabi/lib/thumb/v7e-m+fp/hard\libc_nano.a(libc_a-memchr.o)
                0x08000220                memchr
 .text          0x080002c0      0x378 C:/ST/STM32CubeIDE_1.17.0/STM32CubeIDE/plugins/com.st.stm32cube.ide.mcu.externaltools.gnu-tools-for-stm32.13.3.rel1.win32_1.0.0.202411081344/tools/bin/../lib/gcc/arm-none-eabi/13.3.1/thumb/v7e-m+fp/hard\libgcc.a(_arm_addsubdf3.o)
                0x080002c0                __aeabi_drsub
                0x080002c8                __aeabi_dsub
                0x080002c8                __subdf3
                0x080002cc                __aeabi_dadd
                0x080002cc                __adddf3
                0x08000544                __floatunsidf
                0x08000544                __aeabi_ui2d
                0x08000564                __floatsidf
                0x08000564                __aeabi_i2d
                0x08000588                __aeabi_f2d
                0x08000588                __extendsfdf2
                0x080005cc                __floatundidf
                0x080005cc                __aeabi_ul2d
                0x080005dc                __floatdidf
                0x080005dc                __aeabi_l2d
 .text          0x08000638      0x424 C:/ST/STM32CubeIDE_1.17.0/STM32CubeIDE/plugins/com.st.stm32cube.ide.mcu.externaltools.gnu-tools-for-stm32.13.3.rel1.win32_1.0.0.202411081344/tools/bin/../lib/gcc/arm-none-eabi/13.3.1/thumb/v7e-m+fp/hard\libgcc.a(_arm_muldivdf3.o)
                0x08000638                __aeabi_dmul
                0x08000638                __muldf3
                0x0800088c                __divdf3
                0x0800088c                __aeabi_ddiv
 .text          0x08000a5c       0xa0 C:/ST/STM32CubeIDE_1.17.0/STM32CubeIDE/plugins/com.st.stm32cube.ide.mcu.externaltools.gnu-tools-for-stm32.13.3.rel1.win32_1.0.0.202411081344/tools/bin/../lib/gcc/arm-none-eabi/13.3.1/thumb/v7e-m+fp/hard\libgcc.a(_arm_truncdfsf2.o)
                0x08000a5c                __truncdfsf2
                0x08000a5c                __aeabi_d2f
 .text          0x08000afc       0x30 C:/ST/STM32CubeIDE_1.17.0/STM32CubeIDE/plugins/com.st.stm32cube.ide.mcu.externaltools.gnu-tools-for-stm32.13.3.rel1.win32_1.0.0.202411081344/tools/bin/../lib/gcc/arm-none-eabi/13.3.1/thumb/v7e-m+fp/hard\libgcc.a(_aeabi_uldivmod.o)
                0x08000afc                __aeabi_uldivmod
 .text          0x08000b2c      0x2f8 C:/ST/STM32CubeIDE_1.17.0/STM32CubeIDE/plugins/com.st.stm32cube.ide.mcu.externaltools.gnu-tools-for-stm32.13.3.rel1.win32_1.0.0.202411081344/tools/bin/../lib/gcc/arm-none-eabi/13.3.1/thumb/v7e-m+fp/hard\libgcc.a(_udivmoddi4.o)
                0x08000b2c                __udivmoddi4
 .text          0x08000e24        0x4 C:/ST/STM32CubeIDE_1.17.0/STM32CubeIDE/plugins/com.st.stm32cube.ide.mcu.externaltools.gnu-tools-for-stm32.13.3.rel1.win32_1.0.0.202411081344/tools/bin/../lib/gcc/arm-none-eabi/13.3.1/thumb/v7e-m+fp/hard\libgcc.a(_dvmd_tls.o)
                0x08000e24                __aeabi_idiv0
                0x08000e24                __aeabi_ldiv0
 *(.text*)
 .text.Delay_us
                0x08000e28       0x48 ./Core/Src/DFR_i2c.o
                0x08000e28                Delay_us
 .text.dfr_i2c_start
                0x08000e70       0x62 ./Core/Src/DFR_i2c.o
                0x08000e70                dfr_i2c_start
 .text.dfr_i2c_stop
                0x08000ed2       0x52 ./Core/Src/DFR_i2c.o
                0x08000ed2                dfr_i2c_stop
 .text.dfr_i2c_write_1_bit
                0x08000f24       0x60 ./Core/Src/DFR_i2c.o
                0x08000f24                dfr_i2c_write_1_bit
 .text.dfr_i2c_write_byte
                0x08000f84       0xee ./Core/Src/DFR_i2c.o
                0x08000f84                dfr_i2c_write_byte
 *fill*         0x08001072        0x2 
 .text.GP8XXX_IIC_begin
                0x08001074      0x4a4 ./Core/Src/DFR_i2c.o
                0x08001074                GP8XXX_IIC_begin
 .text.GP8XXX_IIC_setDACOutVoltage
                0x08001518      0x14a ./Core/Src/DFR_i2c.o
                0x08001518                GP8XXX_IIC_setDACOutVoltage
 .text.GP8XXX_IIC_store
                0x08001662      0x256 ./Core/Src/DFR_i2c.o
                0x08001662                GP8XXX_IIC_store
 .text.SELECT   0x080018b8       0x18 ./Core/Src/fatfs_sd.o
 .text.DESELECT
                0x080018d0       0x18 ./Core/Src/fatfs_sd.o
 .text.SPI_TxByte
                0x080018e8       0x34 ./Core/Src/fatfs_sd.o
 .text.SPI_RxByte
                0x0800191c       0x3c ./Core/Src/fatfs_sd.o
 .text.SPI_RxBytePtr
                0x08001958       0x1c ./Core/Src/fatfs_sd.o
 .text.SD_ReadyWait
                0x08001974       0x38 ./Core/Src/fatfs_sd.o
 .text.SD_PowerOn
                0x080019ac       0x98 ./Core/Src/fatfs_sd.o
 .text.SD_PowerOff
                0x08001a44       0x18 ./Core/Src/fatfs_sd.o
 .text.SD_CheckPower
                0x08001a5c       0x18 ./Core/Src/fatfs_sd.o
 .text.SD_RxDataBlock
                0x08001a74       0x6c ./Core/Src/fatfs_sd.o
 .text.SD_TxDataBlock
                0x08001ae0       0xa8 ./Core/Src/fatfs_sd.o
 .text.SD_SendCmd
                0x08001b88       0xa4 ./Core/Src/fatfs_sd.o
 .text.SD_disk_initialize
                0x08001c2c      0x1d4 ./Core/Src/fatfs_sd.o
                0x08001c2c                SD_disk_initialize
 .text.SD_disk_status
                0x08001e00       0x2c ./Core/Src/fatfs_sd.o
                0x08001e00                SD_disk_status
 .text.SD_disk_read
                0x08001e2c       0xd4 ./Core/Src/fatfs_sd.o
                0x08001e2c                SD_disk_read
 .text.SD_disk_write
                0x08001f00      0x108 ./Core/Src/fatfs_sd.o
                0x08001f00                SD_disk_write
 .text.SD_disk_ioctl
                0x08002008      0x260 ./Core/Src/fatfs_sd.o
                0x08002008                SD_disk_ioctl
 .text.HAL_TIM_PeriodElapsedCallback
                0x08002268       0xd4 ./Core/Src/main.o
                0x08002268                HAL_TIM_PeriodElapsedCallback
 .text.applyLowPassFilterVelocity
                0x0800233c       0x48 ./Core/Src/main.o
                0x0800233c                applyLowPassFilterVelocity
 *fill*         0x08002384        0x4 
 .text.main     0x08002388      0x618 ./Core/Src/main.o
                0x08002388                main
 .text.SystemClock_Config
                0x080029a0       0xcc ./Core/Src/main.o
                0x080029a0                SystemClock_Config
 .text.MX_SPI4_Init
                0x08002a6c       0x7c ./Core/Src/main.o
 .text.MX_TIM1_Init
                0x08002ae8       0xb4 ./Core/Src/main.o
 .text.MX_TIM2_Init
                0x08002b9c       0x9c ./Core/Src/main.o
 .text.MX_TIM4_Init
                0x08002c38       0xac ./Core/Src/main.o
 .text.MX_TIM13_Init
                0x08002ce4       0x48 ./Core/Src/main.o
 .text.MX_GPIO_Init
                0x08002d2c      0x108 ./Core/Src/main.o
 .text.MPU_Config
                0x08002e34       0x58 ./Core/Src/main.o
 .text.Error_Handler
                0x08002e8c        0xc ./Core/Src/main.o
                0x08002e8c                Error_Handler
 .text.HAL_MspInit
                0x08002e98       0x48 ./Core/Src/stm32f7xx_hal_msp.o
                0x08002e98                HAL_MspInit
 .text.HAL_SPI_MspInit
                0x08002ee0       0x88 ./Core/Src/stm32f7xx_hal_msp.o
                0x08002ee0                HAL_SPI_MspInit
 .text.HAL_TIM_Encoder_MspInit
                0x08002f68       0xf0 ./Core/Src/stm32f7xx_hal_msp.o
                0x08002f68                HAL_TIM_Encoder_MspInit
 .text.HAL_TIM_Base_MspInit
                0x08003058       0x70 ./Core/Src/stm32f7xx_hal_msp.o
                0x08003058                HAL_TIM_Base_MspInit
 .text.NMI_Handler
                0x080030c8        0x8 ./Core/Src/stm32f7xx_it.o
                0x080030c8                NMI_Handler
 .text.HardFault_Handler
                0x080030d0        0x8 ./Core/Src/stm32f7xx_it.o
                0x080030d0                HardFault_Handler
 .text.MemManage_Handler
                0x080030d8        0x8 ./Core/Src/stm32f7xx_it.o
                0x080030d8                MemManage_Handler
 .text.BusFault_Handler
                0x080030e0        0x8 ./Core/Src/stm32f7xx_it.o
                0x080030e0                BusFault_Handler
 .text.UsageFault_Handler
                0x080030e8        0x8 ./Core/Src/stm32f7xx_it.o
                0x080030e8                UsageFault_Handler
 .text.SVC_Handler
                0x080030f0        0xe ./Core/Src/stm32f7xx_it.o
                0x080030f0                SVC_Handler
 .text.DebugMon_Handler
                0x080030fe        0xe ./Core/Src/stm32f7xx_it.o
                0x080030fe                DebugMon_Handler
 .text.PendSV_Handler
                0x0800310c        0xe ./Core/Src/stm32f7xx_it.o
                0x0800310c                PendSV_Handler
 .text.SysTick_Handler
                0x0800311a        0xc ./Core/Src/stm32f7xx_it.o
                0x0800311a                SysTick_Handler
 *fill*         0x08003126        0x2 
 .text.TIM8_UP_TIM13_IRQHandler
                0x08003128       0x14 ./Core/Src/stm32f7xx_it.o
                0x08003128                TIM8_UP_TIM13_IRQHandler
 .text._sbrk    0x0800313c       0x6c ./Core/Src/sysmem.o
                0x0800313c                _sbrk
 .text.SystemInit
                0x080031a8       0x24 ./Core/Src/system_stm32f7xx.o
                0x080031a8                SystemInit
 .text.Reset_Handler
                0x080031cc       0x50 ./Core/Startup/startup_stm32f756zgtx.o
                0x080031cc                Reset_Handler
 .text.Default_Handler
                0x0800321c        0x2 ./Core/Startup/startup_stm32f756zgtx.o
                0x0800321c                RTC_Alarm_IRQHandler
                0x0800321c                HASH_RNG_IRQHandler
                0x0800321c                EXTI2_IRQHandler
                0x0800321c                TIM8_CC_IRQHandler
                0x0800321c                UART8_IRQHandler
                0x0800321c                SPI4_IRQHandler
                0x0800321c                TIM1_CC_IRQHandler
                0x0800321c                DMA2_Stream5_IRQHandler
                0x0800321c                DMA1_Stream5_IRQHandler
                0x0800321c                PVD_IRQHandler
                0x0800321c                TAMP_STAMP_IRQHandler
                0x0800321c                CAN2_RX1_IRQHandler
                0x0800321c                EXTI3_IRQHandler
                0x0800321c                TIM8_TRG_COM_TIM14_IRQHandler
                0x0800321c                TIM1_UP_TIM10_IRQHandler
                0x0800321c                I2C3_ER_IRQHandler
                0x0800321c                EXTI0_IRQHandler
                0x0800321c                I2C2_EV_IRQHandler
                0x0800321c                DMA1_Stream2_IRQHandler
                0x0800321c                CAN1_RX0_IRQHandler
                0x0800321c                FPU_IRQHandler
                0x0800321c                OTG_HS_WKUP_IRQHandler
                0x0800321c                LTDC_ER_IRQHandler
                0x0800321c                CAN2_SCE_IRQHandler
                0x0800321c                DMA2_Stream2_IRQHandler
                0x0800321c                SPI1_IRQHandler
                0x0800321c                TIM6_DAC_IRQHandler
                0x0800321c                TIM1_BRK_TIM9_IRQHandler
                0x0800321c                DCMI_IRQHandler
                0x0800321c                CAN2_RX0_IRQHandler
                0x0800321c                DMA2_Stream3_IRQHandler
                0x0800321c                SAI2_IRQHandler
                0x0800321c                USART6_IRQHandler
                0x0800321c                USART3_IRQHandler
                0x0800321c                CRYP_IRQHandler
                0x0800321c                CAN1_RX1_IRQHandler
                0x0800321c                UART5_IRQHandler
                0x0800321c                DMA2_Stream0_IRQHandler
                0x0800321c                TIM4_IRQHandler
                0x0800321c                QUADSPI_IRQHandler
                0x0800321c                I2C1_EV_IRQHandler
                0x0800321c                DMA1_Stream6_IRQHandler
                0x0800321c                DMA1_Stream1_IRQHandler
                0x0800321c                UART4_IRQHandler
                0x0800321c                TIM3_IRQHandler
                0x0800321c                RCC_IRQHandler
                0x0800321c                TIM8_BRK_TIM12_IRQHandler
                0x0800321c                Default_Handler
                0x0800321c                CEC_IRQHandler
                0x0800321c                EXTI15_10_IRQHandler
                0x0800321c                ADC_IRQHandler
                0x0800321c                DMA1_Stream7_IRQHandler
                0x0800321c                SPI5_IRQHandler
                0x0800321c                TIM7_IRQHandler
                0x0800321c                SDMMC1_IRQHandler
                0x0800321c                CAN2_TX_IRQHandler
                0x0800321c                TIM5_IRQHandler
                0x0800321c                DMA2_Stream7_IRQHandler
                0x0800321c                I2C3_EV_IRQHandler
                0x0800321c                EXTI9_5_IRQHandler
                0x0800321c                RTC_WKUP_IRQHandler
                0x0800321c                LTDC_IRQHandler
                0x0800321c                ETH_WKUP_IRQHandler
                0x0800321c                SPDIF_RX_IRQHandler
                0x0800321c                SPI2_IRQHandler
                0x0800321c                OTG_HS_EP1_IN_IRQHandler
                0x0800321c                DMA1_Stream0_IRQHandler
                0x0800321c                CAN1_TX_IRQHandler
                0x0800321c                EXTI4_IRQHandler
                0x0800321c                ETH_IRQHandler
                0x0800321c                OTG_HS_EP1_OUT_IRQHandler
                0x0800321c                WWDG_IRQHandler
                0x0800321c                SPI6_IRQHandler
                0x0800321c                I2C4_EV_IRQHandler
                0x0800321c                TIM2_IRQHandler
                0x0800321c                OTG_FS_WKUP_IRQHandler
                0x0800321c                TIM1_TRG_COM_TIM11_IRQHandler
                0x0800321c                OTG_HS_IRQHandler
                0x0800321c                DMA2D_IRQHandler
                0x0800321c                EXTI1_IRQHandler
                0x0800321c                UART7_IRQHandler
                0x0800321c                USART2_IRQHandler
                0x0800321c                I2C2_ER_IRQHandler
                0x0800321c                DMA2_Stream1_IRQHandler
                0x0800321c                CAN1_SCE_IRQHandler
                0x0800321c                FLASH_IRQHandler
                0x0800321c                DMA2_Stream4_IRQHandler
                0x0800321c                USART1_IRQHandler
                0x0800321c                OTG_FS_IRQHandler
                0x0800321c                SPI3_IRQHandler
                0x0800321c                DMA1_Stream4_IRQHandler
                0x0800321c                I2C1_ER_IRQHandler
                0x0800321c                FMC_IRQHandler
                0x0800321c                LPTIM1_IRQHandler
                0x0800321c                I2C4_ER_IRQHandler
                0x0800321c                DMA2_Stream6_IRQHandler
                0x0800321c                SAI1_IRQHandler
                0x0800321c                DMA1_Stream3_IRQHandler
 .text.HAL_Init
                0x0800321e       0x1a ./Drivers/STM32F7xx_HAL_Driver/Src/stm32f7xx_hal.o
                0x0800321e                HAL_Init
 .text.HAL_InitTick
                0x08003238       0x60 ./Drivers/STM32F7xx_HAL_Driver/Src/stm32f7xx_hal.o
                0x08003238                HAL_InitTick
 .text.HAL_IncTick
                0x08003298       0x28 ./Drivers/STM32F7xx_HAL_Driver/Src/stm32f7xx_hal.o
                0x08003298                HAL_IncTick
 .text.HAL_GetTick
                0x080032c0       0x18 ./Drivers/STM32F7xx_HAL_Driver/Src/stm32f7xx_hal.o
                0x080032c0                HAL_GetTick
 .text.HAL_Delay
                0x080032d8       0x48 ./Drivers/STM32F7xx_HAL_Driver/Src/stm32f7xx_hal.o
                0x080032d8                HAL_Delay
 .text.__NVIC_SetPriorityGrouping
                0x08003320       0x48 ./Drivers/STM32F7xx_HAL_Driver/Src/stm32f7xx_hal_cortex.o
 .text.__NVIC_GetPriorityGrouping
                0x08003368       0x1c ./Drivers/STM32F7xx_HAL_Driver/Src/stm32f7xx_hal_cortex.o
 .text.__NVIC_EnableIRQ
                0x08003384       0x3c ./Drivers/STM32F7xx_HAL_Driver/Src/stm32f7xx_hal_cortex.o
 .text.__NVIC_SetPriority
                0x080033c0       0x54 ./Drivers/STM32F7xx_HAL_Driver/Src/stm32f7xx_hal_cortex.o
 .text.NVIC_EncodePriority
                0x08003414       0x66 ./Drivers/STM32F7xx_HAL_Driver/Src/stm32f7xx_hal_cortex.o
 *fill*         0x0800347a        0x2 
 .text.SysTick_Config
                0x0800347c       0x44 ./Drivers/STM32F7xx_HAL_Driver/Src/stm32f7xx_hal_cortex.o
 .text.HAL_NVIC_SetPriorityGrouping
                0x080034c0       0x16 ./Drivers/STM32F7xx_HAL_Driver/Src/stm32f7xx_hal_cortex.o
                0x080034c0                HAL_NVIC_SetPriorityGrouping
 .text.HAL_NVIC_SetPriority
                0x080034d6       0x38 ./Drivers/STM32F7xx_HAL_Driver/Src/stm32f7xx_hal_cortex.o
                0x080034d6                HAL_NVIC_SetPriority
 .text.HAL_NVIC_EnableIRQ
                0x0800350e       0x1c ./Drivers/STM32F7xx_HAL_Driver/Src/stm32f7xx_hal_cortex.o
                0x0800350e                HAL_NVIC_EnableIRQ
 .text.HAL_SYSTICK_Config
                0x0800352a       0x18 ./Drivers/STM32F7xx_HAL_Driver/Src/stm32f7xx_hal_cortex.o
                0x0800352a                HAL_SYSTICK_Config
 *fill*         0x08003542        0x2 
 .text.HAL_MPU_Disable
                0x08003544       0x30 ./Drivers/STM32F7xx_HAL_Driver/Src/stm32f7xx_hal_cortex.o
                0x08003544                HAL_MPU_Disable
 .text.HAL_MPU_Enable
                0x08003574       0x40 ./Drivers/STM32F7xx_HAL_Driver/Src/stm32f7xx_hal_cortex.o
                0x08003574                HAL_MPU_Enable
 .text.HAL_MPU_ConfigRegion
                0x080035b4       0x80 ./Drivers/STM32F7xx_HAL_Driver/Src/stm32f7xx_hal_cortex.o
                0x080035b4                HAL_MPU_ConfigRegion
 .text.HAL_GPIO_Init
                0x08003634      0x358 ./Drivers/STM32F7xx_HAL_Driver/Src/stm32f7xx_hal_gpio.o
                0x08003634                HAL_GPIO_Init
 .text.HAL_GPIO_ReadPin
                0x0800398c       0x30 ./Drivers/STM32F7xx_HAL_Driver/Src/stm32f7xx_hal_gpio.o
                0x0800398c                HAL_GPIO_ReadPin
 .text.HAL_GPIO_WritePin
                0x080039bc       0x32 ./Drivers/STM32F7xx_HAL_Driver/Src/stm32f7xx_hal_gpio.o
                0x080039bc                HAL_GPIO_WritePin
 *fill*         0x080039ee        0x2 
 .text.HAL_RCC_OscConfig
                0x080039f0      0x548 ./Drivers/STM32F7xx_HAL_Driver/Src/stm32f7xx_hal_rcc.o
                0x080039f0                HAL_RCC_OscConfig
 .text.HAL_RCC_ClockConfig
                0x08003f38      0x1d8 ./Drivers/STM32F7xx_HAL_Driver/Src/stm32f7xx_hal_rcc.o
                0x08003f38                HAL_RCC_ClockConfig
 .text.HAL_RCC_GetSysClockFreq
                0x08004110      0x18c ./Drivers/STM32F7xx_HAL_Driver/Src/stm32f7xx_hal_rcc.o
                0x08004110                HAL_RCC_GetSysClockFreq
 .text.HAL_SPI_Init
                0x0800429c      0x156 ./Drivers/STM32F7xx_HAL_Driver/Src/stm32f7xx_hal_spi.o
                0x0800429c                HAL_SPI_Init
 .text.HAL_SPI_Transmit
                0x080043f2      0x2ea ./Drivers/STM32F7xx_HAL_Driver/Src/stm32f7xx_hal_spi.o
                0x080043f2                HAL_SPI_Transmit
 .text.HAL_SPI_TransmitReceive
                0x080046dc      0x444 ./Drivers/STM32F7xx_HAL_Driver/Src/stm32f7xx_hal_spi.o
                0x080046dc                HAL_SPI_TransmitReceive
 .text.HAL_SPI_GetState
                0x08004b20       0x1c ./Drivers/STM32F7xx_HAL_Driver/Src/stm32f7xx_hal_spi.o
                0x08004b20                HAL_SPI_GetState
 .text.SPI_WaitFlagStateUntilTimeout
                0x08004b3c      0x110 ./Drivers/STM32F7xx_HAL_Driver/Src/stm32f7xx_hal_spi.o
 .text.SPI_WaitFifoStateUntilTimeout
                0x08004c4c      0x12c ./Drivers/STM32F7xx_HAL_Driver/Src/stm32f7xx_hal_spi.o
 .text.SPI_EndRxTxTransaction
                0x08004d78       0xd4 ./Drivers/STM32F7xx_HAL_Driver/Src/stm32f7xx_hal_spi.o
 .text.HAL_TIM_Base_Init
                0x08004e4c       0xae ./Drivers/STM32F7xx_HAL_Driver/Src/stm32f7xx_hal_tim.o
                0x08004e4c                HAL_TIM_Base_Init
 *fill*         0x08004efa        0x2 
 .text.HAL_TIM_Base_Start
                0x08004efc       0xe0 ./Drivers/STM32F7xx_HAL_Driver/Src/stm32f7xx_hal_tim.o
                0x08004efc                HAL_TIM_Base_Start
 .text.HAL_TIM_Base_Start_IT
                0x08004fdc       0xf0 ./Drivers/STM32F7xx_HAL_Driver/Src/stm32f7xx_hal_tim.o
                0x08004fdc                HAL_TIM_Base_Start_IT
 .text.HAL_TIM_Encoder_Init
                0x080050cc      0x14c ./Drivers/STM32F7xx_HAL_Driver/Src/stm32f7xx_hal_tim.o
                0x080050cc                HAL_TIM_Encoder_Init
 .text.HAL_TIM_Encoder_Start
                0x08005218      0x11c ./Drivers/STM32F7xx_HAL_Driver/Src/stm32f7xx_hal_tim.o
                0x08005218                HAL_TIM_Encoder_Start
 .text.HAL_TIM_IRQHandler
                0x08005334      0x20e ./Drivers/STM32F7xx_HAL_Driver/Src/stm32f7xx_hal_tim.o
                0x08005334                HAL_TIM_IRQHandler
 *fill*         0x08005542        0x2 
 .text.HAL_TIM_ConfigClockSource
                0x08005544      0x194 ./Drivers/STM32F7xx_HAL_Driver/Src/stm32f7xx_hal_tim.o
                0x08005544                HAL_TIM_ConfigClockSource
 .text.HAL_TIM_OC_DelayElapsedCallback
                0x080056d8       0x14 ./Drivers/STM32F7xx_HAL_Driver/Src/stm32f7xx_hal_tim.o
                0x080056d8                HAL_TIM_OC_DelayElapsedCallback
 .text.HAL_TIM_IC_CaptureCallback
                0x080056ec       0x14 ./Drivers/STM32F7xx_HAL_Driver/Src/stm32f7xx_hal_tim.o
                0x080056ec                HAL_TIM_IC_CaptureCallback
 .text.HAL_TIM_PWM_PulseFinishedCallback
                0x08005700       0x14 ./Drivers/STM32F7xx_HAL_Driver/Src/stm32f7xx_hal_tim.o
                0x08005700                HAL_TIM_PWM_PulseFinishedCallback
 .text.HAL_TIM_TriggerCallback
                0x08005714       0x14 ./Drivers/STM32F7xx_HAL_Driver/Src/stm32f7xx_hal_tim.o
                0x08005714                HAL_TIM_TriggerCallback
 .text.TIM_Base_SetConfig
                0x08005728      0x158 ./Drivers/STM32F7xx_HAL_Driver/Src/stm32f7xx_hal_tim.o
                0x08005728                TIM_Base_SetConfig
 .text.TIM_TI1_ConfigInputStage
                0x08005880       0x5e ./Drivers/STM32F7xx_HAL_Driver/Src/stm32f7xx_hal_tim.o
 .text.TIM_TI2_ConfigInputStage
                0x080058de       0x60 ./Drivers/STM32F7xx_HAL_Driver/Src/stm32f7xx_hal_tim.o
 .text.TIM_ITRx_SetConfig
                0x0800593e       0x36 ./Drivers/STM32F7xx_HAL_Driver/Src/stm32f7xx_hal_tim.o
 .text.TIM_ETR_SetConfig
                0x08005974       0x40 ./Drivers/STM32F7xx_HAL_Driver/Src/stm32f7xx_hal_tim.o
                0x08005974                TIM_ETR_SetConfig
 .text.TIM_CCxChannelCmd
                0x080059b4       0x4a ./Drivers/STM32F7xx_HAL_Driver/Src/stm32f7xx_hal_tim.o
                0x080059b4                TIM_CCxChannelCmd
 *fill*         0x080059fe        0x2 
 .text.HAL_TIMEx_MasterConfigSynchronization
                0x08005a00      0x11c ./Drivers/STM32F7xx_HAL_Driver/Src/stm32f7xx_hal_tim_ex.o
                0x08005a00                HAL_TIMEx_MasterConfigSynchronization
 .text.HAL_TIMEx_CommutCallback
                0x08005b1c       0x14 ./Drivers/STM32F7xx_HAL_Driver/Src/stm32f7xx_hal_tim_ex.o
                0x08005b1c                HAL_TIMEx_CommutCallback
 .text.HAL_TIMEx_BreakCallback
                0x08005b30       0x14 ./Drivers/STM32F7xx_HAL_Driver/Src/stm32f7xx_hal_tim_ex.o
                0x08005b30                HAL_TIMEx_BreakCallback
 .text.HAL_TIMEx_Break2Callback
                0x08005b44       0x14 ./Drivers/STM32F7xx_HAL_Driver/Src/stm32f7xx_hal_tim_ex.o
                0x08005b44                HAL_TIMEx_Break2Callback
 .text.MX_FATFS_Init
                0x08005b58       0x24 ./FATFS/App/fatfs.o
                0x08005b58                MX_FATFS_Init
 .text.get_fattime
                0x08005b7c       0x10 ./FATFS/App/fatfs.o
                0x08005b7c                get_fattime
 .text.USER_initialize
                0x08005b8c       0x1c ./FATFS/Target/user_diskio.o
                0x08005b8c                USER_initialize
 .text.USER_status
                0x08005ba8       0x1c ./FATFS/Target/user_diskio.o
                0x08005ba8                USER_status
 .text.USER_read
                0x08005bc4       0x26 ./FATFS/Target/user_diskio.o
                0x08005bc4                USER_read
 .text.USER_write
                0x08005bea       0x26 ./FATFS/Target/user_diskio.o
                0x08005bea                USER_write
 .text.USER_ioctl
                0x08005c10       0x26 ./FATFS/Target/user_diskio.o
                0x08005c10                USER_ioctl
 *fill*         0x08005c36        0x2 
 .text.disk_status
                0x08005c38       0x34 ./Middlewares/Third_Party/FatFs/src/diskio.o
                0x08005c38                disk_status
 .text.disk_initialize
                0x08005c6c       0x4c ./Middlewares/Third_Party/FatFs/src/diskio.o
                0x08005c6c                disk_initialize
 .text.disk_read
                0x08005cb8       0x40 ./Middlewares/Third_Party/FatFs/src/diskio.o
                0x08005cb8                disk_read
 .text.disk_write
                0x08005cf8       0x40 ./Middlewares/Third_Party/FatFs/src/diskio.o
                0x08005cf8                disk_write
 .text.disk_ioctl
                0x08005d38       0x3c ./Middlewares/Third_Party/FatFs/src/diskio.o
                0x08005d38                disk_ioctl
 .text.ld_word  0x08005d74       0x32 ./Middlewares/Third_Party/FatFs/src/ff.o
 .text.ld_dword
                0x08005da6       0x46 ./Middlewares/Third_Party/FatFs/src/ff.o
 .text.st_word  0x08005dec       0x36 ./Middlewares/Third_Party/FatFs/src/ff.o
 .text.st_dword
                0x08005e22       0x58 ./Middlewares/Third_Party/FatFs/src/ff.o
 .text.mem_cpy  0x08005e7a       0x42 ./Middlewares/Third_Party/FatFs/src/ff.o
 .text.mem_set  0x08005ebc       0x36 ./Middlewares/Third_Party/FatFs/src/ff.o
 .text.mem_cmp  0x08005ef2       0x4e ./Middlewares/Third_Party/FatFs/src/ff.o
 .text.chk_chr  0x08005f40       0x36 ./Middlewares/Third_Party/FatFs/src/ff.o
 *fill*         0x08005f76        0x2 
 .text.chk_lock
                0x08005f78       0xb8 ./Middlewares/Third_Party/FatFs/src/ff.o
 .text.enq_lock
                0x08006030       0x44 ./Middlewares/Third_Party/FatFs/src/ff.o
 .text.inc_lock
                0x08006074      0x11c ./Middlewares/Third_Party/FatFs/src/ff.o
 .text.dec_lock
                0x08006190       0x78 ./Middlewares/Third_Party/FatFs/src/ff.o
 .text.clear_lock
                0x08006208       0x48 ./Middlewares/Third_Party/FatFs/src/ff.o
 .text.sync_window
                0x08006250       0x88 ./Middlewares/Third_Party/FatFs/src/ff.o
 .text.move_window
                0x080062d8       0x5a ./Middlewares/Third_Party/FatFs/src/ff.o
 *fill*         0x08006332        0x2 
 .text.sync_fs  0x08006334       0xe0 ./Middlewares/Third_Party/FatFs/src/ff.o
 .text.clust2sect
                0x08006414       0x3e ./Middlewares/Third_Party/FatFs/src/ff.o
 .text.get_fat  0x08006452      0x1a6 ./Middlewares/Third_Party/FatFs/src/ff.o
 .text.put_fat  0x080065f8      0x234 ./Middlewares/Third_Party/FatFs/src/ff.o
 .text.remove_chain
                0x0800682c       0xca ./Middlewares/Third_Party/FatFs/src/ff.o
 .text.create_chain
                0x080068f6      0x130 ./Middlewares/Third_Party/FatFs/src/ff.o
 .text.clmt_clust
                0x08006a26       0x70 ./Middlewares/Third_Party/FatFs/src/ff.o
 .text.dir_sdi  0x08006a96      0x112 ./Middlewares/Third_Party/FatFs/src/ff.o
 .text.dir_next
                0x08006ba8      0x1ac ./Middlewares/Third_Party/FatFs/src/ff.o
 .text.dir_alloc
                0x08006d54       0x8e ./Middlewares/Third_Party/FatFs/src/ff.o
 .text.ld_clust
                0x08006de2       0x3e ./Middlewares/Third_Party/FatFs/src/ff.o
 .text.st_clust
                0x08006e20       0x40 ./Middlewares/Third_Party/FatFs/src/ff.o
 .text.dir_find
                0x08006e60       0xaa ./Middlewares/Third_Party/FatFs/src/ff.o
 .text.dir_register
                0x08006f0a       0x64 ./Middlewares/Third_Party/FatFs/src/ff.o
 *fill*         0x08006f6e        0x2 
 .text.create_name
                0x08006f70      0x128 ./Middlewares/Third_Party/FatFs/src/ff.o
 .text.follow_path
                0x08007098       0xec ./Middlewares/Third_Party/FatFs/src/ff.o
 .text.get_ldnumber
                0x08007184       0x88 ./Middlewares/Third_Party/FatFs/src/ff.o
 .text.check_fs
                0x0800720c       0xac ./Middlewares/Third_Party/FatFs/src/ff.o
 .text.find_volume
                0x080072b8      0x500 ./Middlewares/Third_Party/FatFs/src/ff.o
 .text.validate
                0x080077b8       0x6a ./Middlewares/Third_Party/FatFs/src/ff.o
 *fill*         0x08007822        0x2 
 .text.f_mount  0x08007824       0x8c ./Middlewares/Third_Party/FatFs/src/ff.o
                0x08007824                f_mount
 .text.f_open   0x080078b0      0x390 ./Middlewares/Third_Party/FatFs/src/ff.o
                0x080078b0                f_open
 .text.f_write  0x08007c40      0x328 ./Middlewares/Third_Party/FatFs/src/ff.o
                0x08007c40                f_write
 .text.f_sync   0x08007f68       0xfc ./Middlewares/Third_Party/FatFs/src/ff.o
                0x08007f68                f_sync
 .text.f_close  0x08008064       0x54 ./Middlewares/Third_Party/FatFs/src/ff.o
                0x08008064                f_close
 .text.FATFS_LinkDriverEx
                0x080080b8       0x98 ./Middlewares/Third_Party/FatFs/src/ff_gen_drv.o
                0x080080b8                FATFS_LinkDriverEx
 .text.FATFS_LinkDriver
                0x08008150       0x1e ./Middlewares/Third_Party/FatFs/src/ff_gen_drv.o
                0x08008150                FATFS_LinkDriver
 *fill*         0x0800816e        0x2 
 .text.sprintf  0x08008170       0x44 C:/ST/STM32CubeIDE_1.17.0/STM32CubeIDE/plugins/com.st.stm32cube.ide.mcu.externaltools.gnu-tools-for-stm32.13.3.rel1.win32_1.0.0.202411081344/tools/bin/../lib/gcc/arm-none-eabi/13.3.1/../../../../arm-none-eabi/lib/thumb/v7e-m+fp/hard\libc_nano.a(libc_a-sprintf.o)
                0x08008170                siprintf
                0x08008170                sprintf
 .text.memset   0x080081b4       0x10 C:/ST/STM32CubeIDE_1.17.0/STM32CubeIDE/plugins/com.st.stm32cube.ide.mcu.externaltools.gnu-tools-for-stm32.13.3.rel1.win32_1.0.0.202411081344/tools/bin/../lib/gcc/arm-none-eabi/13.3.1/../../../../arm-none-eabi/lib/thumb/v7e-m+fp/hard\libc_nano.a(libc_a-memset.o)
                0x080081b4                memset
 .text.__errno  0x080081c4        0xc C:/ST/STM32CubeIDE_1.17.0/STM32CubeIDE/plugins/com.st.stm32cube.ide.mcu.externaltools.gnu-tools-for-stm32.13.3.rel1.win32_1.0.0.202411081344/tools/bin/../lib/gcc/arm-none-eabi/13.3.1/../../../../arm-none-eabi/lib/thumb/v7e-m+fp/hard\libc_nano.a(libc_a-errno.o)
                0x080081c4                __errno
 .text.__libc_init_array
                0x080081d0       0x48 C:/ST/STM32CubeIDE_1.17.0/STM32CubeIDE/plugins/com.st.stm32cube.ide.mcu.externaltools.gnu-tools-for-stm32.13.3.rel1.win32_1.0.0.202411081344/tools/bin/../lib/gcc/arm-none-eabi/13.3.1/../../../../arm-none-eabi/lib/thumb/v7e-m+fp/hard\libc_nano.a(libc_a-init.o)
                0x080081d0                __libc_init_array
 .text.__retarget_lock_acquire_recursive
                0x08008218        0x2 C:/ST/STM32CubeIDE_1.17.0/STM32CubeIDE/plugins/com.st.stm32cube.ide.mcu.externaltools.gnu-tools-for-stm32.13.3.rel1.win32_1.0.0.202411081344/tools/bin/../lib/gcc/arm-none-eabi/13.3.1/../../../../arm-none-eabi/lib/thumb/v7e-m+fp/hard\libc_nano.a(libc_a-lock.o)
                0x08008218                __retarget_lock_acquire_recursive
 .text.__retarget_lock_release_recursive
                0x0800821a        0x2 C:/ST/STM32CubeIDE_1.17.0/STM32CubeIDE/plugins/com.st.stm32cube.ide.mcu.externaltools.gnu-tools-for-stm32.13.3.rel1.win32_1.0.0.202411081344/tools/bin/../lib/gcc/arm-none-eabi/13.3.1/../../../../arm-none-eabi/lib/thumb/v7e-m+fp/hard\libc_nano.a(libc_a-lock.o)
                0x0800821a                __retarget_lock_release_recursive
 .text._free_r  0x0800821c       0x94 C:/ST/STM32CubeIDE_1.17.0/STM32CubeIDE/plugins/com.st.stm32cube.ide.mcu.externaltools.gnu-tools-for-stm32.13.3.rel1.win32_1.0.0.202411081344/tools/bin/../lib/gcc/arm-none-eabi/13.3.1/../../../../arm-none-eabi/lib/thumb/v7e-m+fp/hard\libc_nano.a(libc_a-freer.o)
                0x0800821c                _free_r
 .text.sbrk_aligned
                0x080082b0       0x44 C:/ST/STM32CubeIDE_1.17.0/STM32CubeIDE/plugins/com.st.stm32cube.ide.mcu.externaltools.gnu-tools-for-stm32.13.3.rel1.win32_1.0.0.202411081344/tools/bin/../lib/gcc/arm-none-eabi/13.3.1/../../../../arm-none-eabi/lib/thumb/v7e-m+fp/hard\libc_nano.a(libc_a-mallocr.o)
 .text._malloc_r
                0x080082f4      0x100 C:/ST/STM32CubeIDE_1.17.0/STM32CubeIDE/plugins/com.st.stm32cube.ide.mcu.externaltools.gnu-tools-for-stm32.13.3.rel1.win32_1.0.0.202411081344/tools/bin/../lib/gcc/arm-none-eabi/13.3.1/../../../../arm-none-eabi/lib/thumb/v7e-m+fp/hard\libc_nano.a(libc_a-mallocr.o)
                0x080082f4                _malloc_r
 .text.__malloc_lock
                0x080083f4        0xc C:/ST/STM32CubeIDE_1.17.0/STM32CubeIDE/plugins/com.st.stm32cube.ide.mcu.externaltools.gnu-tools-for-stm32.13.3.rel1.win32_1.0.0.202411081344/tools/bin/../lib/gcc/arm-none-eabi/13.3.1/../../../../arm-none-eabi/lib/thumb/v7e-m+fp/hard\libc_nano.a(libc_a-mlock.o)
                0x080083f4                __malloc_lock
 .text.__malloc_unlock
                0x08008400        0xc C:/ST/STM32CubeIDE_1.17.0/STM32CubeIDE/plugins/com.st.stm32cube.ide.mcu.externaltools.gnu-tools-for-stm32.13.3.rel1.win32_1.0.0.202411081344/tools/bin/../lib/gcc/arm-none-eabi/13.3.1/../../../../arm-none-eabi/lib/thumb/v7e-m+fp/hard\libc_nano.a(libc_a-mlock.o)
                0x08008400                __malloc_unlock
 .text.__ssputs_r
                0x0800840c       0xb6 C:/ST/STM32CubeIDE_1.17.0/STM32CubeIDE/plugins/com.st.stm32cube.ide.mcu.externaltools.gnu-tools-for-stm32.13.3.rel1.win32_1.0.0.202411081344/tools/bin/../lib/gcc/arm-none-eabi/13.3.1/../../../../arm-none-eabi/lib/thumb/v7e-m+fp/hard\libc_nano.a(libc_a-nano-svfprintf.o)
                0x0800840c                __ssputs_r
 *fill*         0x080084c2        0x2 
 .text._svfprintf_r
                0x080084c4      0x1f8 C:/ST/STM32CubeIDE_1.17.0/STM32CubeIDE/plugins/com.st.stm32cube.ide.mcu.externaltools.gnu-tools-for-stm32.13.3.rel1.win32_1.0.0.202411081344/tools/bin/../lib/gcc/arm-none-eabi/13.3.1/../../../../arm-none-eabi/lib/thumb/v7e-m+fp/hard\libc_nano.a(libc_a-nano-svfprintf.o)
                0x080084c4                _svfiprintf_r
                0x080084c4                _svfprintf_r
 .text._printf_common
                0x080086bc       0xda C:/ST/STM32CubeIDE_1.17.0/STM32CubeIDE/plugins/com.st.stm32cube.ide.mcu.externaltools.gnu-tools-for-stm32.13.3.rel1.win32_1.0.0.202411081344/tools/bin/../lib/gcc/arm-none-eabi/13.3.1/../../../../arm-none-eabi/lib/thumb/v7e-m+fp/hard\libc_nano.a(libc_a-nano-vfprintf_i.o)
                0x080086bc                _printf_common
 *fill*         0x08008796        0x2 
 .text._printf_i
                0x08008798      0x23c C:/ST/STM32CubeIDE_1.17.0/STM32CubeIDE/plugins/com.st.stm32cube.ide.mcu.externaltools.gnu-tools-for-stm32.13.3.rel1.win32_1.0.0.202411081344/tools/bin/../lib/gcc/arm-none-eabi/13.3.1/../../../../arm-none-eabi/lib/thumb/v7e-m+fp/hard\libc_nano.a(libc_a-nano-vfprintf_i.o)
                0x08008798                _printf_i
 .text.memmove  0x080089d4       0x34 C:/ST/STM32CubeIDE_1.17.0/STM32CubeIDE/plugins/com.st.stm32cube.ide.mcu.externaltools.gnu-tools-for-stm32.13.3.rel1.win32_1.0.0.202411081344/tools/bin/../lib/gcc/arm-none-eabi/13.3.1/../../../../arm-none-eabi/lib/thumb/v7e-m+fp/hard\libc_nano.a(libc_a-memmove.o)
                0x080089d4                memmove
 .text._sbrk_r  0x08008a08       0x20 C:/ST/STM32CubeIDE_1.17.0/STM32CubeIDE/plugins/com.st.stm32cube.ide.mcu.externaltools.gnu-tools-for-stm32.13.3.rel1.win32_1.0.0.202411081344/tools/bin/../lib/gcc/arm-none-eabi/13.3.1/../../../../arm-none-eabi/lib/thumb/v7e-m+fp/hard\libc_nano.a(libc_a-sbrkr.o)
                0x08008a08                _sbrk_r
 .text.memcpy   0x08008a28       0x1c C:/ST/STM32CubeIDE_1.17.0/STM32CubeIDE/plugins/com.st.stm32cube.ide.mcu.externaltools.gnu-tools-for-stm32.13.3.rel1.win32_1.0.0.202411081344/tools/bin/../lib/gcc/arm-none-eabi/13.3.1/../../../../arm-none-eabi/lib/thumb/v7e-m+fp/hard\libc_nano.a(libc_a-memcpy-stub.o)
                0x08008a28                memcpy
 .text._realloc_r
                0x08008a44       0x5c C:/ST/STM32CubeIDE_1.17.0/STM32CubeIDE/plugins/com.st.stm32cube.ide.mcu.externaltools.gnu-tools-for-stm32.13.3.rel1.win32_1.0.0.202411081344/tools/bin/../lib/gcc/arm-none-eabi/13.3.1/../../../../arm-none-eabi/lib/thumb/v7e-m+fp/hard\libc_nano.a(libc_a-reallocr.o)
                0x08008a44                _realloc_r
 .text._malloc_usable_size_r
                0x08008aa0       0x10 C:/ST/STM32CubeIDE_1.17.0/STM32CubeIDE/plugins/com.st.stm32cube.ide.mcu.externaltools.gnu-tools-for-stm32.13.3.rel1.win32_1.0.0.202411081344/tools/bin/../lib/gcc/arm-none-eabi/13.3.1/../../../../arm-none-eabi/lib/thumb/v7e-m+fp/hard\libc_nano.a(libc_a-msizer.o)
                0x08008aa0                _malloc_usable_size_r
 *(.glue_7)
 .glue_7        0x08008ab0        0x0 linker stubs
 *(.glue_7t)
 .glue_7t       0x08008ab0        0x0 linker stubs
 *(.eh_frame)
 .eh_frame      0x08008ab0        0x0 C:/ST/STM32CubeIDE_1.17.0/STM32CubeIDE/plugins/com.st.stm32cube.ide.mcu.externaltools.gnu-tools-for-stm32.13.3.rel1.win32_1.0.0.202411081344/tools/bin/../lib/gcc/arm-none-eabi/13.3.1/thumb/v7e-m+fp/hard/crtbegin.o
 *(.init)
 .init          0x08008ab0        0x4 C:/ST/STM32CubeIDE_1.17.0/STM32CubeIDE/plugins/com.st.stm32cube.ide.mcu.externaltools.gnu-tools-for-stm32.13.3.rel1.win32_1.0.0.202411081344/tools/bin/../lib/gcc/arm-none-eabi/13.3.1/thumb/v7e-m+fp/hard/crti.o
                0x08008ab0                _init
 .init          0x08008ab4        0x8 C:/ST/STM32CubeIDE_1.17.0/STM32CubeIDE/plugins/com.st.stm32cube.ide.mcu.externaltools.gnu-tools-for-stm32.13.3.rel1.win32_1.0.0.202411081344/tools/bin/../lib/gcc/arm-none-eabi/13.3.1/thumb/v7e-m+fp/hard/crtn.o
 *(.fini)
 .fini          0x08008abc        0x4 C:/ST/STM32CubeIDE_1.17.0/STM32CubeIDE/plugins/com.st.stm32cube.ide.mcu.externaltools.gnu-tools-for-stm32.13.3.rel1.win32_1.0.0.202411081344/tools/bin/../lib/gcc/arm-none-eabi/13.3.1/thumb/v7e-m+fp/hard/crti.o
                0x08008abc                _fini
 .fini          0x08008ac0        0x8 C:/ST/STM32CubeIDE_1.17.0/STM32CubeIDE/plugins/com.st.stm32cube.ide.mcu.externaltools.gnu-tools-for-stm32.13.3.rel1.win32_1.0.0.202411081344/tools/bin/../lib/gcc/arm-none-eabi/13.3.1/thumb/v7e-m+fp/hard/crtn.o
                0x08008ac8                        . = ALIGN (0x4)
                0x08008ac8                        _etext = .

.vfp11_veneer   0x08008ac8        0x0
 .vfp11_veneer  0x08008ac8        0x0 linker stubs

.v4_bx          0x08008ac8        0x0
 .v4_bx         0x08008ac8        0x0 linker stubs

.iplt           0x08008ac8        0x0
 .iplt          0x08008ac8        0x0 C:/ST/STM32CubeIDE_1.17.0/STM32CubeIDE/plugins/com.st.stm32cube.ide.mcu.externaltools.gnu-tools-for-stm32.13.3.rel1.win32_1.0.0.202411081344/tools/bin/../lib/gcc/arm-none-eabi/13.3.1/thumb/v7e-m+fp/hard/crtbegin.o

.rodata         0x08008ac8      0x130
                0x08008ac8                        . = ALIGN (0x4)
 *(.rodata)
 .rodata        0x08008ac8       0x25 ./Core/Src/main.o
 *fill*         0x08008aed        0x3 
 .rodata        0x08008af0       0x44 ./Middlewares/Third_Party/FatFs/src/ff.o
 *(.rodata*)
 .rodata.AHBPrescTable
                0x08008b34       0x10 ./Core/Src/system_stm32f7xx.o
                0x08008b34                AHBPrescTable
 .rodata.ExCvt  0x08008b44       0x80 ./Middlewares/Third_Party/FatFs/src/ff.o
 .rodata._svfprintf_r.str1.1
                0x08008bc4       0x33 C:/ST/STM32CubeIDE_1.17.0/STM32CubeIDE/plugins/com.st.stm32cube.ide.mcu.externaltools.gnu-tools-for-stm32.13.3.rel1.win32_1.0.0.202411081344/tools/bin/../lib/gcc/arm-none-eabi/13.3.1/../../../../arm-none-eabi/lib/thumb/v7e-m+fp/hard\libc_nano.a(libc_a-nano-svfprintf.o)
                                 0x11 (size before relaxing)
 .rodata._printf_i.str1.1
                0x08008bf7       0x22 C:/ST/STM32CubeIDE_1.17.0/STM32CubeIDE/plugins/com.st.stm32cube.ide.mcu.externaltools.gnu-tools-for-stm32.13.3.rel1.win32_1.0.0.202411081344/tools/bin/../lib/gcc/arm-none-eabi/13.3.1/../../../../arm-none-eabi/lib/thumb/v7e-m+fp/hard\libc_nano.a(libc_a-nano-vfprintf_i.o)
                0x08008c1c                        . = ALIGN (0x4)
 *fill*         0x08008bf7        0x1 

.ARM.extab      0x08008bf8        0x0
                0x08008bf8                        . = ALIGN (0x4)
 *(.ARM.extab* .gnu.linkonce.armextab.*)
                0x08008bf8                        . = ALIGN (0x4)

.ARM            0x08008bf8        0x8
                0x08008bf8                        . = ALIGN (0x4)
                0x08008bf8                        __exidx_start = .
 *(.ARM.exidx*)
 .ARM.exidx     0x08008bf8        0x8 C:/ST/STM32CubeIDE_1.17.0/STM32CubeIDE/plugins/com.st.stm32cube.ide.mcu.externaltools.gnu-tools-for-stm32.13.3.rel1.win32_1.0.0.202411081344/tools/bin/../lib/gcc/arm-none-eabi/13.3.1/../../../../arm-none-eabi/lib/thumb/v7e-m+fp/hard\libc_nano.a(libc_a-strlen.o)
 .ARM.exidx     0x08008c00        0x0 C:/ST/STM32CubeIDE_1.17.0/STM32CubeIDE/plugins/com.st.stm32cube.ide.mcu.externaltools.gnu-tools-for-stm32.13.3.rel1.win32_1.0.0.202411081344/tools/bin/../lib/gcc/arm-none-eabi/13.3.1/../../../../arm-none-eabi/lib/thumb/v7e-m+fp/hard\libc_nano.a(libc_a-memchr.o)
                                  0x8 (size before relaxing)
 .ARM.exidx     0x08008c00        0x0 C:/ST/STM32CubeIDE_1.17.0/STM32CubeIDE/plugins/com.st.stm32cube.ide.mcu.externaltools.gnu-tools-for-stm32.13.3.rel1.win32_1.0.0.202411081344/tools/bin/../lib/gcc/arm-none-eabi/13.3.1/thumb/v7e-m+fp/hard\libgcc.a(_udivmoddi4.o)
                                  0x8 (size before relaxing)
                0x08008c00                        __exidx_end = .
                0x08008c00                        . = ALIGN (0x4)

.preinit_array  0x08008c00        0x0
                0x08008c00                        . = ALIGN (0x4)
                0x08008c00                        PROVIDE (__preinit_array_start = .)
 *(.preinit_array*)
                0x08008c00                        PROVIDE (__preinit_array_end = .)
                0x08008c00                        . = ALIGN (0x4)

.init_array     0x08008c00        0x4
                0x08008c00                        . = ALIGN (0x4)
                0x08008c00                        PROVIDE (__init_array_start = .)
 *(SORT_BY_NAME(.init_array.*))
 *(.init_array*)
 .init_array    0x08008c00        0x4 C:/ST/STM32CubeIDE_1.17.0/STM32CubeIDE/plugins/com.st.stm32cube.ide.mcu.externaltools.gnu-tools-for-stm32.13.3.rel1.win32_1.0.0.202411081344/tools/bin/../lib/gcc/arm-none-eabi/13.3.1/thumb/v7e-m+fp/hard/crtbegin.o
                0x08008c04                        PROVIDE (__init_array_end = .)
                0x08008c04                        . = ALIGN (0x4)

.fini_array     0x08008c04        0x4
                0x08008c04                        . = ALIGN (0x4)
                [!provide]                        PROVIDE (__fini_array_start = .)
 *(SORT_BY_NAME(.fini_array.*))
 *(.fini_array*)
 .fini_array    0x08008c04        0x4 C:/ST/STM32CubeIDE_1.17.0/STM32CubeIDE/plugins/com.st.stm32cube.ide.mcu.externaltools.gnu-tools-for-stm32.13.3.rel1.win32_1.0.0.202411081344/tools/bin/../lib/gcc/arm-none-eabi/13.3.1/thumb/v7e-m+fp/hard/crtbegin.o
                [!provide]                        PROVIDE (__fini_array_end = .)
                0x08008c08                        . = ALIGN (0x4)
                0x08008c08                        _sidata = LOADADDR (.data)

.rel.dyn        0x08008c08        0x0
 .rel.iplt      0x08008c08        0x0 C:/ST/STM32CubeIDE_1.17.0/STM32CubeIDE/plugins/com.st.stm32cube.ide.mcu.externaltools.gnu-tools-for-stm32.13.3.rel1.win32_1.0.0.202411081344/tools/bin/../lib/gcc/arm-none-eabi/13.3.1/thumb/v7e-m+fp/hard/crtbegin.o

.data           0x20000000       0xc0 load address 0x08008c08
                0x20000000                        . = ALIGN (0x4)
                0x20000000                        _sdata = .
 *(.data)
 *(.data*)
 .data.Stat     0x20000000        0x1 ./Core/Src/fatfs_sd.o
 *fill*         0x20000001        0x3 
 .data.record_number
                0x20000004        0x4 ./Core/Src/main.o
                0x20000004                record_number
 .data.time_interval
                0x20000008        0x4 ./Core/Src/main.o
                0x20000008                time_interval
 .data.Icmd1    0x2000000c        0x4 ./Core/Src/main.o
                0x2000000c                Icmd1
 .data.Ktn1     0x20000010        0x4 ./Core/Src/main.o
                0x20000010                Ktn1
 .data.Jn1      0x20000014        0x4 ./Core/Src/main.o
                0x20000014                Jn1
 .data.Gdis1    0x20000018        0x4 ./Core/Src/main.o
                0x20000018                Gdis1
 .data.Kt1      0x2000001c        0x4 ./Core/Src/main.o
                0x2000001c                Kt1
 .data.Grtob1   0x20000020        0x4 ./Core/Src/main.o
                0x20000020                Grtob1
 .data.Fint     0x20000024        0x4 ./Core/Src/main.o
                0x20000024                Fint
 .data.Ffric    0x20000028        0x4 ./Core/Src/main.o
                0x20000028                Ffric
 .data.Icmd2    0x2000002c        0x4 ./Core/Src/main.o
                0x2000002c                Icmd2
 .data.Ktn2     0x20000030        0x4 ./Core/Src/main.o
                0x20000030                Ktn2
 .data.Jn2      0x20000034        0x4 ./Core/Src/main.o
                0x20000034                Jn2
 .data.Gdis2    0x20000038        0x4 ./Core/Src/main.o
                0x20000038                Gdis2
 .data.Kt2      0x2000003c        0x4 ./Core/Src/main.o
                0x2000003c                Kt2
 .data.Grtob2   0x20000040        0x4 ./Core/Src/main.o
                0x20000040                Grtob2
 .data.Fint2    0x20000044        0x4 ./Core/Src/main.o
                0x20000044                Fint2
 .data.Ffric2   0x20000048        0x4 ./Core/Src/main.o
                0x20000048                Ffric2
 .data.OutputVref
                0x2000004c        0x2 ./Core/Src/main.o
                0x2000004c                OutputVref
 *fill*         0x2000004e        0x2 
 .data.SystemCoreClock
                0x20000050        0x4 ./Core/Src/system_stm32f7xx.o
                0x20000050                SystemCoreClock
 .data.uwTickPrio
                0x20000054        0x4 ./Drivers/STM32F7xx_HAL_Driver/Src/stm32f7xx_hal.o
                0x20000054                uwTickPrio
 .data.uwTickFreq
                0x20000058        0x1 ./Drivers/STM32F7xx_HAL_Driver/Src/stm32f7xx_hal.o
                0x20000058                uwTickFreq
 *fill*         0x20000059        0x3 
 .data.USER_Driver
                0x2000005c       0x14 ./FATFS/Target/user_diskio.o
                0x2000005c                USER_Driver
 .data._impure_ptr
                0x20000070        0x4 C:/ST/STM32CubeIDE_1.17.0/STM32CubeIDE/plugins/com.st.stm32cube.ide.mcu.externaltools.gnu-tools-for-stm32.13.3.rel1.win32_1.0.0.202411081344/tools/bin/../lib/gcc/arm-none-eabi/13.3.1/../../../../arm-none-eabi/lib/thumb/v7e-m+fp/hard\libc_nano.a(libc_a-impure.o)
                0x20000070                _impure_ptr
 .data._impure_data
                0x20000074       0x4c C:/ST/STM32CubeIDE_1.17.0/STM32CubeIDE/plugins/com.st.stm32cube.ide.mcu.externaltools.gnu-tools-for-stm32.13.3.rel1.win32_1.0.0.202411081344/tools/bin/../lib/gcc/arm-none-eabi/13.3.1/../../../../arm-none-eabi/lib/thumb/v7e-m+fp/hard\libc_nano.a(libc_a-impure.o)
                0x20000074                _impure_data
 *(.RamFunc)
 *(.RamFunc*)
                0x200000c0                        . = ALIGN (0x4)
                0x200000c0                        _edata = .

.igot.plt       0x200000c0        0x0 load address 0x08008cc8
 .igot.plt      0x200000c0        0x0 C:/ST/STM32CubeIDE_1.17.0/STM32CubeIDE/plugins/com.st.stm32cube.ide.mcu.externaltools.gnu-tools-for-stm32.13.3.rel1.win32_1.0.0.202411081344/tools/bin/../lib/gcc/arm-none-eabi/13.3.1/thumb/v7e-m+fp/hard/crtbegin.o
                0x200000c0                        . = ALIGN (0x4)

.bss            0x200000c0     0x2c04 load address 0x08008cc8
                0x200000c0                        _sbss = .
                0x200000c0                        __bss_start__ = _sbss
 *(.bss)
 .bss           0x200000c0       0x1c C:/ST/STM32CubeIDE_1.17.0/STM32CubeIDE/plugins/com.st.stm32cube.ide.mcu.externaltools.gnu-tools-for-stm32.13.3.rel1.win32_1.0.0.202411081344/tools/bin/../lib/gcc/arm-none-eabi/13.3.1/thumb/v7e-m+fp/hard/crtbegin.o
 *(.bss*)
 .bss.CardType  0x200000dc        0x1 ./Core/Src/fatfs_sd.o
 .bss.PowerFlag
                0x200000dd        0x1 ./Core/Src/fatfs_sd.o
 *fill*         0x200000de        0x2 
 .bss.hspi4     0x200000e0       0x64 ./Core/Src/main.o
                0x200000e0                hspi4
 .bss.htim1     0x20000144       0x4c ./Core/Src/main.o
                0x20000144                htim1
 .bss.htim2     0x20000190       0x4c ./Core/Src/main.o
                0x20000190                htim2
 .bss.htim4     0x200001dc       0x4c ./Core/Src/main.o
                0x200001dc                htim4
 .bss.htim13    0x20000228       0x4c ./Core/Src/main.o
                0x20000228                htim13
 .bss.encoder_ticks
                0x20000274        0x4 ./Core/Src/main.o
                0x20000274                encoder_ticks
 .bss.encoder_ticks2
                0x20000278        0x4 ./Core/Src/main.o
                0x20000278                encoder_ticks2
 .bss.MainloopCount
                0x2000027c        0x4 ./Core/Src/main.o
                0x2000027c                MainloopCount
 .bss.SDCardCount
                0x20000280        0x4 ./Core/Src/main.o
                0x20000280                SDCardCount
 .bss.fs        0x20000284     0x1034 ./Core/Src/main.o
                0x20000284                fs
 .bss.fil       0x200012b8     0x1030 ./Core/Src/main.o
                0x200012b8                fil
 .bss.fresult   0x200022e8        0x1 ./Core/Src/main.o
                0x200022e8                fresult
 *fill*         0x200022e9        0x3 
 .bss.buffer    0x200022ec      0x800 ./Core/Src/main.o
                0x200022ec                buffer
 .bss.EncoderUpdated
                0x20002aec        0x4 ./Core/Src/main.o
                0x20002aec                EncoderUpdated
 .bss.secondFromStart
                0x20002af0        0x4 ./Core/Src/main.o
                0x20002af0                secondFromStart
 .bss.theta1    0x20002af4        0x4 ./Core/Src/main.o
                0x20002af4                theta1
 .bss.theta2    0x20002af8        0x4 ./Core/Src/main.o
                0x20002af8                theta2
 .bss.theta1_prev
                0x20002afc        0x4 ./Core/Src/main.o
                0x20002afc                theta1_prev
 .bss.theta2_prev
                0x20002b00        0x4 ./Core/Src/main.o
                0x20002b00                theta2_prev
 .bss.velocity1
                0x20002b04        0x4 ./Core/Src/main.o
                0x20002b04                velocity1
 .bss.velocity2
                0x20002b08        0x4 ./Core/Src/main.o
                0x20002b08                velocity2
 .bss.velocity1_prev
                0x20002b0c        0x4 ./Core/Src/main.o
                0x20002b0c                velocity1_prev
 .bss.velocity2_prev
                0x20002b10        0x4 ./Core/Src/main.o
                0x20002b10                velocity2_prev
 .bss.acceleration1
                0x20002b14        0x4 ./Core/Src/main.o
                0x20002b14                acceleration1
 .bss.acceleration2
                0x20002b18        0x4 ./Core/Src/main.o
                0x20002b18                acceleration2
 .bss.Tdis1     0x20002b1c        0x4 ./Core/Src/main.o
                0x20002b1c                Tdis1
 .bss.Tdis2     0x20002b20        0x4 ./Core/Src/main.o
                0x20002b20                Tdis2
 .bss.Idis1     0x20002b24        0x4 ./Core/Src/main.o
                0x20002b24                Idis1
 .bss.Idis2     0x20002b28        0x4 ./Core/Src/main.o
                0x20002b28                Idis2
 .bss.Text1     0x20002b2c        0x4 ./Core/Src/main.o
                0x20002b2c                Text1
 .bss.Text2     0x20002b30        0x4 ./Core/Src/main.o
                0x20002b30                Text2
 .bss.timer1    0x20002b34        0x1 ./Core/Src/stm32f7xx_it.o
                0x20002b34                timer1
 .bss.timer2    0x20002b35        0x1 ./Core/Src/stm32f7xx_it.o
                0x20002b35                timer2
 *fill*         0x20002b36        0x2 
 .bss.__sbrk_heap_end
                0x20002b38        0x4 ./Core/Src/sysmem.o
 .bss.uwTick    0x20002b3c        0x4 ./Drivers/STM32F7xx_HAL_Driver/Src/stm32f7xx_hal.o
                0x20002b3c                uwTick
 .bss.retUSER   0x20002b40        0x1 ./FATFS/App/fatfs.o
                0x20002b40                retUSER
 *fill*         0x20002b41        0x3 
 .bss.USERPath  0x20002b44        0x4 ./FATFS/App/fatfs.o
                0x20002b44                USERPath
 .bss.FatFs     0x20002b48        0x4 ./Middlewares/Third_Party/FatFs/src/ff.o
 .bss.Fsid      0x20002b4c        0x2 ./Middlewares/Third_Party/FatFs/src/ff.o
 *fill*         0x20002b4e        0x2 
 .bss.Files     0x20002b50       0x20 ./Middlewares/Third_Party/FatFs/src/ff.o
 .bss.disk      0x20002b70        0xc ./Middlewares/Third_Party/FatFs/src/ff_gen_drv.o
                0x20002b70                disk
 .bss.__sf      0x20002b7c      0x138 C:/ST/STM32CubeIDE_1.17.0/STM32CubeIDE/plugins/com.st.stm32cube.ide.mcu.externaltools.gnu-tools-for-stm32.13.3.rel1.win32_1.0.0.202411081344/tools/bin/../lib/gcc/arm-none-eabi/13.3.1/../../../../arm-none-eabi/lib/thumb/v7e-m+fp/hard\libc_nano.a(libc_a-findfp.o)
                0x20002b7c                __sf
 .bss.errno     0x20002cb4        0x4 C:/ST/STM32CubeIDE_1.17.0/STM32CubeIDE/plugins/com.st.stm32cube.ide.mcu.externaltools.gnu-tools-for-stm32.13.3.rel1.win32_1.0.0.202411081344/tools/bin/../lib/gcc/arm-none-eabi/13.3.1/../../../../arm-none-eabi/lib/thumb/v7e-m+fp/hard\libc_nano.a(libc_a-reent.o)
                0x20002cb4                errno
 .bss.__lock___malloc_recursive_mutex
                0x20002cb8        0x1 C:/ST/STM32CubeIDE_1.17.0/STM32CubeIDE/plugins/com.st.stm32cube.ide.mcu.externaltools.gnu-tools-for-stm32.13.3.rel1.win32_1.0.0.202411081344/tools/bin/../lib/gcc/arm-none-eabi/13.3.1/../../../../arm-none-eabi/lib/thumb/v7e-m+fp/hard\libc_nano.a(libc_a-lock.o)
                0x20002cb8                __lock___malloc_recursive_mutex
 *fill*         0x20002cb9        0x3 
 .bss.__malloc_sbrk_start
                0x20002cbc        0x4 C:/ST/STM32CubeIDE_1.17.0/STM32CubeIDE/plugins/com.st.stm32cube.ide.mcu.externaltools.gnu-tools-for-stm32.13.3.rel1.win32_1.0.0.202411081344/tools/bin/../lib/gcc/arm-none-eabi/13.3.1/../../../../arm-none-eabi/lib/thumb/v7e-m+fp/hard\libc_nano.a(libc_a-mallocr.o)
                0x20002cbc                __malloc_sbrk_start
 .bss.__malloc_free_list
                0x20002cc0        0x4 C:/ST/STM32CubeIDE_1.17.0/STM32CubeIDE/plugins/com.st.stm32cube.ide.mcu.externaltools.gnu-tools-for-stm32.13.3.rel1.win32_1.0.0.202411081344/tools/bin/../lib/gcc/arm-none-eabi/13.3.1/../../../../arm-none-eabi/lib/thumb/v7e-m+fp/hard\libc_nano.a(libc_a-mallocr.o)
                0x20002cc0                __malloc_free_list
 *(COMMON)
                0x20002cc4                        . = ALIGN (0x4)
                0x20002cc4                        _ebss = .
                0x20002cc4                        __bss_end__ = _ebss

._user_heap_stack
                0x20002cc4      0x604 load address 0x08008cc8
                0x20002cc8                        . = ALIGN (0x8)
 *fill*         0x20002cc4        0x4 
                [!provide]                        PROVIDE (end = .)
                0x20002cc8                        PROVIDE (_end = .)
                0x20002ec8                        . = (. + _Min_Heap_Size)
 *fill*         0x20002cc8      0x200 
                0x200032c8                        . = (. + _Min_Stack_Size)
 *fill*         0x20002ec8      0x400 
                0x200032c8                        . = ALIGN (0x8)

/DISCARD/
 libc.a(*)
 libm.a(*)
 libgcc.a(*)

.ARM.attributes
                0x00000000       0x30
 *(.ARM.attributes)
 .ARM.attributes
                0x00000000       0x22 C:/ST/STM32CubeIDE_1.17.0/STM32CubeIDE/plugins/com.st.stm32cube.ide.mcu.externaltools.gnu-tools-for-stm32.13.3.rel1.win32_1.0.0.202411081344/tools/bin/../lib/gcc/arm-none-eabi/13.3.1/thumb/v7e-m+fp/hard/crti.o
 .ARM.attributes
                0x00000022       0x34 C:/ST/STM32CubeIDE_1.17.0/STM32CubeIDE/plugins/com.st.stm32cube.ide.mcu.externaltools.gnu-tools-for-stm32.13.3.rel1.win32_1.0.0.202411081344/tools/bin/../lib/gcc/arm-none-eabi/13.3.1/thumb/v7e-m+fp/hard/crtbegin.o
 .ARM.attributes
                0x00000056       0x34 ./Core/Src/DFR_i2c.o
 .ARM.attributes
                0x0000008a       0x34 ./Core/Src/fatfs_sd.o
 .ARM.attributes
                0x000000be       0x34 ./Core/Src/main.o
 .ARM.attributes
                0x000000f2       0x34 ./Core/Src/stm32f7xx_hal_msp.o
 .ARM.attributes
                0x00000126       0x34 ./Core/Src/stm32f7xx_it.o
 .ARM.attributes
                0x0000015a       0x34 ./Core/Src/sysmem.o
 .ARM.attributes
                0x0000018e       0x34 ./Core/Src/system_stm32f7xx.o
 .ARM.attributes
                0x000001c2       0x21 ./Core/Startup/startup_stm32f756zgtx.o
 .ARM.attributes
                0x000001e3       0x34 ./Drivers/STM32F7xx_HAL_Driver/Src/stm32f7xx_hal.o
 .ARM.attributes
                0x00000217       0x34 ./Drivers/STM32F7xx_HAL_Driver/Src/stm32f7xx_hal_cortex.o
 .ARM.attributes
                0x0000024b       0x34 ./Drivers/STM32F7xx_HAL_Driver/Src/stm32f7xx_hal_gpio.o
 .ARM.attributes
                0x0000027f       0x34 ./Drivers/STM32F7xx_HAL_Driver/Src/stm32f7xx_hal_rcc.o
 .ARM.attributes
                0x000002b3       0x34 ./Drivers/STM32F7xx_HAL_Driver/Src/stm32f7xx_hal_spi.o
 .ARM.attributes
                0x000002e7       0x34 ./Drivers/STM32F7xx_HAL_Driver/Src/stm32f7xx_hal_tim.o
 .ARM.attributes
                0x0000031b       0x34 ./Drivers/STM32F7xx_HAL_Driver/Src/stm32f7xx_hal_tim_ex.o
 .ARM.attributes
                0x0000034f       0x34 ./FATFS/App/fatfs.o
 .ARM.attributes
                0x00000383       0x34 ./FATFS/Target/user_diskio.o
 .ARM.attributes
                0x000003b7       0x34 ./Middlewares/Third_Party/FatFs/src/diskio.o
 .ARM.attributes
                0x000003eb       0x34 ./Middlewares/Third_Party/FatFs/src/ff.o
 .ARM.attributes
                0x0000041f       0x34 ./Middlewares/Third_Party/FatFs/src/ff_gen_drv.o
 .ARM.attributes
                0x00000453       0x34 C:/ST/STM32CubeIDE_1.17.0/STM32CubeIDE/plugins/com.st.stm32cube.ide.mcu.externaltools.gnu-tools-for-stm32.13.3.rel1.win32_1.0.0.202411081344/tools/bin/../lib/gcc/arm-none-eabi/13.3.1/../../../../arm-none-eabi/lib/thumb/v7e-m+fp/hard\libc_nano.a(libc_a-findfp.o)
 .ARM.attributes
                0x00000487       0x34 C:/ST/STM32CubeIDE_1.17.0/STM32CubeIDE/plugins/com.st.stm32cube.ide.mcu.externaltools.gnu-tools-for-stm32.13.3.rel1.win32_1.0.0.202411081344/tools/bin/../lib/gcc/arm-none-eabi/13.3.1/../../../../arm-none-eabi/lib/thumb/v7e-m+fp/hard\libc_nano.a(libc_a-sprintf.o)
 .ARM.attributes
                0x000004bb       0x34 C:/ST/STM32CubeIDE_1.17.0/STM32CubeIDE/plugins/com.st.stm32cube.ide.mcu.externaltools.gnu-tools-for-stm32.13.3.rel1.win32_1.0.0.202411081344/tools/bin/../lib/gcc/arm-none-eabi/13.3.1/../../../../arm-none-eabi/lib/thumb/v7e-m+fp/hard\libc_nano.a(libc_a-memset.o)
 .ARM.attributes
                0x000004ef       0x34 C:/ST/STM32CubeIDE_1.17.0/STM32CubeIDE/plugins/com.st.stm32cube.ide.mcu.externaltools.gnu-tools-for-stm32.13.3.rel1.win32_1.0.0.202411081344/tools/bin/../lib/gcc/arm-none-eabi/13.3.1/../../../../arm-none-eabi/lib/thumb/v7e-m+fp/hard\libc_nano.a(libc_a-reent.o)
 .ARM.attributes
                0x00000523       0x34 C:/ST/STM32CubeIDE_1.17.0/STM32CubeIDE/plugins/com.st.stm32cube.ide.mcu.externaltools.gnu-tools-for-stm32.13.3.rel1.win32_1.0.0.202411081344/tools/bin/../lib/gcc/arm-none-eabi/13.3.1/../../../../arm-none-eabi/lib/thumb/v7e-m+fp/hard\libc_nano.a(libc_a-impure.o)
 .ARM.attributes
                0x00000557       0x34 C:/ST/STM32CubeIDE_1.17.0/STM32CubeIDE/plugins/com.st.stm32cube.ide.mcu.externaltools.gnu-tools-for-stm32.13.3.rel1.win32_1.0.0.202411081344/tools/bin/../lib/gcc/arm-none-eabi/13.3.1/../../../../arm-none-eabi/lib/thumb/v7e-m+fp/hard\libc_nano.a(libc_a-errno.o)
 .ARM.attributes
                0x0000058b       0x34 C:/ST/STM32CubeIDE_1.17.0/STM32CubeIDE/plugins/com.st.stm32cube.ide.mcu.externaltools.gnu-tools-for-stm32.13.3.rel1.win32_1.0.0.202411081344/tools/bin/../lib/gcc/arm-none-eabi/13.3.1/../../../../arm-none-eabi/lib/thumb/v7e-m+fp/hard\libc_nano.a(libc_a-init.o)
 .ARM.attributes
                0x000005bf       0x34 C:/ST/STM32CubeIDE_1.17.0/STM32CubeIDE/plugins/com.st.stm32cube.ide.mcu.externaltools.gnu-tools-for-stm32.13.3.rel1.win32_1.0.0.202411081344/tools/bin/../lib/gcc/arm-none-eabi/13.3.1/../../../../arm-none-eabi/lib/thumb/v7e-m+fp/hard\libc_nano.a(libc_a-lock.o)
 .ARM.attributes
                0x000005f3       0x17 C:/ST/STM32CubeIDE_1.17.0/STM32CubeIDE/plugins/com.st.stm32cube.ide.mcu.externaltools.gnu-tools-for-stm32.13.3.rel1.win32_1.0.0.202411081344/tools/bin/../lib/gcc/arm-none-eabi/13.3.1/../../../../arm-none-eabi/lib/thumb/v7e-m+fp/hard\libc_nano.a(libc_a-strlen.o)
 .ARM.attributes
                0x0000060a       0x34 C:/ST/STM32CubeIDE_1.17.0/STM32CubeIDE/plugins/com.st.stm32cube.ide.mcu.externaltools.gnu-tools-for-stm32.13.3.rel1.win32_1.0.0.202411081344/tools/bin/../lib/gcc/arm-none-eabi/13.3.1/../../../../arm-none-eabi/lib/thumb/v7e-m+fp/hard\libc_nano.a(libc_a-freer.o)
 .ARM.attributes
                0x0000063e       0x34 C:/ST/STM32CubeIDE_1.17.0/STM32CubeIDE/plugins/com.st.stm32cube.ide.mcu.externaltools.gnu-tools-for-stm32.13.3.rel1.win32_1.0.0.202411081344/tools/bin/../lib/gcc/arm-none-eabi/13.3.1/../../../../arm-none-eabi/lib/thumb/v7e-m+fp/hard\libc_nano.a(libc_a-mallocr.o)
 .ARM.attributes
                0x00000672       0x34 C:/ST/STM32CubeIDE_1.17.0/STM32CubeIDE/plugins/com.st.stm32cube.ide.mcu.externaltools.gnu-tools-for-stm32.13.3.rel1.win32_1.0.0.202411081344/tools/bin/../lib/gcc/arm-none-eabi/13.3.1/../../../../arm-none-eabi/lib/thumb/v7e-m+fp/hard\libc_nano.a(libc_a-mlock.o)
 .ARM.attributes
                0x000006a6       0x34 C:/ST/STM32CubeIDE_1.17.0/STM32CubeIDE/plugins/com.st.stm32cube.ide.mcu.externaltools.gnu-tools-for-stm32.13.3.rel1.win32_1.0.0.202411081344/tools/bin/../lib/gcc/arm-none-eabi/13.3.1/../../../../arm-none-eabi/lib/thumb/v7e-m+fp/hard\libc_nano.a(libc_a-nano-svfprintf.o)
 .ARM.attributes
                0x000006da       0x34 C:/ST/STM32CubeIDE_1.17.0/STM32CubeIDE/plugins/com.st.stm32cube.ide.mcu.externaltools.gnu-tools-for-stm32.13.3.rel1.win32_1.0.0.202411081344/tools/bin/../lib/gcc/arm-none-eabi/13.3.1/../../../../arm-none-eabi/lib/thumb/v7e-m+fp/hard\libc_nano.a(libc_a-nano-vfprintf_i.o)
 .ARM.attributes
                0x0000070e       0x34 C:/ST/STM32CubeIDE_1.17.0/STM32CubeIDE/plugins/com.st.stm32cube.ide.mcu.externaltools.gnu-tools-for-stm32.13.3.rel1.win32_1.0.0.202411081344/tools/bin/../lib/gcc/arm-none-eabi/13.3.1/../../../../arm-none-eabi/lib/thumb/v7e-m+fp/hard\libc_nano.a(libc_a-memmove.o)
 .ARM.attributes
                0x00000742       0x34 C:/ST/STM32CubeIDE_1.17.0/STM32CubeIDE/plugins/com.st.stm32cube.ide.mcu.externaltools.gnu-tools-for-stm32.13.3.rel1.win32_1.0.0.202411081344/tools/bin/../lib/gcc/arm-none-eabi/13.3.1/../../../../arm-none-eabi/lib/thumb/v7e-m+fp/hard\libc_nano.a(libc_a-sbrkr.o)
 .ARM.attributes
                0x00000776       0x1c C:/ST/STM32CubeIDE_1.17.0/STM32CubeIDE/plugins/com.st.stm32cube.ide.mcu.externaltools.gnu-tools-for-stm32.13.3.rel1.win32_1.0.0.202411081344/tools/bin/../lib/gcc/arm-none-eabi/13.3.1/../../../../arm-none-eabi/lib/thumb/v7e-m+fp/hard\libc_nano.a(libc_a-memchr.o)
 .ARM.attributes
                0x00000792       0x34 C:/ST/STM32CubeIDE_1.17.0/STM32CubeIDE/plugins/com.st.stm32cube.ide.mcu.externaltools.gnu-tools-for-stm32.13.3.rel1.win32_1.0.0.202411081344/tools/bin/../lib/gcc/arm-none-eabi/13.3.1/../../../../arm-none-eabi/lib/thumb/v7e-m+fp/hard\libc_nano.a(libc_a-memcpy-stub.o)
 .ARM.attributes
                0x000007c6       0x34 C:/ST/STM32CubeIDE_1.17.0/STM32CubeIDE/plugins/com.st.stm32cube.ide.mcu.externaltools.gnu-tools-for-stm32.13.3.rel1.win32_1.0.0.202411081344/tools/bin/../lib/gcc/arm-none-eabi/13.3.1/../../../../arm-none-eabi/lib/thumb/v7e-m+fp/hard\libc_nano.a(libc_a-reallocr.o)
 .ARM.attributes
                0x000007fa       0x34 C:/ST/STM32CubeIDE_1.17.0/STM32CubeIDE/plugins/com.st.stm32cube.ide.mcu.externaltools.gnu-tools-for-stm32.13.3.rel1.win32_1.0.0.202411081344/tools/bin/../lib/gcc/arm-none-eabi/13.3.1/../../../../arm-none-eabi/lib/thumb/v7e-m+fp/hard\libc_nano.a(libc_a-msizer.o)
 .ARM.attributes
                0x0000082e       0x22 C:/ST/STM32CubeIDE_1.17.0/STM32CubeIDE/plugins/com.st.stm32cube.ide.mcu.externaltools.gnu-tools-for-stm32.13.3.rel1.win32_1.0.0.202411081344/tools/bin/../lib/gcc/arm-none-eabi/13.3.1/thumb/v7e-m+fp/hard\libgcc.a(_arm_addsubdf3.o)
 .ARM.attributes
                0x00000850       0x22 C:/ST/STM32CubeIDE_1.17.0/STM32CubeIDE/plugins/com.st.stm32cube.ide.mcu.externaltools.gnu-tools-for-stm32.13.3.rel1.win32_1.0.0.202411081344/tools/bin/../lib/gcc/arm-none-eabi/13.3.1/thumb/v7e-m+fp/hard\libgcc.a(_arm_muldivdf3.o)
 .ARM.attributes
                0x00000872       0x22 C:/ST/STM32CubeIDE_1.17.0/STM32CubeIDE/plugins/com.st.stm32cube.ide.mcu.externaltools.gnu-tools-for-stm32.13.3.rel1.win32_1.0.0.202411081344/tools/bin/../lib/gcc/arm-none-eabi/13.3.1/thumb/v7e-m+fp/hard\libgcc.a(_arm_truncdfsf2.o)
 .ARM.attributes
                0x00000894       0x22 C:/ST/STM32CubeIDE_1.17.0/STM32CubeIDE/plugins/com.st.stm32cube.ide.mcu.externaltools.gnu-tools-for-stm32.13.3.rel1.win32_1.0.0.202411081344/tools/bin/../lib/gcc/arm-none-eabi/13.3.1/thumb/v7e-m+fp/hard\libgcc.a(_aeabi_uldivmod.o)
 .ARM.attributes
                0x000008b6       0x34 C:/ST/STM32CubeIDE_1.17.0/STM32CubeIDE/plugins/com.st.stm32cube.ide.mcu.externaltools.gnu-tools-for-stm32.13.3.rel1.win32_1.0.0.202411081344/tools/bin/../lib/gcc/arm-none-eabi/13.3.1/thumb/v7e-m+fp/hard\libgcc.a(_udivmoddi4.o)
 .ARM.attributes
                0x000008ea       0x22 C:/ST/STM32CubeIDE_1.17.0/STM32CubeIDE/plugins/com.st.stm32cube.ide.mcu.externaltools.gnu-tools-for-stm32.13.3.rel1.win32_1.0.0.202411081344/tools/bin/../lib/gcc/arm-none-eabi/13.3.1/thumb/v7e-m+fp/hard\libgcc.a(_dvmd_tls.o)
 .ARM.attributes
                0x0000090c       0x22 C:/ST/STM32CubeIDE_1.17.0/STM32CubeIDE/plugins/com.st.stm32cube.ide.mcu.externaltools.gnu-tools-for-stm32.13.3.rel1.win32_1.0.0.202411081344/tools/bin/../lib/gcc/arm-none-eabi/13.3.1/thumb/v7e-m+fp/hard/crtn.o
OUTPUT(EncorderProject.elf elf32-littlearm)
LOAD linker stubs
LOAD C:/ST/STM32CubeIDE_1.17.0/STM32CubeIDE/plugins/com.st.stm32cube.ide.mcu.externaltools.gnu-tools-for-stm32.13.3.rel1.win32_1.0.0.202411081344/tools/bin/../lib/gcc/arm-none-eabi/13.3.1/../../../../arm-none-eabi/lib/thumb/v7e-m+fp/hard\libc.a
LOAD C:/ST/STM32CubeIDE_1.17.0/STM32CubeIDE/plugins/com.st.stm32cube.ide.mcu.externaltools.gnu-tools-for-stm32.13.3.rel1.win32_1.0.0.202411081344/tools/bin/../lib/gcc/arm-none-eabi/13.3.1/../../../../arm-none-eabi/lib/thumb/v7e-m+fp/hard\libm.a
LOAD C:/ST/STM32CubeIDE_1.17.0/STM32CubeIDE/plugins/com.st.stm32cube.ide.mcu.externaltools.gnu-tools-for-stm32.13.3.rel1.win32_1.0.0.202411081344/tools/bin/../lib/gcc/arm-none-eabi/13.3.1/thumb/v7e-m+fp/hard\libgcc.a

.debug_info     0x00000000    0x10818
 .debug_info    0x00000000      0xa84 ./Core/Src/DFR_i2c.o
 .debug_info    0x00000a84      0xc54 ./Core/Src/fatfs_sd.o
 .debug_info    0x000016d8     0x1de7 ./Core/Src/main.o
 .debug_info    0x000034bf     0x1136 ./Core/Src/stm32f7xx_hal_msp.o
 .debug_info    0x000045f5      0x78c ./Core/Src/stm32f7xx_it.o
 .debug_info    0x00004d81      0x168 ./Core/Src/sysmem.o
 .debug_info    0x00004ee9      0x6ed ./Core/Src/system_stm32f7xx.o
 .debug_info    0x000055d6       0x30 ./Core/Startup/startup_stm32f756zgtx.o
 .debug_info    0x00005606      0x9de ./Drivers/STM32F7xx_HAL_Driver/Src/stm32f7xx_hal.o
 .debug_info    0x00005fe4      0xf84 ./Drivers/STM32F7xx_HAL_Driver/Src/stm32f7xx_hal_cortex.o
 .debug_info    0x00006f68      0x6e7 ./Drivers/STM32F7xx_HAL_Driver/Src/stm32f7xx_hal_gpio.o
 .debug_info    0x0000764f      0x8dc ./Drivers/STM32F7xx_HAL_Driver/Src/stm32f7xx_hal_rcc.o
 .debug_info    0x00007f2b     0x169b ./Drivers/STM32F7xx_HAL_Driver/Src/stm32f7xx_hal_spi.o
 .debug_info    0x000095c6     0x2abd ./Drivers/STM32F7xx_HAL_Driver/Src/stm32f7xx_hal_tim.o
 .debug_info    0x0000c083     0x15bb ./Drivers/STM32F7xx_HAL_Driver/Src/stm32f7xx_hal_tim_ex.o
 .debug_info    0x0000d63e      0x4ea ./FATFS/App/fatfs.o
 .debug_info    0x0000db28      0x3a5 ./FATFS/Target/user_diskio.o
 .debug_info    0x0000decd      0x3df ./Middlewares/Third_Party/FatFs/src/diskio.o
 .debug_info    0x0000e2ac     0x21ed ./Middlewares/Third_Party/FatFs/src/ff.o
 .debug_info    0x00010499      0x37f ./Middlewares/Third_Party/FatFs/src/ff_gen_drv.o

.debug_abbrev   0x00000000     0x278f
 .debug_abbrev  0x00000000      0x241 ./Core/Src/DFR_i2c.o
 .debug_abbrev  0x00000241      0x2e1 ./Core/Src/fatfs_sd.o
 .debug_abbrev  0x00000522      0x375 ./Core/Src/main.o
 .debug_abbrev  0x00000897      0x204 ./Core/Src/stm32f7xx_hal_msp.o
 .debug_abbrev  0x00000a9b      0x1a6 ./Core/Src/stm32f7xx_it.o
 .debug_abbrev  0x00000c41       0xbc ./Core/Src/sysmem.o
 .debug_abbrev  0x00000cfd      0x13b ./Core/Src/system_stm32f7xx.o
 .debug_abbrev  0x00000e38       0x24 ./Core/Startup/startup_stm32f756zgtx.o
 .debug_abbrev  0x00000e5c      0x213 ./Drivers/STM32F7xx_HAL_Driver/Src/stm32f7xx_hal.o
 .debug_abbrev  0x0000106f      0x31e ./Drivers/STM32F7xx_HAL_Driver/Src/stm32f7xx_hal_cortex.o
 .debug_abbrev  0x0000138d      0x1d4 ./Drivers/STM32F7xx_HAL_Driver/Src/stm32f7xx_hal_gpio.o
 .debug_abbrev  0x00001561      0x288 ./Drivers/STM32F7xx_HAL_Driver/Src/stm32f7xx_hal_rcc.o
 .debug_abbrev  0x000017e9      0x269 ./Drivers/STM32F7xx_HAL_Driver/Src/stm32f7xx_hal_spi.o
 .debug_abbrev  0x00001a52      0x278 ./Drivers/STM32F7xx_HAL_Driver/Src/stm32f7xx_hal_tim.o
 .debug_abbrev  0x00001cca      0x283 ./Drivers/STM32F7xx_HAL_Driver/Src/stm32f7xx_hal_tim_ex.o
 .debug_abbrev  0x00001f4d      0x15e ./FATFS/App/fatfs.o
 .debug_abbrev  0x000020ab      0x144 ./FATFS/Target/user_diskio.o
 .debug_abbrev  0x000021ef      0x181 ./Middlewares/Third_Party/FatFs/src/diskio.o
 .debug_abbrev  0x00002370      0x280 ./Middlewares/Third_Party/FatFs/src/ff.o
 .debug_abbrev  0x000025f0      0x19f ./Middlewares/Third_Party/FatFs/src/ff_gen_drv.o

.debug_aranges  0x00000000      0xfd8
 .debug_aranges
                0x00000000       0x60 ./Core/Src/DFR_i2c.o
 .debug_aranges
                0x00000060       0xa0 ./Core/Src/fatfs_sd.o
 .debug_aranges
                0x00000100       0x78 ./Core/Src/main.o
 .debug_aranges
                0x00000178       0x50 ./Core/Src/stm32f7xx_hal_msp.o
 .debug_aranges
                0x000001c8       0x70 ./Core/Src/stm32f7xx_it.o
 .debug_aranges
                0x00000238       0x20 ./Core/Src/sysmem.o
 .debug_aranges
                0x00000258       0x28 ./Core/Src/system_stm32f7xx.o
 .debug_aranges
                0x00000280       0x28 ./Core/Startup/startup_stm32f756zgtx.o
 .debug_aranges
                0x000002a8      0x100 ./Drivers/STM32F7xx_HAL_Driver/Src/stm32f7xx_hal.o
 .debug_aranges
                0x000003a8      0x128 ./Drivers/STM32F7xx_HAL_Driver/Src/stm32f7xx_hal_cortex.o
 .debug_aranges
                0x000004d0       0x58 ./Drivers/STM32F7xx_HAL_Driver/Src/stm32f7xx_hal_gpio.o
 .debug_aranges
                0x00000528       0x88 ./Drivers/STM32F7xx_HAL_Driver/Src/stm32f7xx_hal_rcc.o
 .debug_aranges
                0x000005b0      0x1d8 ./Drivers/STM32F7xx_HAL_Driver/Src/stm32f7xx_hal_spi.o
 .debug_aranges
                0x00000788      0x3e0 ./Drivers/STM32F7xx_HAL_Driver/Src/stm32f7xx_hal_tim.o
 .debug_aranges
                0x00000b68      0x178 ./Drivers/STM32F7xx_HAL_Driver/Src/stm32f7xx_hal_tim_ex.o
 .debug_aranges
                0x00000ce0       0x28 ./FATFS/App/fatfs.o
 .debug_aranges
                0x00000d08       0x40 ./FATFS/Target/user_diskio.o
 .debug_aranges
                0x00000d48       0x48 ./Middlewares/Third_Party/FatFs/src/diskio.o
 .debug_aranges
                0x00000d90      0x208 ./Middlewares/Third_Party/FatFs/src/ff.o
 .debug_aranges
                0x00000f98       0x40 ./Middlewares/Third_Party/FatFs/src/ff_gen_drv.o

.debug_rnglists
                0x00000000      0xc3a
 .debug_rnglists
                0x00000000       0x47 ./Core/Src/DFR_i2c.o
 .debug_rnglists
                0x00000047       0x7a ./Core/Src/fatfs_sd.o
 .debug_rnglists
                0x000000c1       0x5c ./Core/Src/main.o
 .debug_rnglists
                0x0000011d       0x39 ./Core/Src/stm32f7xx_hal_msp.o
 .debug_rnglists
                0x00000156       0x4f ./Core/Src/stm32f7xx_it.o
 .debug_rnglists
                0x000001a5       0x13 ./Core/Src/sysmem.o
 .debug_rnglists
                0x000001b8       0x1a ./Core/Src/system_stm32f7xx.o
 .debug_rnglists
                0x000001d2       0x19 ./Core/Startup/startup_stm32f756zgtx.o
 .debug_rnglists
                0x000001eb       0xbb ./Drivers/STM32F7xx_HAL_Driver/Src/stm32f7xx_hal.o
 .debug_rnglists
                0x000002a6       0xda ./Drivers/STM32F7xx_HAL_Driver/Src/stm32f7xx_hal_cortex.o
 .debug_rnglists
                0x00000380       0x3f ./Drivers/STM32F7xx_HAL_Driver/Src/stm32f7xx_hal_gpio.o
 .debug_rnglists
                0x000003bf       0x67 ./Drivers/STM32F7xx_HAL_Driver/Src/stm32f7xx_hal_rcc.o
 .debug_rnglists
                0x00000426      0x178 ./Drivers/STM32F7xx_HAL_Driver/Src/stm32f7xx_hal_spi.o
 .debug_rnglists
                0x0000059e      0x328 ./Drivers/STM32F7xx_HAL_Driver/Src/stm32f7xx_hal_tim.o
 .debug_rnglists
                0x000008c6      0x131 ./Drivers/STM32F7xx_HAL_Driver/Src/stm32f7xx_hal_tim_ex.o
 .debug_rnglists
                0x000009f7       0x19 ./FATFS/App/fatfs.o
 .debug_rnglists
                0x00000a10       0x2b ./FATFS/Target/user_diskio.o
 .debug_rnglists
                0x00000a3b       0x31 ./Middlewares/Third_Party/FatFs/src/diskio.o
 .debug_rnglists
                0x00000a6c      0x1a2 ./Middlewares/Third_Party/FatFs/src/ff.o
 .debug_rnglists
                0x00000c0e       0x2c ./Middlewares/Third_Party/FatFs/src/ff_gen_drv.o

.debug_macro    0x00000000    0x27f6e
 .debug_macro   0x00000000      0x1fc ./Core/Src/DFR_i2c.o
 .debug_macro   0x000001fc      0xad8 ./Core/Src/DFR_i2c.o
 .debug_macro   0x00000cd4       0x22 ./Core/Src/DFR_i2c.o
 .debug_macro   0x00000cf6       0x8e ./Core/Src/DFR_i2c.o
 .debug_macro   0x00000d84       0x51 ./Core/Src/DFR_i2c.o
 .debug_macro   0x00000dd5      0x103 ./Core/Src/DFR_i2c.o
 .debug_macro   0x00000ed8       0x6a ./Core/Src/DFR_i2c.o
 .debug_macro   0x00000f42      0x1df ./Core/Src/DFR_i2c.o
 .debug_macro   0x00001121      0x293 ./Core/Src/DFR_i2c.o
 .debug_macro   0x000013b4       0x2e ./Core/Src/DFR_i2c.o
 .debug_macro   0x000013e2       0x3b ./Core/Src/DFR_i2c.o
 .debug_macro   0x0000141d       0x1c ./Core/Src/DFR_i2c.o
 .debug_macro   0x00001439       0x22 ./Core/Src/DFR_i2c.o
 .debug_macro   0x0000145b       0xd9 ./Core/Src/DFR_i2c.o
 .debug_macro   0x00001534     0x12cd ./Core/Src/DFR_i2c.o
 .debug_macro   0x00002801      0x11f ./Core/Src/DFR_i2c.o
 .debug_macro   0x00002920       0x19 ./Core/Src/DFR_i2c.o
 .debug_macro   0x00002939    0x1987c ./Core/Src/DFR_i2c.o
 .debug_macro   0x0001c1b5       0x6d ./Core/Src/DFR_i2c.o
 .debug_macro   0x0001c222     0x3765 ./Core/Src/DFR_i2c.o
 .debug_macro   0x0001f987      0x190 ./Core/Src/DFR_i2c.o
 .debug_macro   0x0001fb17       0x63 ./Core/Src/DFR_i2c.o
 .debug_macro   0x0001fb7a     0x1939 ./Core/Src/DFR_i2c.o
 .debug_macro   0x000214b3      0x6c4 ./Core/Src/DFR_i2c.o
 .debug_macro   0x00021b77      0x185 ./Core/Src/DFR_i2c.o
 .debug_macro   0x00021cfc      0x115 ./Core/Src/DFR_i2c.o
 .debug_macro   0x00021e11      0x1fd ./Core/Src/DFR_i2c.o
 .debug_macro   0x0002200e       0xa5 ./Core/Src/DFR_i2c.o
 .debug_macro   0x000220b3      0x24f ./Core/Src/DFR_i2c.o
 .debug_macro   0x00022302       0x41 ./Core/Src/DFR_i2c.o
 .debug_macro   0x00022343       0x58 ./Core/Src/DFR_i2c.o
 .debug_macro   0x0002239b      0x236 ./Core/Src/DFR_i2c.o
 .debug_macro   0x000225d1      0x14e ./Core/Src/DFR_i2c.o
 .debug_macro   0x0002271f      0x25a ./Core/Src/DFR_i2c.o
 .debug_macro   0x00022979       0x12 ./Core/Src/DFR_i2c.o
 .debug_macro   0x0002298b      0x22c ./Core/Src/DFR_i2c.o
 .debug_macro   0x00022bb7       0x61 ./Core/Src/DFR_i2c.o
 .debug_macro   0x00022c18       0xa5 ./Core/Src/DFR_i2c.o
 .debug_macro   0x00022cbd      0x12e ./Core/Src/DFR_i2c.o
 .debug_macro   0x00022deb      0x108 ./Core/Src/DFR_i2c.o
 .debug_macro   0x00022ef3       0x35 ./Core/Src/DFR_i2c.o
 .debug_macro   0x00022f28      0x2fe ./Core/Src/DFR_i2c.o
 .debug_macro   0x00023226      0xa83 ./Core/Src/DFR_i2c.o
 .debug_macro   0x00023ca9       0x59 ./Core/Src/DFR_i2c.o
 .debug_macro   0x00023d02      0x14d ./Core/Src/DFR_i2c.o
 .debug_macro   0x00023e4f       0x52 ./Core/Src/DFR_i2c.o
 .debug_macro   0x00023ea1      0x222 ./Core/Src/fatfs_sd.o
 .debug_macro   0x000240c3       0x16 ./Core/Src/fatfs_sd.o
 .debug_macro   0x000240d9       0x7c ./Core/Src/fatfs_sd.o
 .debug_macro   0x00024155       0x6a ./Core/Src/fatfs_sd.o
 .debug_macro   0x000241bf      0x3a7 ./Core/Src/main.o
 .debug_macro   0x00024566       0xeb ./Core/Src/main.o
 .debug_macro   0x00024651       0x2a ./Core/Src/main.o
 .debug_macro   0x0002467b       0x61 ./Core/Src/main.o
 .debug_macro   0x000246dc       0x43 ./Core/Src/main.o
 .debug_macro   0x0002471f       0x34 ./Core/Src/main.o
 .debug_macro   0x00024753       0x16 ./Core/Src/main.o
 .debug_macro   0x00024769       0x3c ./Core/Src/main.o
 .debug_macro   0x000247a5      0x370 ./Core/Src/main.o
 .debug_macro   0x00024b15       0x16 ./Core/Src/main.o
 .debug_macro   0x00024b2b       0x4a ./Core/Src/main.o
 .debug_macro   0x00024b75       0x34 ./Core/Src/main.o
 .debug_macro   0x00024ba9       0x10 ./Core/Src/main.o
 .debug_macro   0x00024bb9       0x58 ./Core/Src/main.o
 .debug_macro   0x00024c11       0x8e ./Core/Src/main.o
 .debug_macro   0x00024c9f       0x1c ./Core/Src/main.o
 .debug_macro   0x00024cbb      0x185 ./Core/Src/main.o
 .debug_macro   0x00024e40       0x16 ./Core/Src/main.o
 .debug_macro   0x00024e56       0x29 ./Core/Src/main.o
 .debug_macro   0x00024e7f       0x12 ./Core/Src/main.o
 .debug_macro   0x00024e91       0xe2 ./Core/Src/main.o
 .debug_macro   0x00024f73       0x8e ./Core/Src/main.o
 .debug_macro   0x00025001       0x16 ./Core/Src/main.o
 .debug_macro   0x00025017       0x20 ./Core/Src/main.o
 .debug_macro   0x00025037       0x1c ./Core/Src/main.o
 .debug_macro   0x00025053       0x10 ./Core/Src/main.o
 .debug_macro   0x00025063       0x1c ./Core/Src/main.o
 .debug_macro   0x0002507f       0x16 ./Core/Src/main.o
 .debug_macro   0x00025095      0x146 ./Core/Src/main.o
 .debug_macro   0x000251db      0x19b ./Core/Src/main.o
 .debug_macro   0x00025376       0x58 ./Core/Src/main.o
 .debug_macro   0x000253ce      0x1ed ./Core/Src/stm32f7xx_hal_msp.o
 .debug_macro   0x000255bb      0x1f7 ./Core/Src/stm32f7xx_it.o
 .debug_macro   0x000257b2      0x112 ./Core/Src/sysmem.o
 .debug_macro   0x000258c4      0x23c ./Core/Src/sysmem.o
 .debug_macro   0x00025b00      0x1e3 ./Core/Src/system_stm32f7xx.o
 .debug_macro   0x00025ce3      0x207 ./Drivers/STM32F7xx_HAL_Driver/Src/stm32f7xx_hal.o
 .debug_macro   0x00025eea      0x1e3 ./Drivers/STM32F7xx_HAL_Driver/Src/stm32f7xx_hal_cortex.o
 .debug_macro   0x000260cd      0x1e9 ./Drivers/STM32F7xx_HAL_Driver/Src/stm32f7xx_hal_gpio.o
 .debug_macro   0x000262b6      0x207 ./Drivers/STM32F7xx_HAL_Driver/Src/stm32f7xx_hal_rcc.o
 .debug_macro   0x000264bd      0x1f2 ./Drivers/STM32F7xx_HAL_Driver/Src/stm32f7xx_hal_spi.o
 .debug_macro   0x000266af      0x1e4 ./Drivers/STM32F7xx_HAL_Driver/Src/stm32f7xx_hal_tim.o
 .debug_macro   0x00026893      0x1e3 ./Drivers/STM32F7xx_HAL_Driver/Src/stm32f7xx_hal_tim_ex.o
 .debug_macro   0x00026a76      0x312 ./FATFS/App/fatfs.o
 .debug_macro   0x00026d88       0xe5 ./FATFS/App/fatfs.o
 .debug_macro   0x00026e6d      0x338 ./FATFS/Target/user_diskio.o
 .debug_macro   0x000271a5       0x10 ./FATFS/Target/user_diskio.o
 .debug_macro   0x000271b5       0x5d ./FATFS/Target/user_diskio.o
 .debug_macro   0x00027212      0x2ff ./Middlewares/Third_Party/FatFs/src/diskio.o
 .debug_macro   0x00027511      0x706 ./Middlewares/Third_Party/FatFs/src/ff.o
 .debug_macro   0x00027c17       0x58 ./Middlewares/Third_Party/FatFs/src/ff.o
 .debug_macro   0x00027c6f      0x2ff ./Middlewares/Third_Party/FatFs/src/ff_gen_drv.o

.debug_line     0x00000000    0x15127
 .debug_line    0x00000000      0xace ./Core/Src/DFR_i2c.o
 .debug_line    0x00000ace      0xe3c ./Core/Src/fatfs_sd.o
 .debug_line    0x0000190a      0xe72 ./Core/Src/main.o
 .debug_line    0x0000277c      0x896 ./Core/Src/stm32f7xx_hal_msp.o
 .debug_line    0x00003012      0x85c ./Core/Src/stm32f7xx_it.o
 .debug_line    0x0000386e      0x588 ./Core/Src/sysmem.o
 .debug_line    0x00003df6      0x7f2 ./Core/Src/system_stm32f7xx.o
 .debug_line    0x000045e8       0x7a ./Core/Startup/startup_stm32f756zgtx.o
 .debug_line    0x00004662      0xa96 ./Drivers/STM32F7xx_HAL_Driver/Src/stm32f7xx_hal.o
 .debug_line    0x000050f8      0xd16 ./Drivers/STM32F7xx_HAL_Driver/Src/stm32f7xx_hal_cortex.o
 .debug_line    0x00005e0e      0xbf0 ./Drivers/STM32F7xx_HAL_Driver/Src/stm32f7xx_hal_gpio.o
 .debug_line    0x000069fe      0xf89 ./Drivers/STM32F7xx_HAL_Driver/Src/stm32f7xx_hal_rcc.o
 .debug_line    0x00007987     0x20fa ./Drivers/STM32F7xx_HAL_Driver/Src/stm32f7xx_hal_spi.o
 .debug_line    0x00009a81     0x3d39 ./Drivers/STM32F7xx_HAL_Driver/Src/stm32f7xx_hal_tim.o
 .debug_line    0x0000d7ba     0x1ac4 ./Drivers/STM32F7xx_HAL_Driver/Src/stm32f7xx_hal_tim_ex.o
 .debug_line    0x0000f27e      0x962 ./FATFS/App/fatfs.o
 .debug_line    0x0000fbe0      0x9c2 ./FATFS/Target/user_diskio.o
 .debug_line    0x000105a2      0x9cd ./Middlewares/Third_Party/FatFs/src/diskio.o
 .debug_line    0x00010f6f     0x37cd ./Middlewares/Third_Party/FatFs/src/ff.o
 .debug_line    0x0001473c      0x9eb ./Middlewares/Third_Party/FatFs/src/ff_gen_drv.o

.debug_str      0x00000000    0xf1d1a
 .debug_str     0x00000000    0xf1d1a ./Core/Src/DFR_i2c.o
                              0xe88c9 (size before relaxing)
 .debug_str     0x000f1d1a    0xe8c4b ./Core/Src/fatfs_sd.o
 .debug_str     0x000f1d1a    0xee097 ./Core/Src/main.o
 .debug_str     0x000f1d1a    0xe9281 ./Core/Src/stm32f7xx_hal_msp.o
 .debug_str     0x000f1d1a    0xe8933 ./Core/Src/stm32f7xx_it.o
 .debug_str     0x000f1d1a     0x778a ./Core/Src/sysmem.o
 .debug_str     0x000f1d1a    0xe8560 ./Core/Src/system_stm32f7xx.o
 .debug_str     0x000f1d1a       0x8a ./Core/Startup/startup_stm32f756zgtx.o
 .debug_str     0x000f1d1a    0xe8ed8 ./Drivers/STM32F7xx_HAL_Driver/Src/stm32f7xx_hal.o
 .debug_str     0x000f1d1a    0xe8ef5 ./Drivers/STM32F7xx_HAL_Driver/Src/stm32f7xx_hal_cortex.o
 .debug_str     0x000f1d1a    0xe861e ./Drivers/STM32F7xx_HAL_Driver/Src/stm32f7xx_hal_gpio.o
 .debug_str     0x000f1d1a    0xe88c2 ./Drivers/STM32F7xx_HAL_Driver/Src/stm32f7xx_hal_rcc.o
 .debug_str     0x000f1d1a    0xe8da0 ./Drivers/STM32F7xx_HAL_Driver/Src/stm32f7xx_hal_spi.o
 .debug_str     0x000f1d1a    0xe9883 ./Drivers/STM32F7xx_HAL_Driver/Src/stm32f7xx_hal_tim.o
 .debug_str     0x000f1d1a    0xe90c9 ./Drivers/STM32F7xx_HAL_Driver/Src/stm32f7xx_hal_tim_ex.o
 .debug_str     0x000f1d1a    0xebd0a ./FATFS/App/fatfs.o
 .debug_str     0x000f1d1a    0xebdd4 ./FATFS/Target/user_diskio.o
 .debug_str     0x000f1d1a    0xebc13 ./Middlewares/Third_Party/FatFs/src/diskio.o
 .debug_str     0x000f1d1a    0xece7a ./Middlewares/Third_Party/FatFs/src/ff.o
 .debug_str     0x000f1d1a    0xebc64 ./Middlewares/Third_Party/FatFs/src/ff_gen_drv.o

.comment        0x00000000       0x43
 .comment       0x00000000       0x43 ./Core/Src/DFR_i2c.o
                                 0x44 (size before relaxing)
 .comment       0x00000043       0x44 ./Core/Src/fatfs_sd.o
 .comment       0x00000043       0x44 ./Core/Src/main.o
 .comment       0x00000043       0x44 ./Core/Src/stm32f7xx_hal_msp.o
 .comment       0x00000043       0x44 ./Core/Src/stm32f7xx_it.o
 .comment       0x00000043       0x44 ./Core/Src/sysmem.o
 .comment       0x00000043       0x44 ./Core/Src/system_stm32f7xx.o
 .comment       0x00000043       0x44 ./Drivers/STM32F7xx_HAL_Driver/Src/stm32f7xx_hal.o
 .comment       0x00000043       0x44 ./Drivers/STM32F7xx_HAL_Driver/Src/stm32f7xx_hal_cortex.o
 .comment       0x00000043       0x44 ./Drivers/STM32F7xx_HAL_Driver/Src/stm32f7xx_hal_gpio.o
 .comment       0x00000043       0x44 ./Drivers/STM32F7xx_HAL_Driver/Src/stm32f7xx_hal_rcc.o
 .comment       0x00000043       0x44 ./Drivers/STM32F7xx_HAL_Driver/Src/stm32f7xx_hal_spi.o
 .comment       0x00000043       0x44 ./Drivers/STM32F7xx_HAL_Driver/Src/stm32f7xx_hal_tim.o
 .comment       0x00000043       0x44 ./Drivers/STM32F7xx_HAL_Driver/Src/stm32f7xx_hal_tim_ex.o
 .comment       0x00000043       0x44 ./FATFS/App/fatfs.o
 .comment       0x00000043       0x44 ./FATFS/Target/user_diskio.o
 .comment       0x00000043       0x44 ./Middlewares/Third_Party/FatFs/src/diskio.o
 .comment       0x00000043       0x44 ./Middlewares/Third_Party/FatFs/src/ff.o
 .comment       0x00000043       0x44 ./Middlewares/Third_Party/FatFs/src/ff_gen_drv.o

.debug_frame    0x00000000     0x484c
 .debug_frame   0x00000000      0x160 ./Core/Src/DFR_i2c.o