Archive member included to satisfy reference by file (symbol)

C:/ST/STM32CubeIDE_1.17.0/STM32CubeIDE/plugins/com.st.stm32cube.ide.mcu.externaltools.gnu-tools-for-stm32.13.3.rel1.win32_1.0.0.202411081344/tools/bin/../lib/gcc/arm-none-eabi/13.3.1/../../../../arm-none-eabi/lib/thumb/v7e-m+fp/hard\libc_nano.a(libc_a-exit.o)
                              C:/ST/STM32CubeIDE_1.17.0/STM32CubeIDE/plugins/com.st.stm32cube.ide.mcu.externaltools.gnu-tools-for-stm32.13.3.rel1.win32_1.0.0.202411081344/tools/bin/../lib/gcc/arm-none-eabi/13.3.1/../../../../arm-none-eabi/lib/thumb/v7e-m+fp/hard/crt0.o (exit)
C:/ST/STM32CubeIDE_1.17.0/STM32CubeIDE/plugins/com.st.stm32cube.ide.mcu.externaltools.gnu-tools-for-stm32.13.3.rel1.win32_1.0.0.202411081344/tools/bin/../lib/gcc/arm-none-eabi/13.3.1/../../../../arm-none-eabi/lib/thumb/v7e-m+fp/hard\libc_nano.a(libc_a-findfp.o)
                              C:/ST/STM32CubeIDE_1.17.0/STM32CubeIDE/plugins/com.st.stm32cube.ide.mcu.externaltools.gnu-tools-for-stm32.13.3.rel1.win32_1.0.0.202411081344/tools/bin/../lib/gcc/arm-none-eabi/13.3.1/../../../../arm-none-eabi/lib/thumb/v7e-m+fp/hard\libc_nano.a(libc_a-exit.o) (__stdio_exit_handler)
C:/ST/STM32CubeIDE_1.17.0/STM32CubeIDE/plugins/com.st.stm32cube.ide.mcu.externaltools.gnu-tools-for-stm32.13.3.rel1.win32_1.0.0.202411081344/tools/bin/../lib/gcc/arm-none-eabi/13.3.1/../../../../arm-none-eabi/lib/thumb/v7e-m+fp/hard\libc_nano.a(libc_a-fwalk.o)
                              C:/ST/STM32CubeIDE_1.17.0/STM32CubeIDE/plugins/com.st.stm32cube.ide.mcu.externaltools.gnu-tools-for-stm32.13.3.rel1.win32_1.0.0.202411081344/tools/bin/../lib/gcc/arm-none-eabi/13.3.1/../../../../arm-none-eabi/lib/thumb/v7e-m+fp/hard\libc_nano.a(libc_a-findfp.o) (_fwalk_sglue)
C:/ST/STM32CubeIDE_1.17.0/STM32CubeIDE/plugins/com.st.stm32cube.ide.mcu.externaltools.gnu-tools-for-stm32.13.3.rel1.win32_1.0.0.202411081344/tools/bin/../lib/gcc/arm-none-eabi/13.3.1/../../../../arm-none-eabi/lib/thumb/v7e-m+fp/hard\libc_nano.a(libc_a-stdio.o)
                              C:/ST/STM32CubeIDE_1.17.0/STM32CubeIDE/plugins/com.st.stm32cube.ide.mcu.externaltools.gnu-tools-for-stm32.13.3.rel1.win32_1.0.0.202411081344/tools/bin/../lib/gcc/arm-none-eabi/13.3.1/../../../../arm-none-eabi/lib/thumb/v7e-m+fp/hard\libc_nano.a(libc_a-findfp.o) (__sread)
C:/ST/STM32CubeIDE_1.17.0/STM32CubeIDE/plugins/com.st.stm32cube.ide.mcu.externaltools.gnu-tools-for-stm32.13.3.rel1.win32_1.0.0.202411081344/tools/bin/../lib/gcc/arm-none-eabi/13.3.1/../../../../arm-none-eabi/lib/thumb/v7e-m+fp/hard\libc_nano.a(libc_a-memset.o)
                              C:/ST/STM32CubeIDE_1.17.0/STM32CubeIDE/plugins/com.st.stm32cube.ide.mcu.externaltools.gnu-tools-for-stm32.13.3.rel1.win32_1.0.0.202411081344/tools/bin/../lib/gcc/arm-none-eabi/13.3.1/../../../../arm-none-eabi/lib/thumb/v7e-m+fp/hard/crt0.o (memset)
C:/ST/STM32CubeIDE_1.17.0/STM32CubeIDE/plugins/com.st.stm32cube.ide.mcu.externaltools.gnu-tools-for-stm32.13.3.rel1.win32_1.0.0.202411081344/tools/bin/../lib/gcc/arm-none-eabi/13.3.1/../../../../arm-none-eabi/lib/thumb/v7e-m+fp/hard\libc_nano.a(libc_a-closer.o)
                              C:/ST/STM32CubeIDE_1.17.0/STM32CubeIDE/plugins/com.st.stm32cube.ide.mcu.externaltools.gnu-tools-for-stm32.13.3.rel1.win32_1.0.0.202411081344/tools/bin/../lib/gcc/arm-none-eabi/13.3.1/../../../../arm-none-eabi/lib/thumb/v7e-m+fp/hard\libc_nano.a(libc_a-stdio.o) (_close_r)
C:/ST/STM32CubeIDE_1.17.0/STM32CubeIDE/plugins/com.st.stm32cube.ide.mcu.externaltools.gnu-tools-for-stm32.13.3.rel1.win32_1.0.0.202411081344/tools/bin/../lib/gcc/arm-none-eabi/13.3.1/../../../../arm-none-eabi/lib/thumb/v7e-m+fp/hard\libc_nano.a(libc_a-reent.o)
                              C:/ST/STM32CubeIDE_1.17.0/STM32CubeIDE/plugins/com.st.stm32cube.ide.mcu.externaltools.gnu-tools-for-stm32.13.3.rel1.win32_1.0.0.202411081344/tools/bin/../lib/gcc/arm-none-eabi/13.3.1/../../../../arm-none-eabi/lib/thumb/v7e-m+fp/hard\libc_nano.a(libc_a-closer.o) (errno)
C:/ST/STM32CubeIDE_1.17.0/STM32CubeIDE/plugins/com.st.stm32cube.ide.mcu.externaltools.gnu-tools-for-stm32.13.3.rel1.win32_1.0.0.202411081344/tools/bin/../lib/gcc/arm-none-eabi/13.3.1/../../../../arm-none-eabi/lib/thumb/v7e-m+fp/hard\libc_nano.a(libc_a-impure.o)
                              C:/ST/STM32CubeIDE_1.17.0/STM32CubeIDE/plugins/com.st.stm32cube.ide.mcu.externaltools.gnu-tools-for-stm32.13.3.rel1.win32_1.0.0.202411081344/tools/bin/../lib/gcc/arm-none-eabi/13.3.1/../../../../arm-none-eabi/lib/thumb/v7e-m+fp/hard\libc_nano.a(libc_a-reent.o) (_impure_ptr)
C:/ST/STM32CubeIDE_1.17.0/STM32CubeIDE/plugins/com.st.stm32cube.ide.mcu.externaltools.gnu-tools-for-stm32.13.3.rel1.win32_1.0.0.202411081344/tools/bin/../lib/gcc/arm-none-eabi/13.3.1/../../../../arm-none-eabi/lib/thumb/v7e-m+fp/hard\libc_nano.a(libc_a-lseekr.o)
[...]
Memory Configuration

Name             Origin             Length             Attributes
RAM              0x20000000         0x00050000         xrw
FLASH            0x08000000         0x00100000         xr
*default*        0x00000000         0xffffffff

Linker script and memory map

LOAD C:/ST/STM32CubeIDE_1.17.0/STM32CubeIDE/plugins/com.st.stm32cube.ide.mcu.externaltools.gnu-tools-for-stm32.13.3.rel1.win32_1.0.0.202411081344/tools/bin/../lib/gcc/arm-none-eabi/13.3.1/thumb/v7e-m+fp/hard/crti.o
LOAD C:/ST/STM32CubeIDE_1.17.0/STM32CubeIDE/plugins/com.st.stm32cube.ide.mcu.externaltools.gnu-tools-for-stm32.13.3.rel1.win32_1.0.0.202411081344/tools/bin/../lib/gcc/arm-none-eabi/13.3.1/thumb/v7e-m+fp/hard/crtbegin.o
LOAD C:/ST/STM32CubeIDE_1.17.0/STM32CubeIDE/plugins/com.st.stm32cube.ide.mcu.externaltools.gnu-tools-for-stm32.13.3.rel1.win32_1.0.0.202411081344/tools/bin/../lib/gcc/arm-none-eabi/13.3.1/../../../../arm-none-eabi/lib/thumb/v7e-m+fp/hard/crt0.o
LOAD ./Core/Src/DFR_i2c.o
LOAD ./Core/Src/fatfs_sd.o
LOAD ./Core/Src/main.o
LOAD ./Core/Src/stm32f7xx_hal_msp.o
LOAD ./Core/Src/stm32f7xx_it.o
LOAD ./Core/Src/syscalls.o
LOAD ./Core/Src/sysmem.o
LOAD ./Core/Src/system_stm32f7xx.o
LOAD ./Core/Startup/startup_stm32f756zgtx.o
LOAD ./Drivers/STM32F7xx_HAL_Driver/Src/stm32f7xx_hal.o
LOAD ./Drivers/STM32F7xx_HAL_Driver/Src/stm32f7xx_hal_cortex.o
LOAD ./Drivers/STM32F7xx_HAL_Driver/Src/stm32f7xx_hal_dac.o
LOAD ./Drivers/STM32F7xx_HAL_Driver/Src/stm32f7xx_hal_dac_ex.o
LOAD ./Drivers/STM32F7xx_HAL_Driver/Src/stm32f7xx_hal_dma.o
LOAD ./Drivers/STM32F7xx_HAL_Driver/Src/stm32f7xx_hal_dma_ex.o
LOAD ./Drivers/STM32F7xx_HAL_Driver/Src/stm32f7xx_hal_exti.o
LOAD ./Drivers/STM32F7xx_HAL_Driver/Src/stm32f7xx_hal_flash.o
LOAD ./Drivers/STM32F7xx_HAL_Driver/Src/stm32f7xx_hal_flash_ex.o
LOAD ./Drivers/STM32F7xx_HAL_Driver/Src/stm32f7xx_hal_gpio.o
LOAD ./Drivers/STM32F7xx_HAL_Driver/Src/stm32f7xx_hal_i2c.o
LOAD ./Drivers/STM32F7xx_HAL_Driver/Src/stm32f7xx_hal_i2c_ex.o
LOAD ./Drivers/STM32F7xx_HAL_Driver/Src/stm32f7xx_hal_pwr.o
LOAD ./Drivers/STM32F7xx_HAL_Driver/Src/stm32f7xx_hal_pwr_ex.o
LOAD ./Drivers/STM32F7xx_HAL_Driver/Src/stm32f7xx_hal_rcc.o
LOAD ./Drivers/STM32F7xx_HAL_Driver/Src/stm32f7xx_hal_rcc_ex.o
LOAD ./Drivers/STM32F7xx_HAL_Driver/Src/stm32f7xx_hal_spi.o
LOAD ./Drivers/STM32F7xx_HAL_Driver/Src/stm32f7xx_hal_spi_ex.o
LOAD ./Drivers/STM32F7xx_HAL_Driver/Src/stm32f7xx_hal_tim.o
LOAD ./Drivers/STM32F7xx_HAL_Driver/Src/stm32f7xx_hal_tim_ex.o
LOAD ./FATFS/App/fatfs.o
LOAD ./FATFS/Target/user_diskio.o
LOAD ./Middlewares/Third_Party/FatFs/src/diskio.o
LOAD ./Middlewares/Third_Party/FatFs/src/ff.o
LOAD ./Middlewares/Third_Party/FatFs/src/ff_gen_drv.o
LOAD ./Middlewares/Third_Party/FatFs/src/option/syscall.o
START GROUP
LOAD C:/ST/STM32CubeIDE_1.17.0/STM32CubeIDE/plugins/com.st.stm32cube.ide.mcu.externaltools.gnu-tools-for-stm32.13.3.rel1.win32_1.0.0.202411081344/tools/bin/../lib/gcc/arm-none-eabi/13.3.1/../../../../arm-none-eabi/lib/thumb/v7e-m+fp/hard\libc_nano.a
LOAD C:/ST/STM32CubeIDE_1.17.0/STM32CubeIDE/plugins/com.st.stm32cube.ide.mcu.externaltools.gnu-tools-for-stm32.13.3.rel1.win32_1.0.0.202411081344/tools/bin/../lib/gcc/arm-none-eabi/13.3.1/../../../../arm-none-eabi/lib/thumb/v7e-m+fp/hard\libm.a
END GROUP
START GROUP
LOAD C:/ST/STM32CubeIDE_1.17.0/STM32CubeIDE/plugins/com.st.stm32cube.ide.mcu.externaltools.gnu-tools-for-stm32.13.3.rel1.win32_1.0.0.202411081344/tools/bin/../lib/gcc/arm-none-eabi/13.3.1/thumb/v7e-m+fp/hard\libgcc.a
LOAD C:/ST/STM32CubeIDE_1.17.0/STM32CubeIDE/plugins/com.st.stm32cube.ide.mcu.externaltools.gnu-tools-for-stm32.13.3.rel1.win32_1.0.0.202411081344/tools/bin/../lib/gcc/arm-none-eabi/13.3.1/../../../../arm-none-eabi/lib/thumb/v7e-m+fp/hard\libc_nano.a
END GROUP
START GROUP
LOAD C:/ST/STM32CubeIDE_1.17.0/STM32CubeIDE/plugins/com.st.stm32cube.ide.mcu.externaltools.gnu-tools-for-stm32.13.3.rel1.win32_1.0.0.202411081344/tools/bin/../lib/gcc/arm-none-eabi/13.3.1/thumb/v7e-m+fp/hard\libgcc.a
LOAD C:/ST/STM32CubeIDE_1.17.0/STM32CubeIDE/plugins/com.st.stm32cube.ide.mcu.externaltools.gnu-tools-for-stm32.13.3.rel1.win32_1.0.0.202411081344/tools/bin/../lib/gcc/arm-none-eabi/13.3.1/../../../../arm-none-eabi/lib/thumb/v7e-m+fp/hard\libc_nano.a
LOAD C:/ST/STM32CubeIDE_1.17.0/STM32CubeIDE/plugins/com.st.stm32cube.ide.mcu.externaltools.gnu-tools-for-stm32.13.3.rel1.win32_1.0.0.202411081344/tools/bin/../lib/gcc/arm-none-eabi/13.3.1/../../../../arm-none-eabi/lib/thumb/v7e-m+fp/hard\libnosys.a
END GROUP
START GROUP
LOAD C:/ST/STM32CubeIDE_1.17.0/STM32CubeIDE/plugins/com.st.stm32cube.ide.mcu.externaltools.gnu-tools-for-stm32.13.3.rel1.win32_1.0.0.202411081344/tools/bin/../lib/gcc/arm-none-eabi/13.3.1/thumb/v7e-m+fp/hard\libgcc.a
LOAD C:/ST/STM32CubeIDE_1.17.0/STM32CubeIDE/plugins/com.st.stm32cube.ide.mcu.externaltools.gnu-tools-for-stm32.13.3.rel1.win32_1.0.0.202411081344/tools/bin/../lib/gcc/arm-none-eabi/13.3.1/../../../../arm-none-eabi/lib/thumb/v7e-m+fp/hard\libc_nano.a
LOAD C:/ST/STM32CubeIDE_1.17.0/STM32CubeIDE/plugins/com.st.stm32cube.ide.mcu.externaltools.gnu-tools-for-stm32.13.3.rel1.win32_1.0.0.202411081344/tools/bin/../lib/gcc/arm-none-eabi/13.3.1/../../../../arm-none-eabi/lib/thumb/v7e-m+fp/hard\libnosys.a
END GROUP
LOAD C:/ST/STM32CubeIDE_1.17.0/STM32CubeIDE/plugins/com.st.stm32cube.ide.mcu.externaltools.gnu-tools-for-stm32.13.3.rel1.win32_1.0.0.202411081344/tools/bin/../lib/gcc/arm-none-eabi/13.3.1/thumb/v7e-m+fp/hard/crtend.o
LOAD C:/ST/STM32CubeIDE_1.17.0/STM32CubeIDE/plugins/com.st.stm32cube.ide.mcu.externaltools.gnu-tools-for-stm32.13.3.rel1.win32_1.0.0.202411081344/tools/bin/../lib/gcc/arm-none-eabi/13.3.1/thumb/v7e-m+fp/hard/crtn.o
                0x20050000                        _estack = (ORIGIN (RAM) + LENGTH (RAM))
                0x00000200                        _Min_Heap_Size = 0x200
                0x00000400                        _Min_Stack_Size = 0x400

.isr_vector     0x08000000      0x1c8
                0x08000000                        . = ALIGN (0x4)
 *(.isr_vector)
 .isr_vector    0x08000000      0x1c8 ./Core/Startup/startup_stm32f756zgtx.o
                0x08000000                g_pfnVectors
                0x080001c8                        . = ALIGN (0x4)

.text           0x080001c8     0x73d8
                0x080001c8                        . = ALIGN (0x4)
 *(.text)
 .text          0x080001c8       0x40 C:/ST/STM32CubeIDE_1.17.0/STM32CubeIDE/plugins/com.st.stm32cube.ide.mcu.externaltools.gnu-tools-for-stm32.13.3.rel1.win32_1.0.0.202411081344/tools/bin/../lib/gcc/arm-none-eabi/13.3.1/thumb/v7e-m+fp/hard/crtbegin.o
 .text          0x08000208      0x378 C:/ST/STM32CubeIDE_1.17.0/STM32CubeIDE/plugins/com.st.stm32cube.ide.mcu.externaltools.gnu-tools-for-stm32.13.3.rel1.win32_1.0.0.202411081344/tools/bin/../lib/gcc/arm-none-eabi/13.3.1/thumb/v7e-m+fp/hard\libgcc.a(_arm_addsubdf3.o)
                0x08000208                __aeabi_drsub
                0x08000210                __aeabi_dsub
                0x08000210                __subdf3
                0x08000214                __aeabi_dadd
                0x08000214                __adddf3
                0x0800048c                __floatunsidf
                0x0800048c                __aeabi_ui2d
                0x080004ac                __floatsidf
                0x080004ac                __aeabi_i2d
                0x080004d0                __aeabi_f2d
                0x080004d0                __extendsfdf2
                0x08000514                __floatundidf
                0x08000514                __aeabi_ul2d
                0x08000524                __floatdidf
                0x08000524                __aeabi_l2d
 .text          0x08000580      0x424 C:/ST/STM32CubeIDE_1.17.0/STM32CubeIDE/plugins/com.st.stm32cube.ide.mcu.externaltools.gnu-tools-for-stm32.13.3.rel1.win32_1.0.0.202411081344/tools/bin/../lib/gcc/arm-none-eabi/13.3.1/thumb/v7e-m+fp/hard\libgcc.a(_arm_muldivdf3.o)
                0x08000580                __aeabi_dmul
                0x08000580                __muldf3
                0x080007d4                __divdf3
                0x080007d4                __aeabi_ddiv
 .text          0x080009a4       0xa0 C:/ST/STM32CubeIDE_1.17.0/STM32CubeIDE/plugins/com.st.stm32cube.ide.mcu.externaltools.gnu-tools-for-stm32.13.3.rel1.win32_1.0.0.202411081344/tools/bin/../lib/gcc/arm-none-eabi/13.3.1/thumb/v7e-m+fp/hard\libgcc.a(_arm_truncdfsf2.o)
                0x080009a4                __truncdfsf2
                0x080009a4                __aeabi_d2f
 .text          0x08000a44       0x30 C:/ST/STM32CubeIDE_1.17.0/STM32CubeIDE/plugins/com.st.stm32cube.ide.mcu.externaltools.gnu-tools-for-stm32.13.3.rel1.win32_1.0.0.202411081344/tools/bin/../lib/gcc/arm-none-eabi/13.3.1/thumb/v7e-m+fp/hard\libgcc.a(_aeabi_uldivmod.o)
                0x08000a44                __aeabi_uldivmod
 .text          0x08000a74      0x2f8 C:/ST/STM32CubeIDE_1.17.0/STM32CubeIDE/plugins/com.st.stm32cube.ide.mcu.externaltools.gnu-tools-for-stm32.13.3.rel1.win32_1.0.0.202411081344/tools/bin/../lib/gcc/arm-none-eabi/13.3.1/thumb/v7e-m+fp/hard\libgcc.a(_udivmoddi4.o)
                0x08000a74                __udivmoddi4
 .text          0x08000d6c        0x4 C:/ST/STM32CubeIDE_1.17.0/STM32CubeIDE/plugins/com.st.stm32cube.ide.mcu.externaltools.gnu-tools-for-stm32.13.3.rel1.win32_1.0.0.202411081344/tools/bin/../lib/gcc/arm-none-eabi/13.3.1/thumb/v7e-m+fp/hard\libgcc.a(_dvmd_tls.o)
                0x08000d6c                __aeabi_idiv0
                0x08000d6c                __aeabi_ldiv0
 *(.text*)
 .text.SELECT   0x08000d70       0x18 ./Core/Src/fatfs_sd.o
 .text.DESELECT
                0x08000d88       0x18 ./Core/Src/fatfs_sd.o
 .text.SPI_TxByte
                0x08000da0       0x34 ./Core/Src/fatfs_sd.o
 .text.SPI_RxByte
                0x08000dd4       0x3c ./Core/Src/fatfs_sd.o
 .text.SPI_RxBytePtr
                0x08000e10       0x1c ./Core/Src/fatfs_sd.o
 .text.SD_ReadyWait
                0x08000e2c       0x38 ./Core/Src/fatfs_sd.o
 .text.SD_PowerOn
                0x08000e64       0x98 ./Core/Src/fatfs_sd.o
 .text.SD_PowerOff
                0x08000efc       0x18 ./Core/Src/fatfs_sd.o
 .text.SD_CheckPower
                0x08000f14       0x18 ./Core/Src/fatfs_sd.o
 .text.SD_RxDataBlock
                0x08000f2c       0x6c ./Core/Src/fatfs_sd.o
 .text.SD_TxDataBlock
                0x08000f98       0xa8 ./Core/Src/fatfs_sd.o
 .text.SD_SendCmd
                0x08001040       0xa4 ./Core/Src/fatfs_sd.o
 .text.SD_disk_initialize
                0x080010e4      0x1d4 ./Core/Src/fatfs_sd.o
                0x080010e4                SD_disk_initialize
 .text.SD_disk_status
                0x080012b8       0x2c ./Core/Src/fatfs_sd.o
                0x080012b8                SD_disk_status
 .text.SD_disk_read
                0x080012e4       0xd4 ./Core/Src/fatfs_sd.o
                0x080012e4                SD_disk_read
 .text.SD_disk_write
                0x080013b8      0x108 ./Core/Src/fatfs_sd.o
                0x080013b8                SD_disk_write
 .text.SD_disk_ioctl
                0x080014c0      0x260 ./Core/Src/fatfs_sd.o
                0x080014c0                SD_disk_ioctl
 .text.HAL_TIM_PeriodElapsedCallback
                0x08001720       0x5c ./Core/Src/main.o
                0x08001720                HAL_TIM_PeriodElapsedCallback
 .text.applyLowPassFilterVelocity
                0x0800177c       0x48 ./Core/Src/main.o
                0x0800177c                applyLowPassFilterVelocity
 .text.ConfigureMotor01
                0x080017c4       0x48 ./Core/Src/main.o
                0x080017c4                ConfigureMotor01
 .text.ConfigureMotor02
                0x0800180c       0x48 ./Core/Src/main.o
                0x0800180c                ConfigureMotor02
 *fill*         0x08001854        0x4 
 .text.main     0x08001858      0x608 ./Core/Src/main.o
                0x08001858                main
 .text.SystemClock_Config
                0x08001e60       0xcc ./Core/Src/main.o
                0x08001e60                SystemClock_Config
 .text.MX_DAC_Init
                0x08001f2c       0x68 ./Core/Src/main.o
 .text.MX_SPI4_Init
                0x08001f94       0x7c ./Core/Src/main.o
 .text.MX_TIM1_Init
                0x08002010       0xb4 ./Core/Src/main.o
 .text.MX_TIM2_Init
                0x080020c4       0x9c ./Core/Src/main.o
 .text.MX_TIM4_Init
                0x08002160       0xac ./Core/Src/main.o
 .text.MX_TIM13_Init
                0x0800220c       0x48 ./Core/Src/main.o
 .text.MX_GPIO_Init
                0x08002254      0x15c ./Core/Src/main.o
 .text.MPU_Config
                0x080023b0       0x58 ./Core/Src/main.o
 .text.Error_Handler
                0x08002408        0xc ./Core/Src/main.o
                0x08002408                Error_Handler
 .text.HAL_MspInit
                0x08002414       0x48 ./Core/Src/stm32f7xx_hal_msp.o
                0x08002414                HAL_MspInit
 .text.HAL_DAC_MspInit
                0x0800245c       0x80 ./Core/Src/stm32f7xx_hal_msp.o
                0x0800245c                HAL_DAC_MspInit
 .text.HAL_SPI_MspInit
                0x080024dc       0x88 ./Core/Src/stm32f7xx_hal_msp.o
                0x080024dc                HAL_SPI_MspInit
 .text.HAL_TIM_Encoder_MspInit
                0x08002564       0xf0 ./Core/Src/stm32f7xx_hal_msp.o
                0x08002564                HAL_TIM_Encoder_MspInit
 .text.HAL_TIM_Base_MspInit
                0x08002654       0x70 ./Core/Src/stm32f7xx_hal_msp.o
                0x08002654                HAL_TIM_Base_MspInit
 .text.NMI_Handler
                0x080026c4        0x8 ./Core/Src/stm32f7xx_it.o
                0x080026c4                NMI_Handler
 .text.HardFault_Handler
                0x080026cc        0x8 ./Core/Src/stm32f7xx_it.o
                0x080026cc                HardFault_Handler
 .text.MemManage_Handler
                0x080026d4        0x8 ./Core/Src/stm32f7xx_it.o
                0x080026d4                MemManage_Handler
 .text.BusFault_Handler
                0x080026dc        0x8 ./Core/Src/stm32f7xx_it.o
                0x080026dc                BusFault_Handler
 .text.UsageFault_Handler
                0x080026e4        0x8 ./Core/Src/stm32f7xx_it.o
                0x080026e4                UsageFault_Handler
 .text.SVC_Handler
                0x080026ec        0xe ./Core/Src/stm32f7xx_it.o
                0x080026ec                SVC_Handler
 .text.DebugMon_Handler
                0x080026fa        0xe ./Core/Src/stm32f7xx_it.o
                0x080026fa                DebugMon_Handler
 .text.PendSV_Handler
                0x08002708        0xe ./Core/Src/stm32f7xx_it.o
                0x08002708                PendSV_Handler
 .text.SysTick_Handler
                0x08002716        0xc ./Core/Src/stm32f7xx_it.o
                0x08002716                SysTick_Handler
 *fill*         0x08002722        0x2 
 .text.TIM8_UP_TIM13_IRQHandler
                0x08002724       0x14 ./Core/Src/stm32f7xx_it.o
                0x08002724                TIM8_UP_TIM13_IRQHandler
 .text.SystemInit
                0x08002738       0x24 ./Core/Src/system_stm32f7xx.o
                0x08002738                SystemInit
 .text.Reset_Handler
                0x0800275c       0x50 ./Core/Startup/startup_stm32f756zgtx.o
                0x0800275c                Reset_Handler
 .text.Default_Handler
                0x080027ac        0x2 ./Core/Startup/startup_stm32f756zgtx.o
                0x080027ac                RTC_Alarm_IRQHandler
                0x080027ac                HASH_RNG_IRQHandler
                0x080027ac                EXTI2_IRQHandler
                0x080027ac                TIM8_CC_IRQHandler
                0x080027ac                UART8_IRQHandler
                0x080027ac                SPI4_IRQHandler
                0x080027ac                TIM1_CC_IRQHandler
                0x080027ac                DMA2_Stream5_IRQHandler
                0x080027ac                DMA1_Stream5_IRQHandler
                0x080027ac                PVD_IRQHandler
                0x080027ac                TAMP_STAMP_IRQHandler
                0x080027ac                CAN2_RX1_IRQHandler
                0x080027ac                EXTI3_IRQHandler
                0x080027ac                TIM8_TRG_COM_TIM14_IRQHandler
                0x080027ac                TIM1_UP_TIM10_IRQHandler
                0x080027ac                I2C3_ER_IRQHandler
                0x080027ac                EXTI0_IRQHandler
                0x080027ac                I2C2_EV_IRQHandler
                0x080027ac                DMA1_Stream2_IRQHandler
                0x080027ac                CAN1_RX0_IRQHandler
                0x080027ac                FPU_IRQHandler
                0x080027ac                OTG_HS_WKUP_IRQHandler
                0x080027ac                LTDC_ER_IRQHandler
                0x080027ac                CAN2_SCE_IRQHandler
                0x080027ac                DMA2_Stream2_IRQHandler
                0x080027ac                SPI1_IRQHandler
                0x080027ac                TIM6_DAC_IRQHandler
                0x080027ac                TIM1_BRK_TIM9_IRQHandler
                0x080027ac                DCMI_IRQHandler
                0x080027ac                CAN2_RX0_IRQHandler
                0x080027ac                DMA2_Stream3_IRQHandler
                0x080027ac                SAI2_IRQHandler
                0x080027ac                USART6_IRQHandler
                0x080027ac                USART3_IRQHandler
                0x080027ac                CRYP_IRQHandler
                0x080027ac                CAN1_RX1_IRQHandler
                0x080027ac                UART5_IRQHandler
                0x080027ac                DMA2_Stream0_IRQHandler
                0x080027ac                TIM4_IRQHandler
                0x080027ac                QUADSPI_IRQHandler
                0x080027ac                I2C1_EV_IRQHandler
                0x080027ac                DMA1_Stream6_IRQHandler
                0x080027ac                DMA1_Stream1_IRQHandler
                0x080027ac                UART4_IRQHandler
                0x080027ac                TIM3_IRQHandler
                0x080027ac                RCC_IRQHandler
                0x080027ac                TIM8_BRK_TIM12_IRQHandler
                0x080027ac                Default_Handler
                0x080027ac                CEC_IRQHandler
                0x080027ac                EXTI15_10_IRQHandler
                0x080027ac                ADC_IRQHandler
                0x080027ac                DMA1_Stream7_IRQHandler
                0x080027ac                SPI5_IRQHandler
                0x080027ac                TIM7_IRQHandler
                0x080027ac                SDMMC1_IRQHandler
                0x080027ac                CAN2_TX_IRQHandler
                0x080027ac                TIM5_IRQHandler
                0x080027ac                DMA2_Stream7_IRQHandler
                0x080027ac                I2C3_EV_IRQHandler
                0x080027ac                EXTI9_5_IRQHandler
                0x080027ac                RTC_WKUP_IRQHandler
                0x080027ac                LTDC_IRQHandler
                0x080027ac                ETH_WKUP_IRQHandler
                0x080027ac                SPDIF_RX_IRQHandler
                0x080027ac                SPI2_IRQHandler
                0x080027ac                OTG_HS_EP1_IN_IRQHandler
                0x080027ac                DMA1_Stream0_IRQHandler
                0x080027ac                CAN1_TX_IRQHandler
                0x080027ac                EXTI4_IRQHandler
                0x080027ac                ETH_IRQHandler
                0x080027ac                OTG_HS_EP1_OUT_IRQHandler
                0x080027ac                WWDG_IRQHandler
                0x080027ac                SPI6_IRQHandler
                0x080027ac                I2C4_EV_IRQHandler
                0x080027ac                TIM2_IRQHandler
                0x080027ac                OTG_FS_WKUP_IRQHandler
                0x080027ac                TIM1_TRG_COM_TIM11_IRQHandler
                0x080027ac                OTG_HS_IRQHandler
                0x080027ac                DMA2D_IRQHandler
                0x080027ac                EXTI1_IRQHandler
                0x080027ac                UART7_IRQHandler
                0x080027ac                USART2_IRQHandler
                0x080027ac                I2C2_ER_IRQHandler
                0x080027ac                DMA2_Stream1_IRQHandler
                0x080027ac                CAN1_SCE_IRQHandler
                0x080027ac                FLASH_IRQHandler
                0x080027ac                DMA2_Stream4_IRQHandler
                0x080027ac                USART1_IRQHandler
                0x080027ac                OTG_FS_IRQHandler
                0x080027ac                SPI3_IRQHandler
                0x080027ac                DMA1_Stream4_IRQHandler
                0x080027ac                I2C1_ER_IRQHandler
                0x080027ac                FMC_IRQHandler
                0x080027ac                LPTIM1_IRQHandler
                0x080027ac                I2C4_ER_IRQHandler
                0x080027ac                DMA2_Stream6_IRQHandler
                0x080027ac                SAI1_IRQHandler
                0x080027ac                DMA1_Stream3_IRQHandler
 .text.HAL_Init
                0x080027ae       0x1a ./Drivers/STM32F7xx_HAL_Driver/Src/stm32f7xx_hal.o
                0x080027ae                HAL_Init
 .text.HAL_InitTick
                0x080027c8       0x60 ./Drivers/STM32F7xx_HAL_Driver/Src/stm32f7xx_hal.o
                0x080027c8                HAL_InitTick
 .text.HAL_IncTick
                0x08002828       0x28 ./Drivers/STM32F7xx_HAL_Driver/Src/stm32f7xx_hal.o
                0x08002828                HAL_IncTick
 .text.HAL_GetTick
                0x08002850       0x18 ./Drivers/STM32F7xx_HAL_Driver/Src/stm32f7xx_hal.o
                0x08002850                HAL_GetTick
 .text.HAL_Delay
                0x08002868       0x48 ./Drivers/STM32F7xx_HAL_Driver/Src/stm32f7xx_hal.o
                0x08002868                HAL_Delay
 .text.__NVIC_SetPriorityGrouping
                0x080028b0       0x48 ./Drivers/STM32F7xx_HAL_Driver/Src/stm32f7xx_hal_cortex.o
 .text.__NVIC_GetPriorityGrouping
                0x080028f8       0x1c ./Drivers/STM32F7xx_HAL_Driver/Src/stm32f7xx_hal_cortex.o
 .text.__NVIC_EnableIRQ
                0x08002914       0x3c ./Drivers/STM32F7xx_HAL_Driver/Src/stm32f7xx_hal_cortex.o
 .text.__NVIC_SetPriority
                0x08002950       0x54 ./Drivers/STM32F7xx_HAL_Driver/Src/stm32f7xx_hal_cortex.o
 .text.NVIC_EncodePriority
                0x080029a4       0x66 ./Drivers/STM32F7xx_HAL_Driver/Src/stm32f7xx_hal_cortex.o
 *fill*         0x08002a0a        0x2 
 .text.SysTick_Config
                0x08002a0c       0x44 ./Drivers/STM32F7xx_HAL_Driver/Src/stm32f7xx_hal_cortex.o
 .text.HAL_NVIC_SetPriorityGrouping
                0x08002a50       0x16 ./Drivers/STM32F7xx_HAL_Driver/Src/stm32f7xx_hal_cortex.o
                0x08002a50                HAL_NVIC_SetPriorityGrouping
 .text.HAL_NVIC_SetPriority
                0x08002a66       0x38 ./Drivers/STM32F7xx_HAL_Driver/Src/stm32f7xx_hal_cortex.o
                0x08002a66                HAL_NVIC_SetPriority
 .text.HAL_NVIC_EnableIRQ
                0x08002a9e       0x1c ./Drivers/STM32F7xx_HAL_Driver/Src/stm32f7xx_hal_cortex.o
                0x08002a9e                HAL_NVIC_EnableIRQ
 .text.HAL_SYSTICK_Config
                0x08002aba       0x18 ./Drivers/STM32F7xx_HAL_Driver/Src/stm32f7xx_hal_cortex.o
                0x08002aba                HAL_SYSTICK_Config
 *fill*         0x08002ad2        0x2 
 .text.HAL_MPU_Disable
                0x08002ad4       0x30 ./Drivers/STM32F7xx_HAL_Driver/Src/stm32f7xx_hal_cortex.o
                0x08002ad4                HAL_MPU_Disable
 .text.HAL_MPU_Enable
                0x08002b04       0x40 ./Drivers/STM32F7xx_HAL_Driver/Src/stm32f7xx_hal_cortex.o
                0x08002b04                HAL_MPU_Enable
 .text.HAL_MPU_ConfigRegion
                0x08002b44       0x80 ./Drivers/STM32F7xx_HAL_Driver/Src/stm32f7xx_hal_cortex.o
                0x08002b44                HAL_MPU_ConfigRegion
 .text.HAL_DAC_Init
                0x08002bc4       0x44 ./Drivers/STM32F7xx_HAL_Driver/Src/stm32f7xx_hal_dac.o
                0x08002bc4                HAL_DAC_Init
 .text.HAL_DAC_Start
                0x08002c08       0xae ./Drivers/STM32F7xx_HAL_Driver/Src/stm32f7xx_hal_dac.o
                0x08002c08                HAL_DAC_Start
 .text.HAL_DAC_SetValue
                0x08002cb6       0x54 ./Drivers/STM32F7xx_HAL_Driver/Src/stm32f7xx_hal_dac.o
                0x08002cb6                HAL_DAC_SetValue
 .text.HAL_DAC_ConfigChannel
                0x08002d0a       0xb2 ./Drivers/STM32F7xx_HAL_Driver/Src/stm32f7xx_hal_dac.o
                0x08002d0a                HAL_DAC_ConfigChannel
 .text.HAL_GPIO_Init
                0x08002dbc      0x358 ./Drivers/STM32F7xx_HAL_Driver/Src/stm32f7xx_hal_gpio.o
                0x08002dbc                HAL_GPIO_Init
 .text.HAL_GPIO_WritePin
                0x08003114       0x32 ./Drivers/STM32F7xx_HAL_Driver/Src/stm32f7xx_hal_gpio.o
                0x08003114                HAL_GPIO_WritePin
 *fill*         0x08003146        0x2 
 .text.HAL_RCC_OscConfig
                0x08003148      0x548 ./Drivers/STM32F7xx_HAL_Driver/Src/stm32f7xx_hal_rcc.o
                0x08003148                HAL_RCC_OscConfig
 .text.HAL_RCC_ClockConfig
                0x08003690      0x1d8 ./Drivers/STM32F7xx_HAL_Driver/Src/stm32f7xx_hal_rcc.o
                0x08003690                HAL_RCC_ClockConfig
 .text.HAL_RCC_GetSysClockFreq
                0x08003868      0x18c ./Drivers/STM32F7xx_HAL_Driver/Src/stm32f7xx_hal_rcc.o
                0x08003868                HAL_RCC_GetSysClockFreq
 .text.HAL_SPI_Init
                0x080039f4      0x156 ./Drivers/STM32F7xx_HAL_Driver/Src/stm32f7xx_hal_spi.o
                0x080039f4                HAL_SPI_Init
 .text.HAL_SPI_Transmit
                0x08003b4a      0x2ea ./Drivers/STM32F7xx_HAL_Driver/Src/stm32f7xx_hal_spi.o
                0x08003b4a                HAL_SPI_Transmit
 .text.HAL_SPI_TransmitReceive
                0x08003e34      0x444 ./Drivers/STM32F7xx_HAL_Driver/Src/stm32f7xx_hal_spi.o
                0x08003e34                HAL_SPI_TransmitReceive
 .text.HAL_SPI_GetState
                0x08004278       0x1c ./Drivers/STM32F7xx_HAL_Driver/Src/stm32f7xx_hal_spi.o
                0x08004278                HAL_SPI_GetState
 .text.SPI_WaitFlagStateUntilTimeout
                0x08004294      0x110 ./Drivers/STM32F7xx_HAL_Driver/Src/stm32f7xx_hal_spi.o
 .text.SPI_WaitFifoStateUntilTimeout
                0x080043a4      0x12c ./Drivers/STM32F7xx_HAL_Driver/Src/stm32f7xx_hal_spi.o
 .text.SPI_EndRxTxTransaction
                0x080044d0       0xd4 ./Drivers/STM32F7xx_HAL_Driver/Src/stm32f7xx_hal_spi.o
 .text.HAL_TIM_Base_Init
                0x080045a4       0xae ./Drivers/STM32F7xx_HAL_Driver/Src/stm32f7xx_hal_tim.o
                0x080045a4                HAL_TIM_Base_Init
 *fill*         0x08004652        0x2 
 .text.HAL_TIM_Base_Start
                0x08004654       0xe0 ./Drivers/STM32F7xx_HAL_Driver/Src/stm32f7xx_hal_tim.o
                0x08004654                HAL_TIM_Base_Start
 .text.HAL_TIM_Base_Start_IT
                0x08004734       0xf0 ./Drivers/STM32F7xx_HAL_Driver/Src/stm32f7xx_hal_tim.o
                0x08004734                HAL_TIM_Base_Start_IT
 .text.HAL_TIM_Encoder_Init
                0x08004824      0x14c ./Drivers/STM32F7xx_HAL_Driver/Src/stm32f7xx_hal_tim.o
                0x08004824                HAL_TIM_Encoder_Init
 .text.HAL_TIM_Encoder_Start
                0x08004970      0x11c ./Drivers/STM32F7xx_HAL_Driver/Src/stm32f7xx_hal_tim.o
                0x08004970                HAL_TIM_Encoder_Start
 .text.HAL_TIM_IRQHandler
                0x08004a8c      0x20e ./Drivers/STM32F7xx_HAL_Driver/Src/stm32f7xx_hal_tim.o
                0x08004a8c                HAL_TIM_IRQHandler
 *fill*         0x08004c9a        0x2 
 .text.HAL_TIM_ConfigClockSource
                0x08004c9c      0x194 ./Drivers/STM32F7xx_HAL_Driver/Src/stm32f7xx_hal_tim.o
                0x08004c9c                HAL_TIM_ConfigClockSource
 .text.HAL_TIM_OC_DelayElapsedCallback
                0x08004e30       0x14 ./Drivers/STM32F7xx_HAL_Driver/Src/stm32f7xx_hal_tim.o
                0x08004e30                HAL_TIM_OC_DelayElapsedCallback
 .text.HAL_TIM_IC_CaptureCallback
                0x08004e44       0x14 ./Drivers/STM32F7xx_HAL_Driver/Src/stm32f7xx_hal_tim.o
                0x08004e44                HAL_TIM_IC_CaptureCallback
 .text.HAL_TIM_PWM_PulseFinishedCallback
                0x08004e58       0x14 ./Drivers/STM32F7xx_HAL_Driver/Src/stm32f7xx_hal_tim.o
                0x08004e58                HAL_TIM_PWM_PulseFinishedCallback
 .text.HAL_TIM_TriggerCallback
                0x08004e6c       0x14 ./Drivers/STM32F7xx_HAL_Driver/Src/stm32f7xx_hal_tim.o
                0x08004e6c                HAL_TIM_TriggerCallback
 .text.TIM_Base_SetConfig
                0x08004e80      0x158 ./Drivers/STM32F7xx_HAL_Driver/Src/stm32f7xx_hal_tim.o
                0x08004e80                TIM_Base_SetConfig
 .text.TIM_TI1_ConfigInputStage
                0x08004fd8       0x5e ./Drivers/STM32F7xx_HAL_Driver/Src/stm32f7xx_hal_tim.o
 .text.TIM_TI2_ConfigInputStage
                0x08005036       0x60 ./Drivers/STM32F7xx_HAL_Driver/Src/stm32f7xx_hal_tim.o
 .text.TIM_ITRx_SetConfig
                0x08005096       0x36 ./Drivers/STM32F7xx_HAL_Driver/Src/stm32f7xx_hal_tim.o
 .text.TIM_ETR_SetConfig
                0x080050cc       0x40 ./Drivers/STM32F7xx_HAL_Driver/Src/stm32f7xx_hal_tim.o
                0x080050cc                TIM_ETR_SetConfig
 .text.TIM_CCxChannelCmd
                0x0800510c       0x4a ./Drivers/STM32F7xx_HAL_Driver/Src/stm32f7xx_hal_tim.o
                0x0800510c                TIM_CCxChannelCmd
 *fill*         0x08005156        0x2 
 .text.HAL_TIMEx_MasterConfigSynchronization
                0x08005158      0x11c ./Drivers/STM32F7xx_HAL_Driver/Src/stm32f7xx_hal_tim_ex.o
                0x08005158                HAL_TIMEx_MasterConfigSynchronization
 .text.HAL_TIMEx_CommutCallback
                0x08005274       0x14 ./Drivers/STM32F7xx_HAL_Driver/Src/stm32f7xx_hal_tim_ex.o
                0x08005274                HAL_TIMEx_CommutCallback
 .text.HAL_TIMEx_BreakCallback
                0x08005288       0x14 ./Drivers/STM32F7xx_HAL_Driver/Src/stm32f7xx_hal_tim_ex.o
                0x08005288                HAL_TIMEx_BreakCallback
 .text.HAL_TIMEx_Break2Callback
                0x0800529c       0x14 ./Drivers/STM32F7xx_HAL_Driver/Src/stm32f7xx_hal_tim_ex.o
                0x0800529c                HAL_TIMEx_Break2Callback
 .text.MX_FATFS_Init
                0x080052b0       0x24 ./FATFS/App/fatfs.o
                0x080052b0                MX_FATFS_Init
 .text.get_fattime
                0x080052d4       0x10 ./FATFS/App/fatfs.o
                0x080052d4                get_fattime
 .text.USER_initialize
                0x080052e4       0x1c ./FATFS/Target/user_diskio.o
                0x080052e4                USER_initialize
 .text.USER_status
                0x08005300       0x1c ./FATFS/Target/user_diskio.o
                0x08005300                USER_status
 .text.USER_read
                0x0800531c       0x26 ./FATFS/Target/user_diskio.o
                0x0800531c                USER_read
 .text.USER_write
                0x08005342       0x26 ./FATFS/Target/user_diskio.o
                0x08005342                USER_write
 .text.USER_ioctl
                0x08005368       0x26 ./FATFS/Target/user_diskio.o
                0x08005368                USER_ioctl
 *fill*         0x0800538e        0x2 
 .text.disk_status
                0x08005390       0x34 ./Middlewares/Third_Party/FatFs/src/diskio.o
                0x08005390                disk_status
 .text.disk_initialize
                0x080053c4       0x4c ./Middlewares/Third_Party/FatFs/src/diskio.o
                0x080053c4                disk_initialize
 .text.disk_read
                0x08005410       0x40 ./Middlewares/Third_Party/FatFs/src/diskio.o
                0x08005410                disk_read
 .text.disk_write
                0x08005450       0x40 ./Middlewares/Third_Party/FatFs/src/diskio.o
                0x08005450                disk_write
 .text.disk_ioctl
                0x08005490       0x3c ./Middlewares/Third_Party/FatFs/src/diskio.o
                0x08005490                disk_ioctl
 .text.ld_word  0x080054cc       0x32 ./Middlewares/Third_Party/FatFs/src/ff.o
 .text.ld_dword
                0x080054fe       0x46 ./Middlewares/Third_Party/FatFs/src/ff.o
 .text.st_word  0x08005544       0x36 ./Middlewares/Third_Party/FatFs/src/ff.o
 .text.st_dword
                0x0800557a       0x58 ./Middlewares/Third_Party/FatFs/src/ff.o
 .text.mem_cpy  0x080055d2       0x42 ./Middlewares/Third_Party/FatFs/src/ff.o
 .text.mem_set  0x08005614       0x36 ./Middlewares/Third_Party/FatFs/src/ff.o
 .text.mem_cmp  0x0800564a       0x4e ./Middlewares/Third_Party/FatFs/src/ff.o
 .text.chk_chr  0x08005698       0x36 ./Middlewares/Third_Party/FatFs/src/ff.o
 *fill*         0x080056ce        0x2 
 .text.chk_lock
                0x080056d0       0xb8 ./Middlewares/Third_Party/FatFs/src/ff.o
 .text.enq_lock
                0x08005788       0x44 ./Middlewares/Third_Party/FatFs/src/ff.o
 .text.inc_lock
                0x080057cc      0x11c ./Middlewares/Third_Party/FatFs/src/ff.o
 .text.dec_lock
                0x080058e8       0x78 ./Middlewares/Third_Party/FatFs/src/ff.o
 .text.clear_lock
                0x08005960       0x48 ./Middlewares/Third_Party/FatFs/src/ff.o
 .text.sync_window
                0x080059a8       0x88 ./Middlewares/Third_Party/FatFs/src/ff.o
 .text.move_window
                0x08005a30       0x5a ./Middlewares/Third_Party/FatFs/src/ff.o
 *fill*         0x08005a8a        0x2 
 .text.sync_fs  0x08005a8c       0xe0 ./Middlewares/Third_Party/FatFs/src/ff.o
 .text.clust2sect
                0x08005b6c       0x3e ./Middlewares/Third_Party/FatFs/src/ff.o
 .text.get_fat  0x08005baa      0x1a6 ./Middlewares/Third_Party/FatFs/src/ff.o
 .text.put_fat  0x08005d50      0x234 ./Middlewares/Third_Party/FatFs/src/ff.o
 .text.remove_chain
                0x08005f84       0xca ./Middlewares/Third_Party/FatFs/src/ff.o
 .text.create_chain
                0x0800604e      0x130 ./Middlewares/Third_Party/FatFs/src/ff.o
 .text.dir_sdi  0x0800617e      0x112 ./Middlewares/Third_Party/FatFs/src/ff.o
 .text.dir_next
                0x08006290      0x1ac ./Middlewares/Third_Party/FatFs/src/ff.o
 .text.dir_alloc
                0x0800643c       0x8e ./Middlewares/Third_Party/FatFs/src/ff.o
 .text.ld_clust
                0x080064ca       0x3e ./Middlewares/Third_Party/FatFs/src/ff.o
 .text.st_clust
                0x08006508       0x40 ./Middlewares/Third_Party/FatFs/src/ff.o
 .text.dir_find
                0x08006548       0xaa ./Middlewares/Third_Party/FatFs/src/ff.o
 .text.dir_register
                0x080065f2       0x64 ./Middlewares/Third_Party/FatFs/src/ff.o
 *fill*         0x08006656        0x2 
 .text.create_name
                0x08006658      0x128 ./Middlewares/Third_Party/FatFs/src/ff.o
 .text.follow_path
                0x08006780       0xec ./Middlewares/Third_Party/FatFs/src/ff.o
 .text.get_ldnumber
                0x0800686c       0x88 ./Middlewares/Third_Party/FatFs/src/ff.o
 .text.check_fs
                0x080068f4       0xac ./Middlewares/Third_Party/FatFs/src/ff.o
 .text.find_volume
                0x080069a0      0x500 ./Middlewares/Third_Party/FatFs/src/ff.o
 .text.validate
                0x08006ea0       0x6a ./Middlewares/Third_Party/FatFs/src/ff.o
 *fill*         0x08006f0a        0x2 
 .text.f_mount  0x08006f0c       0x8c ./Middlewares/Third_Party/FatFs/src/ff.o
                0x08006f0c                f_mount
 .text.f_open   0x08006f98      0x390 ./Middlewares/Third_Party/FatFs/src/ff.o
                0x08006f98                f_open
 .text.f_sync   0x08007328       0xfc ./Middlewares/Third_Party/FatFs/src/ff.o
                0x08007328                f_sync
 .text.f_close  0x08007424       0x54 ./Middlewares/Third_Party/FatFs/src/ff.o
                0x08007424                f_close
 .text.FATFS_LinkDriverEx
                0x08007478       0x98 ./Middlewares/Third_Party/FatFs/src/ff_gen_drv.o
                0x08007478                FATFS_LinkDriverEx
 .text.FATFS_LinkDriver
                0x08007510       0x1e ./Middlewares/Third_Party/FatFs/src/ff_gen_drv.o
                0x08007510                FATFS_LinkDriver
 .text.memset   0x0800752e       0x10 C:/ST/STM32CubeIDE_1.17.0/STM32CubeIDE/plugins/com.st.stm32cube.ide.mcu.externaltools.gnu-tools-for-stm32.13.3.rel1.win32_1.0.0.202411081344/tools/bin/../lib/gcc/arm-none-eabi/13.3.1/../../../../arm-none-eabi/lib/thumb/v7e-m+fp/hard\libc_nano.a(libc_a-memset.o)
                0x0800752e                memset
 *fill*         0x0800753e        0x2 
 .text.__libc_init_array
                0x08007540       0x48 C:/ST/STM32CubeIDE_1.17.0/STM32CubeIDE/plugins/com.st.stm32cube.ide.mcu.externaltools.gnu-tools-for-stm32.13.3.rel1.win32_1.0.0.202411081344/tools/bin/../lib/gcc/arm-none-eabi/13.3.1/../../../../arm-none-eabi/lib/thumb/v7e-m+fp/hard\libc_nano.a(libc_a-init.o)
                0x08007540                __libc_init_array
 *(.glue_7)
 .glue_7        0x08007588        0x0 linker stubs
 *(.glue_7t)
 .glue_7t       0x08007588        0x0 linker stubs
 *(.eh_frame)
 .eh_frame      0x08007588        0x0 C:/ST/STM32CubeIDE_1.17.0/STM32CubeIDE/plugins/com.st.stm32cube.ide.mcu.externaltools.gnu-tools-for-stm32.13.3.rel1.win32_1.0.0.202411081344/tools/bin/../lib/gcc/arm-none-eabi/13.3.1/thumb/v7e-m+fp/hard/crtbegin.o
 *(.init)
 .init          0x08007588        0x4 C:/ST/STM32CubeIDE_1.17.0/STM32CubeIDE/plugins/com.st.stm32cube.ide.mcu.externaltools.gnu-tools-for-stm32.13.3.rel1.win32_1.0.0.202411081344/tools/bin/../lib/gcc/arm-none-eabi/13.3.1/thumb/v7e-m+fp/hard/crti.o
                0x08007588                _init
 .init          0x0800758c        0x8 C:/ST/STM32CubeIDE_1.17.0/STM32CubeIDE/plugins/com.st.stm32cube.ide.mcu.externaltools.gnu-tools-for-stm32.13.3.rel1.win32_1.0.0.202411081344/tools/bin/../lib/gcc/arm-none-eabi/13.3.1/thumb/v7e-m+fp/hard/crtn.o
 *(.fini)
 .fini          0x08007594        0x4 C:/ST/STM32CubeIDE_1.17.0/STM32CubeIDE/plugins/com.st.stm32cube.ide.mcu.externaltools.gnu-tools-for-stm32.13.3.rel1.win32_1.0.0.202411081344/tools/bin/../lib/gcc/arm-none-eabi/13.3.1/thumb/v7e-m+fp/hard/crti.o
                0x08007594                _fini
 .fini          0x08007598        0x8 C:/ST/STM32CubeIDE_1.17.0/STM32CubeIDE/plugins/com.st.stm32cube.ide.mcu.externaltools.gnu-tools-for-stm32.13.3.rel1.win32_1.0.0.202411081344/tools/bin/../lib/gcc/arm-none-eabi/13.3.1/thumb/v7e-m+fp/hard/crtn.o
                0x080075a0                        . = ALIGN (0x4)
                0x080075a0                        _etext = .

.vfp11_veneer   0x080075a0        0x0
 .vfp11_veneer  0x080075a0        0x0 linker stubs

.v4_bx          0x080075a0        0x0
 .v4_bx         0x080075a0        0x0 linker stubs

.iplt           0x080075a0        0x0
 .iplt          0x080075a0        0x0 C:/ST/STM32CubeIDE_1.17.0/STM32CubeIDE/plugins/com.st.stm32cube.ide.mcu.externaltools.gnu-tools-for-stm32.13.3.rel1.win32_1.0.0.202411081344/tools/bin/../lib/gcc/arm-none-eabi/13.3.1/thumb/v7e-m+fp/hard/crtbegin.o

.rodata         0x080075a0       0xe8
                0x080075a0                        . = ALIGN (0x4)
 *(.rodata)
 .rodata        0x080075a0       0x11 ./Core/Src/main.o
 *fill*         0x080075b1        0x3 
 .rodata        0x080075b4       0x44 ./Middlewares/Third_Party/FatFs/src/ff.o
 *(.rodata*)
 .rodata.AHBPrescTable
                0x080075f8       0x10 ./Core/Src/system_stm32f7xx.o
                0x080075f8                AHBPrescTable
 .rodata.ExCvt  0x08007608       0x80 ./Middlewares/Third_Party/FatFs/src/ff.o
                0x08007688                        . = ALIGN (0x4)

.ARM.extab      0x08007688        0x0
                0x08007688                        . = ALIGN (0x4)
 *(.ARM.extab* .gnu.linkonce.armextab.*)
                0x08007688                        . = ALIGN (0x4)

.ARM            0x08007688        0x8
                0x08007688                        . = ALIGN (0x4)
                0x08007688                        __exidx_start = .
 *(.ARM.exidx*)
 .ARM.exidx     0x08007688        0x8 C:/ST/STM32CubeIDE_1.17.0/STM32CubeIDE/plugins/com.st.stm32cube.ide.mcu.externaltools.gnu-tools-for-stm32.13.3.rel1.win32_1.0.0.202411081344/tools/bin/../lib/gcc/arm-none-eabi/13.3.1/thumb/v7e-m+fp/hard\libgcc.a(_udivmoddi4.o)
                0x08007690                        __exidx_end = .
                0x08007690                        . = ALIGN (0x4)

.preinit_array  0x08007690        0x0
                0x08007690                        . = ALIGN (0x4)
                0x08007690                        PROVIDE (__preinit_array_start = .)
 *(.preinit_array*)
                0x08007690                        PROVIDE (__preinit_array_end = .)
                0x08007690                        . = ALIGN (0x4)

.init_array     0x08007690        0x4
                0x08007690                        . = ALIGN (0x4)
                0x08007690                        PROVIDE (__init_array_start = .)
 *(SORT_BY_NAME(.init_array.*))
 *(.init_array*)
 .init_array    0x08007690        0x4 C:/ST/STM32CubeIDE_1.17.0/STM32CubeIDE/plugins/com.st.stm32cube.ide.mcu.externaltools.gnu-tools-for-stm32.13.3.rel1.win32_1.0.0.202411081344/tools/bin/../lib/gcc/arm-none-eabi/13.3.1/thumb/v7e-m+fp/hard/crtbegin.o
                0x08007694                        PROVIDE (__init_array_end = .)
                0x08007694                        . = ALIGN (0x4)

.fini_array     0x08007694        0x4
                0x08007694                        . = ALIGN (0x4)
                [!provide]                        PROVIDE (__fini_array_start = .)
 *(SORT_BY_NAME(.fini_array.*))
 *(.fini_array*)
 .fini_array    0x08007694        0x4 C:/ST/STM32CubeIDE_1.17.0/STM32CubeIDE/plugins/com.st.stm32cube.ide.mcu.externaltools.gnu-tools-for-stm32.13.3.rel1.win32_1.0.0.202411081344/tools/bin/../lib/gcc/arm-none-eabi/13.3.1/thumb/v7e-m+fp/hard/crtbegin.o
                [!provide]                        PROVIDE (__fini_array_end = .)
                0x08007698                        . = ALIGN (0x4)
                0x08007698                        _sidata = LOADADDR (.data)

.rel.dyn        0x08007698        0x0
 .rel.iplt      0x08007698        0x0 C:/ST/STM32CubeIDE_1.17.0/STM32CubeIDE/plugins/com.st.stm32cube.ide.mcu.externaltools.gnu-tools-for-stm32.13.3.rel1.win32_1.0.0.202411081344/tools/bin/../lib/gcc/arm-none-eabi/13.3.1/thumb/v7e-m+fp/hard/crtbegin.o

.data           0x20000000       0x6c load address 0x08007698
                0x20000000                        . = ALIGN (0x4)
                0x20000000                        _sdata = .
 *(.data)
 *(.data*)
 .data.Stat     0x20000000        0x1 ./Core/Src/fatfs_sd.o
 *fill*         0x20000001        0x3 
 .data.time_interval
                0x20000004        0x4 ./Core/Src/main.o
                0x20000004                time_interval
 .data.Icmd1    0x20000008        0x4 ./Core/Src/main.o
                0x20000008                Icmd1
 .data.Ktn1     0x2000000c        0x4 ./Core/Src/main.o
                0x2000000c                Ktn1
 .data.Jn1      0x20000010        0x4 ./Core/Src/main.o
                0x20000010                Jn1
 .data.Gdis1    0x20000014        0x4 ./Core/Src/main.o
                0x20000014                Gdis1
 .data.Kt1      0x20000018        0x4 ./Core/Src/main.o
                0x20000018                Kt1
 .data.Grtob1   0x2000001c        0x4 ./Core/Src/main.o
                0x2000001c                Grtob1
 .data.Fint     0x20000020        0x4 ./Core/Src/main.o
                0x20000020                Fint
 .data.Ffric    0x20000024        0x4 ./Core/Src/main.o
                0x20000024                Ffric
 .data.Icmd2    0x20000028        0x4 ./Core/Src/main.o
                0x20000028                Icmd2
 .data.Ktn2     0x2000002c        0x4 ./Core/Src/main.o
                0x2000002c                Ktn2
 .data.Jn2      0x20000030        0x4 ./Core/Src/main.o
                0x20000030                Jn2
 .data.Gdis2    0x20000034        0x4 ./Core/Src/main.o
                0x20000034                Gdis2
 .data.Kt2      0x20000038        0x4 ./Core/Src/main.o
                0x20000038                Kt2
 .data.Grtob2   0x2000003c        0x4 ./Core/Src/main.o
                0x2000003c                Grtob2
 .data.Fint2    0x20000040        0x4 ./Core/Src/main.o
                0x20000040                Fint2
 .data.Ffric2   0x20000044        0x4 ./Core/Src/main.o
                0x20000044                Ffric2
 .data.OutputVref
                0x20000048        0x2 ./Core/Src/main.o
                0x20000048                OutputVref
 *fill*         0x2000004a        0x2 
 .data.SystemCoreClock
                0x2000004c        0x4 ./Core/Src/system_stm32f7xx.o
                0x2000004c                SystemCoreClock
 .data.uwTickPrio
                0x20000050        0x4 ./Drivers/STM32F7xx_HAL_Driver/Src/stm32f7xx_hal.o
                0x20000050                uwTickPrio
 .data.uwTickFreq
                0x20000054        0x1 ./Drivers/STM32F7xx_HAL_Driver/Src/stm32f7xx_hal.o
                0x20000054                uwTickFreq
 *fill*         0x20000055        0x3 
 .data.USER_Driver
                0x20000058       0x14 ./FATFS/Target/user_diskio.o
                0x20000058                USER_Driver
 *(.RamFunc)
 *(.RamFunc*)
                0x2000006c                        . = ALIGN (0x4)
                0x2000006c                        _edata = .

.igot.plt       0x2000006c        0x0 load address 0x08007704
 .igot.plt      0x2000006c        0x0 C:/ST/STM32CubeIDE_1.17.0/STM32CubeIDE/plugins/com.st.stm32cube.ide.mcu.externaltools.gnu-tools-for-stm32.13.3.rel1.win32_1.0.0.202411081344/tools/bin/../lib/gcc/arm-none-eabi/13.3.1/thumb/v7e-m+fp/hard/crtbegin.o
                0x2000006c                        . = ALIGN (0x4)

.bss            0x2000006c     0x22cc load address 0x08007704
                0x2000006c                        _sbss = .
                0x2000006c                        __bss_start__ = _sbss
 *(.bss)
 .bss           0x2000006c       0x1c C:/ST/STM32CubeIDE_1.17.0/STM32CubeIDE/plugins/com.st.stm32cube.ide.mcu.externaltools.gnu-tools-for-stm32.13.3.rel1.win32_1.0.0.202411081344/tools/bin/../lib/gcc/arm-none-eabi/13.3.1/thumb/v7e-m+fp/hard/crtbegin.o
 *(.bss*)
 .bss.CardType  0x20000088        0x1 ./Core/Src/fatfs_sd.o
 .bss.PowerFlag
                0x20000089        0x1 ./Core/Src/fatfs_sd.o
 *fill*         0x2000008a        0x2 
 .bss.hdac      0x2000008c       0x14 ./Core/Src/main.o
                0x2000008c                hdac
 .bss.hspi4     0x200000a0       0x64 ./Core/Src/main.o
                0x200000a0                hspi4
 .bss.htim1     0x20000104       0x4c ./Core/Src/main.o
                0x20000104                htim1
 .bss.htim2     0x20000150       0x4c ./Core/Src/main.o
                0x20000150                htim2
 .bss.htim4     0x2000019c       0x4c ./Core/Src/main.o
                0x2000019c                htim4
 .bss.htim13    0x200001e8       0x4c ./Core/Src/main.o
                0x200001e8                htim13
 .bss.encoder_ticks
                0x20000234        0x4 ./Core/Src/main.o
                0x20000234                encoder_ticks
 .bss.encoder_ticks2
                0x20000238        0x4 ./Core/Src/main.o
                0x20000238                encoder_ticks2
 .bss.MainloopCount
                0x2000023c        0x4 ./Core/Src/main.o
                0x2000023c                MainloopCount
 .bss.fs        0x20000240     0x1034 ./Core/Src/main.o
                0x20000240                fs
 .bss.fil       0x20001274     0x1030 ./Core/Src/main.o
                0x20001274                fil
 .bss.fresult   0x200022a4        0x1 ./Core/Src/main.o
                0x200022a4                fresult
 *fill*         0x200022a5        0x3 
 .bss.EncoderUpdated
                0x200022a8        0x4 ./Core/Src/main.o
                0x200022a8                EncoderUpdated
 .bss.SDCardRecordMode
                0x200022ac        0x4 ./Core/Src/main.o
                0x200022ac                SDCardRecordMode
 .bss.secondFromStart
                0x200022b0        0x4 ./Core/Src/main.o
                0x200022b0                secondFromStart
 .bss.theta1    0x200022b4        0x4 ./Core/Src/main.o
                0x200022b4                theta1
 .bss.theta2    0x200022b8        0x4 ./Core/Src/main.o
                0x200022b8                theta2
 .bss.theta1_prev
                0x200022bc        0x4 ./Core/Src/main.o
                0x200022bc                theta1_prev
 .bss.theta2_prev
                0x200022c0        0x4 ./Core/Src/main.o
                0x200022c0                theta2_prev
 .bss.velocity1
                0x200022c4        0x4 ./Core/Src/main.o
                0x200022c4                velocity1
 .bss.velocity2
                0x200022c8        0x4 ./Core/Src/main.o
                0x200022c8                velocity2
 .bss.velocity1_prev
                0x200022cc        0x4 ./Core/Src/main.o
                0x200022cc                velocity1_prev
 .bss.velocity2_prev
                0x200022d0        0x4 ./Core/Src/main.o
                0x200022d0                velocity2_prev
 .bss.acceleration1
                0x200022d4        0x4 ./Core/Src/main.o
                0x200022d4                acceleration1
 .bss.acceleration2
                0x200022d8        0x4 ./Core/Src/main.o
                0x200022d8                acceleration2
 .bss.Tdis1     0x200022dc        0x4 ./Core/Src/main.o
                0x200022dc                Tdis1
 .bss.Tdis2     0x200022e0        0x4 ./Core/Src/main.o
                0x200022e0                Tdis2
 .bss.Idis1     0x200022e4        0x4 ./Core/Src/main.o
                0x200022e4                Idis1
 .bss.Idis2     0x200022e8        0x4 ./Core/Src/main.o
                0x200022e8                Idis2
 .bss.Text1     0x200022ec        0x4 ./Core/Src/main.o
                0x200022ec                Text1
 .bss.Text2     0x200022f0        0x4 ./Core/Src/main.o
                0x200022f0                Text2
 .bss.timer1    0x200022f4        0x1 ./Core/Src/stm32f7xx_it.o
                0x200022f4                timer1
 .bss.timer2    0x200022f5        0x1 ./Core/Src/stm32f7xx_it.o
                0x200022f5                timer2
 *fill*         0x200022f6        0x2 
 .bss.uwTick    0x200022f8        0x4 ./Drivers/STM32F7xx_HAL_Driver/Src/stm32f7xx_hal.o
                0x200022f8                uwTick
 .bss.retUSER   0x200022fc        0x1 ./FATFS/App/fatfs.o
                0x200022fc                retUSER
 *fill*         0x200022fd        0x3 
 .bss.USERPath  0x20002300        0x4 ./FATFS/App/fatfs.o
                0x20002300                USERPath
 .bss.FatFs     0x20002304        0x4 ./Middlewares/Third_Party/FatFs/src/ff.o
 .bss.Fsid      0x20002308        0x2 ./Middlewares/Third_Party/FatFs/src/ff.o
 *fill*         0x2000230a        0x2 
 .bss.Files     0x2000230c       0x20 ./Middlewares/Third_Party/FatFs/src/ff.o
 .bss.disk      0x2000232c        0xc ./Middlewares/Third_Party/FatFs/src/ff_gen_drv.o
                0x2000232c                disk
 *(COMMON)
                0x20002338                        . = ALIGN (0x4)
                0x20002338                        _ebss = .
                0x20002338                        __bss_end__ = _ebss

._user_heap_stack
                0x20002338      0x600 load address 0x08007704
                0x20002338                        . = ALIGN (0x8)
                [!provide]                        PROVIDE (end = .)
                0x20002338                        PROVIDE (_end = .)
                0x20002538                        . = (. + _Min_Heap_Size)
 *fill*         0x20002338      0x200 
                0x20002938                        . = (. + _Min_Stack_Size)
 *fill*         0x20002538      0x400 
                0x20002938                        . = ALIGN (0x8)

/DISCARD/
 libc.a(*)
 libm.a(*)
 libgcc.a(*)

.ARM.attributes
                0x00000000       0x30
 *(.ARM.attributes)
 .ARM.attributes
                0x00000000       0x22 C:/ST/STM32CubeIDE_1.17.0/STM32CubeIDE/plugins/com.st.stm32cube.ide.mcu.externaltools.gnu-tools-for-stm32.13.3.rel1.win32_1.0.0.202411081344/tools/bin/../lib/gcc/arm-none-eabi/13.3.1/thumb/v7e-m+fp/hard/crti.o
 .ARM.attributes
                0x00000022       0x34 C:/ST/STM32CubeIDE_1.17.0/STM32CubeIDE/plugins/com.st.stm32cube.ide.mcu.externaltools.gnu-tools-for-stm32.13.3.rel1.win32_1.0.0.202411081344/tools/bin/../lib/gcc/arm-none-eabi/13.3.1/thumb/v7e-m+fp/hard/crtbegin.o
 .ARM.attributes
                0x00000056       0x34 ./Core/Src/fatfs_sd.o
 .ARM.attributes
                0x0000008a       0x34 ./Core/Src/main.o
 .ARM.attributes
                0x000000be       0x34 ./Core/Src/stm32f7xx_hal_msp.o
 .ARM.attributes
                0x000000f2       0x34 ./Core/Src/stm32f7xx_it.o
 .ARM.attributes
                0x00000126       0x34 ./Core/Src/system_stm32f7xx.o
 .ARM.attributes
                0x0000015a       0x21 ./Core/Startup/startup_stm32f756zgtx.o
 .ARM.attributes
                0x0000017b       0x34 ./Drivers/STM32F7xx_HAL_Driver/Src/stm32f7xx_hal.o
 .ARM.attributes
                0x000001af       0x34 ./Drivers/STM32F7xx_HAL_Driver/Src/stm32f7xx_hal_cortex.o
 .ARM.attributes
                0x000001e3       0x34 ./Drivers/STM32F7xx_HAL_Driver/Src/stm32f7xx_hal_dac.o
 .ARM.attributes
                0x00000217       0x34 ./Drivers/STM32F7xx_HAL_Driver/Src/stm32f7xx_hal_gpio.o
 .ARM.attributes
                0x0000024b       0x34 ./Drivers/STM32F7xx_HAL_Driver/Src/stm32f7xx_hal_rcc.o
 .ARM.attributes
                0x0000027f       0x34 ./Drivers/STM32F7xx_HAL_Driver/Src/stm32f7xx_hal_spi.o
 .ARM.attributes
                0x000002b3       0x34 ./Drivers/STM32F7xx_HAL_Driver/Src/stm32f7xx_hal_tim.o
 .ARM.attributes
                0x000002e7       0x34 ./Drivers/STM32F7xx_HAL_Driver/Src/stm32f7xx_hal_tim_ex.o
 .ARM.attributes
                0x0000031b       0x34 ./FATFS/App/fatfs.o
 .ARM.attributes
                0x0000034f       0x34 ./FATFS/Target/user_diskio.o
 .ARM.attributes
                0x00000383       0x34 ./Middlewares/Third_Party/FatFs/src/diskio.o
 .ARM.attributes
                0x000003b7       0x34 ./Middlewares/Third_Party/FatFs/src/ff.o
 .ARM.attributes
                0x000003eb       0x34 ./Middlewares/Third_Party/FatFs/src/ff_gen_drv.o
 .ARM.attributes
                0x0000041f       0x34 C:/ST/STM32CubeIDE_1.17.0/STM32CubeIDE/plugins/com.st.stm32cube.ide.mcu.externaltools.gnu-tools-for-stm32.13.3.rel1.win32_1.0.0.202411081344/tools/bin/../lib/gcc/arm-none-eabi/13.3.1/../../../../arm-none-eabi/lib/thumb/v7e-m+fp/hard\libc_nano.a(libc_a-memset.o)
 .ARM.attributes
                0x00000453       0x34 C:/ST/STM32CubeIDE_1.17.0/STM32CubeIDE/plugins/com.st.stm32cube.ide.mcu.externaltools.gnu-tools-for-stm32.13.3.rel1.win32_1.0.0.202411081344/tools/bin/../lib/gcc/arm-none-eabi/13.3.1/../../../../arm-none-eabi/lib/thumb/v7e-m+fp/hard\libc_nano.a(libc_a-init.o)
 .ARM.attributes
                0x00000487       0x22 C:/ST/STM32CubeIDE_1.17.0/STM32CubeIDE/plugins/com.st.stm32cube.ide.mcu.externaltools.gnu-tools-for-stm32.13.3.rel1.win32_1.0.0.202411081344/tools/bin/../lib/gcc/arm-none-eabi/13.3.1/thumb/v7e-m+fp/hard\libgcc.a(_arm_addsubdf3.o)
 .ARM.attributes
                0x000004a9       0x22 C:/ST/STM32CubeIDE_1.17.0/STM32CubeIDE/plugins/com.st.stm32cube.ide.mcu.externaltools.gnu-tools-for-stm32.13.3.rel1.win32_1.0.0.202411081344/tools/bin/../lib/gcc/arm-none-eabi/13.3.1/thumb/v7e-m+fp/hard\libgcc.a(_arm_muldivdf3.o)
 .ARM.attributes
                0x000004cb       0x22 C:/ST/STM32CubeIDE_1.17.0/STM32CubeIDE/plugins/com.st.stm32cube.ide.mcu.externaltools.gnu-tools-for-stm32.13.3.rel1.win32_1.0.0.202411081344/tools/bin/../lib/gcc/arm-none-eabi/13.3.1/thumb/v7e-m+fp/hard\libgcc.a(_arm_truncdfsf2.o)
 .ARM.attributes
                0x000004ed       0x22 C:/ST/STM32CubeIDE_1.17.0/STM32CubeIDE/plugins/com.st.stm32cube.ide.mcu.externaltools.gnu-tools-for-stm32.13.3.rel1.win32_1.0.0.202411081344/tools/bin/../lib/gcc/arm-none-eabi/13.3.1/thumb/v7e-m+fp/hard\libgcc.a(_aeabi_uldivmod.o)
 .ARM.attributes
                0x0000050f       0x34 C:/ST/STM32CubeIDE_1.17.0/STM32CubeIDE/plugins/com.st.stm32cube.ide.mcu.externaltools.gnu-tools-for-stm32.13.3.rel1.win32_1.0.0.202411081344/tools/bin/../lib/gcc/arm-none-eabi/13.3.1/thumb/v7e-m+fp/hard\libgcc.a(_udivmoddi4.o)
 .ARM.attributes
                0x00000543       0x22 C:/ST/STM32CubeIDE_1.17.0/STM32CubeIDE/plugins/com.st.stm32cube.ide.mcu.externaltools.gnu-tools-for-stm32.13.3.rel1.win32_1.0.0.202411081344/tools/bin/../lib/gcc/arm-none-eabi/13.3.1/thumb/v7e-m+fp/hard\libgcc.a(_dvmd_tls.o)
 .ARM.attributes
                0x00000565       0x22 C:/ST/STM32CubeIDE_1.17.0/STM32CubeIDE/plugins/com.st.stm32cube.ide.mcu.externaltools.gnu-tools-for-stm32.13.3.rel1.win32_1.0.0.202411081344/tools/bin/../lib/gcc/arm-none-eabi/13.3.1/thumb/v7e-m+fp/hard/crtn.o
OUTPUT(EncorderProject.elf elf32-littlearm)
LOAD linker stubs
LOAD C:/ST/STM32CubeIDE_1.17.0/STM32CubeIDE/plugins/com.st.stm32cube.ide.mcu.externaltools.gnu-tools-for-stm32.13.3.rel1.win32_1.0.0.202411081344/tools/bin/../lib/gcc/arm-none-eabi/13.3.1/../../../../arm-none-eabi/lib/thumb/v7e-m+fp/hard\libc.a
LOAD C:/ST/STM32CubeIDE_1.17.0/STM32CubeIDE/plugins/com.st.stm32cube.ide.mcu.externaltools.gnu-tools-for-stm32.13.3.rel1.win32_1.0.0.202411081344/tools/bin/../lib/gcc/arm-none-eabi/13.3.1/../../../../arm-none-eabi/lib/thumb/v7e-m+fp/hard\libm.a
LOAD C:/ST/STM32CubeIDE_1.17.0/STM32CubeIDE/plugins/com.st.stm32cube.ide.mcu.externaltools.gnu-tools-for-stm32.13.3.rel1.win32_1.0.0.202411081344/tools/bin/../lib/gcc/arm-none-eabi/13.3.1/thumb/v7e-m+fp/hard\libgcc.a

.debug_info     0x00000000    0x109c6
 .debug_info    0x00000000      0xc54 ./Core/Src/fatfs_sd.o
 .debug_info    0x00000c54     0x1f7a ./Core/Src/main.o
 .debug_info    0x00002bce     0x133c ./Core/Src/stm32f7xx_hal_msp.o
 .debug_info    0x00003f0a      0x78c ./Core/Src/stm32f7xx_it.o
 .debug_info    0x00004696      0x6ed ./Core/Src/system_stm32f7xx.o
 .debug_info    0x00004d83       0x30 ./Core/Startup/startup_stm32f756zgtx.o
 .debug_info    0x00004db3      0x9de ./Drivers/STM32F7xx_HAL_Driver/Src/stm32f7xx_hal.o
 .debug_info    0x00005791      0xf84 ./Drivers/STM32F7xx_HAL_Driver/Src/stm32f7xx_hal_cortex.o
 .debug_info    0x00006715      0xa01 ./Drivers/STM32F7xx_HAL_Driver/Src/stm32f7xx_hal_dac.o
 .debug_info    0x00007116      0x6e7 ./Drivers/STM32F7xx_HAL_Driver/Src/stm32f7xx_hal_gpio.o
 .debug_info    0x000077fd      0x8dc ./Drivers/STM32F7xx_HAL_Driver/Src/stm32f7xx_hal_rcc.o
 .debug_info    0x000080d9     0x169b ./Drivers/STM32F7xx_HAL_Driver/Src/stm32f7xx_hal_spi.o
 .debug_info    0x00009774     0x2abd ./Drivers/STM32F7xx_HAL_Driver/Src/stm32f7xx_hal_tim.o
 .debug_info    0x0000c231     0x15bb ./Drivers/STM32F7xx_HAL_Driver/Src/stm32f7xx_hal_tim_ex.o
 .debug_info    0x0000d7ec      0x4ea ./FATFS/App/fatfs.o
 .debug_info    0x0000dcd6      0x3a5 ./FATFS/Target/user_diskio.o
 .debug_info    0x0000e07b      0x3df ./Middlewares/Third_Party/FatFs/src/diskio.o
 .debug_info    0x0000e45a     0x21ed ./Middlewares/Third_Party/FatFs/src/ff.o
 .debug_info    0x00010647      0x37f ./Middlewares/Third_Party/FatFs/src/ff_gen_drv.o

.debug_abbrev   0x00000000     0x269b
 .debug_abbrev  0x00000000      0x2e1 ./Core/Src/fatfs_sd.o
 .debug_abbrev  0x000002e1      0x36e ./Core/Src/main.o
 .debug_abbrev  0x0000064f      0x21a ./Core/Src/stm32f7xx_hal_msp.o
 .debug_abbrev  0x00000869      0x1a6 ./Core/Src/stm32f7xx_it.o
 .debug_abbrev  0x00000a0f      0x13b ./Core/Src/system_stm32f7xx.o
 .debug_abbrev  0x00000b4a       0x24 ./Core/Startup/startup_stm32f756zgtx.o
 .debug_abbrev  0x00000b6e      0x213 ./Drivers/STM32F7xx_HAL_Driver/Src/stm32f7xx_hal.o
 .debug_abbrev  0x00000d81      0x31e ./Drivers/STM32F7xx_HAL_Driver/Src/stm32f7xx_hal_cortex.o
 .debug_abbrev  0x0000109f      0x1fa ./Drivers/STM32F7xx_HAL_Driver/Src/stm32f7xx_hal_dac.o
 .debug_abbrev  0x00001299      0x1d4 ./Drivers/STM32F7xx_HAL_Driver/Src/stm32f7xx_hal_gpio.o
 .debug_abbrev  0x0000146d      0x288 ./Drivers/STM32F7xx_HAL_Driver/Src/stm32f7xx_hal_rcc.o
 .debug_abbrev  0x000016f5      0x269 ./Drivers/STM32F7xx_HAL_Driver/Src/stm32f7xx_hal_spi.o
 .debug_abbrev  0x0000195e      0x278 ./Drivers/STM32F7xx_HAL_Driver/Src/stm32f7xx_hal_tim.o
 .debug_abbrev  0x00001bd6      0x283 ./Drivers/STM32F7xx_HAL_Driver/Src/stm32f7xx_hal_tim_ex.o
 .debug_abbrev  0x00001e59      0x15e ./FATFS/App/fatfs.o
 .debug_abbrev  0x00001fb7      0x144 ./FATFS/Target/user_diskio.o
 .debug_abbrev  0x000020fb      0x181 ./Middlewares/Third_Party/FatFs/src/diskio.o
 .debug_abbrev  0x0000227c      0x280 ./Middlewares/Third_Party/FatFs/src/ff.o
 .debug_abbrev  0x000024fc      0x19f ./Middlewares/Third_Party/FatFs/src/ff_gen_drv.o

.debug_aranges  0x00000000     0x1040
 .debug_aranges
                0x00000000       0xa0 ./Core/Src/fatfs_sd.o
 .debug_aranges
                0x000000a0       0x90 ./Core/Src/main.o
 .debug_aranges
                0x00000130       0x60 ./Core/Src/stm32f7xx_hal_msp.o
 .debug_aranges
                0x00000190       0x70 ./Core/Src/stm32f7xx_it.o
 .debug_aranges
                0x00000200       0x28 ./Core/Src/system_stm32f7xx.o
 .debug_aranges
                0x00000228       0x28 ./Core/Startup/startup_stm32f756zgtx.o
 .debug_aranges
                0x00000250      0x100 ./Drivers/STM32F7xx_HAL_Driver/Src/stm32f7xx_hal.o
 .debug_aranges
                0x00000350      0x128 ./Drivers/STM32F7xx_HAL_Driver/Src/stm32f7xx_hal_cortex.o
 .debug_aranges
                0x00000478       0xc0 ./Drivers/STM32F7xx_HAL_Driver/Src/stm32f7xx_hal_dac.o
 .debug_aranges
                0x00000538       0x58 ./Drivers/STM32F7xx_HAL_Driver/Src/stm32f7xx_hal_gpio.o
 .debug_aranges
                0x00000590       0x88 ./Drivers/STM32F7xx_HAL_Driver/Src/stm32f7xx_hal_rcc.o
 .debug_aranges
                0x00000618      0x1d8 ./Drivers/STM32F7xx_HAL_Driver/Src/stm32f7xx_hal_spi.o
 .debug_aranges
                0x000007f0      0x3e0 ./Drivers/STM32F7xx_HAL_Driver/Src/stm32f7xx_hal_tim.o
 .debug_aranges
                0x00000bd0      0x178 ./Drivers/STM32F7xx_HAL_Driver/Src/stm32f7xx_hal_tim_ex.o
 .debug_aranges
                0x00000d48       0x28 ./FATFS/App/fatfs.o
 .debug_aranges
                0x00000d70       0x40 ./FATFS/Target/user_diskio.o
 .debug_aranges
                0x00000db0       0x48 ./Middlewares/Third_Party/FatFs/src/diskio.o
 .debug_aranges
                0x00000df8      0x208 ./Middlewares/Third_Party/FatFs/src/ff.o
 .debug_aranges
                0x00001000       0x40 ./Middlewares/Third_Party/FatFs/src/ff_gen_drv.o

.debug_rnglists
                0x00000000      0xc8e
 .debug_rnglists
                0x00000000       0x7a ./Core/Src/fatfs_sd.o
 .debug_rnglists
                0x0000007a       0x6d ./Core/Src/main.o
 .debug_rnglists
                0x000000e7       0x46 ./Core/Src/stm32f7xx_hal_msp.o
 .debug_rnglists
                0x0000012d       0x4f ./Core/Src/stm32f7xx_it.o
 .debug_rnglists
                0x0000017c       0x1a ./Core/Src/system_stm32f7xx.o
 .debug_rnglists
                0x00000196       0x19 ./Core/Startup/startup_stm32f756zgtx.o
 .debug_rnglists
                0x000001af       0xbb ./Drivers/STM32F7xx_HAL_Driver/Src/stm32f7xx_hal.o
 .debug_rnglists
                0x0000026a       0xda ./Drivers/STM32F7xx_HAL_Driver/Src/stm32f7xx_hal_cortex.o
 .debug_rnglists
                0x00000344       0x90 ./Drivers/STM32F7xx_HAL_Driver/Src/stm32f7xx_hal_dac.o
 .debug_rnglists
                0x000003d4       0x3f ./Drivers/STM32F7xx_HAL_Driver/Src/stm32f7xx_hal_gpio.o
 .debug_rnglists
                0x00000413       0x67 ./Drivers/STM32F7xx_HAL_Driver/Src/stm32f7xx_hal_rcc.o
 .debug_rnglists
                0x0000047a      0x178 ./Drivers/STM32F7xx_HAL_Driver/Src/stm32f7xx_hal_spi.o
 .debug_rnglists
                0x000005f2      0x328 ./Drivers/STM32F7xx_HAL_Driver/Src/stm32f7xx_hal_tim.o
 .debug_rnglists
                0x0000091a      0x131 ./Drivers/STM32F7xx_HAL_Driver/Src/stm32f7xx_hal_tim_ex.o
 .debug_rnglists
                0x00000a4b       0x19 ./FATFS/App/fatfs.o
 .debug_rnglists
                0x00000a64       0x2b ./FATFS/Target/user_diskio.o
 .debug_rnglists
                0x00000a8f       0x31 ./Middlewares/Third_Party/FatFs/src/diskio.o
 .debug_rnglists
                0x00000ac0      0x1a2 ./Middlewares/Third_Party/FatFs/src/ff.o
 .debug_rnglists
                0x00000c62       0x2c ./Middlewares/Third_Party/FatFs/src/ff_gen_drv.o

.debug_macro    0x00000000     0x406b
 .debug_macro   0x00000000      0x236 ./Core/Src/fatfs_sd.o
 .debug_macro   0x00000236       0x16 ./Core/Src/fatfs_sd.o
 .debug_macro   0x0000024c       0x7c ./Core/Src/fatfs_sd.o
 .debug_macro   0x000002c8       0x6a ./Core/Src/fatfs_sd.o
 .debug_macro   0x00000332      0x3b3 ./Core/Src/main.o
 .debug_macro   0x000006e5       0xeb ./Core/Src/main.o
 .debug_macro   0x000007d0       0x2a ./Core/Src/main.o
 .debug_macro   0x000007fa       0x61 ./Core/Src/main.o
 .debug_macro   0x0000085b       0x43 ./Core/Src/main.o
 .debug_macro   0x0000089e       0x34 ./Core/Src/main.o
 .debug_macro   0x000008d2       0x16 ./Core/Src/main.o
 .debug_macro   0x000008e8       0x3c ./Core/Src/main.o
 .debug_macro   0x00000924      0x370 ./Core/Src/main.o
 .debug_macro   0x00000c94       0x16 ./Core/Src/main.o
 .debug_macro   0x00000caa       0x4a ./Core/Src/main.o
 .debug_macro   0x00000cf4       0x34 ./Core/Src/main.o
 .debug_macro   0x00000d28       0x10 ./Core/Src/main.o
 .debug_macro   0x00000d38       0x58 ./Core/Src/main.o
 .debug_macro   0x00000d90       0x8e ./Core/Src/main.o
 .debug_macro   0x00000e1e       0x1c ./Core/Src/main.o
 .debug_macro   0x00000e3a      0x185 ./Core/Src/main.o
 .debug_macro   0x00000fbf       0x16 ./Core/Src/main.o
 .debug_macro   0x00000fd5       0x29 ./Core/Src/main.o
 .debug_macro   0x00000ffe       0x12 ./Core/Src/main.o
 .debug_macro   0x00001010       0xe2 ./Core/Src/main.o
 .debug_macro   0x000010f2       0x8e ./Core/Src/main.o
 .debug_macro   0x00001180       0x16 ./Core/Src/main.o
 .debug_macro   0x00001196       0x20 ./Core/Src/main.o
 .debug_macro   0x000011b6       0x1c ./Core/Src/main.o
 .debug_macro   0x000011d2       0x10 ./Core/Src/main.o
 .debug_macro   0x000011e2       0x1c ./Core/Src/main.o
 .debug_macro   0x000011fe       0x16 ./Core/Src/main.o
 .debug_macro   0x00001214      0x146 ./Core/Src/main.o
 .debug_macro   0x0000135a      0x19b ./Core/Src/main.o
 .debug_macro   0x000014f5      0x201 ./Core/Src/stm32f7xx_hal_msp.o
 .debug_macro   0x000016f6      0x20b ./Core/Src/stm32f7xx_it.o
 .debug_macro   0x00001901      0x1f7 ./Core/Src/system_stm32f7xx.o
 .debug_macro   0x00001af8      0x21b ./Drivers/STM32F7xx_HAL_Driver/Src/stm32f7xx_hal.o
 .debug_macro   0x00001d13      0x1f7 ./Drivers/STM32F7xx_HAL_Driver/Src/stm32f7xx_hal_cortex.o
 .debug_macro   0x00001f0a      0x1f8 ./Drivers/STM32F7xx_HAL_Driver/Src/stm32f7xx_hal_dac.o
 .debug_macro   0x00002102      0x1fd ./Drivers/STM32F7xx_HAL_Driver/Src/stm32f7xx_hal_gpio.o
 .debug_macro   0x000022ff      0x21b ./Drivers/STM32F7xx_HAL_Driver/Src/stm32f7xx_hal_rcc.o
 .debug_macro   0x0000251a      0x206 ./Drivers/STM32F7xx_HAL_Driver/Src/stm32f7xx_hal_spi.o
 .debug_macro   0x00002720      0x1f8 ./Drivers/STM32F7xx_HAL_Driver/Src/stm32f7xx_hal_tim.o
 .debug_macro   0x00002918      0x1f7 ./Drivers/STM32F7xx_HAL_Driver/Src/stm32f7xx_hal_tim_ex.o
 .debug_macro   0x00002b0f      0x326 ./FATFS/App/fatfs.o
 .debug_macro   0x00002e35       0xe5 ./FATFS/App/fatfs.o
 .debug_macro   0x00002f1a      0x34c ./FATFS/Target/user_diskio.o
 .debug_macro   0x00003266       0x10 ./FATFS/Target/user_diskio.o
 .debug_macro   0x00003276       0x5d ./FATFS/Target/user_diskio.o
 .debug_macro   0x000032d3      0x313 ./Middlewares/Third_Party/FatFs/src/diskio.o
 .debug_macro   0x000035e6      0x71a ./Middlewares/Third_Party/FatFs/src/ff.o
 .debug_macro   0x00003d00       0x58 ./Middlewares/Third_Party/FatFs/src/ff.o
 .debug_macro   0x00003d58      0x313 ./Middlewares/Third_Party/FatFs/src/ff_gen_drv.o

.debug_line     0x00000000    0x15053
 .debug_line    0x00000000      0xe6d ./Core/Src/fatfs_sd.o
 .debug_line    0x00000e6d      0xefc ./Core/Src/main.o
 .debug_line    0x00001d69      0x90e ./Core/Src/stm32f7xx_hal_msp.o
 .debug_line    0x00002677      0x88d ./Core/Src/stm32f7xx_it.o
 .debug_line    0x00002f04      0x823 ./Core/Src/system_stm32f7xx.o
 .debug_line    0x00003727       0x7a ./Core/Startup/startup_stm32f756zgtx.o
 .debug_line    0x000037a1      0xac7 ./Drivers/STM32F7xx_HAL_Driver/Src/stm32f7xx_hal.o
 .debug_line    0x00004268      0xd47 ./Drivers/STM32F7xx_HAL_Driver/Src/stm32f7xx_hal_cortex.o
 .debug_line    0x00004faf      0xba1 ./Drivers/STM32F7xx_HAL_Driver/Src/stm32f7xx_hal_dac.o
 .debug_line    0x00005b50      0xc21 ./Drivers/STM32F7xx_HAL_Driver/Src/stm32f7xx_hal_gpio.o
 .debug_line    0x00006771      0xfba ./Drivers/STM32F7xx_HAL_Driver/Src/stm32f7xx_hal_rcc.o
 .debug_line    0x0000772b     0x212b ./Drivers/STM32F7xx_HAL_Driver/Src/stm32f7xx_hal_spi.o
 .debug_line    0x00009856     0x3d6a ./Drivers/STM32F7xx_HAL_Driver/Src/stm32f7xx_hal_tim.o
 .debug_line    0x0000d5c0     0x1af5 ./Drivers/STM32F7xx_HAL_Driver/Src/stm32f7xx_hal_tim_ex.o
 .debug_line    0x0000f0b5      0x993 ./FATFS/App/fatfs.o
 .debug_line    0x0000fa48      0x9f3 ./FATFS/Target/user_diskio.o
 .debug_line    0x0001043b      0x9fe ./Middlewares/Third_Party/FatFs/src/diskio.o
 .debug_line    0x00010e39     0x37fe ./Middlewares/Third_Party/FatFs/src/ff.o
 .debug_line    0x00014637      0xa1c ./Middlewares/Third_Party/FatFs/src/ff_gen_drv.o

.debug_str      0x00000000    0xf2c47
 .debug_str     0x00000000    0xf2c47 ./Core/Src/fatfs_sd.o
                              0xea041 (size before relaxing)
 .debug_str     0x000f2c47    0xef3ce ./Core/Src/main.o
 .debug_str     0x000f2c47    0xea7a5 ./Core/Src/stm32f7xx_hal_msp.o
 .debug_str     0x000f2c47    0xe9d29 ./Core/Src/stm32f7xx_it.o
 .debug_str     0x000f2c47    0xe9956 ./Core/Src/system_stm32f7xx.o
 .debug_str     0x000f2c47       0x8a ./Core/Startup/startup_stm32f756zgtx.o
 .debug_str     0x000f2c47    0xea2ce ./Drivers/STM32F7xx_HAL_Driver/Src/stm32f7xx_hal.o
 .debug_str     0x000f2c47    0xea2eb ./Drivers/STM32F7xx_HAL_Driver/Src/stm32f7xx_hal_cortex.o
 .debug_str     0x000f2c47    0xe9cf2 ./Drivers/STM32F7xx_HAL_Driver/Src/stm32f7xx_hal_dac.o
 .debug_str     0x000f2c47    0xe9a14 ./Drivers/STM32F7xx_HAL_Driver/Src/stm32f7xx_hal_gpio.o
 .debug_str     0x000f2c47    0xe9cb8 ./Drivers/STM32F7xx_HAL_Driver/Src/stm32f7xx_hal_rcc.o
 .debug_str     0x000f2c47    0xea196 ./Drivers/STM32F7xx_HAL_Driver/Src/stm32f7xx_hal_spi.o
 .debug_str     0x000f2c47    0xeac79 ./Drivers/STM32F7xx_HAL_Driver/Src/stm32f7xx_hal_tim.o
 .debug_str     0x000f2c47    0xea4bf ./Drivers/STM32F7xx_HAL_Driver/Src/stm32f7xx_hal_tim_ex.o
 .debug_str     0x000f2c47    0xed100 ./FATFS/App/fatfs.o
 .debug_str     0x000f2c47    0xed1ca ./FATFS/Target/user_diskio.o
 .debug_str     0x000f2c47    0xed009 ./Middlewares/Third_Party/FatFs/src/diskio.o
 .debug_str     0x000f2c47    0xee270 ./Middlewares/Third_Party/FatFs/src/ff.o
 .debug_str     0x000f2c47    0xed05a ./Middlewares/Third_Party/FatFs/src/ff_gen_drv.o

.comment        0x00000000       0x43
 .comment       0x00000000       0x43 ./Core/Src/fatfs_sd.o
                                 0x44 (size before relaxing)
 .comment       0x00000043       0x44 ./Core/Src/main.o
 .comment       0x00000043       0x44 ./Core/Src/stm32f7xx_hal_msp.o
 .comment       0x00000043       0x44 ./Core/Src/stm32f7xx_it.o
 .comment       0x00000043       0x44 ./Core/Src/system_stm32f7xx.o
 .comment       0x00000043       0x44 ./Drivers/STM32F7xx_HAL_Driver/Src/stm32f7xx_hal.o
 .comment       0x00000043       0x44 ./Drivers/STM32F7xx_HAL_Driver/Src/stm32f7xx_hal_cortex.o
 .comment       0x00000043       0x44 ./Drivers/STM32F7xx_HAL_Driver/Src/stm32f7xx_hal_dac.o
 .comment       0x00000043       0x44 ./Drivers/STM32F7xx_HAL_Driver/Src/stm32f7xx_hal_gpio.o
 .comment       0x00000043       0x44 ./Drivers/STM32F7xx_HAL_Driver/Src/stm32f7xx_hal_rcc.o
 .comment       0x00000043       0x44 ./Drivers/STM32F7xx_HAL_Driver/Src/stm32f7xx_hal_spi.o
 .comment       0x00000043       0x44 ./Drivers/STM32F7xx_HAL_Driver/Src/stm32f7xx_hal_tim.o
 .comment       0x00000043       0x44 ./Drivers/STM32F7xx_HAL_Driver/Src/stm32f7xx_hal_tim_ex.o
 .comment       0x00000043       0x44 ./FATFS/App/fatfs.o
 .comment       0x00000043       0x44 ./FATFS/Target/user_diskio.o
 .comment       0x00000043       0x44 ./Middlewares/Third_Party/FatFs/src/diskio.o
 .comment       0x00000043       0x44 ./Middlewares/Third_Party/FatFs/src/ff.o
 .comment       0x00000043       0x44 ./Middlewares/Third_Party/FatFs/src/ff_gen_drv.o

.debug_frame    0x00000000     0x4560
 .debug_frame   0x00000000      0x268 ./Core/Src/fatfs_sd.o
 .debug_frame   0x00000268      0x210 ./Core/Src/main.o
 .debug_frame   0x00000478      0x158 ./Core/Src/stm32f7xx_hal_msp.o
 .debug_frame   0x000005d0      0x140 ./Core/Src/stm32f7xx_it.o
 .debug_frame   0x00000710       0x58 ./Core/Src/system_stm32f7xx.o
 .debug_frame   0x00000768      0x3b4 ./Drivers/STM32F7xx_HAL_Driver/Src/stm32f7xx_hal.o
 .debug_frame   0x00000b1c      0x4e8 ./Drivers/STM32F7xx_HAL_Driver/Src/stm32f7xx_hal_cortex.o
 .debug_frame   0x00001004      0x338 ./Drivers/STM32F7xx_HAL_Driver/Src/stm32f7xx_hal_dac.o
 .debug_frame   0x0000133c      0x14c ./Drivers/STM32F7xx_HAL_Driver/Src/stm32f7xx_hal_gpio.o
 .debug_frame   0x00001488      0x1f8 ./Drivers/STM32F7xx_HAL_Driver/Src/stm32f7xx_hal_rcc.o
 .debug_frame   0x00001680      0x860 ./Drivers/STM32F7xx_HAL_Driver/Src/stm32f7xx_hal_spi.o
 .debug_frame   0x00001ee0     0x121c ./Drivers/STM32F7xx_HAL_Driver/Src/stm32f7xx_hal_tim.o
 .debug_frame   0x000030fc      0x688 ./Drivers/STM32F7xx_HAL_Driver/Src/stm32f7xx_hal_tim_ex.o
 .debug_frame   0x00003784       0x4c ./FATFS/App/fatfs.o
 .debug_frame   0x000037d0       0xc4 ./FATFS/Target/user_diskio.o
 .debug_frame   0x00003894       0xec ./Middlewares/Third_Party/FatFs/src/diskio.o
 .debug_frame   0x00003980      0x94c ./Middlewares/Third_Party/FatFs/src/ff.o
 .debug_frame   0x000042cc       0xc8 ./Middlewares/Third_Party/FatFs/src/ff_gen_drv.o
 .debug_frame   0x00004394       0x20 C:/ST/STM32CubeIDE_1.17.0/STM32CubeIDE/plugins/com.st.stm32cube.ide.mcu.externaltools.gnu-tools-for-stm32.13.3.rel1.win32_1.0.0.202411081344/tools/bin/../lib/gcc/arm-none-eabi/13.3.1/../../../../arm-none-eabi/lib/thumb/v7e-m+fp/hard\libc_nano.a(libc_a-memset.o)
 .debug_frame   0x000043b4       0x2c C:/ST/STM32CubeIDE_1.17.0/STM32CubeIDE/plugins/com.st.stm32cube.ide.mcu.externaltools.gnu-tools-for-stm32.13.3.rel1.win32_1.0.0.202411081344/tools/bin/../lib/gcc/arm-none-eabi/13.3.1/../../../../arm-none-eabi/lib/thumb/v7e-m+fp/hard\libc_nano.a(libc_a-init.o)
 .debug_frame   0x000043e0       0xac C:/ST/STM32CubeIDE_1.17.0/STM32CubeIDE/plugins/com.st.stm32cube.ide.mcu.externaltools.gnu-tools-for-stm32.13.3.rel1.win32_1.0.0.202411081344/tools/bin/../lib/gcc/arm-none-eabi/13.3.1/thumb/v7e-m+fp/hard\libgcc.a(_arm_addsubdf3.o)
 .debug_frame   0x0000448c       0x50 C:/ST/STM32CubeIDE_1.17.0/STM32CubeIDE/plugins/com.st.stm32cube.ide.mcu.externaltools.gnu-tools-for-stm32.13.3.rel1.win32_1.0.0.202411081344/tools/bin/../lib/gcc/arm-none-eabi/13.3.1/thumb/v7e-m+fp/hard\libgcc.a(_arm_muldivdf3.o)
 .debug_frame   0x000044dc       0x24 C:/ST/STM32CubeIDE_1.17.0/STM32CubeIDE/plugins/com.st.stm32cube.ide.mcu.externaltools.gnu-tools-for-stm32.13.3.rel1.win32_1.0.0.202411081344/tools/bin/../lib/gcc/arm-none-eabi/13.3.1/thumb/v7e-m+fp/hard\libgcc.a(_arm_truncdfsf2.o)
 .debug_frame   0x00004500       0x2c C:/ST/STM32CubeIDE_1.17.0/STM32CubeIDE/plugins/com.st.stm32cube.ide.mcu.externaltools.gnu-tools-for-stm32.13.3.rel1.win32_1.0.0.202411081344/tools/bin/../lib/gcc/arm-none-eabi/13.3.1/thumb/v7e-m+fp/hard\libgcc.a(_aeabi_uldivmod.o)
 .debug_frame   0x0000452c       0x34 C:/ST/STM32CubeIDE_1.17.0/STM32CubeIDE/plugins/com.st.stm32cube.ide.mcu.externaltools.gnu-tools-for-stm32.13.3.rel1.win32_1.0.0.202411081344/tools/bin/../lib/gcc/arm-none-eabi/13.3.1/thumb/v7e-m+fp/hard\libgcc.a(_udivmoddi4.o)

.debug_line_str
                0x00000000       0x6e
 .debug_line_str
                0x00000000       0x6e ./Core/Startup/startup_stm32f756zgtx.o
