Archive member included to satisfy reference by file (symbol)

C:/ST/STM32CubeIDE_1.17.0/STM32CubeIDE/plugins/com.st.stm32cube.ide.mcu.externaltools.gnu-tools-for-stm32.13.3.rel1.win32_1.0.0.202411081344/tools/bin/../lib/gcc/arm-none-eabi/13.3.1/../../../../arm-none-eabi/lib/thumb/v7e-m+fp/hard\libc_nano.a(libc_a-exit.o)
                              C:/ST/STM32CubeIDE_1.17.0/STM32CubeIDE/plugins/com.st.stm32cube.ide.mcu.externaltools.gnu-tools-for-stm32.13.3.rel1.win32_1.0.0.202411081344/tools/bin/../lib/gcc/arm-none-eabi/13.3.1/../../../../arm-none-eabi/lib/thumb/v7e-m+fp/hard/crt0.o (exit)
C:/ST/STM32CubeIDE_1.17.0/STM32CubeIDE/plugins/com.st.stm32cube.ide.mcu.externaltools.gnu-tools-for-stm32.13.3.rel1.win32_1.0.0.202411081344/tools/bin/../lib/gcc/arm-none-eabi/13.3.1/../../../../arm-none-eabi/lib/thumb/v7e-m+fp/hard\libc_nano.a(libc_a-findfp.o)
                              C:/ST/STM32CubeIDE_1.17.0/STM32CubeIDE/plugins/com.st.stm32cube.ide.mcu.externaltools.gnu-tools-for-stm32.13.3.rel1.win32_1.0.0.202411081344/tools/bin/../lib/gcc/arm-none-eabi/13.3.1/../../../../arm-none-eabi/lib/thumb/v7e-m+fp/hard\libc_nano.a(libc_a-exit.o) (__stdio_exit_handler)
C:/ST/STM32CubeIDE_1.17.0/STM32CubeIDE/plugins/com.st.stm32cube.ide.mcu.externaltools.gnu-tools-for-stm32.13.3.rel1.win32_1.0.0.202411081344/tools/bin/../lib/gcc/arm-none-eabi/13.3.1/../../../../arm-none-eabi/lib/thumb/v7e-m+fp/hard\libc_nano.a(libc_a-fwalk.o)
                              C:/ST/STM32CubeIDE_1.17.0/STM32CubeIDE/plugins/com.st.stm32cube.ide.mcu.externaltools.gnu-tools-for-stm32.13.3.rel1.win32_1.0.0.202411081344/tools/bin/../lib/gcc/arm-none-eabi/13.3.1/../../../../arm-none-eabi/lib/thumb/v7e-m+fp/hard\libc_nano.a(libc_a-findfp.o) (_fwalk_sglue)
C:/ST/STM32CubeIDE_1.17.0/STM32CubeIDE/plugins/com.st.stm32cube.ide.mcu.externaltools.gnu-tools-for-stm32.13.3.rel1.win32_1.0.0.202411081344/tools/bin/../lib/gcc/arm-none-eabi/13.3.1/../../../../arm-none-eabi/lib/thumb/v7e-m+fp/hard\libc_nano.a(libc_a-stdio.o)
                              C:/ST/STM32CubeIDE_1.17.0/STM32CubeIDE/plugins/com.st.stm32cube.ide.mcu.externaltools.gnu-tools-for-stm32.13.3.rel1.win32_1.0.0.202411081344/tools/bin/../lib/gcc/arm-none-eabi/13.3.1/../../../../arm-none-eabi/lib/thumb/v7e-m+fp/hard\libc_nano.a(libc_a-findfp.o) (__sread)
C:/ST/STM32CubeIDE_1.17.0/STM32CubeIDE/plugins/com.st.stm32cube.ide.mcu.externaltools.gnu-tools-for-stm32.13.3.rel1.win32_1.0.0.202411081344/tools/bin/../lib/gcc/arm-none-eabi/13.3.1/../../../../arm-none-eabi/lib/thumb/v7e-m+fp/hard\libc_nano.a(libc_a-memset.o)
                              C:/ST/STM32CubeIDE_1.17.0/STM32CubeIDE/plugins/com.st.stm32cube.ide.mcu.externaltools.gnu-tools-for-stm32.13.3.rel1.win32_1.0.0.202411081344/tools/bin/../lib/gcc/arm-none-eabi/13.3.1/../../../../arm-none-eabi/lib/thumb/v7e-m+fp/hard/crt0.o (memset)
C:/ST/STM32CubeIDE_1.17.0/STM32CubeIDE/plugins/com.st.stm32cube.ide.mcu.externaltools.gnu-tools-for-stm32.13.3.rel1.win32_1.0.0.202411081344/tools/bin/../lib/gcc/arm-none-eabi/13.3.1/../../../../arm-none-eabi/lib/thumb/v7e-m+fp/hard\libc_nano.a(libc_a-closer.o)
                              C:/ST/STM32CubeIDE_1.17.0/STM32CubeIDE/plugins/com.st.stm32cube.ide.mcu.externaltools.gnu-tools-for-stm32.13.3.rel1.win32_1.0.0.202411081344/tools/bin/../lib/gcc/arm-none-eabi/13.3.1/../../../../arm-none-eabi/lib/thumb/v7e-m+fp/hard\libc_nano.a(libc_a-stdio.o) (_close_r)
C:/ST/STM32CubeIDE_1.17.0/STM32CubeIDE/plugins/com.st.stm32cube.ide.mcu.externaltools.gnu-tools-for-stm32.13.3.rel1.win32_1.0.0.202411081344/tools/bin/../lib/gcc/arm-none-eabi/13.3.1/../../../../arm-none-eabi/lib/thumb/v7e-m+fp/hard\libc_nano.a(libc_a-reent.o)
                              C:/ST/STM32CubeIDE_1.17.0/STM32CubeIDE/plugins/com.st.stm32cube.ide.mcu.externaltools.gnu-tools-for-stm32.13.3.rel1.win32_1.0.0.202411081344/tools/bin/../lib/gcc/arm-none-eabi/13.3.1/../../../../arm-none-eabi/lib/thumb/v7e-m+fp/hard\libc_nano.a(libc_a-closer.o) (errno)
C:/ST/STM32CubeIDE_1.17.0/STM32CubeIDE/plugins/com.st.stm32cube.ide.mcu.externaltools.gnu-tools-for-stm32.13.3.rel1.win32_1.0.0.202411081344/tools/bin/../lib/gcc/arm-none-eabi/13.3.1/../../../../arm-none-eabi/lib/thumb/v7e-m+fp/hard\libc_nano.a(libc_a-impure.o)
                              C:/ST/STM32CubeIDE_1.17.0/STM32CubeIDE/plugins/com.st.stm32cube.ide.mcu.externaltools.gnu-tools-for-stm32.13.3.rel1.win32_1.0.0.202411081344/tools/bin/../lib/gcc/arm-none-eabi/13.3.1/../../../../arm-none-eabi/lib/thumb/v7e-m+fp/hard\libc_nano.a(libc_a-reent.o) (_impure_ptr)
C:/ST/STM32CubeIDE_1.17.0/STM32CubeIDE/plugins/com.st.stm32cube.ide.mcu.externaltools.gnu-tools-for-stm32.13.3.rel1.win32_1.0.0.202411081344/tools/bin/../lib/gcc/arm-none-eabi/13.3.1/../../../../arm-none-eabi/lib/thumb/v7e-m+fp/hard\libc_nano.a(libc_a-lseekr.o)
[...]
Memory Configuration

Name             Origin             Length             Attributes
RAM              0x20000000         0x00050000         xrw
FLASH            0x08000000         0x00100000         xr
*default*        0x00000000         0xffffffff

Linker script and memory map

LOAD C:/ST/STM32CubeIDE_1.17.0/STM32CubeIDE/plugins/com.st.stm32cube.ide.mcu.externaltools.gnu-tools-for-stm32.13.3.rel1.win32_1.0.0.202411081344/tools/bin/../lib/gcc/arm-none-eabi/13.3.1/thumb/v7e-m+fp/hard/crti.o
LOAD C:/ST/STM32CubeIDE_1.17.0/STM32CubeIDE/plugins/com.st.stm32cube.ide.mcu.externaltools.gnu-tools-for-stm32.13.3.rel1.win32_1.0.0.202411081344/tools/bin/../lib/gcc/arm-none-eabi/13.3.1/thumb/v7e-m+fp/hard/crtbegin.o
LOAD C:/ST/STM32CubeIDE_1.17.0/STM32CubeIDE/plugins/com.st.stm32cube.ide.mcu.externaltools.gnu-tools-for-stm32.13.3.rel1.win32_1.0.0.202411081344/tools/bin/../lib/gcc/arm-none-eabi/13.3.1/../../../../arm-none-eabi/lib/thumb/v7e-m+fp/hard/crt0.o
LOAD ./Core/Src/fatfs_sd.o
LOAD ./Core/Src/freertos.o
LOAD ./Core/Src/main.o
LOAD ./Core/Src/stm32f7xx_hal_msp.o
LOAD ./Core/Src/stm32f7xx_hal_timebase_tim.o
LOAD ./Core/Src/stm32f7xx_it.o
LOAD ./Core/Src/syscalls.o
LOAD ./Core/Src/sysmem.o
LOAD ./Core/Src/system_stm32f7xx.o
LOAD ./Core/Startup/startup_stm32f756zgtx.o
LOAD ./Drivers/STM32F7xx_HAL_Driver/Src/stm32f7xx_hal.o
LOAD ./Drivers/STM32F7xx_HAL_Driver/Src/stm32f7xx_hal_cortex.o
LOAD ./Drivers/STM32F7xx_HAL_Driver/Src/stm32f7xx_hal_dac.o
LOAD ./Drivers/STM32F7xx_HAL_Driver/Src/stm32f7xx_hal_dac_ex.o
LOAD ./Drivers/STM32F7xx_HAL_Driver/Src/stm32f7xx_hal_dma.o
LOAD ./Drivers/STM32F7xx_HAL_Driver/Src/stm32f7xx_hal_dma_ex.o
LOAD ./Drivers/STM32F7xx_HAL_Driver/Src/stm32f7xx_hal_exti.o
LOAD ./Drivers/STM32F7xx_HAL_Driver/Src/stm32f7xx_hal_flash.o
LOAD ./Drivers/STM32F7xx_HAL_Driver/Src/stm32f7xx_hal_flash_ex.o
LOAD ./Drivers/STM32F7xx_HAL_Driver/Src/stm32f7xx_hal_gpio.o
LOAD ./Drivers/STM32F7xx_HAL_Driver/Src/stm32f7xx_hal_i2c.o
LOAD ./Drivers/STM32F7xx_HAL_Driver/Src/stm32f7xx_hal_i2c_ex.o
LOAD ./Drivers/STM32F7xx_HAL_Driver/Src/stm32f7xx_hal_pwr.o
LOAD ./Drivers/STM32F7xx_HAL_Driver/Src/stm32f7xx_hal_pwr_ex.o
LOAD ./Drivers/STM32F7xx_HAL_Driver/Src/stm32f7xx_hal_rcc.o
LOAD ./Drivers/STM32F7xx_HAL_Driver/Src/stm32f7xx_hal_rcc_ex.o
LOAD ./Drivers/STM32F7xx_HAL_Driver/Src/stm32f7xx_hal_spi.o
LOAD ./Drivers/STM32F7xx_HAL_Driver/Src/stm32f7xx_hal_spi_ex.o
LOAD ./Drivers/STM32F7xx_HAL_Driver/Src/stm32f7xx_hal_tim.o
LOAD ./Drivers/STM32F7xx_HAL_Driver/Src/stm32f7xx_hal_tim_ex.o
LOAD ./FATFS/App/fatfs.o
LOAD ./FATFS/Target/user_diskio.o
LOAD ./Middlewares/Third_Party/FatFs/src/diskio.o
LOAD ./Middlewares/Third_Party/FatFs/src/ff.o
LOAD ./Middlewares/Third_Party/FatFs/src/ff_gen_drv.o
LOAD ./Middlewares/Third_Party/FatFs/src/option/syscall.o
LOAD ./Middlewares/Third_Party/FreeRTOS/Source/CMSIS_RTOS/cmsis_os.o
LOAD ./Middlewares/Third_Party/FreeRTOS/Source/croutine.o
LOAD ./Middlewares/Third_Party/FreeRTOS/Source/event_groups.o
LOAD ./Middlewares/Third_Party/FreeRTOS/Source/list.o
LOAD ./Middlewares/Third_Party/FreeRTOS/Source/queue.o
LOAD ./Middlewares/Third_Party/FreeRTOS/Source/stream_buffer.o
LOAD ./Middlewares/Third_Party/FreeRTOS/Source/tasks.o
LOAD ./Middlewares/Third_Party/FreeRTOS/Source/timers.o
LOAD ./Middlewares/Third_Party/FreeRTOS/Source/portable/GCC/ARM_CM7/r0p1/port.o
LOAD ./Middlewares/Third_Party/FreeRTOS/Source/portable/MemMang/heap_4.o
START GROUP
LOAD C:/ST/STM32CubeIDE_1.17.0/STM32CubeIDE/plugins/com.st.stm32cube.ide.mcu.externaltools.gnu-tools-for-stm32.13.3.rel1.win32_1.0.0.202411081344/tools/bin/../lib/gcc/arm-none-eabi/13.3.1/../../../../arm-none-eabi/lib/thumb/v7e-m+fp/hard\libc_nano.a
LOAD C:/ST/STM32CubeIDE_1.17.0/STM32CubeIDE/plugins/com.st.stm32cube.ide.mcu.externaltools.gnu-tools-for-stm32.13.3.rel1.win32_1.0.0.202411081344/tools/bin/../lib/gcc/arm-none-eabi/13.3.1/../../../../arm-none-eabi/lib/thumb/v7e-m+fp/hard\libm.a
END GROUP
START GROUP
LOAD C:/ST/STM32CubeIDE_1.17.0/STM32CubeIDE/plugins/com.st.stm32cube.ide.mcu.externaltools.gnu-tools-for-stm32.13.3.rel1.win32_1.0.0.202411081344/tools/bin/../lib/gcc/arm-none-eabi/13.3.1/thumb/v7e-m+fp/hard\libgcc.a
LOAD C:/ST/STM32CubeIDE_1.17.0/STM32CubeIDE/plugins/com.st.stm32cube.ide.mcu.externaltools.gnu-tools-for-stm32.13.3.rel1.win32_1.0.0.202411081344/tools/bin/../lib/gcc/arm-none-eabi/13.3.1/../../../../arm-none-eabi/lib/thumb/v7e-m+fp/hard\libc_nano.a
END GROUP
START GROUP
LOAD C:/ST/STM32CubeIDE_1.17.0/STM32CubeIDE/plugins/com.st.stm32cube.ide.mcu.externaltools.gnu-tools-for-stm32.13.3.rel1.win32_1.0.0.202411081344/tools/bin/../lib/gcc/arm-none-eabi/13.3.1/thumb/v7e-m+fp/hard\libgcc.a
LOAD C:/ST/STM32CubeIDE_1.17.0/STM32CubeIDE/plugins/com.st.stm32cube.ide.mcu.externaltools.gnu-tools-for-stm32.13.3.rel1.win32_1.0.0.202411081344/tools/bin/../lib/gcc/arm-none-eabi/13.3.1/../../../../arm-none-eabi/lib/thumb/v7e-m+fp/hard\libc_nano.a
LOAD C:/ST/STM32CubeIDE_1.17.0/STM32CubeIDE/plugins/com.st.stm32cube.ide.mcu.externaltools.gnu-tools-for-stm32.13.3.rel1.win32_1.0.0.202411081344/tools/bin/../lib/gcc/arm-none-eabi/13.3.1/../../../../arm-none-eabi/lib/thumb/v7e-m+fp/hard\libnosys.a
END GROUP
START GROUP
LOAD C:/ST/STM32CubeIDE_1.17.0/STM32CubeIDE/plugins/com.st.stm32cube.ide.mcu.externaltools.gnu-tools-for-stm32.13.3.rel1.win32_1.0.0.202411081344/tools/bin/../lib/gcc/arm-none-eabi/13.3.1/thumb/v7e-m+fp/hard\libgcc.a
LOAD C:/ST/STM32CubeIDE_1.17.0/STM32CubeIDE/plugins/com.st.stm32cube.ide.mcu.externaltools.gnu-tools-for-stm32.13.3.rel1.win32_1.0.0.202411081344/tools/bin/../lib/gcc/arm-none-eabi/13.3.1/../../../../arm-none-eabi/lib/thumb/v7e-m+fp/hard\libc_nano.a
LOAD C:/ST/STM32CubeIDE_1.17.0/STM32CubeIDE/plugins/com.st.stm32cube.ide.mcu.externaltools.gnu-tools-for-stm32.13.3.rel1.win32_1.0.0.202411081344/tools/bin/../lib/gcc/arm-none-eabi/13.3.1/../../../../arm-none-eabi/lib/thumb/v7e-m+fp/hard\libnosys.a
END GROUP
LOAD C:/ST/STM32CubeIDE_1.17.0/STM32CubeIDE/plugins/com.st.stm32cube.ide.mcu.externaltools.gnu-tools-for-stm32.13.3.rel1.win32_1.0.0.202411081344/tools/bin/../lib/gcc/arm-none-eabi/13.3.1/thumb/v7e-m+fp/hard/crtend.o
LOAD C:/ST/STM32CubeIDE_1.17.0/STM32CubeIDE/plugins/com.st.stm32cube.ide.mcu.externaltools.gnu-tools-for-stm32.13.3.rel1.win32_1.0.0.202411081344/tools/bin/../lib/gcc/arm-none-eabi/13.3.1/thumb/v7e-m+fp/hard/crtn.o
                0x20050000                        _estack = (ORIGIN (RAM) + LENGTH (RAM))
                0x00000200                        _Min_Heap_Size = 0x200
                0x00000400                        _Min_Stack_Size = 0x400

.isr_vector     0x08000000      0x1c8
                0x08000000                        . = ALIGN (0x4)
 *(.isr_vector)
 .isr_vector    0x08000000      0x1c8 ./Core/Startup/startup_stm32f756zgtx.o
                0x08000000                g_pfnVectors
                0x080001c8                        . = ALIGN (0x4)

.text           0x080001d0     0x5410
                0x080001d0                        . = ALIGN (0x4)
 *(.text)
 .text          0x080001d0       0x40 C:/ST/STM32CubeIDE_1.17.0/STM32CubeIDE/plugins/com.st.stm32cube.ide.mcu.externaltools.gnu-tools-for-stm32.13.3.rel1.win32_1.0.0.202411081344/tools/bin/../lib/gcc/arm-none-eabi/13.3.1/thumb/v7e-m+fp/hard/crtbegin.o
 .text          0x08000210      0x378 C:/ST/STM32CubeIDE_1.17.0/STM32CubeIDE/plugins/com.st.stm32cube.ide.mcu.externaltools.gnu-tools-for-stm32.13.3.rel1.win32_1.0.0.202411081344/tools/bin/../lib/gcc/arm-none-eabi/13.3.1/thumb/v7e-m+fp/hard\libgcc.a(_arm_addsubdf3.o)
                0x08000210                __aeabi_drsub
                0x08000218                __aeabi_dsub
                0x08000218                __subdf3
                0x0800021c                __aeabi_dadd
                0x0800021c                __adddf3
                0x08000494                __floatunsidf
                0x08000494                __aeabi_ui2d
                0x080004b4                __floatsidf
                0x080004b4                __aeabi_i2d
                0x080004d8                __aeabi_f2d
                0x080004d8                __extendsfdf2
                0x0800051c                __floatundidf
                0x0800051c                __aeabi_ul2d
                0x0800052c                __floatdidf
                0x0800052c                __aeabi_l2d
 .text          0x08000588      0x424 C:/ST/STM32CubeIDE_1.17.0/STM32CubeIDE/plugins/com.st.stm32cube.ide.mcu.externaltools.gnu-tools-for-stm32.13.3.rel1.win32_1.0.0.202411081344/tools/bin/../lib/gcc/arm-none-eabi/13.3.1/thumb/v7e-m+fp/hard\libgcc.a(_arm_muldivdf3.o)
                0x08000588                __aeabi_dmul
                0x08000588                __muldf3
                0x080007dc                __divdf3
                0x080007dc                __aeabi_ddiv
 .text          0x080009ac       0x40 C:/ST/STM32CubeIDE_1.17.0/STM32CubeIDE/plugins/com.st.stm32cube.ide.mcu.externaltools.gnu-tools-for-stm32.13.3.rel1.win32_1.0.0.202411081344/tools/bin/../lib/gcc/arm-none-eabi/13.3.1/thumb/v7e-m+fp/hard\libgcc.a(_arm_fixunsdfsi.o)
                0x080009ac                __aeabi_d2uiz
                0x080009ac                __fixunsdfsi
 .text          0x080009ec       0xa0 C:/ST/STM32CubeIDE_1.17.0/STM32CubeIDE/plugins/com.st.stm32cube.ide.mcu.externaltools.gnu-tools-for-stm32.13.3.rel1.win32_1.0.0.202411081344/tools/bin/../lib/gcc/arm-none-eabi/13.3.1/thumb/v7e-m+fp/hard\libgcc.a(_arm_truncdfsf2.o)
                0x080009ec                __truncdfsf2
                0x080009ec                __aeabi_d2f
 .text          0x08000a8c       0x30 C:/ST/STM32CubeIDE_1.17.0/STM32CubeIDE/plugins/com.st.stm32cube.ide.mcu.externaltools.gnu-tools-for-stm32.13.3.rel1.win32_1.0.0.202411081344/tools/bin/../lib/gcc/arm-none-eabi/13.3.1/thumb/v7e-m+fp/hard\libgcc.a(_aeabi_uldivmod.o)
                0x08000a8c                __aeabi_uldivmod
 .text          0x08000abc      0x2f8 C:/ST/STM32CubeIDE_1.17.0/STM32CubeIDE/plugins/com.st.stm32cube.ide.mcu.externaltools.gnu-tools-for-stm32.13.3.rel1.win32_1.0.0.202411081344/tools/bin/../lib/gcc/arm-none-eabi/13.3.1/thumb/v7e-m+fp/hard\libgcc.a(_udivmoddi4.o)
                0x08000abc                __udivmoddi4
 .text          0x08000db4        0x4 C:/ST/STM32CubeIDE_1.17.0/STM32CubeIDE/plugins/com.st.stm32cube.ide.mcu.externaltools.gnu-tools-for-stm32.13.3.rel1.win32_1.0.0.202411081344/tools/bin/../lib/gcc/arm-none-eabi/13.3.1/thumb/v7e-m+fp/hard\libgcc.a(_dvmd_tls.o)
                0x08000db4                __aeabi_idiv0
                0x08000db4                __aeabi_ldiv0
 *(.text*)
 .text.vApplicationGetIdleTaskMemory
                0x08000db8       0x34 ./Core/Src/freertos.o
                0x08000db8                vApplicationGetIdleTaskMemory
 .text.applyLowPassFilterVelocity
                0x08000dec       0x48 ./Core/Src/main.o
                0x08000dec                applyLowPassFilterVelocity
 .text.ConfigureMotor01
                0x08000e34       0x48 ./Core/Src/main.o
                0x08000e34                ConfigureMotor01
 .text.ConfigureMotor02
                0x08000e7c       0x48 ./Core/Src/main.o
                0x08000e7c                ConfigureMotor02
 .text.main     0x08000ec4       0xc8 ./Core/Src/main.o
                0x08000ec4                main
 .text.SystemClock_Config
                0x08000f8c       0xcc ./Core/Src/main.o
                0x08000f8c                SystemClock_Config
 .text.MX_DAC_Init
                0x08001058       0x68 ./Core/Src/main.o
 .text.MX_SPI4_Init
                0x080010c0       0x7c ./Core/Src/main.o
 .text.MX_TIM1_Init
                0x0800113c       0xb4 ./Core/Src/main.o
 .text.MX_TIM2_Init
                0x080011f0       0x9c ./Core/Src/main.o
 .text.MX_TIM4_Init
                0x0800128c       0xac ./Core/Src/main.o
 .text.MX_TIM13_Init
                0x08001338       0x48 ./Core/Src/main.o
 .text.MX_GPIO_Init
                0x08001380      0x15c ./Core/Src/main.o
 *fill*         0x080014dc        0x4 
 .text.StartDefaultTask
                0x080014e0      0x4e8 ./Core/Src/main.o
                0x080014e0                StartDefaultTask
 .text.StartTask02
                0x080019c8       0x20 ./Core/Src/main.o
                0x080019c8                StartTask02
 .text.MPU_Config
                0x080019e8       0x58 ./Core/Src/main.o
 .text.HAL_TIM_PeriodElapsedCallback
                0x08001a40       0x24 ./Core/Src/main.o
                0x08001a40                HAL_TIM_PeriodElapsedCallback
 .text.Error_Handler
                0x08001a64        0xc ./Core/Src/main.o
                0x08001a64                Error_Handler
 .text.HAL_MspInit
                0x08001a70       0x50 ./Core/Src/stm32f7xx_hal_msp.o
                0x08001a70                HAL_MspInit
 .text.HAL_DAC_MspInit
                0x08001ac0       0x80 ./Core/Src/stm32f7xx_hal_msp.o
                0x08001ac0                HAL_DAC_MspInit
 .text.HAL_SPI_MspInit
                0x08001b40       0x88 ./Core/Src/stm32f7xx_hal_msp.o
                0x08001b40                HAL_SPI_MspInit
 .text.HAL_TIM_Encoder_MspInit
                0x08001bc8       0xf0 ./Core/Src/stm32f7xx_hal_msp.o
                0x08001bc8                HAL_TIM_Encoder_MspInit
 .text.HAL_TIM_Base_MspInit
                0x08001cb8       0x70 ./Core/Src/stm32f7xx_hal_msp.o
                0x08001cb8                HAL_TIM_Base_MspInit
 .text.HAL_InitTick
                0x08001d28       0xf4 ./Core/Src/stm32f7xx_hal_timebase_tim.o
                0x08001d28                HAL_InitTick
 .text.NMI_Handler
                0x08001e1c        0x8 ./Core/Src/stm32f7xx_it.o
                0x08001e1c                NMI_Handler
 .text.HardFault_Handler
                0x08001e24        0x8 ./Core/Src/stm32f7xx_it.o
                0x08001e24                HardFault_Handler
 .text.MemManage_Handler
                0x08001e2c        0x8 ./Core/Src/stm32f7xx_it.o
                0x08001e2c                MemManage_Handler
 .text.BusFault_Handler
                0x08001e34        0x8 ./Core/Src/stm32f7xx_it.o
                0x08001e34                BusFault_Handler
 .text.UsageFault_Handler
                0x08001e3c        0x8 ./Core/Src/stm32f7xx_it.o
                0x08001e3c                UsageFault_Handler
 .text.DebugMon_Handler
                0x08001e44        0xe ./Core/Src/stm32f7xx_it.o
                0x08001e44                DebugMon_Handler
 *fill*         0x08001e52        0x2 
 .text.TIM8_UP_TIM13_IRQHandler
                0x08001e54       0x14 ./Core/Src/stm32f7xx_it.o
                0x08001e54                TIM8_UP_TIM13_IRQHandler
 .text.TIM5_IRQHandler
                0x08001e68       0x14 ./Core/Src/stm32f7xx_it.o
                0x08001e68                TIM5_IRQHandler
 .text.SystemInit
                0x08001e7c       0x24 ./Core/Src/system_stm32f7xx.o
                0x08001e7c                SystemInit
 .text.Reset_Handler
                0x08001ea0       0x50 ./Core/Startup/startup_stm32f756zgtx.o
                0x08001ea0                Reset_Handler
 .text.Default_Handler
                0x08001ef0        0x2 ./Core/Startup/startup_stm32f756zgtx.o
                0x08001ef0                RTC_Alarm_IRQHandler
                0x08001ef0                HASH_RNG_IRQHandler
                0x08001ef0                EXTI2_IRQHandler
                0x08001ef0                TIM8_CC_IRQHandler
                0x08001ef0                UART8_IRQHandler
                0x08001ef0                SPI4_IRQHandler
                0x08001ef0                TIM1_CC_IRQHandler
                0x08001ef0                DMA2_Stream5_IRQHandler
                0x08001ef0                DMA1_Stream5_IRQHandler
                0x08001ef0                PVD_IRQHandler
                0x08001ef0                TAMP_STAMP_IRQHandler
                0x08001ef0                CAN2_RX1_IRQHandler
                0x08001ef0                EXTI3_IRQHandler
                0x08001ef0                TIM8_TRG_COM_TIM14_IRQHandler
                0x08001ef0                TIM1_UP_TIM10_IRQHandler
                0x08001ef0                I2C3_ER_IRQHandler
                0x08001ef0                EXTI0_IRQHandler
                0x08001ef0                I2C2_EV_IRQHandler
                0x08001ef0                DMA1_Stream2_IRQHandler
                0x08001ef0                CAN1_RX0_IRQHandler
                0x08001ef0                FPU_IRQHandler
                0x08001ef0                OTG_HS_WKUP_IRQHandler
                0x08001ef0                LTDC_ER_IRQHandler
                0x08001ef0                CAN2_SCE_IRQHandler
                0x08001ef0                DMA2_Stream2_IRQHandler
                0x08001ef0                SPI1_IRQHandler
                0x08001ef0                TIM6_DAC_IRQHandler
                0x08001ef0                TIM1_BRK_TIM9_IRQHandler
                0x08001ef0                DCMI_IRQHandler
                0x08001ef0                CAN2_RX0_IRQHandler
                0x08001ef0                DMA2_Stream3_IRQHandler
                0x08001ef0                SAI2_IRQHandler
                0x08001ef0                USART6_IRQHandler
                0x08001ef0                USART3_IRQHandler
                0x08001ef0                CRYP_IRQHandler
                0x08001ef0                CAN1_RX1_IRQHandler
                0x08001ef0                UART5_IRQHandler
                0x08001ef0                DMA2_Stream0_IRQHandler
                0x08001ef0                TIM4_IRQHandler
                0x08001ef0                QUADSPI_IRQHandler
                0x08001ef0                I2C1_EV_IRQHandler
                0x08001ef0                DMA1_Stream6_IRQHandler
                0x08001ef0                DMA1_Stream1_IRQHandler
                0x08001ef0                UART4_IRQHandler
                0x08001ef0                TIM3_IRQHandler
                0x08001ef0                RCC_IRQHandler
                0x08001ef0                TIM8_BRK_TIM12_IRQHandler
                0x08001ef0                Default_Handler
                0x08001ef0                CEC_IRQHandler
                0x08001ef0                EXTI15_10_IRQHandler
                0x08001ef0                ADC_IRQHandler
                0x08001ef0                DMA1_Stream7_IRQHandler
                0x08001ef0                SPI5_IRQHandler
                0x08001ef0                TIM7_IRQHandler
                0x08001ef0                SDMMC1_IRQHandler
                0x08001ef0                CAN2_TX_IRQHandler
                0x08001ef0                DMA2_Stream7_IRQHandler
                0x08001ef0                I2C3_EV_IRQHandler
                0x08001ef0                EXTI9_5_IRQHandler
                0x08001ef0                RTC_WKUP_IRQHandler
                0x08001ef0                LTDC_IRQHandler
                0x08001ef0                ETH_WKUP_IRQHandler
                0x08001ef0                SPDIF_RX_IRQHandler
                0x08001ef0                SPI2_IRQHandler
                0x08001ef0                OTG_HS_EP1_IN_IRQHandler
                0x08001ef0                DMA1_Stream0_IRQHandler
                0x08001ef0                CAN1_TX_IRQHandler
                0x08001ef0                EXTI4_IRQHandler
                0x08001ef0                ETH_IRQHandler
                0x08001ef0                OTG_HS_EP1_OUT_IRQHandler
                0x08001ef0                WWDG_IRQHandler
                0x08001ef0                SPI6_IRQHandler
                0x08001ef0                I2C4_EV_IRQHandler
                0x08001ef0                TIM2_IRQHandler
                0x08001ef0                OTG_FS_WKUP_IRQHandler
                0x08001ef0                TIM1_TRG_COM_TIM11_IRQHandler
                0x08001ef0                OTG_HS_IRQHandler
                0x08001ef0                DMA2D_IRQHandler
                0x08001ef0                EXTI1_IRQHandler
                0x08001ef0                UART7_IRQHandler
                0x08001ef0                USART2_IRQHandler
                0x08001ef0                I2C2_ER_IRQHandler
                0x08001ef0                DMA2_Stream1_IRQHandler
                0x08001ef0                CAN1_SCE_IRQHandler
                0x08001ef0                FLASH_IRQHandler
                0x08001ef0                DMA2_Stream4_IRQHandler
                0x08001ef0                USART1_IRQHandler
                0x08001ef0                OTG_FS_IRQHandler
                0x08001ef0                SPI3_IRQHandler
                0x08001ef0                DMA1_Stream4_IRQHandler
                0x08001ef0                I2C1_ER_IRQHandler
                0x08001ef0                FMC_IRQHandler
                0x08001ef0                LPTIM1_IRQHandler
                0x08001ef0                I2C4_ER_IRQHandler
                0x08001ef0                DMA2_Stream6_IRQHandler
                0x08001ef0                SAI1_IRQHandler
                0x08001ef0                DMA1_Stream3_IRQHandler
 .text.HAL_Init
                0x08001ef2       0x1a ./Drivers/STM32F7xx_HAL_Driver/Src/stm32f7xx_hal.o
                0x08001ef2                HAL_Init
 .text.HAL_IncTick
                0x08001f0c       0x28 ./Drivers/STM32F7xx_HAL_Driver/Src/stm32f7xx_hal.o
                0x08001f0c                HAL_IncTick
 .text.HAL_GetTick
                0x08001f34       0x18 ./Drivers/STM32F7xx_HAL_Driver/Src/stm32f7xx_hal.o
                0x08001f34                HAL_GetTick
 .text.__NVIC_SetPriorityGrouping
                0x08001f4c       0x48 ./Drivers/STM32F7xx_HAL_Driver/Src/stm32f7xx_hal_cortex.o
 .text.__NVIC_GetPriorityGrouping
                0x08001f94       0x1c ./Drivers/STM32F7xx_HAL_Driver/Src/stm32f7xx_hal_cortex.o
 .text.__NVIC_EnableIRQ
                0x08001fb0       0x3c ./Drivers/STM32F7xx_HAL_Driver/Src/stm32f7xx_hal_cortex.o
 .text.__NVIC_SetPriority
                0x08001fec       0x54 ./Drivers/STM32F7xx_HAL_Driver/Src/stm32f7xx_hal_cortex.o
 .text.NVIC_EncodePriority
                0x08002040       0x66 ./Drivers/STM32F7xx_HAL_Driver/Src/stm32f7xx_hal_cortex.o
 .text.HAL_NVIC_SetPriorityGrouping
                0x080020a6       0x16 ./Drivers/STM32F7xx_HAL_Driver/Src/stm32f7xx_hal_cortex.o
                0x080020a6                HAL_NVIC_SetPriorityGrouping
 .text.HAL_NVIC_SetPriority
                0x080020bc       0x38 ./Drivers/STM32F7xx_HAL_Driver/Src/stm32f7xx_hal_cortex.o
                0x080020bc                HAL_NVIC_SetPriority
 .text.HAL_NVIC_EnableIRQ
                0x080020f4       0x1c ./Drivers/STM32F7xx_HAL_Driver/Src/stm32f7xx_hal_cortex.o
                0x080020f4                HAL_NVIC_EnableIRQ
 .text.HAL_MPU_Disable
                0x08002110       0x30 ./Drivers/STM32F7xx_HAL_Driver/Src/stm32f7xx_hal_cortex.o
                0x08002110                HAL_MPU_Disable
 .text.HAL_MPU_Enable
                0x08002140       0x40 ./Drivers/STM32F7xx_HAL_Driver/Src/stm32f7xx_hal_cortex.o
                0x08002140                HAL_MPU_Enable
 .text.HAL_MPU_ConfigRegion
                0x08002180       0x80 ./Drivers/STM32F7xx_HAL_Driver/Src/stm32f7xx_hal_cortex.o
                0x08002180                HAL_MPU_ConfigRegion
 .text.HAL_DAC_Init
                0x08002200       0x44 ./Drivers/STM32F7xx_HAL_Driver/Src/stm32f7xx_hal_dac.o
                0x08002200                HAL_DAC_Init
 .text.HAL_DAC_Start
                0x08002244       0xae ./Drivers/STM32F7xx_HAL_Driver/Src/stm32f7xx_hal_dac.o
                0x08002244                HAL_DAC_Start
 .text.HAL_DAC_SetValue
                0x080022f2       0x54 ./Drivers/STM32F7xx_HAL_Driver/Src/stm32f7xx_hal_dac.o
                0x080022f2                HAL_DAC_SetValue
 .text.HAL_DAC_ConfigChannel
                0x08002346       0xb2 ./Drivers/STM32F7xx_HAL_Driver/Src/stm32f7xx_hal_dac.o
                0x08002346                HAL_DAC_ConfigChannel
 .text.HAL_GPIO_Init
                0x080023f8      0x358 ./Drivers/STM32F7xx_HAL_Driver/Src/stm32f7xx_hal_gpio.o
                0x080023f8                HAL_GPIO_Init
 .text.HAL_GPIO_WritePin
                0x08002750       0x32 ./Drivers/STM32F7xx_HAL_Driver/Src/stm32f7xx_hal_gpio.o
                0x08002750                HAL_GPIO_WritePin
 *fill*         0x08002782        0x2 
 .text.HAL_RCC_OscConfig
                0x08002784      0x548 ./Drivers/STM32F7xx_HAL_Driver/Src/stm32f7xx_hal_rcc.o
                0x08002784                HAL_RCC_OscConfig
 .text.HAL_RCC_ClockConfig
                0x08002ccc      0x1d8 ./Drivers/STM32F7xx_HAL_Driver/Src/stm32f7xx_hal_rcc.o
                0x08002ccc                HAL_RCC_ClockConfig
 .text.HAL_RCC_GetSysClockFreq
                0x08002ea4      0x18c ./Drivers/STM32F7xx_HAL_Driver/Src/stm32f7xx_hal_rcc.o
                0x08002ea4                HAL_RCC_GetSysClockFreq
 .text.HAL_RCC_GetHCLKFreq
                0x08003030       0x18 ./Drivers/STM32F7xx_HAL_Driver/Src/stm32f7xx_hal_rcc.o
                0x08003030                HAL_RCC_GetHCLKFreq
 .text.HAL_RCC_GetPCLK1Freq
                0x08003048       0x28 ./Drivers/STM32F7xx_HAL_Driver/Src/stm32f7xx_hal_rcc.o
                0x08003048                HAL_RCC_GetPCLK1Freq
 .text.HAL_RCC_GetClockConfig
                0x08003070       0x64 ./Drivers/STM32F7xx_HAL_Driver/Src/stm32f7xx_hal_rcc.o
                0x08003070                HAL_RCC_GetClockConfig
 .text.HAL_SPI_Init
                0x080030d4      0x156 ./Drivers/STM32F7xx_HAL_Driver/Src/stm32f7xx_hal_spi.o
                0x080030d4                HAL_SPI_Init
 .text.HAL_TIM_Base_Init
                0x0800322a       0xae ./Drivers/STM32F7xx_HAL_Driver/Src/stm32f7xx_hal_tim.o
                0x0800322a                HAL_TIM_Base_Init
 .text.HAL_TIM_Base_Start
                0x080032d8       0xe0 ./Drivers/STM32F7xx_HAL_Driver/Src/stm32f7xx_hal_tim.o
                0x080032d8                HAL_TIM_Base_Start
 .text.HAL_TIM_Base_Start_IT
                0x080033b8       0xf0 ./Drivers/STM32F7xx_HAL_Driver/Src/stm32f7xx_hal_tim.o
                0x080033b8                HAL_TIM_Base_Start_IT
 .text.HAL_TIM_Encoder_Init
                0x080034a8      0x14c ./Drivers/STM32F7xx_HAL_Driver/Src/stm32f7xx_hal_tim.o
                0x080034a8                HAL_TIM_Encoder_Init
 .text.HAL_TIM_Encoder_Start
                0x080035f4      0x11c ./Drivers/STM32F7xx_HAL_Driver/Src/stm32f7xx_hal_tim.o
                0x080035f4                HAL_TIM_Encoder_Start
 .text.HAL_TIM_IRQHandler
                0x08003710      0x20e ./Drivers/STM32F7xx_HAL_Driver/Src/stm32f7xx_hal_tim.o
                0x08003710                HAL_TIM_IRQHandler
 *fill*         0x0800391e        0x2 
 .text.HAL_TIM_ConfigClockSource
                0x08003920      0x194 ./Drivers/STM32F7xx_HAL_Driver/Src/stm32f7xx_hal_tim.o
                0x08003920                HAL_TIM_ConfigClockSource
 .text.HAL_TIM_OC_DelayElapsedCallback
                0x08003ab4       0x14 ./Drivers/STM32F7xx_HAL_Driver/Src/stm32f7xx_hal_tim.o
                0x08003ab4                HAL_TIM_OC_DelayElapsedCallback
 .text.HAL_TIM_IC_CaptureCallback
                0x08003ac8       0x14 ./Drivers/STM32F7xx_HAL_Driver/Src/stm32f7xx_hal_tim.o
                0x08003ac8                HAL_TIM_IC_CaptureCallback
 .text.HAL_TIM_PWM_PulseFinishedCallback
                0x08003adc       0x14 ./Drivers/STM32F7xx_HAL_Driver/Src/stm32f7xx_hal_tim.o
                0x08003adc                HAL_TIM_PWM_PulseFinishedCallback
 .text.HAL_TIM_TriggerCallback
                0x08003af0       0x14 ./Drivers/STM32F7xx_HAL_Driver/Src/stm32f7xx_hal_tim.o
                0x08003af0                HAL_TIM_TriggerCallback
 .text.TIM_Base_SetConfig
                0x08003b04      0x158 ./Drivers/STM32F7xx_HAL_Driver/Src/stm32f7xx_hal_tim.o
                0x08003b04                TIM_Base_SetConfig
 .text.TIM_TI1_ConfigInputStage
                0x08003c5c       0x5e ./Drivers/STM32F7xx_HAL_Driver/Src/stm32f7xx_hal_tim.o
 .text.TIM_TI2_ConfigInputStage
                0x08003cba       0x60 ./Drivers/STM32F7xx_HAL_Driver/Src/stm32f7xx_hal_tim.o
 .text.TIM_ITRx_SetConfig
                0x08003d1a       0x36 ./Drivers/STM32F7xx_HAL_Driver/Src/stm32f7xx_hal_tim.o
 .text.TIM_ETR_SetConfig
                0x08003d50       0x40 ./Drivers/STM32F7xx_HAL_Driver/Src/stm32f7xx_hal_tim.o
                0x08003d50                TIM_ETR_SetConfig
 .text.TIM_CCxChannelCmd
                0x08003d90       0x4a ./Drivers/STM32F7xx_HAL_Driver/Src/stm32f7xx_hal_tim.o
                0x08003d90                TIM_CCxChannelCmd
 *fill*         0x08003dda        0x2 
 .text.HAL_TIMEx_MasterConfigSynchronization
                0x08003ddc      0x11c ./Drivers/STM32F7xx_HAL_Driver/Src/stm32f7xx_hal_tim_ex.o
                0x08003ddc                HAL_TIMEx_MasterConfigSynchronization
 .text.HAL_TIMEx_CommutCallback
                0x08003ef8       0x14 ./Drivers/STM32F7xx_HAL_Driver/Src/stm32f7xx_hal_tim_ex.o
                0x08003ef8                HAL_TIMEx_CommutCallback
 .text.HAL_TIMEx_BreakCallback
                0x08003f0c       0x14 ./Drivers/STM32F7xx_HAL_Driver/Src/stm32f7xx_hal_tim_ex.o
                0x08003f0c                HAL_TIMEx_BreakCallback
 .text.HAL_TIMEx_Break2Callback
                0x08003f20       0x14 ./Drivers/STM32F7xx_HAL_Driver/Src/stm32f7xx_hal_tim_ex.o
                0x08003f20                HAL_TIMEx_Break2Callback
 .text.MX_FATFS_Init
                0x08003f34       0x24 ./FATFS/App/fatfs.o
                0x08003f34                MX_FATFS_Init
 .text.USER_initialize
                0x08003f58       0x28 ./FATFS/Target/user_diskio.o
                0x08003f58                USER_initialize
 .text.USER_status
                0x08003f80       0x28 ./FATFS/Target/user_diskio.o
                0x08003f80                USER_status
 .text.USER_read
                0x08003fa8       0x1e ./FATFS/Target/user_diskio.o
                0x08003fa8                USER_read
 .text.USER_write
                0x08003fc6       0x1e ./FATFS/Target/user_diskio.o
                0x08003fc6                USER_write
 .text.USER_ioctl
                0x08003fe4       0x22 ./FATFS/Target/user_diskio.o
                0x08003fe4                USER_ioctl
 *fill*         0x08004006        0x2 
 .text.FATFS_LinkDriverEx
                0x08004008       0x98 ./Middlewares/Third_Party/FatFs/src/ff_gen_drv.o
                0x08004008                FATFS_LinkDriverEx
 .text.FATFS_LinkDriver
                0x080040a0       0x1e ./Middlewares/Third_Party/FatFs/src/ff_gen_drv.o
                0x080040a0                FATFS_LinkDriver
 .text.makeFreeRtosPriority
                0x080040be       0x30 ./Middlewares/Third_Party/FreeRTOS/Source/CMSIS_RTOS/cmsis_os.o
 .text.osKernelStart
                0x080040ee        0xe ./Middlewares/Third_Party/FreeRTOS/Source/CMSIS_RTOS/cmsis_os.o
                0x080040ee                osKernelStart
 .text.osThreadCreate
                0x080040fc       0x98 ./Middlewares/Third_Party/FreeRTOS/Source/CMSIS_RTOS/cmsis_os.o
                0x080040fc                osThreadCreate
 .text.osDelay  0x08004194       0x28 ./Middlewares/Third_Party/FreeRTOS/Source/CMSIS_RTOS/cmsis_os.o
                0x08004194                osDelay
 .text.vListInitialise
                0x080041bc       0x40 ./Middlewares/Third_Party/FreeRTOS/Source/list.o
                0x080041bc                vListInitialise
 .text.vListInitialiseItem
                0x080041fc       0x1a ./Middlewares/Third_Party/FreeRTOS/Source/list.o
                0x080041fc                vListInitialiseItem
 .text.vListInsertEnd
                0x08004216       0x48 ./Middlewares/Third_Party/FreeRTOS/Source/list.o
                0x08004216                vListInsertEnd
 .text.vListInsert
                0x0800425e       0x72 ./Middlewares/Third_Party/FreeRTOS/Source/list.o
                0x0800425e                vListInsert
 .text.uxListRemove
                0x080042d0       0x54 ./Middlewares/Third_Party/FreeRTOS/Source/list.o
                0x080042d0                uxListRemove
 .text.xTaskCreateStatic
                0x08004324       0xcc ./Middlewares/Third_Party/FreeRTOS/Source/tasks.o
                0x08004324                xTaskCreateStatic
 .text.xTaskCreate
                0x080043f0       0x8a ./Middlewares/Third_Party/FreeRTOS/Source/tasks.o
                0x080043f0                xTaskCreate
 .text.prvInitialiseNewTask
                0x0800447a      0x114 ./Middlewares/Third_Party/FreeRTOS/Source/tasks.o
 *fill*         0x0800458e        0x2 
 .text.prvAddNewTaskToReadyList
                0x08004590       0xd4 ./Middlewares/Third_Party/FreeRTOS/Source/tasks.o
 .text.vTaskDelay
                0x08004664       0x70 ./Middlewares/Third_Party/FreeRTOS/Source/tasks.o
                0x08004664                vTaskDelay
 .text.vTaskStartScheduler
                0x080046d4       0xcc ./Middlewares/Third_Party/FreeRTOS/Source/tasks.o
                0x080046d4                vTaskStartScheduler
 .text.vTaskSuspendAll
                0x080047a0       0x1c ./Middlewares/Third_Party/FreeRTOS/Source/tasks.o
                0x080047a0                vTaskSuspendAll
 .text.xTaskResumeAll
                0x080047bc      0x140 ./Middlewares/Third_Party/FreeRTOS/Source/tasks.o
                0x080047bc                xTaskResumeAll
 .text.xTaskIncrementTick
                0x080048fc      0x178 ./Middlewares/Third_Party/FreeRTOS/Source/tasks.o
                0x080048fc                xTaskIncrementTick
 .text.vTaskSwitchContext
                0x08004a74       0xbc ./Middlewares/Third_Party/FreeRTOS/Source/tasks.o
                0x08004a74                vTaskSwitchContext
 .text.prvIdleTask
                0x08004b30       0x30 ./Middlewares/Third_Party/FreeRTOS/Source/tasks.o
 .text.prvInitialiseTaskLists
                0x08004b60       0x80 ./Middlewares/Third_Party/FreeRTOS/Source/tasks.o
 .text.prvCheckTasksWaitingTermination
                0x08004be0       0x5c ./Middlewares/Third_Party/FreeRTOS/Source/tasks.o
 .text.prvDeleteTCB
                0x08004c3c       0x64 ./Middlewares/Third_Party/FreeRTOS/Source/tasks.o
 .text.prvResetNextTaskUnblockTime
                0x08004ca0       0x40 ./Middlewares/Third_Party/FreeRTOS/Source/tasks.o
 .text.prvAddCurrentTaskToDelayedList
                0x08004ce0       0xcc ./Middlewares/Third_Party/FreeRTOS/Source/tasks.o
 .text.pxPortInitialiseStack
                0x08004dac       0x68 ./Middlewares/Third_Party/FreeRTOS/Source/portable/GCC/ARM_CM7/r0p1/port.o
                0x08004dac                pxPortInitialiseStack
 .text.prvTaskExitError
                0x08004e14       0x64 ./Middlewares/Third_Party/FreeRTOS/Source/portable/GCC/ARM_CM7/r0p1/port.o
 *fill*         0x08004e78        0x8 
 .text.SVC_Handler
                0x08004e80       0x28 ./Middlewares/Third_Party/FreeRTOS/Source/portable/GCC/ARM_CM7/r0p1/port.o
                0x08004e80                SVC_Handler
 .text.prvPortStartFirstTask
                0x08004ea8       0x28 ./Middlewares/Third_Party/FreeRTOS/Source/portable/GCC/ARM_CM7/r0p1/port.o
 .text.xPortStartScheduler
                0x08004ed0       0xfc ./Middlewares/Third_Party/FreeRTOS/Source/portable/GCC/ARM_CM7/r0p1/port.o
                0x08004ed0                xPortStartScheduler
 .text.vPortEnterCritical
                0x08004fcc       0x6c ./Middlewares/Third_Party/FreeRTOS/Source/portable/GCC/ARM_CM7/r0p1/port.o
                0x08004fcc                vPortEnterCritical
 .text.vPortExitCritical
                0x08005038       0x58 ./Middlewares/Third_Party/FreeRTOS/Source/portable/GCC/ARM_CM7/r0p1/port.o
                0x08005038                vPortExitCritical
 .text.PendSV_Handler
                0x08005090       0x68 ./Middlewares/Third_Party/FreeRTOS/Source/portable/GCC/ARM_CM7/r0p1/port.o
                0x08005090                PendSV_Handler
 .text.SysTick_Handler
                0x080050f8       0x48 ./Middlewares/Third_Party/FreeRTOS/Source/portable/GCC/ARM_CM7/r0p1/port.o
                0x080050f8                SysTick_Handler
 .text.vPortSetupTimerInterrupt
                0x08005140       0x48 ./Middlewares/Third_Party/FreeRTOS/Source/portable/GCC/ARM_CM7/r0p1/port.o
                0x08005140                vPortSetupTimerInterrupt
 .text.vPortEnableVFP
                0x08005188       0x14 ./Middlewares/Third_Party/FreeRTOS/Source/portable/GCC/ARM_CM7/r0p1/port.o
 .text.pvPortMalloc
                0x0800519c      0x19c ./Middlewares/Third_Party/FreeRTOS/Source/portable/MemMang/heap_4.o
                0x0800519c                pvPortMalloc
 .text.vPortFree
                0x08005338       0xc0 ./Middlewares/Third_Party/FreeRTOS/Source/portable/MemMang/heap_4.o
                0x08005338                vPortFree
 .text.prvHeapInit
                0x080053f8       0xc4 ./Middlewares/Third_Party/FreeRTOS/Source/portable/MemMang/heap_4.o
 .text.prvInsertBlockIntoFreeList
                0x080054bc       0xb4 ./Middlewares/Third_Party/FreeRTOS/Source/portable/MemMang/heap_4.o
 .text.memset   0x08005570       0x10 C:/ST/STM32CubeIDE_1.17.0/STM32CubeIDE/plugins/com.st.stm32cube.ide.mcu.externaltools.gnu-tools-for-stm32.13.3.rel1.win32_1.0.0.202411081344/tools/bin/../lib/gcc/arm-none-eabi/13.3.1/../../../../arm-none-eabi/lib/thumb/v7e-m+fp/hard\libc_nano.a(libc_a-memset.o)
                0x08005570                memset
 .text.__libc_init_array
                0x08005580       0x48 C:/ST/STM32CubeIDE_1.17.0/STM32CubeIDE/plugins/com.st.stm32cube.ide.mcu.externaltools.gnu-tools-for-stm32.13.3.rel1.win32_1.0.0.202411081344/tools/bin/../lib/gcc/arm-none-eabi/13.3.1/../../../../arm-none-eabi/lib/thumb/v7e-m+fp/hard\libc_nano.a(libc_a-init.o)
                0x08005580                __libc_init_array
 *(.glue_7)
 .glue_7        0x080055c8        0x0 linker stubs
 *(.glue_7t)
 .glue_7t       0x080055c8        0x0 linker stubs
 *(.eh_frame)
 .eh_frame      0x080055c8        0x0 C:/ST/STM32CubeIDE_1.17.0/STM32CubeIDE/plugins/com.st.stm32cube.ide.mcu.externaltools.gnu-tools-for-stm32.13.3.rel1.win32_1.0.0.202411081344/tools/bin/../lib/gcc/arm-none-eabi/13.3.1/thumb/v7e-m+fp/hard/crtbegin.o
 *(.init)
 .init          0x080055c8        0x4 C:/ST/STM32CubeIDE_1.17.0/STM32CubeIDE/plugins/com.st.stm32cube.ide.mcu.externaltools.gnu-tools-for-stm32.13.3.rel1.win32_1.0.0.202411081344/tools/bin/../lib/gcc/arm-none-eabi/13.3.1/thumb/v7e-m+fp/hard/crti.o
                0x080055c8                _init
 .init          0x080055cc        0x8 C:/ST/STM32CubeIDE_1.17.0/STM32CubeIDE/plugins/com.st.stm32cube.ide.mcu.externaltools.gnu-tools-for-stm32.13.3.rel1.win32_1.0.0.202411081344/tools/bin/../lib/gcc/arm-none-eabi/13.3.1/thumb/v7e-m+fp/hard/crtn.o
 *(.fini)
 .fini          0x080055d4        0x4 C:/ST/STM32CubeIDE_1.17.0/STM32CubeIDE/plugins/com.st.stm32cube.ide.mcu.externaltools.gnu-tools-for-stm32.13.3.rel1.win32_1.0.0.202411081344/tools/bin/../lib/gcc/arm-none-eabi/13.3.1/thumb/v7e-m+fp/hard/crti.o
                0x080055d4                _fini
 .fini          0x080055d8        0x8 C:/ST/STM32CubeIDE_1.17.0/STM32CubeIDE/plugins/com.st.stm32cube.ide.mcu.externaltools.gnu-tools-for-stm32.13.3.rel1.win32_1.0.0.202411081344/tools/bin/../lib/gcc/arm-none-eabi/13.3.1/thumb/v7e-m+fp/hard/crtn.o
                0x080055e0                        . = ALIGN (0x4)
                0x080055e0                        _etext = .

.vfp11_veneer   0x080055e0        0x0
 .vfp11_veneer  0x080055e0        0x0 linker stubs

.v4_bx          0x080055e0        0x0
 .v4_bx         0x080055e0        0x0 linker stubs

.iplt           0x080055e0        0x0
 .iplt          0x080055e0        0x0 C:/ST/STM32CubeIDE_1.17.0/STM32CubeIDE/plugins/com.st.stm32cube.ide.mcu.externaltools.gnu-tools-for-stm32.13.3.rel1.win32_1.0.0.202411081344/tools/bin/../lib/gcc/arm-none-eabi/13.3.1/thumb/v7e-m+fp/hard/crtbegin.o

.rodata         0x080055e0       0x70
                0x080055e0                        . = ALIGN (0x4)
 *(.rodata)
 .rodata        0x080055e0       0x50 ./Core/Src/main.o
 .rodata        0x08005630        0x5 ./Middlewares/Third_Party/FreeRTOS/Source/tasks.o
 *(.rodata*)
 *fill*         0x08005635        0x3 
 .rodata.AHBPrescTable
                0x08005638       0x10 ./Core/Src/system_stm32f7xx.o
                0x08005638                AHBPrescTable
 .rodata.APBPrescTable
                0x08005648        0x8 ./Core/Src/system_stm32f7xx.o
                0x08005648                APBPrescTable
                0x08005650                        . = ALIGN (0x4)

.ARM.extab      0x08005650        0x0
                0x08005650                        . = ALIGN (0x4)
 *(.ARM.extab* .gnu.linkonce.armextab.*)
                0x08005650                        . = ALIGN (0x4)

.ARM            0x08005650        0x8
                0x08005650                        . = ALIGN (0x4)
                0x08005650                        __exidx_start = .
 *(.ARM.exidx*)
 .ARM.exidx     0x08005650        0x8 C:/ST/STM32CubeIDE_1.17.0/STM32CubeIDE/plugins/com.st.stm32cube.ide.mcu.externaltools.gnu-tools-for-stm32.13.3.rel1.win32_1.0.0.202411081344/tools/bin/../lib/gcc/arm-none-eabi/13.3.1/thumb/v7e-m+fp/hard\libgcc.a(_udivmoddi4.o)
                0x08005658                        __exidx_end = .
                0x08005658                        . = ALIGN (0x4)

.preinit_array  0x08005658        0x0
                0x08005658                        . = ALIGN (0x4)
                0x08005658                        PROVIDE (__preinit_array_start = .)
 *(.preinit_array*)
                0x08005658                        PROVIDE (__preinit_array_end = .)
                0x08005658                        . = ALIGN (0x4)

.init_array     0x08005658        0x4
                0x08005658                        . = ALIGN (0x4)
                0x08005658                        PROVIDE (__init_array_start = .)
 *(SORT_BY_NAME(.init_array.*))
 *(.init_array*)
 .init_array    0x08005658        0x4 C:/ST/STM32CubeIDE_1.17.0/STM32CubeIDE/plugins/com.st.stm32cube.ide.mcu.externaltools.gnu-tools-for-stm32.13.3.rel1.win32_1.0.0.202411081344/tools/bin/../lib/gcc/arm-none-eabi/13.3.1/thumb/v7e-m+fp/hard/crtbegin.o
                0x0800565c                        PROVIDE (__init_array_end = .)
                0x0800565c                        . = ALIGN (0x4)

.fini_array     0x0800565c        0x4
                0x0800565c                        . = ALIGN (0x4)
                [!provide]                        PROVIDE (__fini_array_start = .)
 *(SORT_BY_NAME(.fini_array.*))
 *(.fini_array*)
 .fini_array    0x0800565c        0x4 C:/ST/STM32CubeIDE_1.17.0/STM32CubeIDE/plugins/com.st.stm32cube.ide.mcu.externaltools.gnu-tools-for-stm32.13.3.rel1.win32_1.0.0.202411081344/tools/bin/../lib/gcc/arm-none-eabi/13.3.1/thumb/v7e-m+fp/hard/crtbegin.o
                [!provide]                        PROVIDE (__fini_array_end = .)
                0x08005660                        . = ALIGN (0x4)
                0x08005660                        _sidata = LOADADDR (.data)

.rel.dyn        0x08005660        0x0
 .rel.iplt      0x08005660        0x0 C:/ST/STM32CubeIDE_1.17.0/STM32CubeIDE/plugins/com.st.stm32cube.ide.mcu.externaltools.gnu-tools-for-stm32.13.3.rel1.win32_1.0.0.202411081344/tools/bin/../lib/gcc/arm-none-eabi/13.3.1/thumb/v7e-m+fp/hard/crtbegin.o

.data           0x20000000       0x58 load address 0x08005660
                0x20000000                        . = ALIGN (0x4)
                0x20000000                        _sdata = .
 *(.data)
 *(.data*)
 .data.time_interval
                0x20000000        0x4 ./Core/Src/main.o
                0x20000000                time_interval
 .data.Ktn1     0x20000004        0x4 ./Core/Src/main.o
                0x20000004                Ktn1
 .data.Jn1      0x20000008        0x4 ./Core/Src/main.o
                0x20000008                Jn1
 .data.Gdis1    0x2000000c        0x4 ./Core/Src/main.o
                0x2000000c                Gdis1
 .data.Kt1      0x20000010        0x4 ./Core/Src/main.o
                0x20000010                Kt1
 .data.gear_ratio
                0x20000014        0x4 ./Core/Src/main.o
                0x20000014                gear_ratio
 .data.Icmd2    0x20000018        0x4 ./Core/Src/main.o
                0x20000018                Icmd2
 .data.Ktn2     0x2000001c        0x4 ./Core/Src/main.o
                0x2000001c                Ktn2
 .data.Jn2      0x20000020        0x4 ./Core/Src/main.o
                0x20000020                Jn2
 .data.Gdis2    0x20000024        0x4 ./Core/Src/main.o
                0x20000024                Gdis2
 .data.Kt2      0x20000028        0x4 ./Core/Src/main.o
                0x20000028                Kt2
 .data.Set_Accelaration1
                0x2000002c        0x4 ./Core/Src/main.o
                0x2000002c                Set_Accelaration1
 .data.OutputVref
                0x20000030        0x2 ./Core/Src/main.o
                0x20000030                OutputVref
 *fill*         0x20000032        0x2 
 .data.SystemCoreClock
                0x20000034        0x4 ./Core/Src/system_stm32f7xx.o
                0x20000034                SystemCoreClock
 .data.uwTickPrio
                0x20000038        0x4 ./Drivers/STM32F7xx_HAL_Driver/Src/stm32f7xx_hal.o
                0x20000038                uwTickPrio
 .data.uwTickFreq
                0x2000003c        0x1 ./Drivers/STM32F7xx_HAL_Driver/Src/stm32f7xx_hal.o
                0x2000003c                uwTickFreq
 .data.Stat     0x2000003d        0x1 ./FATFS/Target/user_diskio.o
 *fill*         0x2000003e        0x2 
 .data.USER_Driver
                0x20000040       0x14 ./FATFS/Target/user_diskio.o
                0x20000040                USER_Driver
 .data.uxCriticalNesting
                0x20000054        0x4 ./Middlewares/Third_Party/FreeRTOS/Source/portable/GCC/ARM_CM7/r0p1/port.o
 *(.RamFunc)
 *(.RamFunc*)
                0x20000058                        . = ALIGN (0x4)
                0x20000058                        _edata = .

.igot.plt       0x20000058        0x0 load address 0x080056b8
 .igot.plt      0x20000058        0x0 C:/ST/STM32CubeIDE_1.17.0/STM32CubeIDE/plugins/com.st.stm32cube.ide.mcu.externaltools.gnu-tools-for-stm32.13.3.rel1.win32_1.0.0.202411081344/tools/bin/../lib/gcc/arm-none-eabi/13.3.1/thumb/v7e-m+fp/hard/crtbegin.o
                0x20000058                        . = ALIGN (0x4)

.bss            0x20000058     0x4230 load address 0x080056b8
                0x20000058                        _sbss = .
                0x20000058                        __bss_start__ = _sbss
 *(.bss)
 .bss           0x20000058       0x1c C:/ST/STM32CubeIDE_1.17.0/STM32CubeIDE/plugins/com.st.stm32cube.ide.mcu.externaltools.gnu-tools-for-stm32.13.3.rel1.win32_1.0.0.202411081344/tools/bin/../lib/gcc/arm-none-eabi/13.3.1/thumb/v7e-m+fp/hard/crtbegin.o
 *(.bss*)
 .bss.xIdleTaskTCBBuffer
                0x20000074       0x54 ./Core/Src/freertos.o
 .bss.xIdleStack
                0x200000c8      0x200 ./Core/Src/freertos.o
 .bss.hdac      0x200002c8       0x14 ./Core/Src/main.o
                0x200002c8                hdac
 .bss.hspi4     0x200002dc       0x64 ./Core/Src/main.o
                0x200002dc                hspi4
 .bss.htim1     0x20000340       0x4c ./Core/Src/main.o
                0x20000340                htim1
 .bss.htim2     0x2000038c       0x4c ./Core/Src/main.o
                0x2000038c                htim2
 .bss.htim4     0x200003d8       0x4c ./Core/Src/main.o
                0x200003d8                htim4
 .bss.htim13    0x20000424       0x4c ./Core/Src/main.o
                0x20000424                htim13
 .bss.RecordHandle
                0x20000470        0x4 ./Core/Src/main.o
                0x20000470                RecordHandle
 .bss.MainControllerHandle
                0x20000474        0x4 ./Core/Src/main.o
                0x20000474                MainControllerHandle
 .bss.MainTaskCount
                0x20000478        0x4 ./Core/Src/main.o
                0x20000478                MainTaskCount
 .bss.RecordTaskCount
                0x2000047c        0x4 ./Core/Src/main.o
                0x2000047c                RecordTaskCount
 .bss.encoder_ticks
                0x20000480        0x4 ./Core/Src/main.o
                0x20000480                encoder_ticks
 .bss.encoder_ticks2
                0x20000484        0x4 ./Core/Src/main.o
                0x20000484                encoder_ticks2
 .bss.MainloopCount
                0x20000488        0x4 ./Core/Src/main.o
                0x20000488                MainloopCount
 .bss.EncoderUpdated
                0x2000048c        0x4 ./Core/Src/main.o
                0x2000048c                EncoderUpdated
 .bss.time_start
                0x20000490        0x4 ./Core/Src/main.o
                0x20000490                time_start
 .bss.time_end  0x20000494        0x4 ./Core/Src/main.o
                0x20000494                time_end
 .bss.secondFromStart
                0x20000498        0x4 ./Core/Src/main.o
                0x20000498                secondFromStart
 .bss.theta1    0x2000049c        0x4 ./Core/Src/main.o
                0x2000049c                theta1
 .bss.theta2    0x200004a0        0x4 ./Core/Src/main.o
                0x200004a0                theta2
 .bss.theta1_prev
                0x200004a4        0x4 ./Core/Src/main.o
                0x200004a4                theta1_prev
 .bss.theta2_prev
                0x200004a8        0x4 ./Core/Src/main.o
                0x200004a8                theta2_prev
 .bss.velocity1
                0x200004ac        0x4 ./Core/Src/main.o
                0x200004ac                velocity1
 .bss.velocity2
                0x200004b0        0x4 ./Core/Src/main.o
                0x200004b0                velocity2
 .bss.velocity1_prev
                0x200004b4        0x4 ./Core/Src/main.o
                0x200004b4                velocity1_prev
 .bss.velocity2_prev
                0x200004b8        0x4 ./Core/Src/main.o
                0x200004b8                velocity2_prev
 .bss.acceleration1
                0x200004bc        0x4 ./Core/Src/main.o
                0x200004bc                acceleration1
 .bss.acceleration2
                0x200004c0        0x4 ./Core/Src/main.o
                0x200004c0                acceleration2
 .bss.Icmd1     0x200004c4        0x4 ./Core/Src/main.o
                0x200004c4                Icmd1
 .bss.Tdis1     0x200004c8        0x4 ./Core/Src/main.o
                0x200004c8                Tdis1
 .bss.Tdis2     0x200004cc        0x4 ./Core/Src/main.o
                0x200004cc                Tdis2
 .bss.Idis1     0x200004d0        0x4 ./Core/Src/main.o
                0x200004d0                Idis1
 .bss.Idis2     0x200004d4        0x4 ./Core/Src/main.o
                0x200004d4                Idis2
 .bss.htim5     0x200004d8       0x4c ./Core/Src/stm32f7xx_hal_timebase_tim.o
                0x200004d8                htim5
 .bss.uwTick    0x20000524        0x4 ./Drivers/STM32F7xx_HAL_Driver/Src/stm32f7xx_hal.o
                0x20000524                uwTick
 .bss.retUSER   0x20000528        0x1 ./FATFS/App/fatfs.o
                0x20000528                retUSER
 *fill*         0x20000529        0x3 
 .bss.USERPath  0x2000052c        0x4 ./FATFS/App/fatfs.o
                0x2000052c                USERPath
 .bss.disk      0x20000530        0xc ./Middlewares/Third_Party/FatFs/src/ff_gen_drv.o
                0x20000530                disk
 .bss.pxCurrentTCB
                0x2000053c        0x4 ./Middlewares/Third_Party/FreeRTOS/Source/tasks.o
                0x2000053c                pxCurrentTCB
 .bss.pxReadyTasksLists
                0x20000540       0x8c ./Middlewares/Third_Party/FreeRTOS/Source/tasks.o
 .bss.xDelayedTaskList1
                0x200005cc       0x14 ./Middlewares/Third_Party/FreeRTOS/Source/tasks.o
 .bss.xDelayedTaskList2
                0x200005e0       0x14 ./Middlewares/Third_Party/FreeRTOS/Source/tasks.o
 .bss.pxDelayedTaskList
                0x200005f4        0x4 ./Middlewares/Third_Party/FreeRTOS/Source/tasks.o
 .bss.pxOverflowDelayedTaskList
                0x200005f8        0x4 ./Middlewares/Third_Party/FreeRTOS/Source/tasks.o
 .bss.xPendingReadyList
                0x200005fc       0x14 ./Middlewares/Third_Party/FreeRTOS/Source/tasks.o
 .bss.xTasksWaitingTermination
                0x20000610       0x14 ./Middlewares/Third_Party/FreeRTOS/Source/tasks.o
 .bss.uxDeletedTasksWaitingCleanUp
                0x20000624        0x4 ./Middlewares/Third_Party/FreeRTOS/Source/tasks.o
 .bss.xSuspendedTaskList
                0x20000628       0x14 ./Middlewares/Third_Party/FreeRTOS/Source/tasks.o
 .bss.uxCurrentNumberOfTasks
                0x2000063c        0x4 ./Middlewares/Third_Party/FreeRTOS/Source/tasks.o
 .bss.xTickCount
                0x20000640        0x4 ./Middlewares/Third_Party/FreeRTOS/Source/tasks.o
 .bss.uxTopReadyPriority
                0x20000644        0x4 ./Middlewares/Third_Party/FreeRTOS/Source/tasks.o
 .bss.xSchedulerRunning
                0x20000648        0x4 ./Middlewares/Third_Party/FreeRTOS/Source/tasks.o
 .bss.uxPendedTicks
                0x2000064c        0x4 ./Middlewares/Third_Party/FreeRTOS/Source/tasks.o
 .bss.xYieldPending
                0x20000650        0x4 ./Middlewares/Third_Party/FreeRTOS/Source/tasks.o
 .bss.xNumOfOverflows
                0x20000654        0x4 ./Middlewares/Third_Party/FreeRTOS/Source/tasks.o
 .bss.uxTaskNumber
                0x20000658        0x4 ./Middlewares/Third_Party/FreeRTOS/Source/tasks.o
 .bss.xNextTaskUnblockTime
                0x2000065c        0x4 ./Middlewares/Third_Party/FreeRTOS/Source/tasks.o
 .bss.xIdleTaskHandle
                0x20000660        0x4 ./Middlewares/Third_Party/FreeRTOS/Source/tasks.o
 .bss.uxSchedulerSuspended
                0x20000664        0x4 ./Middlewares/Third_Party/FreeRTOS/Source/tasks.o
 .bss.ucMaxSysCallPriority
                0x20000668        0x1 ./Middlewares/Third_Party/FreeRTOS/Source/portable/GCC/ARM_CM7/r0p1/port.o
 *fill*         0x20000669        0x3 
 .bss.ulMaxPRIGROUPValue
                0x2000066c        0x4 ./Middlewares/Third_Party/FreeRTOS/Source/portable/GCC/ARM_CM7/r0p1/port.o
 .bss.ucHeap    0x20000670     0x3c00 ./Middlewares/Third_Party/FreeRTOS/Source/portable/MemMang/heap_4.o
 .bss.xStart    0x20004270        0x8 ./Middlewares/Third_Party/FreeRTOS/Source/portable/MemMang/heap_4.o
 .bss.pxEnd     0x20004278        0x4 ./Middlewares/Third_Party/FreeRTOS/Source/portable/MemMang/heap_4.o
 .bss.xFreeBytesRemaining
                0x2000427c        0x4 ./Middlewares/Third_Party/FreeRTOS/Source/portable/MemMang/heap_4.o
 .bss.xMinimumEverFreeBytesRemaining
                0x20004280        0x4 ./Middlewares/Third_Party/FreeRTOS/Source/portable/MemMang/heap_4.o
 .bss.xBlockAllocatedBit
                0x20004284        0x4 ./Middlewares/Third_Party/FreeRTOS/Source/portable/MemMang/heap_4.o
 *(COMMON)
                0x20004288                        . = ALIGN (0x4)
                0x20004288                        _ebss = .
                0x20004288                        __bss_end__ = _ebss

._user_heap_stack
                0x20004288      0x600 load address 0x080056b8
                0x20004288                        . = ALIGN (0x8)
                [!provide]                        PROVIDE (end = .)
                0x20004288                        PROVIDE (_end = .)
                0x20004488                        . = (. + _Min_Heap_Size)
 *fill*         0x20004288      0x200 
                0x20004888                        . = (. + _Min_Stack_Size)
 *fill*         0x20004488      0x400 
                0x20004888                        . = ALIGN (0x8)

/DISCARD/
 libc.a(*)
 libm.a(*)
 libgcc.a(*)

.ARM.attributes
                0x00000000       0x30
 *(.ARM.attributes)
 .ARM.attributes
                0x00000000       0x22 C:/ST/STM32CubeIDE_1.17.0/STM32CubeIDE/plugins/com.st.stm32cube.ide.mcu.externaltools.gnu-tools-for-stm32.13.3.rel1.win32_1.0.0.202411081344/tools/bin/../lib/gcc/arm-none-eabi/13.3.1/thumb/v7e-m+fp/hard/crti.o
 .ARM.attributes
                0x00000022       0x34 C:/ST/STM32CubeIDE_1.17.0/STM32CubeIDE/plugins/com.st.stm32cube.ide.mcu.externaltools.gnu-tools-for-stm32.13.3.rel1.win32_1.0.0.202411081344/tools/bin/../lib/gcc/arm-none-eabi/13.3.1/thumb/v7e-m+fp/hard/crtbegin.o
 .ARM.attributes
                0x00000056       0x34 ./Core/Src/freertos.o
 .ARM.attributes
                0x0000008a       0x34 ./Core/Src/main.o
 .ARM.attributes
                0x000000be       0x34 ./Core/Src/stm32f7xx_hal_msp.o
 .ARM.attributes
                0x000000f2       0x34 ./Core/Src/stm32f7xx_hal_timebase_tim.o
 .ARM.attributes
                0x00000126       0x34 ./Core/Src/stm32f7xx_it.o
 .ARM.attributes
                0x0000015a       0x34 ./Core/Src/system_stm32f7xx.o
 .ARM.attributes
                0x0000018e       0x21 ./Core/Startup/startup_stm32f756zgtx.o
 .ARM.attributes
                0x000001af       0x34 ./Drivers/STM32F7xx_HAL_Driver/Src/stm32f7xx_hal.o
 .ARM.attributes
                0x000001e3       0x34 ./Drivers/STM32F7xx_HAL_Driver/Src/stm32f7xx_hal_cortex.o
 .ARM.attributes
                0x00000217       0x34 ./Drivers/STM32F7xx_HAL_Driver/Src/stm32f7xx_hal_dac.o
 .ARM.attributes
                0x0000024b       0x34 ./Drivers/STM32F7xx_HAL_Driver/Src/stm32f7xx_hal_gpio.o
 .ARM.attributes
                0x0000027f       0x34 ./Drivers/STM32F7xx_HAL_Driver/Src/stm32f7xx_hal_rcc.o
 .ARM.attributes
                0x000002b3       0x34 ./Drivers/STM32F7xx_HAL_Driver/Src/stm32f7xx_hal_spi.o
 .ARM.attributes
                0x000002e7       0x34 ./Drivers/STM32F7xx_HAL_Driver/Src/stm32f7xx_hal_tim.o
 .ARM.attributes
                0x0000031b       0x34 ./Drivers/STM32F7xx_HAL_Driver/Src/stm32f7xx_hal_tim_ex.o
 .ARM.attributes
                0x0000034f       0x34 ./FATFS/App/fatfs.o
 .ARM.attributes
                0x00000383       0x34 ./FATFS/Target/user_diskio.o
 .ARM.attributes
                0x000003b7       0x34 ./Middlewares/Third_Party/FatFs/src/ff_gen_drv.o
 .ARM.attributes
                0x000003eb       0x34 ./Middlewares/Third_Party/FreeRTOS/Source/CMSIS_RTOS/cmsis_os.o
 .ARM.attributes
                0x0000041f       0x34 ./Middlewares/Third_Party/FreeRTOS/Source/list.o
 .ARM.attributes
                0x00000453       0x34 ./Middlewares/Third_Party/FreeRTOS/Source/tasks.o
 .ARM.attributes
                0x00000487       0x34 ./Middlewares/Third_Party/FreeRTOS/Source/portable/GCC/ARM_CM7/r0p1/port.o
 .ARM.attributes
                0x000004bb       0x34 ./Middlewares/Third_Party/FreeRTOS/Source/portable/MemMang/heap_4.o
 .ARM.attributes
                0x000004ef       0x34 C:/ST/STM32CubeIDE_1.17.0/STM32CubeIDE/plugins/com.st.stm32cube.ide.mcu.externaltools.gnu-tools-for-stm32.13.3.rel1.win32_1.0.0.202411081344/tools/bin/../lib/gcc/arm-none-eabi/13.3.1/../../../../arm-none-eabi/lib/thumb/v7e-m+fp/hard\libc_nano.a(libc_a-memset.o)
 .ARM.attributes
                0x00000523       0x34 C:/ST/STM32CubeIDE_1.17.0/STM32CubeIDE/plugins/com.st.stm32cube.ide.mcu.externaltools.gnu-tools-for-stm32.13.3.rel1.win32_1.0.0.202411081344/tools/bin/../lib/gcc/arm-none-eabi/13.3.1/../../../../arm-none-eabi/lib/thumb/v7e-m+fp/hard\libc_nano.a(libc_a-init.o)
 .ARM.attributes
                0x00000557       0x22 C:/ST/STM32CubeIDE_1.17.0/STM32CubeIDE/plugins/com.st.stm32cube.ide.mcu.externaltools.gnu-tools-for-stm32.13.3.rel1.win32_1.0.0.202411081344/tools/bin/../lib/gcc/arm-none-eabi/13.3.1/thumb/v7e-m+fp/hard\libgcc.a(_arm_addsubdf3.o)
 .ARM.attributes
                0x00000579       0x22 C:/ST/STM32CubeIDE_1.17.0/STM32CubeIDE/plugins/com.st.stm32cube.ide.mcu.externaltools.gnu-tools-for-stm32.13.3.rel1.win32_1.0.0.202411081344/tools/bin/../lib/gcc/arm-none-eabi/13.3.1/thumb/v7e-m+fp/hard\libgcc.a(_arm_muldivdf3.o)
 .ARM.attributes
                0x0000059b       0x22 C:/ST/STM32CubeIDE_1.17.0/STM32CubeIDE/plugins/com.st.stm32cube.ide.mcu.externaltools.gnu-tools-for-stm32.13.3.rel1.win32_1.0.0.202411081344/tools/bin/../lib/gcc/arm-none-eabi/13.3.1/thumb/v7e-m+fp/hard\libgcc.a(_arm_fixunsdfsi.o)
 .ARM.attributes
                0x000005bd       0x22 C:/ST/STM32CubeIDE_1.17.0/STM32CubeIDE/plugins/com.st.stm32cube.ide.mcu.externaltools.gnu-tools-for-stm32.13.3.rel1.win32_1.0.0.202411081344/tools/bin/../lib/gcc/arm-none-eabi/13.3.1/thumb/v7e-m+fp/hard\libgcc.a(_arm_truncdfsf2.o)
 .ARM.attributes
                0x000005df       0x22 C:/ST/STM32CubeIDE_1.17.0/STM32CubeIDE/plugins/com.st.stm32cube.ide.mcu.externaltools.gnu-tools-for-stm32.13.3.rel1.win32_1.0.0.202411081344/tools/bin/../lib/gcc/arm-none-eabi/13.3.1/thumb/v7e-m+fp/hard\libgcc.a(_aeabi_uldivmod.o)
 .ARM.attributes
                0x00000601       0x34 C:/ST/STM32CubeIDE_1.17.0/STM32CubeIDE/plugins/com.st.stm32cube.ide.mcu.externaltools.gnu-tools-for-stm32.13.3.rel1.win32_1.0.0.202411081344/tools/bin/../lib/gcc/arm-none-eabi/13.3.1/thumb/v7e-m+fp/hard\libgcc.a(_udivmoddi4.o)
 .ARM.attributes
                0x00000635       0x22 C:/ST/STM32CubeIDE_1.17.0/STM32CubeIDE/plugins/com.st.stm32cube.ide.mcu.externaltools.gnu-tools-for-stm32.13.3.rel1.win32_1.0.0.202411081344/tools/bin/../lib/gcc/arm-none-eabi/13.3.1/thumb/v7e-m+fp/hard\libgcc.a(_dvmd_tls.o)
 .ARM.attributes
                0x00000657       0x22 C:/ST/STM32CubeIDE_1.17.0/STM32CubeIDE/plugins/com.st.stm32cube.ide.mcu.externaltools.gnu-tools-for-stm32.13.3.rel1.win32_1.0.0.202411081344/tools/bin/../lib/gcc/arm-none-eabi/13.3.1/thumb/v7e-m+fp/hard/crtn.o
OUTPUT(BMTR_RTOS_ASRV1.elf elf32-littlearm)
LOAD linker stubs
LOAD C:/ST/STM32CubeIDE_1.17.0/STM32CubeIDE/plugins/com.st.stm32cube.ide.mcu.externaltools.gnu-tools-for-stm32.13.3.rel1.win32_1.0.0.202411081344/tools/bin/../lib/gcc/arm-none-eabi/13.3.1/../../../../arm-none-eabi/lib/thumb/v7e-m+fp/hard\libc.a
LOAD C:/ST/STM32CubeIDE_1.17.0/STM32CubeIDE/plugins/com.st.stm32cube.ide.mcu.externaltools.gnu-tools-for-stm32.13.3.rel1.win32_1.0.0.202411081344/tools/bin/../lib/gcc/arm-none-eabi/13.3.1/../../../../arm-none-eabi/lib/thumb/v7e-m+fp/hard\libm.a
LOAD C:/ST/STM32CubeIDE_1.17.0/STM32CubeIDE/plugins/com.st.stm32cube.ide.mcu.externaltools.gnu-tools-for-stm32.13.3.rel1.win32_1.0.0.202411081344/tools/bin/../lib/gcc/arm-none-eabi/13.3.1/thumb/v7e-m+fp/hard\libgcc.a

.debug_info     0x00000000    0x12bdd
 .debug_info    0x00000000      0x279 ./Core/Src/freertos.o
 .debug_info    0x00000279     0x22ba ./Core/Src/main.o
 .debug_info    0x00002533     0x133c ./Core/Src/stm32f7xx_hal_msp.o
 .debug_info    0x0000386f      0xcc9 ./Core/Src/stm32f7xx_hal_timebase_tim.o
 .debug_info    0x00004538      0x70c ./Core/Src/stm32f7xx_it.o
 .debug_info    0x00004c44      0x6ed ./Core/Src/system_stm32f7xx.o
 .debug_info    0x00005331       0x30 ./Core/Startup/startup_stm32f756zgtx.o
 .debug_info    0x00005361      0x9de ./Drivers/STM32F7xx_HAL_Driver/Src/stm32f7xx_hal.o
 .debug_info    0x00005d3f      0xf84 ./Drivers/STM32F7xx_HAL_Driver/Src/stm32f7xx_hal_cortex.o
 .debug_info    0x00006cc3      0xa01 ./Drivers/STM32F7xx_HAL_Driver/Src/stm32f7xx_hal_dac.o
 .debug_info    0x000076c4      0x6e7 ./Drivers/STM32F7xx_HAL_Driver/Src/stm32f7xx_hal_gpio.o
 .debug_info    0x00007dab      0x8dc ./Drivers/STM32F7xx_HAL_Driver/Src/stm32f7xx_hal_rcc.o
 .debug_info    0x00008687     0x169b ./Drivers/STM32F7xx_HAL_Driver/Src/stm32f7xx_hal_spi.o
 .debug_info    0x00009d22     0x2abd ./Drivers/STM32F7xx_HAL_Driver/Src/stm32f7xx_hal_tim.o
 .debug_info    0x0000c7df     0x15bb ./Drivers/STM32F7xx_HAL_Driver/Src/stm32f7xx_hal_tim_ex.o
 .debug_info    0x0000dd9a      0x525 ./FATFS/App/fatfs.o
 .debug_info    0x0000e2bf      0x328 ./FATFS/Target/user_diskio.o
 .debug_info    0x0000e5e7      0x37f ./Middlewares/Third_Party/FatFs/src/ff_gen_drv.o
 .debug_info    0x0000e966     0x1b60 ./Middlewares/Third_Party/FreeRTOS/Source/CMSIS_RTOS/cmsis_os.o
 .debug_info    0x000104c6      0x2af ./Middlewares/Third_Party/FreeRTOS/Source/list.o
 .debug_info    0x00010775     0x1bfe ./Middlewares/Third_Party/FreeRTOS/Source/tasks.o
 .debug_info    0x00012373      0x4a7 ./Middlewares/Third_Party/FreeRTOS/Source/portable/GCC/ARM_CM7/r0p1/port.o
 .debug_info    0x0001281a      0x3c3 ./Middlewares/Third_Party/FreeRTOS/Source/portable/MemMang/heap_4.o

.debug_abbrev   0x00000000     0x2ef3
 .debug_abbrev  0x00000000       0xd2 ./Core/Src/freertos.o
 .debug_abbrev  0x000000d2      0x39d ./Core/Src/main.o
 .debug_abbrev  0x0000046f      0x21a ./Core/Src/stm32f7xx_hal_msp.o
 .debug_abbrev  0x00000689      0x1f4 ./Core/Src/stm32f7xx_hal_timebase_tim.o
 .debug_abbrev  0x0000087d      0x181 ./Core/Src/stm32f7xx_it.o
 .debug_abbrev  0x000009fe      0x13b ./Core/Src/system_stm32f7xx.o
 .debug_abbrev  0x00000b39       0x24 ./Core/Startup/startup_stm32f756zgtx.o
 .debug_abbrev  0x00000b5d      0x213 ./Drivers/STM32F7xx_HAL_Driver/Src/stm32f7xx_hal.o
 .debug_abbrev  0x00000d70      0x31e ./Drivers/STM32F7xx_HAL_Driver/Src/stm32f7xx_hal_cortex.o
 .debug_abbrev  0x0000108e      0x1fa ./Drivers/STM32F7xx_HAL_Driver/Src/stm32f7xx_hal_dac.o
 .debug_abbrev  0x00001288      0x1d4 ./Drivers/STM32F7xx_HAL_Driver/Src/stm32f7xx_hal_gpio.o
 .debug_abbrev  0x0000145c      0x288 ./Drivers/STM32F7xx_HAL_Driver/Src/stm32f7xx_hal_rcc.o
 .debug_abbrev  0x000016e4      0x269 ./Drivers/STM32F7xx_HAL_Driver/Src/stm32f7xx_hal_spi.o
 .debug_abbrev  0x0000194d      0x278 ./Drivers/STM32F7xx_HAL_Driver/Src/stm32f7xx_hal_tim.o
 .debug_abbrev  0x00001bc5      0x283 ./Drivers/STM32F7xx_HAL_Driver/Src/stm32f7xx_hal_tim_ex.o
 .debug_abbrev  0x00001e48      0x167 ./FATFS/App/fatfs.o
 .debug_abbrev  0x00001faf      0x13c ./FATFS/Target/user_diskio.o
 .debug_abbrev  0x000020eb      0x19f ./Middlewares/Third_Party/FatFs/src/ff_gen_drv.o
 .debug_abbrev  0x0000228a      0x3a7 ./Middlewares/Third_Party/FreeRTOS/Source/CMSIS_RTOS/cmsis_os.o
 .debug_abbrev  0x00002631       0xf5 ./Middlewares/Third_Party/FreeRTOS/Source/list.o
 .debug_abbrev  0x00002726      0x359 ./Middlewares/Third_Party/FreeRTOS/Source/tasks.o
 .debug_abbrev  0x00002a7f      0x26f ./Middlewares/Third_Party/FreeRTOS/Source/portable/GCC/ARM_CM7/r0p1/port.o
 .debug_abbrev  0x00002cee      0x205 ./Middlewares/Third_Party/FreeRTOS/Source/portable/MemMang/heap_4.o

.debug_aranges  0x00000000     0x1228
 .debug_aranges
                0x00000000       0x20 ./Core/Src/freertos.o
 .debug_aranges
                0x00000020       0xa0 ./Core/Src/main.o
 .debug_aranges
                0x000000c0       0x60 ./Core/Src/stm32f7xx_hal_msp.o
 .debug_aranges
                0x00000120       0x30 ./Core/Src/stm32f7xx_hal_timebase_tim.o
 .debug_aranges
                0x00000150       0x58 ./Core/Src/stm32f7xx_it.o
 .debug_aranges
                0x000001a8       0x28 ./Core/Src/system_stm32f7xx.o
 .debug_aranges
                0x000001d0       0x28 ./Core/Startup/startup_stm32f756zgtx.o
 .debug_aranges
                0x000001f8      0x100 ./Drivers/STM32F7xx_HAL_Driver/Src/stm32f7xx_hal.o
 .debug_aranges
                0x000002f8      0x128 ./Drivers/STM32F7xx_HAL_Driver/Src/stm32f7xx_hal_cortex.o
 .debug_aranges
                0x00000420       0xc0 ./Drivers/STM32F7xx_HAL_Driver/Src/stm32f7xx_hal_dac.o
 .debug_aranges
                0x000004e0       0x58 ./Drivers/STM32F7xx_HAL_Driver/Src/stm32f7xx_hal_gpio.o
 .debug_aranges
                0x00000538       0x88 ./Drivers/STM32F7xx_HAL_Driver/Src/stm32f7xx_hal_rcc.o
 .debug_aranges
                0x000005c0      0x1d8 ./Drivers/STM32F7xx_HAL_Driver/Src/stm32f7xx_hal_spi.o
 .debug_aranges
                0x00000798      0x3e0 ./Drivers/STM32F7xx_HAL_Driver/Src/stm32f7xx_hal_tim.o
 .debug_aranges
                0x00000b78      0x178 ./Drivers/STM32F7xx_HAL_Driver/Src/stm32f7xx_hal_tim_ex.o
 .debug_aranges
                0x00000cf0       0x28 ./FATFS/App/fatfs.o
 .debug_aranges
                0x00000d18       0x40 ./FATFS/Target/user_diskio.o
 .debug_aranges
                0x00000d58       0x40 ./Middlewares/Third_Party/FatFs/src/ff_gen_drv.o
 .debug_aranges
                0x00000d98      0x1d8 ./Middlewares/Third_Party/FreeRTOS/Source/CMSIS_RTOS/cmsis_os.o
 .debug_aranges
                0x00000f70       0x40 ./Middlewares/Third_Party/FreeRTOS/Source/list.o
 .debug_aranges
                0x00000fb0      0x1a8 ./Middlewares/Third_Party/FreeRTOS/Source/tasks.o
 .debug_aranges
                0x00001158       0x80 ./Middlewares/Third_Party/FreeRTOS/Source/portable/GCC/ARM_CM7/r0p1/port.o
 .debug_aranges
                0x000011d8       0x50 ./Middlewares/Third_Party/FreeRTOS/Source/portable/MemMang/heap_4.o

.debug_rnglists
                0x00000000      0xdf0
 .debug_rnglists
                0x00000000       0x13 ./Core/Src/freertos.o
 .debug_rnglists
                0x00000013       0x7a ./Core/Src/main.o
 .debug_rnglists
                0x0000008d       0x46 ./Core/Src/stm32f7xx_hal_msp.o
 .debug_rnglists
                0x000000d3       0x20 ./Core/Src/stm32f7xx_hal_timebase_tim.o
 .debug_rnglists
                0x000000f3       0x3d ./Core/Src/stm32f7xx_it.o
 .debug_rnglists
                0x00000130       0x1a ./Core/Src/system_stm32f7xx.o
 .debug_rnglists
                0x0000014a       0x19 ./Core/Startup/startup_stm32f756zgtx.o
 .debug_rnglists
                0x00000163       0xbb ./Drivers/STM32F7xx_HAL_Driver/Src/stm32f7xx_hal.o
 .debug_rnglists
                0x0000021e       0xda ./Drivers/STM32F7xx_HAL_Driver/Src/stm32f7xx_hal_cortex.o
 .debug_rnglists
                0x000002f8       0x90 ./Drivers/STM32F7xx_HAL_Driver/Src/stm32f7xx_hal_dac.o
 .debug_rnglists
                0x00000388       0x3f ./Drivers/STM32F7xx_HAL_Driver/Src/stm32f7xx_hal_gpio.o
 .debug_rnglists
                0x000003c7       0x67 ./Drivers/STM32F7xx_HAL_Driver/Src/stm32f7xx_hal_rcc.o
 .debug_rnglists
                0x0000042e      0x178 ./Drivers/STM32F7xx_HAL_Driver/Src/stm32f7xx_hal_spi.o
 .debug_rnglists
                0x000005a6      0x328 ./Drivers/STM32F7xx_HAL_Driver/Src/stm32f7xx_hal_tim.o
 .debug_rnglists
                0x000008ce      0x131 ./Drivers/STM32F7xx_HAL_Driver/Src/stm32f7xx_hal_tim_ex.o
 .debug_rnglists
                0x000009ff       0x19 ./FATFS/App/fatfs.o
 .debug_rnglists
                0x00000a18       0x2b ./FATFS/Target/user_diskio.o
 .debug_rnglists
                0x00000a43       0x2c ./Middlewares/Third_Party/FatFs/src/ff_gen_drv.o
 .debug_rnglists
                0x00000a6f      0x16a ./Middlewares/Third_Party/FreeRTOS/Source/CMSIS_RTOS/cmsis_os.o
 .debug_rnglists
                0x00000bd9       0x2b ./Middlewares/Third_Party/FreeRTOS/Source/list.o
 .debug_rnglists
                0x00000c04      0x154 ./Middlewares/Third_Party/FreeRTOS/Source/tasks.o
 .debug_rnglists
                0x00000d58       0x5d ./Middlewares/Third_Party/FreeRTOS/Source/portable/GCC/ARM_CM7/r0p1/port.o
 .debug_rnglists
                0x00000db5       0x3b ./Middlewares/Third_Party/FreeRTOS/Source/portable/MemMang/heap_4.o

.debug_macro    0x00000000     0x4db8
 .debug_macro   0x00000000      0x269 ./Core/Src/freertos.o
 .debug_macro   0x00000269       0xea ./Core/Src/freertos.o
 .debug_macro   0x00000353      0x15a ./Core/Src/freertos.o
 .debug_macro   0x000004ad       0xde ./Core/Src/freertos.o
 .debug_macro   0x0000058b       0x1c ./Core/Src/freertos.o
 .debug_macro   0x000005a7       0x26 ./Core/Src/freertos.o
 .debug_macro   0x000005cd      0x4e8 ./Core/Src/freertos.o
 .debug_macro   0x00000ab5       0xb5 ./Core/Src/freertos.o
 .debug_macro   0x00000b6a       0xaa ./Core/Src/freertos.o
 .debug_macro   0x00000c14      0x43c ./Core/Src/main.o
 .debug_macro   0x00001050       0xea ./Core/Src/main.o
 .debug_macro   0x0000113a       0x91 ./Core/Src/main.o
 .debug_macro   0x000011cb       0x8d ./Core/Src/main.o
 .debug_macro   0x00001258       0x7e ./Core/Src/main.o
 .debug_macro   0x000012d6       0x19 ./Core/Src/main.o
 .debug_macro   0x000012ef       0xf2 ./Core/Src/main.o
 .debug_macro   0x000013e1       0xf3 ./Core/Src/main.o
 .debug_macro   0x000014d4       0xe2 ./Core/Src/main.o
 .debug_macro   0x000015b6       0x8e ./Core/Src/main.o
 .debug_macro   0x00001644       0x61 ./Core/Src/main.o
 .debug_macro   0x000016a5       0x2a ./Core/Src/main.o
 .debug_macro   0x000016cf       0x43 ./Core/Src/main.o
 .debug_macro   0x00001712       0x34 ./Core/Src/main.o
 .debug_macro   0x00001746      0x370 ./Core/Src/main.o
 .debug_macro   0x00001ab6       0x16 ./Core/Src/main.o
 .debug_macro   0x00001acc       0x4a ./Core/Src/main.o
 .debug_macro   0x00001b16       0x34 ./Core/Src/main.o
 .debug_macro   0x00001b4a       0x10 ./Core/Src/main.o
 .debug_macro   0x00001b5a       0x58 ./Core/Src/main.o
 .debug_macro   0x00001bb2       0x8e ./Core/Src/main.o
 .debug_macro   0x00001c40       0x1c ./Core/Src/main.o
 .debug_macro   0x00001c5c      0x185 ./Core/Src/main.o
 .debug_macro   0x00001de1       0x10 ./Core/Src/main.o
 .debug_macro   0x00001df1       0x3c ./Core/Src/main.o
 .debug_macro   0x00001e2d       0x20 ./Core/Src/main.o
 .debug_macro   0x00001e4d       0x1c ./Core/Src/main.o
 .debug_macro   0x00001e69       0x10 ./Core/Src/main.o
 .debug_macro   0x00001e79       0x1c ./Core/Src/main.o
 .debug_macro   0x00001e95       0x16 ./Core/Src/main.o
 .debug_macro   0x00001eab      0x146 ./Core/Src/main.o
 .debug_macro   0x00001ff1      0x19b ./Core/Src/main.o
 .debug_macro   0x0000218c      0x201 ./Core/Src/stm32f7xx_hal_msp.o
 .debug_macro   0x0000238d      0x1f7 ./Core/Src/stm32f7xx_hal_timebase_tim.o
 .debug_macro   0x00002584      0x20b ./Core/Src/stm32f7xx_it.o
 .debug_macro   0x0000278f      0x1f7 ./Core/Src/system_stm32f7xx.o
 .debug_macro   0x00002986      0x21b ./Drivers/STM32F7xx_HAL_Driver/Src/stm32f7xx_hal.o
 .debug_macro   0x00002ba1      0x1f7 ./Drivers/STM32F7xx_HAL_Driver/Src/stm32f7xx_hal_cortex.o
 .debug_macro   0x00002d98      0x1f8 ./Drivers/STM32F7xx_HAL_Driver/Src/stm32f7xx_hal_dac.o
 .debug_macro   0x00002f90      0x1fd ./Drivers/STM32F7xx_HAL_Driver/Src/stm32f7xx_hal_gpio.o
 .debug_macro   0x0000318d      0x21b ./Drivers/STM32F7xx_HAL_Driver/Src/stm32f7xx_hal_rcc.o
 .debug_macro   0x000033a8      0x206 ./Drivers/STM32F7xx_HAL_Driver/Src/stm32f7xx_hal_spi.o
 .debug_macro   0x000035ae      0x1f8 ./Drivers/STM32F7xx_HAL_Driver/Src/stm32f7xx_hal_tim.o
 .debug_macro   0x000037a6      0x1f7 ./Drivers/STM32F7xx_HAL_Driver/Src/stm32f7xx_hal_tim_ex.o
 .debug_macro   0x0000399d      0x307 ./FATFS/App/fatfs.o
 .debug_macro   0x00003ca4      0x3bc ./FATFS/Target/user_diskio.o
 .debug_macro   0x00004060       0x5d ./FATFS/Target/user_diskio.o
 .debug_macro   0x000040bd      0x2f4 ./Middlewares/Third_Party/FatFs/src/ff_gen_drv.o
 .debug_macro   0x000043b1      0x1fe ./Middlewares/Third_Party/FreeRTOS/Source/CMSIS_RTOS/cmsis_os.o
 .debug_macro   0x000045af       0xc7 ./Middlewares/Third_Party/FreeRTOS/Source/CMSIS_RTOS/cmsis_os.o
 .debug_macro   0x00004676      0x187 ./Middlewares/Third_Party/FreeRTOS/Source/list.o
 .debug_macro   0x000047fd      0x279 ./Middlewares/Third_Party/FreeRTOS/Source/tasks.o
 .debug_macro   0x00004a76       0x10 ./Middlewares/Third_Party/FreeRTOS/Source/tasks.o
 .debug_macro   0x00004a86      0x184 ./Middlewares/Third_Party/FreeRTOS/Source/portable/GCC/ARM_CM7/r0p1/port.o
 .debug_macro   0x00004c0a      0x1ae ./Middlewares/Third_Party/FreeRTOS/Source/portable/MemMang/heap_4.o

.debug_line     0x00000000    0x157e6
 .debug_line    0x00000000      0x8a3 ./Core/Src/freertos.o
 .debug_line    0x000008a3     0x1044 ./Core/Src/main.o
 .debug_line    0x000018e7      0x90f ./Core/Src/stm32f7xx_hal_msp.o
 .debug_line    0x000021f6      0x81e ./Core/Src/stm32f7xx_hal_timebase_tim.o
 .debug_line    0x00002a14      0x841 ./Core/Src/stm32f7xx_it.o
 .debug_line    0x00003255      0x823 ./Core/Src/system_stm32f7xx.o
 .debug_line    0x00003a78       0x7a ./Core/Startup/startup_stm32f756zgtx.o
 .debug_line    0x00003af2      0xac7 ./Drivers/STM32F7xx_HAL_Driver/Src/stm32f7xx_hal.o
 .debug_line    0x000045b9      0xd47 ./Drivers/STM32F7xx_HAL_Driver/Src/stm32f7xx_hal_cortex.o
 .debug_line    0x00005300      0xba1 ./Drivers/STM32F7xx_HAL_Driver/Src/stm32f7xx_hal_dac.o
 .debug_line    0x00005ea1      0xc21 ./Drivers/STM32F7xx_HAL_Driver/Src/stm32f7xx_hal_gpio.o
 .debug_line    0x00006ac2      0xfba ./Drivers/STM32F7xx_HAL_Driver/Src/stm32f7xx_hal_rcc.o
 .debug_line    0x00007a7c     0x212b ./Drivers/STM32F7xx_HAL_Driver/Src/stm32f7xx_hal_spi.o
 .debug_line    0x00009ba7     0x3d6a ./Drivers/STM32F7xx_HAL_Driver/Src/stm32f7xx_hal_tim.o
 .debug_line    0x0000d911     0x1af5 ./Drivers/STM32F7xx_HAL_Driver/Src/stm32f7xx_hal_tim_ex.o
 .debug_line    0x0000f406      0x9c0 ./FATFS/App/fatfs.o
 .debug_line    0x0000fdc6      0xb4a ./FATFS/Target/user_diskio.o
 .debug_line    0x00010910      0xa49 ./Middlewares/Third_Party/FatFs/src/ff_gen_drv.o
 .debug_line    0x00011359     0x1304 ./Middlewares/Third_Party/FreeRTOS/Source/CMSIS_RTOS/cmsis_os.o
 .debug_line    0x0001265d      0x790 ./Middlewares/Third_Party/FreeRTOS/Source/list.o
 .debug_line    0x00012ded     0x18ab ./Middlewares/Third_Party/FreeRTOS/Source/tasks.o
 .debug_line    0x00014698      0x803 ./Middlewares/Third_Party/FreeRTOS/Source/portable/GCC/ARM_CM7/r0p1/port.o
 .debug_line    0x00014e9b      0x94b ./Middlewares/Third_Party/FreeRTOS/Source/portable/MemMang/heap_4.o

.debug_str      0x00000000    0xfa3d0
 .debug_str     0x00000000    0xfa3d0 ./Core/Src/freertos.o
                              0xed544 (size before relaxing)
 .debug_str     0x000fa3d0    0xf5596 ./Core/Src/main.o
 .debug_str     0x000fa3d0    0xea7a5 ./Core/Src/stm32f7xx_hal_msp.o
 .debug_str     0x000fa3d0    0xea48a ./Core/Src/stm32f7xx_hal_timebase_tim.o
 .debug_str     0x000fa3d0    0xe9ccf ./Core/Src/stm32f7xx_it.o
 .debug_str     0x000fa3d0    0xe9956 ./Core/Src/system_stm32f7xx.o
 .debug_str     0x000fa3d0       0x8a ./Core/Startup/startup_stm32f756zgtx.o
 .debug_str     0x000fa3d0    0xea2ce ./Drivers/STM32F7xx_HAL_Driver/Src/stm32f7xx_hal.o
 .debug_str     0x000fa3d0    0xea2eb ./Drivers/STM32F7xx_HAL_Driver/Src/stm32f7xx_hal_cortex.o
 .debug_str     0x000fa3d0    0xe9cf2 ./Drivers/STM32F7xx_HAL_Driver/Src/stm32f7xx_hal_dac.o
 .debug_str     0x000fa3d0    0xe9a14 ./Drivers/STM32F7xx_HAL_Driver/Src/stm32f7xx_hal_gpio.o
 .debug_str     0x000fa3d0    0xe9cb8 ./Drivers/STM32F7xx_HAL_Driver/Src/stm32f7xx_hal_rcc.o
 .debug_str     0x000fa3d0    0xea196 ./Drivers/STM32F7xx_HAL_Driver/Src/stm32f7xx_hal_spi.o
 .debug_str     0x000fa3d0    0xeac79 ./Drivers/STM32F7xx_HAL_Driver/Src/stm32f7xx_hal_tim.o
 .debug_str     0x000fa3d0    0xea4bf ./Drivers/STM32F7xx_HAL_Driver/Src/stm32f7xx_hal_tim_ex.o
 .debug_str     0x000fa3d0    0xefddf ./FATFS/App/fatfs.o
 .debug_str     0x000fa3d0    0xf2e94 ./FATFS/Target/user_diskio.o
 .debug_str     0x000fa3d0    0xefcf6 ./Middlewares/Third_Party/FatFs/src/ff_gen_drv.o
 .debug_str     0x000fa3d0     0xe8a1 ./Middlewares/Third_Party/FreeRTOS/Source/CMSIS_RTOS/cmsis_os.o
 .debug_str     0x000fa3d0     0xaba4 ./Middlewares/Third_Party/FreeRTOS/Source/list.o
 .debug_str     0x000fa3d0     0xceca ./Middlewares/Third_Party/FreeRTOS/Source/tasks.o
 .debug_str     0x000fa3d0     0x86c5 ./Middlewares/Third_Party/FreeRTOS/Source/portable/GCC/ARM_CM7/r0p1/port.o
 .debug_str     0x000fa3d0     0xb3c1 ./Middlewares/Third_Party/FreeRTOS/Source/portable/MemMang/heap_4.o

.comment        0x00000000       0x43
 .comment       0x00000000       0x43 ./Core/Src/freertos.o
                                 0x44 (size before relaxing)
 .comment       0x00000043       0x44 ./Core/Src/main.o
 .comment       0x00000043       0x44 ./Core/Src/stm32f7xx_hal_msp.o
 .comment       0x00000043       0x44 ./Core/Src/stm32f7xx_hal_timebase_tim.o
 .comment       0x00000043       0x44 ./Core/Src/stm32f7xx_it.o
 .comment       0x00000043       0x44 ./Core/Src/system_stm32f7xx.o
 .comment       0x00000043       0x44 ./Drivers/STM32F7xx_HAL_Driver/Src/stm32f7xx_hal.o
 .comment       0x00000043       0x44 ./Drivers/STM32F7xx_HAL_Driver/Src/stm32f7xx_hal_cortex.o
 .comment       0x00000043       0x44 ./Drivers/STM32F7xx_HAL_Driver/Src/stm32f7xx_hal_dac.o
 .comment       0x00000043       0x44 ./Drivers/STM32F7xx_HAL_Driver/Src/stm32f7xx_hal_gpio.o
 .comment       0x00000043       0x44 ./Drivers/STM32F7xx_HAL_Driver/Src/stm32f7xx_hal_rcc.o
 .comment       0x00000043       0x44 ./Drivers/STM32F7xx_HAL_Driver/Src/stm32f7xx_hal_spi.o
 .comment       0x00000043       0x44 ./Drivers/STM32F7xx_HAL_Driver/Src/stm32f7xx_hal_tim.o
 .comment       0x00000043       0x44 ./Drivers/STM32F7xx_HAL_Driver/Src/stm32f7xx_hal_tim_ex.o
 .comment       0x00000043       0x44 ./FATFS/App/fatfs.o
 .comment       0x00000043       0x44 ./FATFS/Target/user_diskio.o
 .comment       0x00000043       0x44 ./Middlewares/Third_Party/FatFs/src/ff_gen_drv.o
 .comment       0x00000043       0x44 ./Middlewares/Third_Party/FreeRTOS/Source/CMSIS_RTOS/cmsis_os.o
 .comment       0x00000043       0x44 ./Middlewares/Third_Party/FreeRTOS/Source/list.o
 .comment       0x00000043       0x44 ./Middlewares/Third_Party/FreeRTOS/Source/tasks.o
 .comment       0x00000043       0x44 ./Middlewares/Third_Party/FreeRTOS/Source/portable/GCC/ARM_CM7/r0p1/port.o
 .comment       0x00000043       0x44 ./Middlewares/Third_Party/FreeRTOS/Source/portable/MemMang/heap_4.o

.debug_frame    0x00000000     0x4c50
 .debug_frame   0x00000000       0x38 ./Core/Src/freertos.o
 .debug_frame   0x00000038      0x258 ./Core/Src/main.o
 .debug_frame   0x00000290      0x154 ./Core/Src/stm32f7xx_hal_msp.o
 .debug_frame   0x000003e4       0x74 ./Core/Src/stm32f7xx_hal_timebase_tim.o
 .debug_frame   0x00000458       0xe0 ./Core/Src/stm32f7xx_it.o
 .debug_frame   0x00000538       0x58 ./Core/Src/system_stm32f7xx.o
 .debug_frame   0x00000590      0x3b4 ./Drivers/STM32F7xx_HAL_Driver/Src/stm32f7xx_hal.o
 .debug_frame   0x00000944      0x4e8 ./Drivers/STM32F7xx_HAL_Driver/Src/stm32f7xx_hal_cortex.o
 .debug_frame   0x00000e2c      0x338 ./Drivers/STM32F7xx_HAL_Driver/Src/stm32f7xx_hal_dac.o
 .debug_frame   0x00001164      0x14c ./Drivers/STM32F7xx_HAL_Driver/Src/stm32f7xx_hal_gpio.o
 .debug_frame   0x000012b0      0x1f8 ./Drivers/STM32F7xx_HAL_Driver/Src/stm32f7xx_hal_rcc.o
 .debug_frame   0x000014a8      0x860 ./Drivers/STM32F7xx_HAL_Driver/Src/stm32f7xx_hal_spi.o
 .debug_frame   0x00001d08     0x121c ./Drivers/STM32F7xx_HAL_Driver/Src/stm32f7xx_hal_tim.o
 .debug_frame   0x00002f24      0x688 ./Drivers/STM32F7xx_HAL_Driver/Src/stm32f7xx_hal_tim_ex.o
 .debug_frame   0x000035ac       0x4c ./FATFS/App/fatfs.o
 .debug_frame   0x000035f8       0xd8 ./FATFS/Target/user_diskio.o
 .debug_frame   0x000036d0       0xc8 ./Middlewares/Third_Party/FatFs/src/ff_gen_drv.o
 .debug_frame   0x00003798      0x80c ./Middlewares/Third_Party/FreeRTOS/Source/CMSIS_RTOS/cmsis_os.o
 .debug_frame   0x00003fa4       0xd8 ./Middlewares/Third_Party/FreeRTOS/Source/list.o
 .debug_frame   0x0000407c      0x734 ./Middlewares/Third_Party/FreeRTOS/Source/tasks.o
 .debug_frame   0x000047b0      0x1a8 ./Middlewares/Third_Party/FreeRTOS/Source/portable/GCC/ARM_CM7/r0p1/port.o
 .debug_frame   0x00004958      0x108 ./Middlewares/Third_Party/FreeRTOS/Source/portable/MemMang/heap_4.o
 .debug_frame   0x00004a60       0x20 C:/ST/STM32CubeIDE_1.17.0/STM32CubeIDE/plugins/com.st.stm32cube.ide.mcu.externaltools.gnu-tools-for-stm32.13.3.rel1.win32_1.0.0.202411081344/tools/bin/../lib/gcc/arm-none-eabi/13.3.1/../../../../arm-none-eabi/lib/thumb/v7e-m+fp/hard\libc_nano.a(libc_a-memset.o)
 .debug_frame   0x00004a80       0x2c C:/ST/STM32CubeIDE_1.17.0/STM32CubeIDE/plugins/com.st.stm32cube.ide.mcu.externaltools.gnu-tools-for-stm32.13.3.rel1.win32_1.0.0.202411081344/tools/bin/../lib/gcc/arm-none-eabi/13.3.1/../../../../arm-none-eabi/lib/thumb/v7e-m+fp/hard\libc_nano.a(libc_a-init.o)
 .debug_frame   0x00004aac       0xac C:/ST/STM32CubeIDE_1.17.0/STM32CubeIDE/plugins/com.st.stm32cube.ide.mcu.externaltools.gnu-tools-for-stm32.13.3.rel1.win32_1.0.0.202411081344/tools/bin/../lib/gcc/arm-none-eabi/13.3.1/thumb/v7e-m+fp/hard\libgcc.a(_arm_addsubdf3.o)
 .debug_frame   0x00004b58       0x50 C:/ST/STM32CubeIDE_1.17.0/STM32CubeIDE/plugins/com.st.stm32cube.ide.mcu.externaltools.gnu-tools-for-stm32.13.3.rel1.win32_1.0.0.202411081344/tools/bin/../lib/gcc/arm-none-eabi/13.3.1/thumb/v7e-m+fp/hard\libgcc.a(_arm_muldivdf3.o)
 .debug_frame   0x00004ba8       0x24 C:/ST/STM32CubeIDE_1.17.0/STM32CubeIDE/plugins/com.st.stm32cube.ide.mcu.externaltools.gnu-tools-for-stm32.13.3.rel1.win32_1.0.0.202411081344/tools/bin/../lib/gcc/arm-none-eabi/13.3.1/thumb/v7e-m+fp/hard\libgcc.a(_arm_fixunsdfsi.o)
 .debug_frame   0x00004bcc       0x24 C:/ST/STM32CubeIDE_1.17.0/STM32CubeIDE/plugins/com.st.stm32cube.ide.mcu.externaltools.gnu-tools-for-stm32.13.3.rel1.win32_1.0.0.202411081344/tools/bin/../lib/gcc/arm-none-eabi/13.3.1/thumb/v7e-m+fp/hard\libgcc.a(_arm_truncdfsf2.o)
 .debug_frame   0x00004bf0       0x2c C:/ST/STM32CubeIDE_1.17.0/STM32CubeIDE/plugins/com.st.stm32cube.ide.mcu.externaltools.gnu-tools-for-stm32.13.3.rel1.win32_1.0.0.202411081344/tools/bin/../lib/gcc/arm-none-eabi/13.3.1/thumb/v7e-m+fp/hard\libgcc.a(_aeabi_uldivmod.o)
 .debug_frame   0x00004c1c       0x34 C:/ST/STM32CubeIDE_1.17.0/STM32CubeIDE/plugins/com.st.stm32cube.ide.mcu.externaltools.gnu-tools-for-stm32.13.3.rel1.win32_1.0.0.202411081344/tools/bin/../lib/gcc/arm-none-eabi/13.3.1/thumb/v7e-m+fp/hard\libgcc.a(_udivmoddi4.o)

.debug_line_str
                0x00000000       0x6e
 .debug_line_str
                0x00000000       0x6e ./Core/Startup/startup_stm32f756zgtx.o
