Archive member included to satisfy reference by file (symbol)

C:/ST/STM32CubeIDE_1.17.0/STM32CubeIDE/plugins/com.st.stm32cube.ide.mcu.externaltools.gnu-tools-for-stm32.13.3.rel1.win32_1.0.0.202411081344/tools/bin/../lib/gcc/arm-none-eabi/13.3.1/../../../../arm-none-eabi/lib/thumb/v7e-m+fp/hard\libc_nano.a(libc_a-exit.o)
                              C:/ST/STM32CubeIDE_1.17.0/STM32CubeIDE/plugins/com.st.stm32cube.ide.mcu.externaltools.gnu-tools-for-stm32.13.3.rel1.win32_1.0.0.202411081344/tools/bin/../lib/gcc/arm-none-eabi/13.3.1/../../../../arm-none-eabi/lib/thumb/v7e-m+fp/hard/crt0.o (exit)
C:/ST/STM32CubeIDE_1.17.0/STM32CubeIDE/plugins/com.st.stm32cube.ide.mcu.externaltools.gnu-tools-for-stm32.13.3.rel1.win32_1.0.0.202411081344/tools/bin/../lib/gcc/arm-none-eabi/13.3.1/../../../../arm-none-eabi/lib/thumb/v7e-m+fp/hard\libc_nano.a(libc_a-findfp.o)
                              C:/ST/STM32CubeIDE_1.17.0/STM32CubeIDE/plugins/com.st.stm32cube.ide.mcu.externaltools.gnu-tools-for-stm32.13.3.rel1.win32_1.0.0.202411081344/tools/bin/../lib/gcc/arm-none-eabi/13.3.1/../../../../arm-none-eabi/lib/thumb/v7e-m+fp/hard\libc_nano.a(libc_a-exit.o) (__stdio_exit_handler)
C:/ST/STM32CubeIDE_1.17.0/STM32CubeIDE/plugins/com.st.stm32cube.ide.mcu.externaltools.gnu-tools-for-stm32.13.3.rel1.win32_1.0.0.202411081344/tools/bin/../lib/gcc/arm-none-eabi/13.3.1/../../../../arm-none-eabi/lib/thumb/v7e-m+fp/hard\libc_nano.a(libc_a-fwalk.o)
                              C:/ST/STM32CubeIDE_1.17.0/STM32CubeIDE/plugins/com.st.stm32cube.ide.mcu.externaltools.gnu-tools-for-stm32.13.3.rel1.win32_1.0.0.202411081344/tools/bin/../lib/gcc/arm-none-eabi/13.3.1/../../../../arm-none-eabi/lib/thumb/v7e-m+fp/hard\libc_nano.a(libc_a-findfp.o) (_fwalk_sglue)
C:/ST/STM32CubeIDE_1.17.0/STM32CubeIDE/plugins/com.st.stm32cube.ide.mcu.externaltools.gnu-tools-for-stm32.13.3.rel1.win32_1.0.0.202411081344/tools/bin/../lib/gcc/arm-none-eabi/13.3.1/../../../../arm-none-eabi/lib/thumb/v7e-m+fp/hard\libc_nano.a(libc_a-sprintf.o)
                              ./Core/Src/main.o (sprintf)
C:/ST/STM32CubeIDE_1.17.0/STM32CubeIDE/plugins/com.st.stm32cube.ide.mcu.externaltools.gnu-tools-for-stm32.13.3.rel1.win32_1.0.0.202411081344/tools/bin/../lib/gcc/arm-none-eabi/13.3.1/../../../../arm-none-eabi/lib/thumb/v7e-m+fp/hard\libc_nano.a(libc_a-stdio.o)
                              C:/ST/STM32CubeIDE_1.17.0/STM32CubeIDE/plugins/com.st.stm32cube.ide.mcu.externaltools.gnu-tools-for-stm32.13.3.rel1.win32_1.0.0.202411081344/tools/bin/../lib/gcc/arm-none-eabi/13.3.1/../../../../arm-none-eabi/lib/thumb/v7e-m+fp/hard\libc_nano.a(libc_a-findfp.o) (__sread)
C:/ST/STM32CubeIDE_1.17.0/STM32CubeIDE/plugins/com.st.stm32cube.ide.mcu.externaltools.gnu-tools-for-stm32.13.3.rel1.win32_1.0.0.202411081344/tools/bin/../lib/gcc/arm-none-eabi/13.3.1/../../../../arm-none-eabi/lib/thumb/v7e-m+fp/hard\libc_nano.a(libc_a-memset.o)
                              C:/ST/STM32CubeIDE_1.17.0/STM32CubeIDE/plugins/com.st.stm32cube.ide.mcu.externaltools.gnu-tools-for-stm32.13.3.rel1.win32_1.0.0.202411081344/tools/bin/../lib/gcc/arm-none-eabi/13.3.1/../../../../arm-none-eabi/lib/thumb/v7e-m+fp/hard/crt0.o (memset)
C:/ST/STM32CubeIDE_1.17.0/STM32CubeIDE/plugins/com.st.stm32cube.ide.mcu.externaltools.gnu-tools-for-stm32.13.3.rel1.win32_1.0.0.202411081344/tools/bin/../lib/gcc/arm-none-eabi/13.3.1/../../../../arm-none-eabi/lib/thumb/v7e-m+fp/hard\libc_nano.a(libc_a-closer.o)
                              C:/ST/STM32CubeIDE_1.17.0/STM32CubeIDE/plugins/com.st.stm32cube.ide.mcu.externaltools.gnu-tools-for-stm32.13.3.rel1.win32_1.0.0.202411081344/tools/bin/../lib/gcc/arm-none-eabi/13.3.1/../../../../arm-none-eabi/lib/thumb/v7e-m+fp/hard\libc_nano.a(libc_a-stdio.o) (_close_r)
C:/ST/STM32CubeIDE_1.17.0/STM32CubeIDE/plugins/com.st.stm32cube.ide.mcu.externaltools.gnu-tools-for-stm32.13.3.rel1.win32_1.0.0.202411081344/tools/bin/../lib/gcc/arm-none-eabi/13.3.1/../../../../arm-none-eabi/lib/thumb/v7e-m+fp/hard\libc_nano.a(libc_a-reent.o)
                              C:/ST/STM32CubeIDE_1.17.0/STM32CubeIDE/plugins/com.st.stm32cube.ide.mcu.externaltools.gnu-tools-for-stm32.13.3.rel1.win32_1.0.0.202411081344/tools/bin/../lib/gcc/arm-none-eabi/13.3.1/../../../../arm-none-eabi/lib/thumb/v7e-m+fp/hard\libc_nano.a(libc_a-closer.o) (errno)
C:/ST/STM32CubeIDE_1.17.0/STM32CubeIDE/plugins/com.st.stm32cube.ide.mcu.externaltools.gnu-tools-for-stm32.13.3.rel1.win32_1.0.0.202411081344/tools/bin/../lib/gcc/arm-none-eabi/13.3.1/../../../../arm-none-eabi/lib/thumb/v7e-m+fp/hard\libc_nano.a(libc_a-impure.o)
                              C:/ST/STM32CubeIDE_1.17.0/STM32CubeIDE/plugins/com.st.stm32cube.ide.mcu.externaltools.gnu-tools-for-stm32.13.3.rel1.win32_1.0.0.202411081344/tools/bin/../lib/gcc/arm-none-eabi/13.3.1/../../../../arm-none-eabi/lib/thumb/v7e-m+fp/hard\libc_nano.a(libc_a-sprintf.o) (_impure_ptr)
[...]
Memory Configuration

Name             Origin             Length             Attributes
RAM              0x20000000         0x00050000         xrw
FLASH            0x08000000         0x00100000         xr
*default*        0x00000000         0xffffffff

Linker script and memory map

LOAD C:/ST/STM32CubeIDE_1.17.0/STM32CubeIDE/plugins/com.st.stm32cube.ide.mcu.externaltools.gnu-tools-for-stm32.13.3.rel1.win32_1.0.0.202411081344/tools/bin/../lib/gcc/arm-none-eabi/13.3.1/thumb/v7e-m+fp/hard/crti.o
LOAD C:/ST/STM32CubeIDE_1.17.0/STM32CubeIDE/plugins/com.st.stm32cube.ide.mcu.externaltools.gnu-tools-for-stm32.13.3.rel1.win32_1.0.0.202411081344/tools/bin/../lib/gcc/arm-none-eabi/13.3.1/thumb/v7e-m+fp/hard/crtbegin.o
LOAD C:/ST/STM32CubeIDE_1.17.0/STM32CubeIDE/plugins/com.st.stm32cube.ide.mcu.externaltools.gnu-tools-for-stm32.13.3.rel1.win32_1.0.0.202411081344/tools/bin/../lib/gcc/arm-none-eabi/13.3.1/../../../../arm-none-eabi/lib/thumb/v7e-m+fp/hard/crt0.o
LOAD ./Core/Src/fatfs_sd.o
LOAD ./Core/Src/freertos.o
LOAD ./Core/Src/main.o
LOAD ./Core/Src/stm32f7xx_hal_msp.o
LOAD ./Core/Src/stm32f7xx_hal_timebase_tim.o
LOAD ./Core/Src/stm32f7xx_it.o
LOAD ./Core/Src/syscalls.o
LOAD ./Core/Src/sysmem.o
LOAD ./Core/Src/system_stm32f7xx.o
LOAD ./Core/Startup/startup_stm32f756zgtx.o
LOAD ./Drivers/STM32F7xx_HAL_Driver/Src/stm32f7xx_hal.o
LOAD ./Drivers/STM32F7xx_HAL_Driver/Src/stm32f7xx_hal_cortex.o
LOAD ./Drivers/STM32F7xx_HAL_Driver/Src/stm32f7xx_hal_dac.o
LOAD ./Drivers/STM32F7xx_HAL_Driver/Src/stm32f7xx_hal_dac_ex.o
LOAD ./Drivers/STM32F7xx_HAL_Driver/Src/stm32f7xx_hal_dma.o
LOAD ./Drivers/STM32F7xx_HAL_Driver/Src/stm32f7xx_hal_dma_ex.o
LOAD ./Drivers/STM32F7xx_HAL_Driver/Src/stm32f7xx_hal_exti.o
LOAD ./Drivers/STM32F7xx_HAL_Driver/Src/stm32f7xx_hal_flash.o
LOAD ./Drivers/STM32F7xx_HAL_Driver/Src/stm32f7xx_hal_flash_ex.o
LOAD ./Drivers/STM32F7xx_HAL_Driver/Src/stm32f7xx_hal_gpio.o
LOAD ./Drivers/STM32F7xx_HAL_Driver/Src/stm32f7xx_hal_i2c.o
LOAD ./Drivers/STM32F7xx_HAL_Driver/Src/stm32f7xx_hal_i2c_ex.o
LOAD ./Drivers/STM32F7xx_HAL_Driver/Src/stm32f7xx_hal_pwr.o
LOAD ./Drivers/STM32F7xx_HAL_Driver/Src/stm32f7xx_hal_pwr_ex.o
LOAD ./Drivers/STM32F7xx_HAL_Driver/Src/stm32f7xx_hal_rcc.o
LOAD ./Drivers/STM32F7xx_HAL_Driver/Src/stm32f7xx_hal_rcc_ex.o
LOAD ./Drivers/STM32F7xx_HAL_Driver/Src/stm32f7xx_hal_spi.o
LOAD ./Drivers/STM32F7xx_HAL_Driver/Src/stm32f7xx_hal_spi_ex.o
LOAD ./Drivers/STM32F7xx_HAL_Driver/Src/stm32f7xx_hal_tim.o
LOAD ./Drivers/STM32F7xx_HAL_Driver/Src/stm32f7xx_hal_tim_ex.o
LOAD ./FATFS/App/fatfs.o
LOAD ./FATFS/Target/user_diskio.o
LOAD ./Middlewares/Third_Party/FatFs/src/diskio.o
LOAD ./Middlewares/Third_Party/FatFs/src/ff.o
LOAD ./Middlewares/Third_Party/FatFs/src/ff_gen_drv.o
LOAD ./Middlewares/Third_Party/FatFs/src/option/syscall.o
LOAD ./Middlewares/Third_Party/FreeRTOS/Source/CMSIS_RTOS/cmsis_os.o
LOAD ./Middlewares/Third_Party/FreeRTOS/Source/croutine.o
LOAD ./Middlewares/Third_Party/FreeRTOS/Source/event_groups.o
LOAD ./Middlewares/Third_Party/FreeRTOS/Source/list.o
LOAD ./Middlewares/Third_Party/FreeRTOS/Source/queue.o
LOAD ./Middlewares/Third_Party/FreeRTOS/Source/stream_buffer.o
LOAD ./Middlewares/Third_Party/FreeRTOS/Source/tasks.o
LOAD ./Middlewares/Third_Party/FreeRTOS/Source/timers.o
LOAD ./Middlewares/Third_Party/FreeRTOS/Source/portable/GCC/ARM_CM7/r0p1/port.o
LOAD ./Middlewares/Third_Party/FreeRTOS/Source/portable/MemMang/heap_4.o
START GROUP
LOAD C:/ST/STM32CubeIDE_1.17.0/STM32CubeIDE/plugins/com.st.stm32cube.ide.mcu.externaltools.gnu-tools-for-stm32.13.3.rel1.win32_1.0.0.202411081344/tools/bin/../lib/gcc/arm-none-eabi/13.3.1/../../../../arm-none-eabi/lib/thumb/v7e-m+fp/hard\libc_nano.a
LOAD C:/ST/STM32CubeIDE_1.17.0/STM32CubeIDE/plugins/com.st.stm32cube.ide.mcu.externaltools.gnu-tools-for-stm32.13.3.rel1.win32_1.0.0.202411081344/tools/bin/../lib/gcc/arm-none-eabi/13.3.1/../../../../arm-none-eabi/lib/thumb/v7e-m+fp/hard\libm.a
END GROUP
START GROUP
LOAD C:/ST/STM32CubeIDE_1.17.0/STM32CubeIDE/plugins/com.st.stm32cube.ide.mcu.externaltools.gnu-tools-for-stm32.13.3.rel1.win32_1.0.0.202411081344/tools/bin/../lib/gcc/arm-none-eabi/13.3.1/thumb/v7e-m+fp/hard\libgcc.a
LOAD C:/ST/STM32CubeIDE_1.17.0/STM32CubeIDE/plugins/com.st.stm32cube.ide.mcu.externaltools.gnu-tools-for-stm32.13.3.rel1.win32_1.0.0.202411081344/tools/bin/../lib/gcc/arm-none-eabi/13.3.1/../../../../arm-none-eabi/lib/thumb/v7e-m+fp/hard\libc_nano.a
END GROUP
START GROUP
LOAD C:/ST/STM32CubeIDE_1.17.0/STM32CubeIDE/plugins/com.st.stm32cube.ide.mcu.externaltools.gnu-tools-for-stm32.13.3.rel1.win32_1.0.0.202411081344/tools/bin/../lib/gcc/arm-none-eabi/13.3.1/thumb/v7e-m+fp/hard\libgcc.a
LOAD C:/ST/STM32CubeIDE_1.17.0/STM32CubeIDE/plugins/com.st.stm32cube.ide.mcu.externaltools.gnu-tools-for-stm32.13.3.rel1.win32_1.0.0.202411081344/tools/bin/../lib/gcc/arm-none-eabi/13.3.1/../../../../arm-none-eabi/lib/thumb/v7e-m+fp/hard\libc_nano.a
LOAD C:/ST/STM32CubeIDE_1.17.0/STM32CubeIDE/plugins/com.st.stm32cube.ide.mcu.externaltools.gnu-tools-for-stm32.13.3.rel1.win32_1.0.0.202411081344/tools/bin/../lib/gcc/arm-none-eabi/13.3.1/../../../../arm-none-eabi/lib/thumb/v7e-m+fp/hard\libnosys.a
END GROUP
START GROUP
LOAD C:/ST/STM32CubeIDE_1.17.0/STM32CubeIDE/plugins/com.st.stm32cube.ide.mcu.externaltools.gnu-tools-for-stm32.13.3.rel1.win32_1.0.0.202411081344/tools/bin/../lib/gcc/arm-none-eabi/13.3.1/thumb/v7e-m+fp/hard\libgcc.a
LOAD C:/ST/STM32CubeIDE_1.17.0/STM32CubeIDE/plugins/com.st.stm32cube.ide.mcu.externaltools.gnu-tools-for-stm32.13.3.rel1.win32_1.0.0.202411081344/tools/bin/../lib/gcc/arm-none-eabi/13.3.1/../../../../arm-none-eabi/lib/thumb/v7e-m+fp/hard\libc_nano.a
LOAD C:/ST/STM32CubeIDE_1.17.0/STM32CubeIDE/plugins/com.st.stm32cube.ide.mcu.externaltools.gnu-tools-for-stm32.13.3.rel1.win32_1.0.0.202411081344/tools/bin/../lib/gcc/arm-none-eabi/13.3.1/../../../../arm-none-eabi/lib/thumb/v7e-m+fp/hard\libnosys.a
END GROUP
LOAD C:/ST/STM32CubeIDE_1.17.0/STM32CubeIDE/plugins/com.st.stm32cube.ide.mcu.externaltools.gnu-tools-for-stm32.13.3.rel1.win32_1.0.0.202411081344/tools/bin/../lib/gcc/arm-none-eabi/13.3.1/thumb/v7e-m+fp/hard/crtend.o
LOAD C:/ST/STM32CubeIDE_1.17.0/STM32CubeIDE/plugins/com.st.stm32cube.ide.mcu.externaltools.gnu-tools-for-stm32.13.3.rel1.win32_1.0.0.202411081344/tools/bin/../lib/gcc/arm-none-eabi/13.3.1/thumb/v7e-m+fp/hard/crtn.o
                0x20050000                        _estack = (ORIGIN (RAM) + LENGTH (RAM))
                0x00000200                        _Min_Heap_Size = 0x200
                0x00000400                        _Min_Stack_Size = 0x400

.isr_vector     0x08000000      0x1c8
                0x08000000                        . = ALIGN (0x4)
 *(.isr_vector)
 .isr_vector    0x08000000      0x1c8 ./Core/Startup/startup_stm32f756zgtx.o
                0x08000000                g_pfnVectors
                0x080001c8                        . = ALIGN (0x4)

.text           0x080001d0     0xa034
                0x080001d0                        . = ALIGN (0x4)
 *(.text)
 .text          0x080001d0       0x40 C:/ST/STM32CubeIDE_1.17.0/STM32CubeIDE/plugins/com.st.stm32cube.ide.mcu.externaltools.gnu-tools-for-stm32.13.3.rel1.win32_1.0.0.202411081344/tools/bin/../lib/gcc/arm-none-eabi/13.3.1/thumb/v7e-m+fp/hard/crtbegin.o
 .text          0x08000210       0x10 C:/ST/STM32CubeIDE_1.17.0/STM32CubeIDE/plugins/com.st.stm32cube.ide.mcu.externaltools.gnu-tools-for-stm32.13.3.rel1.win32_1.0.0.202411081344/tools/bin/../lib/gcc/arm-none-eabi/13.3.1/../../../../arm-none-eabi/lib/thumb/v7e-m+fp/hard\libc_nano.a(libc_a-strlen.o)
                0x08000210                strlen
 .text          0x08000220       0xa0 C:/ST/STM32CubeIDE_1.17.0/STM32CubeIDE/plugins/com.st.stm32cube.ide.mcu.externaltools.gnu-tools-for-stm32.13.3.rel1.win32_1.0.0.202411081344/tools/bin/../lib/gcc/arm-none-eabi/13.3.1/../../../../arm-none-eabi/lib/thumb/v7e-m+fp/hard\libc_nano.a(libc_a-memchr.o)
                0x08000220                memchr
 .text          0x080002c0      0x378 C:/ST/STM32CubeIDE_1.17.0/STM32CubeIDE/plugins/com.st.stm32cube.ide.mcu.externaltools.gnu-tools-for-stm32.13.3.rel1.win32_1.0.0.202411081344/tools/bin/../lib/gcc/arm-none-eabi/13.3.1/thumb/v7e-m+fp/hard\libgcc.a(_arm_addsubdf3.o)
                0x080002c0                __aeabi_drsub
                0x080002c8                __aeabi_dsub
                0x080002c8                __subdf3
                0x080002cc                __aeabi_dadd
                0x080002cc                __adddf3
                0x08000544                __floatunsidf
                0x08000544                __aeabi_ui2d
                0x08000564                __floatsidf
                0x08000564                __aeabi_i2d
                0x08000588                __aeabi_f2d
                0x08000588                __extendsfdf2
                0x080005cc                __floatundidf
                0x080005cc                __aeabi_ul2d
                0x080005dc                __floatdidf
                0x080005dc                __aeabi_l2d
 .text          0x08000638      0x424 C:/ST/STM32CubeIDE_1.17.0/STM32CubeIDE/plugins/com.st.stm32cube.ide.mcu.externaltools.gnu-tools-for-stm32.13.3.rel1.win32_1.0.0.202411081344/tools/bin/../lib/gcc/arm-none-eabi/13.3.1/thumb/v7e-m+fp/hard\libgcc.a(_arm_muldivdf3.o)
                0x08000638                __aeabi_dmul
                0x08000638                __muldf3
                0x0800088c                __divdf3
                0x0800088c                __aeabi_ddiv
 .text          0x08000a5c       0x40 C:/ST/STM32CubeIDE_1.17.0/STM32CubeIDE/plugins/com.st.stm32cube.ide.mcu.externaltools.gnu-tools-for-stm32.13.3.rel1.win32_1.0.0.202411081344/tools/bin/../lib/gcc/arm-none-eabi/13.3.1/thumb/v7e-m+fp/hard\libgcc.a(_arm_fixunsdfsi.o)
                0x08000a5c                __aeabi_d2uiz
                0x08000a5c                __fixunsdfsi
 .text          0x08000a9c       0xa0 C:/ST/STM32CubeIDE_1.17.0/STM32CubeIDE/plugins/com.st.stm32cube.ide.mcu.externaltools.gnu-tools-for-stm32.13.3.rel1.win32_1.0.0.202411081344/tools/bin/../lib/gcc/arm-none-eabi/13.3.1/thumb/v7e-m+fp/hard\libgcc.a(_arm_truncdfsf2.o)
                0x08000a9c                __truncdfsf2
                0x08000a9c                __aeabi_d2f
 .text          0x08000b3c       0x30 C:/ST/STM32CubeIDE_1.17.0/STM32CubeIDE/plugins/com.st.stm32cube.ide.mcu.externaltools.gnu-tools-for-stm32.13.3.rel1.win32_1.0.0.202411081344/tools/bin/../lib/gcc/arm-none-eabi/13.3.1/thumb/v7e-m+fp/hard\libgcc.a(_aeabi_uldivmod.o)
                0x08000b3c                __aeabi_uldivmod
 .text          0x08000b6c      0x2f8 C:/ST/STM32CubeIDE_1.17.0/STM32CubeIDE/plugins/com.st.stm32cube.ide.mcu.externaltools.gnu-tools-for-stm32.13.3.rel1.win32_1.0.0.202411081344/tools/bin/../lib/gcc/arm-none-eabi/13.3.1/thumb/v7e-m+fp/hard\libgcc.a(_udivmoddi4.o)
                0x08000b6c                __udivmoddi4
 .text          0x08000e64        0x4 C:/ST/STM32CubeIDE_1.17.0/STM32CubeIDE/plugins/com.st.stm32cube.ide.mcu.externaltools.gnu-tools-for-stm32.13.3.rel1.win32_1.0.0.202411081344/tools/bin/../lib/gcc/arm-none-eabi/13.3.1/thumb/v7e-m+fp/hard\libgcc.a(_dvmd_tls.o)
                0x08000e64                __aeabi_idiv0
                0x08000e64                __aeabi_ldiv0
 *(.text*)
 .text.vApplicationGetIdleTaskMemory
                0x08000e68       0x34 ./Core/Src/freertos.o
                0x08000e68                vApplicationGetIdleTaskMemory
 .text.applyLowPassFilterVelocity
                0x08000e9c       0x50 ./Core/Src/main.o
                0x08000e9c                applyLowPassFilterVelocity
 .text.ConfigureMotor01
                0x08000eec       0x48 ./Core/Src/main.o
                0x08000eec                ConfigureMotor01
 .text.ConfigureMotor02
                0x08000f34       0x48 ./Core/Src/main.o
                0x08000f34                ConfigureMotor02
 .text.main     0x08000f7c       0xc8 ./Core/Src/main.o
                0x08000f7c                main
 .text.SystemClock_Config
                0x08001044       0xcc ./Core/Src/main.o
                0x08001044                SystemClock_Config
 .text.MX_DAC_Init
                0x08001110       0x68 ./Core/Src/main.o
 .text.MX_SPI4_Init
                0x08001178       0x7c ./Core/Src/main.o
 .text.MX_TIM1_Init
                0x080011f4       0xb4 ./Core/Src/main.o
 .text.MX_TIM2_Init
                0x080012a8       0x9c ./Core/Src/main.o
 .text.MX_TIM4_Init
                0x08001344       0xac ./Core/Src/main.o
 .text.MX_TIM13_Init
                0x080013f0       0x48 ./Core/Src/main.o
 .text.MX_GPIO_Init
                0x08001438      0x15c ./Core/Src/main.o
 *fill*         0x08001594        0x4 
 .text.StartDefaultTask
                0x08001598      0x7f8 ./Core/Src/main.o
                0x08001598                StartDefaultTask
 .text.StartTask02
                0x08001d90      0x1f4 ./Core/Src/main.o
                0x08001d90                StartTask02
 .text.MPU_Config
                0x08001f84       0x58 ./Core/Src/main.o
 .text.HAL_TIM_PeriodElapsedCallback
                0x08001fdc       0x24 ./Core/Src/main.o
                0x08001fdc                HAL_TIM_PeriodElapsedCallback
 .text.Error_Handler
                0x08002000        0xc ./Core/Src/main.o
                0x08002000                Error_Handler
 .text.HAL_MspInit
                0x0800200c       0x50 ./Core/Src/stm32f7xx_hal_msp.o
                0x0800200c                HAL_MspInit
 .text.HAL_DAC_MspInit
                0x0800205c       0x80 ./Core/Src/stm32f7xx_hal_msp.o
                0x0800205c                HAL_DAC_MspInit
 .text.HAL_SPI_MspInit
                0x080020dc       0x88 ./Core/Src/stm32f7xx_hal_msp.o
                0x080020dc                HAL_SPI_MspInit
 .text.HAL_TIM_Encoder_MspInit
                0x08002164       0xf0 ./Core/Src/stm32f7xx_hal_msp.o
                0x08002164                HAL_TIM_Encoder_MspInit
 .text.HAL_TIM_Base_MspInit
                0x08002254       0x70 ./Core/Src/stm32f7xx_hal_msp.o
                0x08002254                HAL_TIM_Base_MspInit
 .text.HAL_InitTick
                0x080022c4       0xf4 ./Core/Src/stm32f7xx_hal_timebase_tim.o
                0x080022c4                HAL_InitTick
 .text.NMI_Handler
                0x080023b8        0x8 ./Core/Src/stm32f7xx_it.o
                0x080023b8                NMI_Handler
 .text.HardFault_Handler
                0x080023c0        0x8 ./Core/Src/stm32f7xx_it.o
                0x080023c0                HardFault_Handler
 .text.MemManage_Handler
                0x080023c8        0x8 ./Core/Src/stm32f7xx_it.o
                0x080023c8                MemManage_Handler
 .text.BusFault_Handler
                0x080023d0        0x8 ./Core/Src/stm32f7xx_it.o
                0x080023d0                BusFault_Handler
 .text.UsageFault_Handler
                0x080023d8        0x8 ./Core/Src/stm32f7xx_it.o
                0x080023d8                UsageFault_Handler
 .text.DebugMon_Handler
                0x080023e0        0xe ./Core/Src/stm32f7xx_it.o
                0x080023e0                DebugMon_Handler
 *fill*         0x080023ee        0x2 
 .text.TIM8_UP_TIM13_IRQHandler
                0x080023f0       0x14 ./Core/Src/stm32f7xx_it.o
                0x080023f0                TIM8_UP_TIM13_IRQHandler
 .text.TIM5_IRQHandler
                0x08002404       0x14 ./Core/Src/stm32f7xx_it.o
                0x08002404                TIM5_IRQHandler
 .text._sbrk    0x08002418       0x6c ./Core/Src/sysmem.o
                0x08002418                _sbrk
 .text.SystemInit
                0x08002484       0x24 ./Core/Src/system_stm32f7xx.o
                0x08002484                SystemInit
 .text.Reset_Handler
                0x080024a8       0x50 ./Core/Startup/startup_stm32f756zgtx.o
                0x080024a8                Reset_Handler
 .text.Default_Handler
                0x080024f8        0x2 ./Core/Startup/startup_stm32f756zgtx.o
                0x080024f8                RTC_Alarm_IRQHandler
                0x080024f8                HASH_RNG_IRQHandler
                0x080024f8                EXTI2_IRQHandler
                0x080024f8                TIM8_CC_IRQHandler
                0x080024f8                UART8_IRQHandler
                0x080024f8                SPI4_IRQHandler
                0x080024f8                TIM1_CC_IRQHandler
                0x080024f8                DMA2_Stream5_IRQHandler
                0x080024f8                DMA1_Stream5_IRQHandler
                0x080024f8                PVD_IRQHandler
                0x080024f8                TAMP_STAMP_IRQHandler
                0x080024f8                CAN2_RX1_IRQHandler
                0x080024f8                EXTI3_IRQHandler
                0x080024f8                TIM8_TRG_COM_TIM14_IRQHandler
                0x080024f8                TIM1_UP_TIM10_IRQHandler
                0x080024f8                I2C3_ER_IRQHandler
                0x080024f8                EXTI0_IRQHandler
                0x080024f8                I2C2_EV_IRQHandler
                0x080024f8                DMA1_Stream2_IRQHandler
                0x080024f8                CAN1_RX0_IRQHandler
                0x080024f8                FPU_IRQHandler
                0x080024f8                OTG_HS_WKUP_IRQHandler
                0x080024f8                LTDC_ER_IRQHandler
                0x080024f8                CAN2_SCE_IRQHandler
                0x080024f8                DMA2_Stream2_IRQHandler
                0x080024f8                SPI1_IRQHandler
                0x080024f8                TIM6_DAC_IRQHandler
                0x080024f8                TIM1_BRK_TIM9_IRQHandler
                0x080024f8                DCMI_IRQHandler
                0x080024f8                CAN2_RX0_IRQHandler
                0x080024f8                DMA2_Stream3_IRQHandler
                0x080024f8                SAI2_IRQHandler
                0x080024f8                USART6_IRQHandler
                0x080024f8                USART3_IRQHandler
                0x080024f8                CRYP_IRQHandler
                0x080024f8                CAN1_RX1_IRQHandler
                0x080024f8                UART5_IRQHandler
                0x080024f8                DMA2_Stream0_IRQHandler
                0x080024f8                TIM4_IRQHandler
                0x080024f8                QUADSPI_IRQHandler
                0x080024f8                I2C1_EV_IRQHandler
                0x080024f8                DMA1_Stream6_IRQHandler
                0x080024f8                DMA1_Stream1_IRQHandler
                0x080024f8                UART4_IRQHandler
                0x080024f8                TIM3_IRQHandler
                0x080024f8                RCC_IRQHandler
                0x080024f8                TIM8_BRK_TIM12_IRQHandler
                0x080024f8                Default_Handler
                0x080024f8                CEC_IRQHandler
                0x080024f8                EXTI15_10_IRQHandler
                0x080024f8                ADC_IRQHandler
                0x080024f8                DMA1_Stream7_IRQHandler
                0x080024f8                SPI5_IRQHandler
                0x080024f8                TIM7_IRQHandler
                0x080024f8                SDMMC1_IRQHandler
                0x080024f8                CAN2_TX_IRQHandler
                0x080024f8                DMA2_Stream7_IRQHandler
                0x080024f8                I2C3_EV_IRQHandler
                0x080024f8                EXTI9_5_IRQHandler
                0x080024f8                RTC_WKUP_IRQHandler
                0x080024f8                LTDC_IRQHandler
                0x080024f8                ETH_WKUP_IRQHandler
                0x080024f8                SPDIF_RX_IRQHandler
                0x080024f8                SPI2_IRQHandler
                0x080024f8                OTG_HS_EP1_IN_IRQHandler
                0x080024f8                DMA1_Stream0_IRQHandler
                0x080024f8                CAN1_TX_IRQHandler
                0x080024f8                EXTI4_IRQHandler
                0x080024f8                ETH_IRQHandler
                0x080024f8                OTG_HS_EP1_OUT_IRQHandler
                0x080024f8                WWDG_IRQHandler
                0x080024f8                SPI6_IRQHandler
                0x080024f8                I2C4_EV_IRQHandler
                0x080024f8                TIM2_IRQHandler
                0x080024f8                OTG_FS_WKUP_IRQHandler
                0x080024f8                TIM1_TRG_COM_TIM11_IRQHandler
                0x080024f8                OTG_HS_IRQHandler
                0x080024f8                DMA2D_IRQHandler
                0x080024f8                EXTI1_IRQHandler
                0x080024f8                UART7_IRQHandler
                0x080024f8                USART2_IRQHandler
                0x080024f8                I2C2_ER_IRQHandler
                0x080024f8                DMA2_Stream1_IRQHandler
                0x080024f8                CAN1_SCE_IRQHandler
                0x080024f8                FLASH_IRQHandler
                0x080024f8                DMA2_Stream4_IRQHandler
                0x080024f8                USART1_IRQHandler
                0x080024f8                OTG_FS_IRQHandler
                0x080024f8                SPI3_IRQHandler
                0x080024f8                DMA1_Stream4_IRQHandler
                0x080024f8                I2C1_ER_IRQHandler
                0x080024f8                FMC_IRQHandler
                0x080024f8                LPTIM1_IRQHandler
                0x080024f8                I2C4_ER_IRQHandler
                0x080024f8                DMA2_Stream6_IRQHandler
                0x080024f8                SAI1_IRQHandler
                0x080024f8                DMA1_Stream3_IRQHandler
 .text.HAL_Init
                0x080024fa       0x1a ./Drivers/STM32F7xx_HAL_Driver/Src/stm32f7xx_hal.o
                0x080024fa                HAL_Init
 .text.HAL_IncTick
                0x08002514       0x28 ./Drivers/STM32F7xx_HAL_Driver/Src/stm32f7xx_hal.o
                0x08002514                HAL_IncTick
 .text.HAL_GetTick
                0x0800253c       0x18 ./Drivers/STM32F7xx_HAL_Driver/Src/stm32f7xx_hal.o
                0x0800253c                HAL_GetTick
 .text.__NVIC_SetPriorityGrouping
                0x08002554       0x48 ./Drivers/STM32F7xx_HAL_Driver/Src/stm32f7xx_hal_cortex.o
 .text.__NVIC_GetPriorityGrouping
                0x0800259c       0x1c ./Drivers/STM32F7xx_HAL_Driver/Src/stm32f7xx_hal_cortex.o
 .text.__NVIC_EnableIRQ
                0x080025b8       0x3c ./Drivers/STM32F7xx_HAL_Driver/Src/stm32f7xx_hal_cortex.o
 .text.__NVIC_SetPriority
                0x080025f4       0x54 ./Drivers/STM32F7xx_HAL_Driver/Src/stm32f7xx_hal_cortex.o
 .text.NVIC_EncodePriority
                0x08002648       0x66 ./Drivers/STM32F7xx_HAL_Driver/Src/stm32f7xx_hal_cortex.o
 .text.HAL_NVIC_SetPriorityGrouping
                0x080026ae       0x16 ./Drivers/STM32F7xx_HAL_Driver/Src/stm32f7xx_hal_cortex.o
                0x080026ae                HAL_NVIC_SetPriorityGrouping
 .text.HAL_NVIC_SetPriority
                0x080026c4       0x38 ./Drivers/STM32F7xx_HAL_Driver/Src/stm32f7xx_hal_cortex.o
                0x080026c4                HAL_NVIC_SetPriority
 .text.HAL_NVIC_EnableIRQ
                0x080026fc       0x1c ./Drivers/STM32F7xx_HAL_Driver/Src/stm32f7xx_hal_cortex.o
                0x080026fc                HAL_NVIC_EnableIRQ
 .text.HAL_MPU_Disable
                0x08002718       0x30 ./Drivers/STM32F7xx_HAL_Driver/Src/stm32f7xx_hal_cortex.o
                0x08002718                HAL_MPU_Disable
 .text.HAL_MPU_Enable
                0x08002748       0x40 ./Drivers/STM32F7xx_HAL_Driver/Src/stm32f7xx_hal_cortex.o
                0x08002748                HAL_MPU_Enable
 .text.HAL_MPU_ConfigRegion
                0x08002788       0x80 ./Drivers/STM32F7xx_HAL_Driver/Src/stm32f7xx_hal_cortex.o
                0x08002788                HAL_MPU_ConfigRegion
 .text.HAL_DAC_Init
                0x08002808       0x44 ./Drivers/STM32F7xx_HAL_Driver/Src/stm32f7xx_hal_dac.o
                0x08002808                HAL_DAC_Init
 .text.HAL_DAC_Start
                0x0800284c       0xae ./Drivers/STM32F7xx_HAL_Driver/Src/stm32f7xx_hal_dac.o
                0x0800284c                HAL_DAC_Start
 .text.HAL_DAC_SetValue
                0x080028fa       0x54 ./Drivers/STM32F7xx_HAL_Driver/Src/stm32f7xx_hal_dac.o
                0x080028fa                HAL_DAC_SetValue
 .text.HAL_DAC_ConfigChannel
                0x0800294e       0xb2 ./Drivers/STM32F7xx_HAL_Driver/Src/stm32f7xx_hal_dac.o
                0x0800294e                HAL_DAC_ConfigChannel
 .text.HAL_GPIO_Init
                0x08002a00      0x358 ./Drivers/STM32F7xx_HAL_Driver/Src/stm32f7xx_hal_gpio.o
                0x08002a00                HAL_GPIO_Init
 .text.HAL_GPIO_WritePin
                0x08002d58       0x32 ./Drivers/STM32F7xx_HAL_Driver/Src/stm32f7xx_hal_gpio.o
                0x08002d58                HAL_GPIO_WritePin
 *fill*         0x08002d8a        0x2 
 .text.HAL_RCC_OscConfig
                0x08002d8c      0x548 ./Drivers/STM32F7xx_HAL_Driver/Src/stm32f7xx_hal_rcc.o
                0x08002d8c                HAL_RCC_OscConfig
 .text.HAL_RCC_ClockConfig
                0x080032d4      0x1d8 ./Drivers/STM32F7xx_HAL_Driver/Src/stm32f7xx_hal_rcc.o
                0x080032d4                HAL_RCC_ClockConfig
 .text.HAL_RCC_GetSysClockFreq
                0x080034ac      0x18c ./Drivers/STM32F7xx_HAL_Driver/Src/stm32f7xx_hal_rcc.o
                0x080034ac                HAL_RCC_GetSysClockFreq
 .text.HAL_RCC_GetHCLKFreq
                0x08003638       0x18 ./Drivers/STM32F7xx_HAL_Driver/Src/stm32f7xx_hal_rcc.o
                0x08003638                HAL_RCC_GetHCLKFreq
 .text.HAL_RCC_GetPCLK1Freq
                0x08003650       0x28 ./Drivers/STM32F7xx_HAL_Driver/Src/stm32f7xx_hal_rcc.o
                0x08003650                HAL_RCC_GetPCLK1Freq
 .text.HAL_RCC_GetClockConfig
                0x08003678       0x64 ./Drivers/STM32F7xx_HAL_Driver/Src/stm32f7xx_hal_rcc.o
                0x08003678                HAL_RCC_GetClockConfig
 .text.HAL_SPI_Init
                0x080036dc      0x156 ./Drivers/STM32F7xx_HAL_Driver/Src/stm32f7xx_hal_spi.o
                0x080036dc                HAL_SPI_Init
 .text.HAL_SPI_TransmitReceive
                0x08003832      0x444 ./Drivers/STM32F7xx_HAL_Driver/Src/stm32f7xx_hal_spi.o
                0x08003832                HAL_SPI_TransmitReceive
 *fill*         0x08003c76        0x2 
 .text.SPI_WaitFlagStateUntilTimeout
                0x08003c78      0x110 ./Drivers/STM32F7xx_HAL_Driver/Src/stm32f7xx_hal_spi.o
 .text.SPI_WaitFifoStateUntilTimeout
                0x08003d88      0x12c ./Drivers/STM32F7xx_HAL_Driver/Src/stm32f7xx_hal_spi.o
 .text.SPI_EndRxTxTransaction
                0x08003eb4       0xd4 ./Drivers/STM32F7xx_HAL_Driver/Src/stm32f7xx_hal_spi.o
 .text.HAL_TIM_Base_Init
                0x08003f88       0xae ./Drivers/STM32F7xx_HAL_Driver/Src/stm32f7xx_hal_tim.o
                0x08003f88                HAL_TIM_Base_Init
 *fill*         0x08004036        0x2 
 .text.HAL_TIM_Base_Start
                0x08004038       0xe0 ./Drivers/STM32F7xx_HAL_Driver/Src/stm32f7xx_hal_tim.o
                0x08004038                HAL_TIM_Base_Start
 .text.HAL_TIM_Base_Start_IT
                0x08004118       0xf0 ./Drivers/STM32F7xx_HAL_Driver/Src/stm32f7xx_hal_tim.o
                0x08004118                HAL_TIM_Base_Start_IT
 .text.HAL_TIM_Encoder_Init
                0x08004208      0x14c ./Drivers/STM32F7xx_HAL_Driver/Src/stm32f7xx_hal_tim.o
                0x08004208                HAL_TIM_Encoder_Init
 .text.HAL_TIM_Encoder_Start
                0x08004354      0x11c ./Drivers/STM32F7xx_HAL_Driver/Src/stm32f7xx_hal_tim.o
                0x08004354                HAL_TIM_Encoder_Start
 .text.HAL_TIM_IRQHandler
                0x08004470      0x20e ./Drivers/STM32F7xx_HAL_Driver/Src/stm32f7xx_hal_tim.o
                0x08004470                HAL_TIM_IRQHandler
 *fill*         0x0800467e        0x2 
 .text.HAL_TIM_ConfigClockSource
                0x08004680      0x194 ./Drivers/STM32F7xx_HAL_Driver/Src/stm32f7xx_hal_tim.o
                0x08004680                HAL_TIM_ConfigClockSource
 .text.HAL_TIM_OC_DelayElapsedCallback
                0x08004814       0x14 ./Drivers/STM32F7xx_HAL_Driver/Src/stm32f7xx_hal_tim.o
                0x08004814                HAL_TIM_OC_DelayElapsedCallback
 .text.HAL_TIM_IC_CaptureCallback
                0x08004828       0x14 ./Drivers/STM32F7xx_HAL_Driver/Src/stm32f7xx_hal_tim.o
                0x08004828                HAL_TIM_IC_CaptureCallback
 .text.HAL_TIM_PWM_PulseFinishedCallback
                0x0800483c       0x14 ./Drivers/STM32F7xx_HAL_Driver/Src/stm32f7xx_hal_tim.o
                0x0800483c                HAL_TIM_PWM_PulseFinishedCallback
 .text.HAL_TIM_TriggerCallback
                0x08004850       0x14 ./Drivers/STM32F7xx_HAL_Driver/Src/stm32f7xx_hal_tim.o
                0x08004850                HAL_TIM_TriggerCallback
 .text.TIM_Base_SetConfig
                0x08004864      0x158 ./Drivers/STM32F7xx_HAL_Driver/Src/stm32f7xx_hal_tim.o
                0x08004864                TIM_Base_SetConfig
 .text.TIM_TI1_ConfigInputStage
                0x080049bc       0x5e ./Drivers/STM32F7xx_HAL_Driver/Src/stm32f7xx_hal_tim.o
 .text.TIM_TI2_ConfigInputStage
                0x08004a1a       0x60 ./Drivers/STM32F7xx_HAL_Driver/Src/stm32f7xx_hal_tim.o
 .text.TIM_ITRx_SetConfig
                0x08004a7a       0x36 ./Drivers/STM32F7xx_HAL_Driver/Src/stm32f7xx_hal_tim.o
 .text.TIM_ETR_SetConfig
                0x08004ab0       0x40 ./Drivers/STM32F7xx_HAL_Driver/Src/stm32f7xx_hal_tim.o
                0x08004ab0                TIM_ETR_SetConfig
 .text.TIM_CCxChannelCmd
                0x08004af0       0x4a ./Drivers/STM32F7xx_HAL_Driver/Src/stm32f7xx_hal_tim.o
                0x08004af0                TIM_CCxChannelCmd
 *fill*         0x08004b3a        0x2 
 .text.HAL_TIMEx_MasterConfigSynchronization
                0x08004b3c      0x11c ./Drivers/STM32F7xx_HAL_Driver/Src/stm32f7xx_hal_tim_ex.o
                0x08004b3c                HAL_TIMEx_MasterConfigSynchronization
 .text.HAL_TIMEx_CommutCallback
                0x08004c58       0x14 ./Drivers/STM32F7xx_HAL_Driver/Src/stm32f7xx_hal_tim_ex.o
                0x08004c58                HAL_TIMEx_CommutCallback
 .text.HAL_TIMEx_BreakCallback
                0x08004c6c       0x14 ./Drivers/STM32F7xx_HAL_Driver/Src/stm32f7xx_hal_tim_ex.o
                0x08004c6c                HAL_TIMEx_BreakCallback
 .text.HAL_TIMEx_Break2Callback
                0x08004c80       0x14 ./Drivers/STM32F7xx_HAL_Driver/Src/stm32f7xx_hal_tim_ex.o
                0x08004c80                HAL_TIMEx_Break2Callback
 .text.MX_FATFS_Init
                0x08004c94       0x24 ./FATFS/App/fatfs.o
                0x08004c94                MX_FATFS_Init
 .text.get_fattime
                0x08004cb8       0x10 ./FATFS/App/fatfs.o
                0x08004cb8                get_fattime
 .text.USER_initialize
                0x08004cc8       0x28 ./FATFS/Target/user_diskio.o
                0x08004cc8                USER_initialize
 .text.USER_status
                0x08004cf0       0x28 ./FATFS/Target/user_diskio.o
                0x08004cf0                USER_status
 .text.USER_read
                0x08004d18       0x1e ./FATFS/Target/user_diskio.o
                0x08004d18                USER_read
 .text.USER_write
                0x08004d36       0x1e ./FATFS/Target/user_diskio.o
                0x08004d36                USER_write
 .text.USER_ioctl
                0x08004d54       0x22 ./FATFS/Target/user_diskio.o
                0x08004d54                USER_ioctl
 *fill*         0x08004d76        0x2 
 .text.disk_status
                0x08004d78       0x34 ./Middlewares/Third_Party/FatFs/src/diskio.o
                0x08004d78                disk_status
 .text.disk_initialize
                0x08004dac       0x4c ./Middlewares/Third_Party/FatFs/src/diskio.o
                0x08004dac                disk_initialize
 .text.disk_read
                0x08004df8       0x40 ./Middlewares/Third_Party/FatFs/src/diskio.o
                0x08004df8                disk_read
 .text.disk_write
                0x08004e38       0x40 ./Middlewares/Third_Party/FatFs/src/diskio.o
                0x08004e38                disk_write
 .text.disk_ioctl
                0x08004e78       0x3c ./Middlewares/Third_Party/FatFs/src/diskio.o
                0x08004e78                disk_ioctl
 .text.ld_word  0x08004eb4       0x32 ./Middlewares/Third_Party/FatFs/src/ff.o
 .text.ld_dword
                0x08004ee6       0x46 ./Middlewares/Third_Party/FatFs/src/ff.o
 .text.st_word  0x08004f2c       0x36 ./Middlewares/Third_Party/FatFs/src/ff.o
 .text.st_dword
                0x08004f62       0x58 ./Middlewares/Third_Party/FatFs/src/ff.o
 .text.mem_cpy  0x08004fba       0x42 ./Middlewares/Third_Party/FatFs/src/ff.o
 .text.mem_set  0x08004ffc       0x36 ./Middlewares/Third_Party/FatFs/src/ff.o
 .text.mem_cmp  0x08005032       0x4e ./Middlewares/Third_Party/FatFs/src/ff.o
 .text.chk_chr  0x08005080       0x36 ./Middlewares/Third_Party/FatFs/src/ff.o
 .text.lock_fs  0x080050b6       0x2c ./Middlewares/Third_Party/FatFs/src/ff.o
 .text.unlock_fs
                0x080050e2       0x36 ./Middlewares/Third_Party/FatFs/src/ff.o
 .text.chk_lock
                0x08005118       0xb8 ./Middlewares/Third_Party/FatFs/src/ff.o
 .text.enq_lock
                0x080051d0       0x44 ./Middlewares/Third_Party/FatFs/src/ff.o
 .text.inc_lock
                0x08005214      0x11c ./Middlewares/Third_Party/FatFs/src/ff.o
 .text.dec_lock
                0x08005330       0x78 ./Middlewares/Third_Party/FatFs/src/ff.o
 .text.clear_lock
                0x080053a8       0x48 ./Middlewares/Third_Party/FatFs/src/ff.o
 .text.sync_window
                0x080053f0       0x88 ./Middlewares/Third_Party/FatFs/src/ff.o
 .text.move_window
                0x08005478       0x5a ./Middlewares/Third_Party/FatFs/src/ff.o
 *fill*         0x080054d2        0x2 
 .text.sync_fs  0x080054d4       0xe0 ./Middlewares/Third_Party/FatFs/src/ff.o
 .text.clust2sect
                0x080055b4       0x3e ./Middlewares/Third_Party/FatFs/src/ff.o
 .text.get_fat  0x080055f2      0x1a6 ./Middlewares/Third_Party/FatFs/src/ff.o
 .text.put_fat  0x08005798      0x234 ./Middlewares/Third_Party/FatFs/src/ff.o
 .text.remove_chain
                0x080059cc       0xca ./Middlewares/Third_Party/FatFs/src/ff.o
 .text.create_chain
                0x08005a96      0x130 ./Middlewares/Third_Party/FatFs/src/ff.o
 .text.clmt_clust
                0x08005bc6       0x70 ./Middlewares/Third_Party/FatFs/src/ff.o
 .text.dir_sdi  0x08005c36      0x112 ./Middlewares/Third_Party/FatFs/src/ff.o
 .text.dir_next
                0x08005d48      0x1ac ./Middlewares/Third_Party/FatFs/src/ff.o
 .text.dir_alloc
                0x08005ef4       0x8e ./Middlewares/Third_Party/FatFs/src/ff.o
 .text.ld_clust
                0x08005f82       0x3e ./Middlewares/Third_Party/FatFs/src/ff.o
 .text.st_clust
                0x08005fc0       0x40 ./Middlewares/Third_Party/FatFs/src/ff.o
 .text.dir_find
                0x08006000       0xaa ./Middlewares/Third_Party/FatFs/src/ff.o
 .text.dir_register
                0x080060aa       0x64 ./Middlewares/Third_Party/FatFs/src/ff.o
 *fill*         0x0800610e        0x2 
 .text.create_name
                0x08006110      0x128 ./Middlewares/Third_Party/FatFs/src/ff.o
 .text.follow_path
                0x08006238       0xec ./Middlewares/Third_Party/FatFs/src/ff.o
 .text.get_ldnumber
                0x08006324       0x88 ./Middlewares/Third_Party/FatFs/src/ff.o
 .text.check_fs
                0x080063ac       0xac ./Middlewares/Third_Party/FatFs/src/ff.o
 .text.find_volume
                0x08006458      0x510 ./Middlewares/Third_Party/FatFs/src/ff.o
 .text.validate
                0x08006968       0x8e ./Middlewares/Third_Party/FatFs/src/ff.o
 .text.f_open   0x080069f6      0x39e ./Middlewares/Third_Party/FatFs/src/ff.o
                0x080069f6                f_open
 .text.f_write  0x08006d94      0x386 ./Middlewares/Third_Party/FatFs/src/ff.o
                0x08006d94                f_write
 .text.f_sync   0x0800711a      0x112 ./Middlewares/Third_Party/FatFs/src/ff.o
                0x0800711a                f_sync
 .text.f_close  0x0800722c       0x5e ./Middlewares/Third_Party/FatFs/src/ff.o
                0x0800722c                f_close
 *fill*         0x0800728a        0x2 
 .text.FATFS_LinkDriverEx
                0x0800728c       0x98 ./Middlewares/Third_Party/FatFs/src/ff_gen_drv.o
                0x0800728c                FATFS_LinkDriverEx
 .text.FATFS_LinkDriver
                0x08007324       0x1e ./Middlewares/Third_Party/FatFs/src/ff_gen_drv.o
                0x08007324                FATFS_LinkDriver
 .text.ff_req_grant
                0x08007342       0x2a ./Middlewares/Third_Party/FatFs/src/option/syscall.o
                0x08007342                ff_req_grant
 .text.ff_rel_grant
                0x0800736c       0x16 ./Middlewares/Third_Party/FatFs/src/option/syscall.o
                0x0800736c                ff_rel_grant
 .text.makeFreeRtosPriority
                0x08007382       0x30 ./Middlewares/Third_Party/FreeRTOS/Source/CMSIS_RTOS/cmsis_os.o
 .text.inHandlerMode
                0x080073b2       0x24 ./Middlewares/Third_Party/FreeRTOS/Source/CMSIS_RTOS/cmsis_os.o
 .text.osKernelStart
                0x080073d6        0xe ./Middlewares/Third_Party/FreeRTOS/Source/CMSIS_RTOS/cmsis_os.o
                0x080073d6                osKernelStart
 .text.osThreadCreate
                0x080073e4       0x98 ./Middlewares/Third_Party/FreeRTOS/Source/CMSIS_RTOS/cmsis_os.o
                0x080073e4                osThreadCreate
 .text.osDelay  0x0800747c       0x28 ./Middlewares/Third_Party/FreeRTOS/Source/CMSIS_RTOS/cmsis_os.o
                0x0800747c                osDelay
 .text.osSemaphoreWait
                0x080074a4       0x9c ./Middlewares/Third_Party/FreeRTOS/Source/CMSIS_RTOS/cmsis_os.o
                0x080074a4                osSemaphoreWait
 .text.osSemaphoreRelease
                0x08007540       0x6c ./Middlewares/Third_Party/FreeRTOS/Source/CMSIS_RTOS/cmsis_os.o
                0x08007540                osSemaphoreRelease
 .text.vListInitialise
                0x080075ac       0x40 ./Middlewares/Third_Party/FreeRTOS/Source/list.o
                0x080075ac                vListInitialise
 .text.vListInitialiseItem
                0x080075ec       0x1a ./Middlewares/Third_Party/FreeRTOS/Source/list.o
                0x080075ec                vListInitialiseItem
 .text.vListInsertEnd
                0x08007606       0x48 ./Middlewares/Third_Party/FreeRTOS/Source/list.o
                0x08007606                vListInsertEnd
 .text.vListInsert
                0x0800764e       0x72 ./Middlewares/Third_Party/FreeRTOS/Source/list.o
                0x0800764e                vListInsert
 .text.uxListRemove
                0x080076c0       0x54 ./Middlewares/Third_Party/FreeRTOS/Source/list.o
                0x080076c0                uxListRemove
 .text.xQueueGenericSend
                0x08007714      0x214 ./Middlewares/Third_Party/FreeRTOS/Source/queue.o
                0x08007714                xQueueGenericSend
 .text.xQueueGiveFromISR
                0x08007928      0x130 ./Middlewares/Third_Party/FreeRTOS/Source/queue.o
                0x08007928                xQueueGiveFromISR
 .text.xQueueSemaphoreTake
                0x08007a58      0x230 ./Middlewares/Third_Party/FreeRTOS/Source/queue.o
                0x08007a58                xQueueSemaphoreTake
 .text.xQueueReceiveFromISR
                0x08007c88      0x110 ./Middlewares/Third_Party/FreeRTOS/Source/queue.o
                0x08007c88                xQueueReceiveFromISR
 .text.prvGetDisinheritPriorityAfterTimeout
                0x08007d98       0x30 ./Middlewares/Third_Party/FreeRTOS/Source/queue.o
 .text.prvCopyDataToQueue
                0x08007dc8       0xd4 ./Middlewares/Third_Party/FreeRTOS/Source/queue.o
 .text.prvCopyDataFromQueue
                0x08007e9c       0x4c ./Middlewares/Third_Party/FreeRTOS/Source/queue.o
 .text.prvUnlockQueue
                0x08007ee8       0xa4 ./Middlewares/Third_Party/FreeRTOS/Source/queue.o
 .text.prvIsQueueEmpty
                0x08007f8c       0x2c ./Middlewares/Third_Party/FreeRTOS/Source/queue.o
 .text.prvIsQueueFull
                0x08007fb8       0x30 ./Middlewares/Third_Party/FreeRTOS/Source/queue.o
 .text.xTaskCreateStatic
                0x08007fe8       0xcc ./Middlewares/Third_Party/FreeRTOS/Source/tasks.o
                0x08007fe8                xTaskCreateStatic
 .text.xTaskCreate
                0x080080b4       0x8a ./Middlewares/Third_Party/FreeRTOS/Source/tasks.o
                0x080080b4                xTaskCreate
 .text.prvInitialiseNewTask
                0x0800813e      0x114 ./Middlewares/Third_Party/FreeRTOS/Source/tasks.o
 *fill*         0x08008252        0x2 
 .text.prvAddNewTaskToReadyList
                0x08008254       0xd4 ./Middlewares/Third_Party/FreeRTOS/Source/tasks.o
 .text.vTaskDelay
                0x08008328       0x70 ./Middlewares/Third_Party/FreeRTOS/Source/tasks.o
                0x08008328                vTaskDelay
 .text.vTaskStartScheduler
                0x08008398       0xcc ./Middlewares/Third_Party/FreeRTOS/Source/tasks.o
                0x08008398                vTaskStartScheduler
 .text.vTaskSuspendAll
                0x08008464       0x1c ./Middlewares/Third_Party/FreeRTOS/Source/tasks.o
                0x08008464                vTaskSuspendAll
 .text.xTaskResumeAll
                0x08008480      0x140 ./Middlewares/Third_Party/FreeRTOS/Source/tasks.o
                0x08008480                xTaskResumeAll
 .text.xTaskIncrementTick
                0x080085c0      0x178 ./Middlewares/Third_Party/FreeRTOS/Source/tasks.o
                0x080085c0                xTaskIncrementTick
 .text.vTaskSwitchContext
                0x08008738       0xbc ./Middlewares/Third_Party/FreeRTOS/Source/tasks.o
                0x08008738                vTaskSwitchContext
 .text.vTaskPlaceOnEventList
                0x080087f4       0x50 ./Middlewares/Third_Party/FreeRTOS/Source/tasks.o
                0x080087f4                vTaskPlaceOnEventList
 .text.xTaskRemoveFromEventList
                0x08008844       0xcc ./Middlewares/Third_Party/FreeRTOS/Source/tasks.o
                0x08008844                xTaskRemoveFromEventList
 .text.vTaskInternalSetTimeOutState
                0x08008910       0x2c ./Middlewares/Third_Party/FreeRTOS/Source/tasks.o
                0x08008910                vTaskInternalSetTimeOutState
 .text.xTaskCheckForTimeOut
                0x0800893c       0xd0 ./Middlewares/Third_Party/FreeRTOS/Source/tasks.o
                0x0800893c                xTaskCheckForTimeOut
 .text.vTaskMissedYield
                0x08008a0c       0x18 ./Middlewares/Third_Party/FreeRTOS/Source/tasks.o
                0x08008a0c                vTaskMissedYield
 .text.prvIdleTask
                0x08008a24       0x30 ./Middlewares/Third_Party/FreeRTOS/Source/tasks.o
 .text.prvInitialiseTaskLists
                0x08008a54       0x80 ./Middlewares/Third_Party/FreeRTOS/Source/tasks.o
 .text.prvCheckTasksWaitingTermination
                0x08008ad4       0x5c ./Middlewares/Third_Party/FreeRTOS/Source/tasks.o
 .text.prvDeleteTCB
                0x08008b30       0x64 ./Middlewares/Third_Party/FreeRTOS/Source/tasks.o
 .text.prvResetNextTaskUnblockTime
                0x08008b94       0x40 ./Middlewares/Third_Party/FreeRTOS/Source/tasks.o
 .text.xTaskGetSchedulerState
                0x08008bd4       0x3c ./Middlewares/Third_Party/FreeRTOS/Source/tasks.o
                0x08008bd4                xTaskGetSchedulerState
 .text.xTaskPriorityInherit
                0x08008c10      0x100 ./Middlewares/Third_Party/FreeRTOS/Source/tasks.o
                0x08008c10                xTaskPriorityInherit
 .text.xTaskPriorityDisinherit
                0x08008d10      0x118 ./Middlewares/Third_Party/FreeRTOS/Source/tasks.o
                0x08008d10                xTaskPriorityDisinherit
 .text.vTaskPriorityDisinheritAfterTimeout
                0x08008e28      0x140 ./Middlewares/Third_Party/FreeRTOS/Source/tasks.o
                0x08008e28                vTaskPriorityDisinheritAfterTimeout
 .text.pvTaskIncrementMutexHeldCount
                0x08008f68       0x28 ./Middlewares/Third_Party/FreeRTOS/Source/tasks.o
                0x08008f68                pvTaskIncrementMutexHeldCount
 .text.prvAddCurrentTaskToDelayedList
                0x08008f90       0xcc ./Middlewares/Third_Party/FreeRTOS/Source/tasks.o
 .text.pxPortInitialiseStack
                0x0800905c       0x68 ./Middlewares/Third_Party/FreeRTOS/Source/portable/GCC/ARM_CM7/r0p1/port.o
                0x0800905c                pxPortInitialiseStack
 .text.prvTaskExitError
                0x080090c4       0x64 ./Middlewares/Third_Party/FreeRTOS/Source/portable/GCC/ARM_CM7/r0p1/port.o
 *fill*         0x08009128        0x8 
 .text.SVC_Handler
                0x08009130       0x28 ./Middlewares/Third_Party/FreeRTOS/Source/portable/GCC/ARM_CM7/r0p1/port.o
                0x08009130                SVC_Handler
 .text.prvPortStartFirstTask
                0x08009158       0x28 ./Middlewares/Third_Party/FreeRTOS/Source/portable/GCC/ARM_CM7/r0p1/port.o
 .text.xPortStartScheduler
                0x08009180       0xfc ./Middlewares/Third_Party/FreeRTOS/Source/portable/GCC/ARM_CM7/r0p1/port.o
                0x08009180                xPortStartScheduler
 .text.vPortEnterCritical
                0x0800927c       0x6c ./Middlewares/Third_Party/FreeRTOS/Source/portable/GCC/ARM_CM7/r0p1/port.o
                0x0800927c                vPortEnterCritical
 .text.vPortExitCritical
                0x080092e8       0x58 ./Middlewares/Third_Party/FreeRTOS/Source/portable/GCC/ARM_CM7/r0p1/port.o
                0x080092e8                vPortExitCritical
 .text.PendSV_Handler
                0x08009340       0x68 ./Middlewares/Third_Party/FreeRTOS/Source/portable/GCC/ARM_CM7/r0p1/port.o
                0x08009340                PendSV_Handler
 .text.SysTick_Handler
                0x080093a8       0x48 ./Middlewares/Third_Party/FreeRTOS/Source/portable/GCC/ARM_CM7/r0p1/port.o
                0x080093a8                SysTick_Handler
 .text.vPortSetupTimerInterrupt
                0x080093f0       0x48 ./Middlewares/Third_Party/FreeRTOS/Source/portable/GCC/ARM_CM7/r0p1/port.o
                0x080093f0                vPortSetupTimerInterrupt
 .text.vPortEnableVFP
                0x08009438       0x14 ./Middlewares/Third_Party/FreeRTOS/Source/portable/GCC/ARM_CM7/r0p1/port.o
 .text.vPortValidateInterruptPriority
                0x0800944c       0x8c ./Middlewares/Third_Party/FreeRTOS/Source/portable/GCC/ARM_CM7/r0p1/port.o
                0x0800944c                vPortValidateInterruptPriority
 .text.pvPortMalloc
                0x080094d8      0x19c ./Middlewares/Third_Party/FreeRTOS/Source/portable/MemMang/heap_4.o
                0x080094d8                pvPortMalloc
 .text.vPortFree
                0x08009674       0xc0 ./Middlewares/Third_Party/FreeRTOS/Source/portable/MemMang/heap_4.o
                0x08009674                vPortFree
 .text.prvHeapInit
                0x08009734       0xc4 ./Middlewares/Third_Party/FreeRTOS/Source/portable/MemMang/heap_4.o
 .text.prvInsertBlockIntoFreeList
                0x080097f8       0xb4 ./Middlewares/Third_Party/FreeRTOS/Source/portable/MemMang/heap_4.o
 .text.sprintf  0x080098ac       0x44 C:/ST/STM32CubeIDE_1.17.0/STM32CubeIDE/plugins/com.st.stm32cube.ide.mcu.externaltools.gnu-tools-for-stm32.13.3.rel1.win32_1.0.0.202411081344/tools/bin/../lib/gcc/arm-none-eabi/13.3.1/../../../../arm-none-eabi/lib/thumb/v7e-m+fp/hard\libc_nano.a(libc_a-sprintf.o)
                0x080098ac                siprintf
                0x080098ac                sprintf
 .text.memset   0x080098f0       0x10 C:/ST/STM32CubeIDE_1.17.0/STM32CubeIDE/plugins/com.st.stm32cube.ide.mcu.externaltools.gnu-tools-for-stm32.13.3.rel1.win32_1.0.0.202411081344/tools/bin/../lib/gcc/arm-none-eabi/13.3.1/../../../../arm-none-eabi/lib/thumb/v7e-m+fp/hard\libc_nano.a(libc_a-memset.o)
                0x080098f0                memset
 .text.__errno  0x08009900        0xc C:/ST/STM32CubeIDE_1.17.0/STM32CubeIDE/plugins/com.st.stm32cube.ide.mcu.externaltools.gnu-tools-for-stm32.13.3.rel1.win32_1.0.0.202411081344/tools/bin/../lib/gcc/arm-none-eabi/13.3.1/../../../../arm-none-eabi/lib/thumb/v7e-m+fp/hard\libc_nano.a(libc_a-errno.o)
                0x08009900                __errno
 .text.__libc_init_array
                0x0800990c       0x48 C:/ST/STM32CubeIDE_1.17.0/STM32CubeIDE/plugins/com.st.stm32cube.ide.mcu.externaltools.gnu-tools-for-stm32.13.3.rel1.win32_1.0.0.202411081344/tools/bin/../lib/gcc/arm-none-eabi/13.3.1/../../../../arm-none-eabi/lib/thumb/v7e-m+fp/hard\libc_nano.a(libc_a-init.o)
                0x0800990c                __libc_init_array
 .text.__retarget_lock_acquire_recursive
                0x08009954        0x2 C:/ST/STM32CubeIDE_1.17.0/STM32CubeIDE/plugins/com.st.stm32cube.ide.mcu.externaltools.gnu-tools-for-stm32.13.3.rel1.win32_1.0.0.202411081344/tools/bin/../lib/gcc/arm-none-eabi/13.3.1/../../../../arm-none-eabi/lib/thumb/v7e-m+fp/hard\libc_nano.a(libc_a-lock.o)
                0x08009954                __retarget_lock_acquire_recursive
 .text.__retarget_lock_release_recursive
                0x08009956        0x2 C:/ST/STM32CubeIDE_1.17.0/STM32CubeIDE/plugins/com.st.stm32cube.ide.mcu.externaltools.gnu-tools-for-stm32.13.3.rel1.win32_1.0.0.202411081344/tools/bin/../lib/gcc/arm-none-eabi/13.3.1/../../../../arm-none-eabi/lib/thumb/v7e-m+fp/hard\libc_nano.a(libc_a-lock.o)
                0x08009956                __retarget_lock_release_recursive
 .text.memcpy   0x08009958       0x1c C:/ST/STM32CubeIDE_1.17.0/STM32CubeIDE/plugins/com.st.stm32cube.ide.mcu.externaltools.gnu-tools-for-stm32.13.3.rel1.win32_1.0.0.202411081344/tools/bin/../lib/gcc/arm-none-eabi/13.3.1/../../../../arm-none-eabi/lib/thumb/v7e-m+fp/hard\libc_nano.a(libc_a-memcpy-stub.o)
                0x08009958                memcpy
 .text._free_r  0x08009974       0x94 C:/ST/STM32CubeIDE_1.17.0/STM32CubeIDE/plugins/com.st.stm32cube.ide.mcu.externaltools.gnu-tools-for-stm32.13.3.rel1.win32_1.0.0.202411081344/tools/bin/../lib/gcc/arm-none-eabi/13.3.1/../../../../arm-none-eabi/lib/thumb/v7e-m+fp/hard\libc_nano.a(libc_a-freer.o)
                0x08009974                _free_r
 .text.sbrk_aligned
                0x08009a08       0x44 C:/ST/STM32CubeIDE_1.17.0/STM32CubeIDE/plugins/com.st.stm32cube.ide.mcu.externaltools.gnu-tools-for-stm32.13.3.rel1.win32_1.0.0.202411081344/tools/bin/../lib/gcc/arm-none-eabi/13.3.1/../../../../arm-none-eabi/lib/thumb/v7e-m+fp/hard\libc_nano.a(libc_a-mallocr.o)
 .text._malloc_r
                0x08009a4c      0x100 C:/ST/STM32CubeIDE_1.17.0/STM32CubeIDE/plugins/com.st.stm32cube.ide.mcu.externaltools.gnu-tools-for-stm32.13.3.rel1.win32_1.0.0.202411081344/tools/bin/../lib/gcc/arm-none-eabi/13.3.1/../../../../arm-none-eabi/lib/thumb/v7e-m+fp/hard\libc_nano.a(libc_a-mallocr.o)
                0x08009a4c                _malloc_r
 .text.__malloc_lock
                0x08009b4c        0xc C:/ST/STM32CubeIDE_1.17.0/STM32CubeIDE/plugins/com.st.stm32cube.ide.mcu.externaltools.gnu-tools-for-stm32.13.3.rel1.win32_1.0.0.202411081344/tools/bin/../lib/gcc/arm-none-eabi/13.3.1/../../../../arm-none-eabi/lib/thumb/v7e-m+fp/hard\libc_nano.a(libc_a-mlock.o)
                0x08009b4c                __malloc_lock
 .text.__malloc_unlock
                0x08009b58        0xc C:/ST/STM32CubeIDE_1.17.0/STM32CubeIDE/plugins/com.st.stm32cube.ide.mcu.externaltools.gnu-tools-for-stm32.13.3.rel1.win32_1.0.0.202411081344/tools/bin/../lib/gcc/arm-none-eabi/13.3.1/../../../../arm-none-eabi/lib/thumb/v7e-m+fp/hard\libc_nano.a(libc_a-mlock.o)
                0x08009b58                __malloc_unlock
 .text.__ssputs_r
                0x08009b64       0xb6 C:/ST/STM32CubeIDE_1.17.0/STM32CubeIDE/plugins/com.st.stm32cube.ide.mcu.externaltools.gnu-tools-for-stm32.13.3.rel1.win32_1.0.0.202411081344/tools/bin/../lib/gcc/arm-none-eabi/13.3.1/../../../../arm-none-eabi/lib/thumb/v7e-m+fp/hard\libc_nano.a(libc_a-nano-svfprintf.o)
                0x08009b64                __ssputs_r
 *fill*         0x08009c1a        0x2 
 .text._svfprintf_r
                0x08009c1c      0x1f8 C:/ST/STM32CubeIDE_1.17.0/STM32CubeIDE/plugins/com.st.stm32cube.ide.mcu.externaltools.gnu-tools-for-stm32.13.3.rel1.win32_1.0.0.202411081344/tools/bin/../lib/gcc/arm-none-eabi/13.3.1/../../../../arm-none-eabi/lib/thumb/v7e-m+fp/hard\libc_nano.a(libc_a-nano-svfprintf.o)
                0x08009c1c                _svfiprintf_r
                0x08009c1c                _svfprintf_r
 .text._printf_common
                0x08009e14       0xda C:/ST/STM32CubeIDE_1.17.0/STM32CubeIDE/plugins/com.st.stm32cube.ide.mcu.externaltools.gnu-tools-for-stm32.13.3.rel1.win32_1.0.0.202411081344/tools/bin/../lib/gcc/arm-none-eabi/13.3.1/../../../../arm-none-eabi/lib/thumb/v7e-m+fp/hard\libc_nano.a(libc_a-nano-vfprintf_i.o)
                0x08009e14                _printf_common
 *fill*         0x08009eee        0x2 
 .text._printf_i
                0x08009ef0      0x23c C:/ST/STM32CubeIDE_1.17.0/STM32CubeIDE/plugins/com.st.stm32cube.ide.mcu.externaltools.gnu-tools-for-stm32.13.3.rel1.win32_1.0.0.202411081344/tools/bin/../lib/gcc/arm-none-eabi/13.3.1/../../../../arm-none-eabi/lib/thumb/v7e-m+fp/hard\libc_nano.a(libc_a-nano-vfprintf_i.o)
                0x08009ef0                _printf_i
 .text.memmove  0x0800a12c       0x34 C:/ST/STM32CubeIDE_1.17.0/STM32CubeIDE/plugins/com.st.stm32cube.ide.mcu.externaltools.gnu-tools-for-stm32.13.3.rel1.win32_1.0.0.202411081344/tools/bin/../lib/gcc/arm-none-eabi/13.3.1/../../../../arm-none-eabi/lib/thumb/v7e-m+fp/hard\libc_nano.a(libc_a-memmove.o)
                0x0800a12c                memmove
 .text._sbrk_r  0x0800a160       0x20 C:/ST/STM32CubeIDE_1.17.0/STM32CubeIDE/plugins/com.st.stm32cube.ide.mcu.externaltools.gnu-tools-for-stm32.13.3.rel1.win32_1.0.0.202411081344/tools/bin/../lib/gcc/arm-none-eabi/13.3.1/../../../../arm-none-eabi/lib/thumb/v7e-m+fp/hard\libc_nano.a(libc_a-sbrkr.o)
                0x0800a160                _sbrk_r
 .text._realloc_r
                0x0800a180       0x5c C:/ST/STM32CubeIDE_1.17.0/STM32CubeIDE/plugins/com.st.stm32cube.ide.mcu.externaltools.gnu-tools-for-stm32.13.3.rel1.win32_1.0.0.202411081344/tools/bin/../lib/gcc/arm-none-eabi/13.3.1/../../../../arm-none-eabi/lib/thumb/v7e-m+fp/hard\libc_nano.a(libc_a-reallocr.o)
                0x0800a180                _realloc_r
 .text._malloc_usable_size_r
                0x0800a1dc       0x10 C:/ST/STM32CubeIDE_1.17.0/STM32CubeIDE/plugins/com.st.stm32cube.ide.mcu.externaltools.gnu-tools-for-stm32.13.3.rel1.win32_1.0.0.202411081344/tools/bin/../lib/gcc/arm-none-eabi/13.3.1/../../../../arm-none-eabi/lib/thumb/v7e-m+fp/hard\libc_nano.a(libc_a-msizer.o)
                0x0800a1dc                _malloc_usable_size_r
 *(.glue_7)
 .glue_7        0x0800a1ec        0x0 linker stubs
 *(.glue_7t)
 .glue_7t       0x0800a1ec        0x0 linker stubs
 *(.eh_frame)
 .eh_frame      0x0800a1ec        0x0 C:/ST/STM32CubeIDE_1.17.0/STM32CubeIDE/plugins/com.st.stm32cube.ide.mcu.externaltools.gnu-tools-for-stm32.13.3.rel1.win32_1.0.0.202411081344/tools/bin/../lib/gcc/arm-none-eabi/13.3.1/thumb/v7e-m+fp/hard/crtbegin.o
 *(.init)
 .init          0x0800a1ec        0x4 C:/ST/STM32CubeIDE_1.17.0/STM32CubeIDE/plugins/com.st.stm32cube.ide.mcu.externaltools.gnu-tools-for-stm32.13.3.rel1.win32_1.0.0.202411081344/tools/bin/../lib/gcc/arm-none-eabi/13.3.1/thumb/v7e-m+fp/hard/crti.o
                0x0800a1ec                _init
 .init          0x0800a1f0        0x8 C:/ST/STM32CubeIDE_1.17.0/STM32CubeIDE/plugins/com.st.stm32cube.ide.mcu.externaltools.gnu-tools-for-stm32.13.3.rel1.win32_1.0.0.202411081344/tools/bin/../lib/gcc/arm-none-eabi/13.3.1/thumb/v7e-m+fp/hard/crtn.o
 *(.fini)
 .fini          0x0800a1f8        0x4 C:/ST/STM32CubeIDE_1.17.0/STM32CubeIDE/plugins/com.st.stm32cube.ide.mcu.externaltools.gnu-tools-for-stm32.13.3.rel1.win32_1.0.0.202411081344/tools/bin/../lib/gcc/arm-none-eabi/13.3.1/thumb/v7e-m+fp/hard/crti.o
                0x0800a1f8                _fini
 .fini          0x0800a1fc        0x8 C:/ST/STM32CubeIDE_1.17.0/STM32CubeIDE/plugins/com.st.stm32cube.ide.mcu.externaltools.gnu-tools-for-stm32.13.3.rel1.win32_1.0.0.202411081344/tools/bin/../lib/gcc/arm-none-eabi/13.3.1/thumb/v7e-m+fp/hard/crtn.o
                0x0800a204                        . = ALIGN (0x4)
                0x0800a204                        _etext = .

.vfp11_veneer   0x0800a204        0x0
 .vfp11_veneer  0x0800a204        0x0 linker stubs

.v4_bx          0x0800a204        0x0
 .v4_bx         0x0800a204        0x0 linker stubs

.iplt           0x0800a204        0x0
 .iplt          0x0800a204        0x0 C:/ST/STM32CubeIDE_1.17.0/STM32CubeIDE/plugins/com.st.stm32cube.ide.mcu.externaltools.gnu-tools-for-stm32.13.3.rel1.win32_1.0.0.202411081344/tools/bin/../lib/gcc/arm-none-eabi/13.3.1/thumb/v7e-m+fp/hard/crtbegin.o

.rodata         0x0800a204      0x18c
                0x0800a204                        . = ALIGN (0x4)
 *(.rodata)
 .rodata        0x0800a204       0x74 ./Core/Src/main.o
 .rodata        0x0800a278       0x44 ./Middlewares/Third_Party/FatFs/src/ff.o
 .rodata        0x0800a2bc        0x5 ./Middlewares/Third_Party/FreeRTOS/Source/tasks.o
 *(.rodata*)
 *fill*         0x0800a2c1        0x3 
 .rodata.AHBPrescTable
                0x0800a2c4       0x10 ./Core/Src/system_stm32f7xx.o
                0x0800a2c4                AHBPrescTable
 .rodata.APBPrescTable
                0x0800a2d4        0x8 ./Core/Src/system_stm32f7xx.o
                0x0800a2d4                APBPrescTable
 .rodata.ExCvt  0x0800a2dc       0x80 ./Middlewares/Third_Party/FatFs/src/ff.o
 .rodata._svfprintf_r.str1.1
                0x0800a35c       0x33 C:/ST/STM32CubeIDE_1.17.0/STM32CubeIDE/plugins/com.st.stm32cube.ide.mcu.externaltools.gnu-tools-for-stm32.13.3.rel1.win32_1.0.0.202411081344/tools/bin/../lib/gcc/arm-none-eabi/13.3.1/../../../../arm-none-eabi/lib/thumb/v7e-m+fp/hard\libc_nano.a(libc_a-nano-svfprintf.o)
                                 0x11 (size before relaxing)
 .rodata._printf_i.str1.1
                0x0800a38f       0x22 C:/ST/STM32CubeIDE_1.17.0/STM32CubeIDE/plugins/com.st.stm32cube.ide.mcu.externaltools.gnu-tools-for-stm32.13.3.rel1.win32_1.0.0.202411081344/tools/bin/../lib/gcc/arm-none-eabi/13.3.1/../../../../arm-none-eabi/lib/thumb/v7e-m+fp/hard\libc_nano.a(libc_a-nano-vfprintf_i.o)
                0x0800a3b4                        . = ALIGN (0x4)
 *fill*         0x0800a38f        0x1 

.ARM.extab      0x0800a390        0x0
                0x0800a390                        . = ALIGN (0x4)
 *(.ARM.extab* .gnu.linkonce.armextab.*)
                0x0800a390                        . = ALIGN (0x4)

.ARM            0x0800a390        0x8
                0x0800a390                        . = ALIGN (0x4)
                0x0800a390                        __exidx_start = .
 *(.ARM.exidx*)
 .ARM.exidx     0x0800a390        0x8 C:/ST/STM32CubeIDE_1.17.0/STM32CubeIDE/plugins/com.st.stm32cube.ide.mcu.externaltools.gnu-tools-for-stm32.13.3.rel1.win32_1.0.0.202411081344/tools/bin/../lib/gcc/arm-none-eabi/13.3.1/../../../../arm-none-eabi/lib/thumb/v7e-m+fp/hard\libc_nano.a(libc_a-strlen.o)
 .ARM.exidx     0x0800a398        0x0 C:/ST/STM32CubeIDE_1.17.0/STM32CubeIDE/plugins/com.st.stm32cube.ide.mcu.externaltools.gnu-tools-for-stm32.13.3.rel1.win32_1.0.0.202411081344/tools/bin/../lib/gcc/arm-none-eabi/13.3.1/../../../../arm-none-eabi/lib/thumb/v7e-m+fp/hard\libc_nano.a(libc_a-memchr.o)
                                  0x8 (size before relaxing)
 .ARM.exidx     0x0800a398        0x0 C:/ST/STM32CubeIDE_1.17.0/STM32CubeIDE/plugins/com.st.stm32cube.ide.mcu.externaltools.gnu-tools-for-stm32.13.3.rel1.win32_1.0.0.202411081344/tools/bin/../lib/gcc/arm-none-eabi/13.3.1/thumb/v7e-m+fp/hard\libgcc.a(_udivmoddi4.o)
                                  0x8 (size before relaxing)
                0x0800a398                        __exidx_end = .
                0x0800a398                        . = ALIGN (0x4)

.preinit_array  0x0800a398        0x0
                0x0800a398                        . = ALIGN (0x4)
                0x0800a398                        PROVIDE (__preinit_array_start = .)
 *(.preinit_array*)
                0x0800a398                        PROVIDE (__preinit_array_end = .)
                0x0800a398                        . = ALIGN (0x4)

.init_array     0x0800a398        0x4
                0x0800a398                        . = ALIGN (0x4)
                0x0800a398                        PROVIDE (__init_array_start = .)
 *(SORT_BY_NAME(.init_array.*))
 *(.init_array*)
 .init_array    0x0800a398        0x4 C:/ST/STM32CubeIDE_1.17.0/STM32CubeIDE/plugins/com.st.stm32cube.ide.mcu.externaltools.gnu-tools-for-stm32.13.3.rel1.win32_1.0.0.202411081344/tools/bin/../lib/gcc/arm-none-eabi/13.3.1/thumb/v7e-m+fp/hard/crtbegin.o
                0x0800a39c                        PROVIDE (__init_array_end = .)
                0x0800a39c                        . = ALIGN (0x4)

.fini_array     0x0800a39c        0x4
                0x0800a39c                        . = ALIGN (0x4)
                [!provide]                        PROVIDE (__fini_array_start = .)
 *(SORT_BY_NAME(.fini_array.*))
 *(.fini_array*)
 .fini_array    0x0800a39c        0x4 C:/ST/STM32CubeIDE_1.17.0/STM32CubeIDE/plugins/com.st.stm32cube.ide.mcu.externaltools.gnu-tools-for-stm32.13.3.rel1.win32_1.0.0.202411081344/tools/bin/../lib/gcc/arm-none-eabi/13.3.1/thumb/v7e-m+fp/hard/crtbegin.o
                [!provide]                        PROVIDE (__fini_array_end = .)
                0x0800a3a0                        . = ALIGN (0x4)
                0x0800a3a0                        _sidata = LOADADDR (.data)

.rel.dyn        0x0800a3a0        0x0
 .rel.iplt      0x0800a3a0        0x0 C:/ST/STM32CubeIDE_1.17.0/STM32CubeIDE/plugins/com.st.stm32cube.ide.mcu.externaltools.gnu-tools-for-stm32.13.3.rel1.win32_1.0.0.202411081344/tools/bin/../lib/gcc/arm-none-eabi/13.3.1/thumb/v7e-m+fp/hard/crtbegin.o

.data           0x20000000       0xbc load address 0x0800a3a0
                0x20000000                        . = ALIGN (0x4)
                0x20000000                        _sdata = .
 *(.data)
 *(.data*)
 .data.record_number
                0x20000000        0x4 ./Core/Src/main.o
                0x20000000                record_number
 .data.time_interval
                0x20000004        0x4 ./Core/Src/main.o
                0x20000004                time_interval
 .data.Ktn1     0x20000008        0x4 ./Core/Src/main.o
                0x20000008                Ktn1
 .data.Jn1      0x2000000c        0x4 ./Core/Src/main.o
                0x2000000c                Jn1
 .data.Kt1      0x20000010        0x4 ./Core/Src/main.o
                0x20000010                Kt1
 .data.Gdis1    0x20000014        0x4 ./Core/Src/main.o
                0x20000014                Gdis1
 .data.Grtob1   0x20000018        0x4 ./Core/Src/main.o
                0x20000018                Grtob1
 .data.Fint     0x2000001c        0x4 ./Core/Src/main.o
                0x2000001c                Fint
 .data.Ffric    0x20000020        0x4 ./Core/Src/main.o
                0x20000020                Ffric
 .data.gear_ratio
                0x20000024        0x4 ./Core/Src/main.o
                0x20000024                gear_ratio
 .data.Icmd2    0x20000028        0x4 ./Core/Src/main.o
                0x20000028                Icmd2
 .data.Ktn2     0x2000002c        0x4 ./Core/Src/main.o
                0x2000002c                Ktn2
 .data.Jn2      0x20000030        0x4 ./Core/Src/main.o
                0x20000030                Jn2
 .data.Gdis2    0x20000034        0x4 ./Core/Src/main.o
                0x20000034                Gdis2
 .data.Kt2      0x20000038        0x4 ./Core/Src/main.o
                0x20000038                Kt2
 .data.denominator2
                0x2000003c        0x4 ./Core/Src/main.o
                0x2000003c                denominator2
 .data.Set_Accelaration1
                0x20000040        0x4 ./Core/Src/main.o
                0x20000040                Set_Accelaration1
 .data.dt_s     0x20000044        0x4 ./Core/Src/main.o
                0x20000044                dt_s
 .data.SystemCoreClock
                0x20000048        0x4 ./Core/Src/system_stm32f7xx.o
                0x20000048                SystemCoreClock
 .data.uwTickPrio
                0x2000004c        0x4 ./Drivers/STM32F7xx_HAL_Driver/Src/stm32f7xx_hal.o
                0x2000004c                uwTickPrio
 .data.uwTickFreq
                0x20000050        0x1 ./Drivers/STM32F7xx_HAL_Driver/Src/stm32f7xx_hal.o
                0x20000050                uwTickFreq
 .data.Stat     0x20000051        0x1 ./FATFS/Target/user_diskio.o
 *fill*         0x20000052        0x2 
 .data.USER_Driver
                0x20000054       0x14 ./FATFS/Target/user_diskio.o
                0x20000054                USER_Driver
 .data.uxCriticalNesting
                0x20000068        0x4 ./Middlewares/Third_Party/FreeRTOS/Source/portable/GCC/ARM_CM7/r0p1/port.o
 .data._impure_ptr
                0x2000006c        0x4 C:/ST/STM32CubeIDE_1.17.0/STM32CubeIDE/plugins/com.st.stm32cube.ide.mcu.externaltools.gnu-tools-for-stm32.13.3.rel1.win32_1.0.0.202411081344/tools/bin/../lib/gcc/arm-none-eabi/13.3.1/../../../../arm-none-eabi/lib/thumb/v7e-m+fp/hard\libc_nano.a(libc_a-impure.o)
                0x2000006c                _impure_ptr
 .data._impure_data
                0x20000070       0x4c C:/ST/STM32CubeIDE_1.17.0/STM32CubeIDE/plugins/com.st.stm32cube.ide.mcu.externaltools.gnu-tools-for-stm32.13.3.rel1.win32_1.0.0.202411081344/tools/bin/../lib/gcc/arm-none-eabi/13.3.1/../../../../arm-none-eabi/lib/thumb/v7e-m+fp/hard\libc_nano.a(libc_a-impure.o)
                0x20000070                _impure_data
 *(.RamFunc)
 *(.RamFunc*)
                0x200000bc                        . = ALIGN (0x4)
                0x200000bc                        _edata = .

.igot.plt       0x200000bc        0x0 load address 0x0800a45c
 .igot.plt      0x200000bc        0x0 C:/ST/STM32CubeIDE_1.17.0/STM32CubeIDE/plugins/com.st.stm32cube.ide.mcu.externaltools.gnu-tools-for-stm32.13.3.rel1.win32_1.0.0.202411081344/tools/bin/../lib/gcc/arm-none-eabi/13.3.1/thumb/v7e-m+fp/hard/crtbegin.o
                0x200000bc                        . = ALIGN (0x4)

.bss            0x200000bc     0x5c24 load address 0x0800a45c
                0x200000bc                        _sbss = .
                0x200000bc                        __bss_start__ = _sbss
 *(.bss)
 .bss           0x200000bc       0x1c C:/ST/STM32CubeIDE_1.17.0/STM32CubeIDE/plugins/com.st.stm32cube.ide.mcu.externaltools.gnu-tools-for-stm32.13.3.rel1.win32_1.0.0.202411081344/tools/bin/../lib/gcc/arm-none-eabi/13.3.1/thumb/v7e-m+fp/hard/crtbegin.o
 *(.bss*)
 .bss.xIdleTaskTCBBuffer
                0x200000d8       0x54 ./Core/Src/freertos.o
 .bss.xIdleStack
                0x2000012c      0x200 ./Core/Src/freertos.o
 .bss.hdac      0x2000032c       0x14 ./Core/Src/main.o
                0x2000032c                hdac
 .bss.hspi4     0x20000340       0x64 ./Core/Src/main.o
                0x20000340                hspi4
 .bss.htim1     0x200003a4       0x4c ./Core/Src/main.o
                0x200003a4                htim1
 .bss.htim2     0x200003f0       0x4c ./Core/Src/main.o
                0x200003f0                htim2
 .bss.htim4     0x2000043c       0x4c ./Core/Src/main.o
                0x2000043c                htim4
 .bss.htim13    0x20000488       0x4c ./Core/Src/main.o
                0x20000488                htim13
 .bss.RecordHandle
                0x200004d4        0x4 ./Core/Src/main.o
                0x200004d4                RecordHandle
 .bss.MainControllerHandle
                0x200004d8        0x4 ./Core/Src/main.o
                0x200004d8                MainControllerHandle
 .bss.MainTaskCount
                0x200004dc        0x4 ./Core/Src/main.o
                0x200004dc                MainTaskCount
 .bss.RecordTaskCount
                0x200004e0        0x4 ./Core/Src/main.o
                0x200004e0                RecordTaskCount
 .bss.encoder_ticks
                0x200004e4        0x4 ./Core/Src/main.o
                0x200004e4                encoder_ticks
 .bss.encoder_ticks2
                0x200004e8        0x4 ./Core/Src/main.o
                0x200004e8                encoder_ticks2
 .bss.MainloopCount
                0x200004ec        0x4 ./Core/Src/main.o
                0x200004ec                MainloopCount
 .bss.SDCardCount
                0x200004f0        0x4 ./Core/Src/main.o
                0x200004f0                SDCardCount
 .bss.communicationError
                0x200004f4        0x4 ./Core/Src/main.o
                0x200004f4                communicationError
 .bss.time_start
                0x200004f8        0x4 ./Core/Src/main.o
                0x200004f8                time_start
 .bss.time_end  0x200004fc        0x4 ./Core/Src/main.o
                0x200004fc                time_end
 .bss.secondFromStart
                0x20000500        0x4 ./Core/Src/main.o
                0x20000500                secondFromStart
 .bss.fil       0x20000504     0x1030 ./Core/Src/main.o
                0x20000504                fil
 .bss.buffer    0x20001534      0x800 ./Core/Src/main.o
                0x20001534                buffer
 .bss.EncoderUpdated
                0x20001d34        0x4 ./Core/Src/main.o
                0x20001d34                EncoderUpdated
 .bss.SDCardRecordMode
                0x20001d38        0x4 ./Core/Src/main.o
                0x20001d38                SDCardRecordMode
 .bss.theta1    0x20001d3c        0x4 ./Core/Src/main.o
                0x20001d3c                theta1
 .bss.theta2    0x20001d40        0x4 ./Core/Src/main.o
                0x20001d40                theta2
 .bss.theta1_prev
                0x20001d44        0x4 ./Core/Src/main.o
                0x20001d44                theta1_prev
 .bss.theta2_prev
                0x20001d48        0x4 ./Core/Src/main.o
                0x20001d48                theta2_prev
 .bss.velocity1
                0x20001d4c        0x4 ./Core/Src/main.o
                0x20001d4c                velocity1
 .bss.velocity2
                0x20001d50        0x4 ./Core/Src/main.o
                0x20001d50                velocity2
 .bss.velocity1_prev
                0x20001d54        0x4 ./Core/Src/main.o
                0x20001d54                velocity1_prev
 .bss.velocity2_prev
                0x20001d58        0x4 ./Core/Src/main.o
                0x20001d58                velocity2_prev
 .bss.velocity1Filtered
                0x20001d5c        0x4 ./Core/Src/main.o
                0x20001d5c                velocity1Filtered
 .bss.velocity2Filtered
                0x20001d60        0x4 ./Core/Src/main.o
                0x20001d60                velocity2Filtered
 .bss.acceleration1
                0x20001d64        0x4 ./Core/Src/main.o
                0x20001d64                acceleration1
 .bss.acceleration2
                0x20001d68        0x4 ./Core/Src/main.o
                0x20001d68                acceleration2
 .bss.Icmd1     0x20001d6c        0x4 ./Core/Src/main.o
                0x20001d6c                Icmd1
 .bss.Motor1DirB
                0x20001d70        0x4 ./Core/Src/main.o
                0x20001d70                Motor1DirB
 .bss.inertia_term
                0x20001d74        0x4 ./Core/Src/main.o
                0x20001d74                inertia_term
 .bss.motor_torque
                0x20001d78        0x4 ./Core/Src/main.o
                0x20001d78                motor_torque
 .bss.velocity_disturbance
                0x20001d7c        0x4 ./Core/Src/main.o
                0x20001d7c                velocity_disturbance
 .bss.InputForFilterDOB
                0x20001d80        0x4 ./Core/Src/main.o
                0x20001d80                InputForFilterDOB
 .bss.FilteredInputForFilterDOB
                0x20001d84        0x4 ./Core/Src/main.o
                0x20001d84                FilteredInputForFilterDOB
 .bss.FilteredInputForFilterDOBPrev
                0x20001d88        0x4 ./Core/Src/main.o
                0x20001d88                FilteredInputForFilterDOBPrev
 .bss.Text1Filtered
                0x20001d8c        0x4 ./Core/Src/main.o
                0x20001d8c                Text1Filtered
 .bss.Text1Filteredprev
                0x20001d90        0x4 ./Core/Src/main.o
                0x20001d90                Text1Filteredprev
 .bss.inertia_term2
                0x20001d94        0x4 ./Core/Src/main.o
                0x20001d94                inertia_term2
 .bss.Idis2     0x20001d98        0x4 ./Core/Src/main.o
                0x20001d98                Idis2
 .bss.Tdis2     0x20001d9c        0x4 ./Core/Src/main.o
                0x20001d9c                Tdis2
 .bss.motor_torque2
                0x20001da0        0x4 ./Core/Src/main.o
                0x20001da0                motor_torque2
 .bss.velocity_disturbance2
                0x20001da4        0x4 ./Core/Src/main.o
                0x20001da4                velocity_disturbance2
 .bss.numerator2
                0x20001da8        0x4 ./Core/Src/main.o
                0x20001da8                numerator2
 .bss.velocity_correction2
                0x20001dac        0x4 ./Core/Src/main.o
                0x20001dac                velocity_correction2
 .bss.Tdis1     0x20001db0        0x4 ./Core/Src/main.o
                0x20001db0                Tdis1
 .bss.Idis1     0x20001db4        0x4 ./Core/Src/main.o
                0x20001db4                Idis1
 .bss.ENABLEmOTOR
                0x20001db8        0x2 ./Core/Src/main.o
                0x20001db8                ENABLEmOTOR
 *fill*         0x20001dba        0x2 
 .bss.htim5     0x20001dbc       0x4c ./Core/Src/stm32f7xx_hal_timebase_tim.o
                0x20001dbc                htim5
 .bss.__sbrk_heap_end
                0x20001e08        0x4 ./Core/Src/sysmem.o
 .bss.uwTick    0x20001e0c        0x4 ./Drivers/STM32F7xx_HAL_Driver/Src/stm32f7xx_hal.o
                0x20001e0c                uwTick
 .bss.retUSER   0x20001e10        0x1 ./FATFS/App/fatfs.o
                0x20001e10                retUSER
 *fill*         0x20001e11        0x3 
 .bss.USERPath  0x20001e14        0x4 ./FATFS/App/fatfs.o
                0x20001e14                USERPath
 .bss.FatFs     0x20001e18        0x4 ./Middlewares/Third_Party/FatFs/src/ff.o
 .bss.Fsid      0x20001e1c        0x2 ./Middlewares/Third_Party/FatFs/src/ff.o
 *fill*         0x20001e1e        0x2 
 .bss.Files     0x20001e20       0x20 ./Middlewares/Third_Party/FatFs/src/ff.o
 .bss.disk      0x20001e40        0xc ./Middlewares/Third_Party/FatFs/src/ff_gen_drv.o
                0x20001e40                disk
 .bss.pxCurrentTCB
                0x20001e4c        0x4 ./Middlewares/Third_Party/FreeRTOS/Source/tasks.o
                0x20001e4c                pxCurrentTCB
 .bss.pxReadyTasksLists
                0x20001e50       0x8c ./Middlewares/Third_Party/FreeRTOS/Source/tasks.o
 .bss.xDelayedTaskList1
                0x20001edc       0x14 ./Middlewares/Third_Party/FreeRTOS/Source/tasks.o
 .bss.xDelayedTaskList2
                0x20001ef0       0x14 ./Middlewares/Third_Party/FreeRTOS/Source/tasks.o
 .bss.pxDelayedTaskList
                0x20001f04        0x4 ./Middlewares/Third_Party/FreeRTOS/Source/tasks.o
 .bss.pxOverflowDelayedTaskList
                0x20001f08        0x4 ./Middlewares/Third_Party/FreeRTOS/Source/tasks.o
 .bss.xPendingReadyList
                0x20001f0c       0x14 ./Middlewares/Third_Party/FreeRTOS/Source/tasks.o
 .bss.xTasksWaitingTermination
                0x20001f20       0x14 ./Middlewares/Third_Party/FreeRTOS/Source/tasks.o
 .bss.uxDeletedTasksWaitingCleanUp
                0x20001f34        0x4 ./Middlewares/Third_Party/FreeRTOS/Source/tasks.o
 .bss.xSuspendedTaskList
                0x20001f38       0x14 ./Middlewares/Third_Party/FreeRTOS/Source/tasks.o
 .bss.uxCurrentNumberOfTasks
                0x20001f4c        0x4 ./Middlewares/Third_Party/FreeRTOS/Source/tasks.o
 .bss.xTickCount
                0x20001f50        0x4 ./Middlewares/Third_Party/FreeRTOS/Source/tasks.o
 .bss.uxTopReadyPriority
                0x20001f54        0x4 ./Middlewares/Third_Party/FreeRTOS/Source/tasks.o
 .bss.xSchedulerRunning
                0x20001f58        0x4 ./Middlewares/Third_Party/FreeRTOS/Source/tasks.o
 .bss.uxPendedTicks
                0x20001f5c        0x4 ./Middlewares/Third_Party/FreeRTOS/Source/tasks.o
 .bss.xYieldPending
                0x20001f60        0x4 ./Middlewares/Third_Party/FreeRTOS/Source/tasks.o
 .bss.xNumOfOverflows
                0x20001f64        0x4 ./Middlewares/Third_Party/FreeRTOS/Source/tasks.o
 .bss.uxTaskNumber
                0x20001f68        0x4 ./Middlewares/Third_Party/FreeRTOS/Source/tasks.o
 .bss.xNextTaskUnblockTime
                0x20001f6c        0x4 ./Middlewares/Third_Party/FreeRTOS/Source/tasks.o
 .bss.xIdleTaskHandle
                0x20001f70        0x4 ./Middlewares/Third_Party/FreeRTOS/Source/tasks.o
 .bss.uxSchedulerSuspended
                0x20001f74        0x4 ./Middlewares/Third_Party/FreeRTOS/Source/tasks.o
 .bss.ucMaxSysCallPriority
                0x20001f78        0x1 ./Middlewares/Third_Party/FreeRTOS/Source/portable/GCC/ARM_CM7/r0p1/port.o
 *fill*         0x20001f79        0x3 
 .bss.ulMaxPRIGROUPValue
                0x20001f7c        0x4 ./Middlewares/Third_Party/FreeRTOS/Source/portable/GCC/ARM_CM7/r0p1/port.o
 .bss.ucHeap    0x20001f80     0x3c00 ./Middlewares/Third_Party/FreeRTOS/Source/portable/MemMang/heap_4.o
 .bss.xStart    0x20005b80        0x8 ./Middlewares/Third_Party/FreeRTOS/Source/portable/MemMang/heap_4.o
 .bss.pxEnd     0x20005b88        0x4 ./Middlewares/Third_Party/FreeRTOS/Source/portable/MemMang/heap_4.o
 .bss.xFreeBytesRemaining
                0x20005b8c        0x4 ./Middlewares/Third_Party/FreeRTOS/Source/portable/MemMang/heap_4.o
 .bss.xMinimumEverFreeBytesRemaining
                0x20005b90        0x4 ./Middlewares/Third_Party/FreeRTOS/Source/portable/MemMang/heap_4.o
 .bss.xBlockAllocatedBit
                0x20005b94        0x4 ./Middlewares/Third_Party/FreeRTOS/Source/portable/MemMang/heap_4.o
 .bss.__sf      0x20005b98      0x138 C:/ST/STM32CubeIDE_1.17.0/STM32CubeIDE/plugins/com.st.stm32cube.ide.mcu.externaltools.gnu-tools-for-stm32.13.3.rel1.win32_1.0.0.202411081344/tools/bin/../lib/gcc/arm-none-eabi/13.3.1/../../../../arm-none-eabi/lib/thumb/v7e-m+fp/hard\libc_nano.a(libc_a-findfp.o)
                0x20005b98                __sf
 .bss.errno     0x20005cd0        0x4 C:/ST/STM32CubeIDE_1.17.0/STM32CubeIDE/plugins/com.st.stm32cube.ide.mcu.externaltools.gnu-tools-for-stm32.13.3.rel1.win32_1.0.0.202411081344/tools/bin/../lib/gcc/arm-none-eabi/13.3.1/../../../../arm-none-eabi/lib/thumb/v7e-m+fp/hard\libc_nano.a(libc_a-reent.o)
                0x20005cd0                errno
 .bss.__lock___malloc_recursive_mutex
                0x20005cd4        0x1 C:/ST/STM32CubeIDE_1.17.0/STM32CubeIDE/plugins/com.st.stm32cube.ide.mcu.externaltools.gnu-tools-for-stm32.13.3.rel1.win32_1.0.0.202411081344/tools/bin/../lib/gcc/arm-none-eabi/13.3.1/../../../../arm-none-eabi/lib/thumb/v7e-m+fp/hard\libc_nano.a(libc_a-lock.o)
                0x20005cd4                __lock___malloc_recursive_mutex
 *fill*         0x20005cd5        0x3 
 .bss.__malloc_sbrk_start
                0x20005cd8        0x4 C:/ST/STM32CubeIDE_1.17.0/STM32CubeIDE/plugins/com.st.stm32cube.ide.mcu.externaltools.gnu-tools-for-stm32.13.3.rel1.win32_1.0.0.202411081344/tools/bin/../lib/gcc/arm-none-eabi/13.3.1/../../../../arm-none-eabi/lib/thumb/v7e-m+fp/hard\libc_nano.a(libc_a-mallocr.o)
                0x20005cd8                __malloc_sbrk_start
 .bss.__malloc_free_list
                0x20005cdc        0x4 C:/ST/STM32CubeIDE_1.17.0/STM32CubeIDE/plugins/com.st.stm32cube.ide.mcu.externaltools.gnu-tools-for-stm32.13.3.rel1.win32_1.0.0.202411081344/tools/bin/../lib/gcc/arm-none-eabi/13.3.1/../../../../arm-none-eabi/lib/thumb/v7e-m+fp/hard\libc_nano.a(libc_a-mallocr.o)
                0x20005cdc                __malloc_free_list
 *(COMMON)
                0x20005ce0                        . = ALIGN (0x4)
                0x20005ce0                        _ebss = .
                0x20005ce0                        __bss_end__ = _ebss

._user_heap_stack
                0x20005ce0      0x600 load address 0x0800a45c
                0x20005ce0                        . = ALIGN (0x8)
                [!provide]                        PROVIDE (end = .)
                0x20005ce0                        PROVIDE (_end = .)
                0x20005ee0                        . = (. + _Min_Heap_Size)
 *fill*         0x20005ce0      0x200 
                0x200062e0                        . = (. + _Min_Stack_Size)
 *fill*         0x20005ee0      0x400 
                0x200062e0                        . = ALIGN (0x8)

/DISCARD/
 libc.a(*)
 libm.a(*)
 libgcc.a(*)

.ARM.attributes
                0x00000000       0x30
 *(.ARM.attributes)
 .ARM.attributes
                0x00000000       0x22 C:/ST/STM32CubeIDE_1.17.0/STM32CubeIDE/plugins/com.st.stm32cube.ide.mcu.externaltools.gnu-tools-for-stm32.13.3.rel1.win32_1.0.0.202411081344/tools/bin/../lib/gcc/arm-none-eabi/13.3.1/thumb/v7e-m+fp/hard/crti.o
 .ARM.attributes
                0x00000022       0x34 C:/ST/STM32CubeIDE_1.17.0/STM32CubeIDE/plugins/com.st.stm32cube.ide.mcu.externaltools.gnu-tools-for-stm32.13.3.rel1.win32_1.0.0.202411081344/tools/bin/../lib/gcc/arm-none-eabi/13.3.1/thumb/v7e-m+fp/hard/crtbegin.o
 .ARM.attributes
                0x00000056       0x34 ./Core/Src/freertos.o
 .ARM.attributes
                0x0000008a       0x34 ./Core/Src/main.o
 .ARM.attributes
                0x000000be       0x34 ./Core/Src/stm32f7xx_hal_msp.o
 .ARM.attributes
                0x000000f2       0x34 ./Core/Src/stm32f7xx_hal_timebase_tim.o
 .ARM.attributes
                0x00000126       0x34 ./Core/Src/stm32f7xx_it.o
 .ARM.attributes
                0x0000015a       0x34 ./Core/Src/sysmem.o
 .ARM.attributes
                0x0000018e       0x34 ./Core/Src/system_stm32f7xx.o
 .ARM.attributes
                0x000001c2       0x21 ./Core/Startup/startup_stm32f756zgtx.o
 .ARM.attributes
                0x000001e3       0x34 ./Drivers/STM32F7xx_HAL_Driver/Src/stm32f7xx_hal.o
 .ARM.attributes
                0x00000217       0x34 ./Drivers/STM32F7xx_HAL_Driver/Src/stm32f7xx_hal_cortex.o
 .ARM.attributes
                0x0000024b       0x34 ./Drivers/STM32F7xx_HAL_Driver/Src/stm32f7xx_hal_dac.o
 .ARM.attributes
                0x0000027f       0x34 ./Drivers/STM32F7xx_HAL_Driver/Src/stm32f7xx_hal_gpio.o
 .ARM.attributes
                0x000002b3       0x34 ./Drivers/STM32F7xx_HAL_Driver/Src/stm32f7xx_hal_rcc.o
 .ARM.attributes
                0x000002e7       0x34 ./Drivers/STM32F7xx_HAL_Driver/Src/stm32f7xx_hal_spi.o
 .ARM.attributes
                0x0000031b       0x34 ./Drivers/STM32F7xx_HAL_Driver/Src/stm32f7xx_hal_tim.o
 .ARM.attributes
                0x0000034f       0x34 ./Drivers/STM32F7xx_HAL_Driver/Src/stm32f7xx_hal_tim_ex.o
 .ARM.attributes
                0x00000383       0x34 ./FATFS/App/fatfs.o
 .ARM.attributes
                0x000003b7       0x34 ./FATFS/Target/user_diskio.o
 .ARM.attributes
                0x000003eb       0x34 ./Middlewares/Third_Party/FatFs/src/diskio.o
 .ARM.attributes
                0x0000041f       0x34 ./Middlewares/Third_Party/FatFs/src/ff.o
 .ARM.attributes
                0x00000453       0x34 ./Middlewares/Third_Party/FatFs/src/ff_gen_drv.o
 .ARM.attributes
                0x00000487       0x34 ./Middlewares/Third_Party/FatFs/src/option/syscall.o
 .ARM.attributes
                0x000004bb       0x34 ./Middlewares/Third_Party/FreeRTOS/Source/CMSIS_RTOS/cmsis_os.o
 .ARM.attributes
                0x000004ef       0x34 ./Middlewares/Third_Party/FreeRTOS/Source/list.o
 .ARM.attributes
                0x00000523       0x34 ./Middlewares/Third_Party/FreeRTOS/Source/queue.o
 .ARM.attributes
                0x00000557       0x34 ./Middlewares/Third_Party/FreeRTOS/Source/tasks.o
 .ARM.attributes
                0x0000058b       0x34 ./Middlewares/Third_Party/FreeRTOS/Source/portable/GCC/ARM_CM7/r0p1/port.o
 .ARM.attributes
                0x000005bf       0x34 ./Middlewares/Third_Party/FreeRTOS/Source/portable/MemMang/heap_4.o
 .ARM.attributes
                0x000005f3       0x34 C:/ST/STM32CubeIDE_1.17.0/STM32CubeIDE/plugins/com.st.stm32cube.ide.mcu.externaltools.gnu-tools-for-stm32.13.3.rel1.win32_1.0.0.202411081344/tools/bin/../lib/gcc/arm-none-eabi/13.3.1/../../../../arm-none-eabi/lib/thumb/v7e-m+fp/hard\libc_nano.a(libc_a-findfp.o)
 .ARM.attributes
                0x00000627       0x34 C:/ST/STM32CubeIDE_1.17.0/STM32CubeIDE/plugins/com.st.stm32cube.ide.mcu.externaltools.gnu-tools-for-stm32.13.3.rel1.win32_1.0.0.202411081344/tools/bin/../lib/gcc/arm-none-eabi/13.3.1/../../../../arm-none-eabi/lib/thumb/v7e-m+fp/hard\libc_nano.a(libc_a-sprintf.o)
 .ARM.attributes
                0x0000065b       0x34 C:/ST/STM32CubeIDE_1.17.0/STM32CubeIDE/plugins/com.st.stm32cube.ide.mcu.externaltools.gnu-tools-for-stm32.13.3.rel1.win32_1.0.0.202411081344/tools/bin/../lib/gcc/arm-none-eabi/13.3.1/../../../../arm-none-eabi/lib/thumb/v7e-m+fp/hard\libc_nano.a(libc_a-memset.o)
 .ARM.attributes
                0x0000068f       0x34 C:/ST/STM32CubeIDE_1.17.0/STM32CubeIDE/plugins/com.st.stm32cube.ide.mcu.externaltools.gnu-tools-for-stm32.13.3.rel1.win32_1.0.0.202411081344/tools/bin/../lib/gcc/arm-none-eabi/13.3.1/../../../../arm-none-eabi/lib/thumb/v7e-m+fp/hard\libc_nano.a(libc_a-reent.o)
 .ARM.attributes
                0x000006c3       0x34 C:/ST/STM32CubeIDE_1.17.0/STM32CubeIDE/plugins/com.st.stm32cube.ide.mcu.externaltools.gnu-tools-for-stm32.13.3.rel1.win32_1.0.0.202411081344/tools/bin/../lib/gcc/arm-none-eabi/13.3.1/../../../../arm-none-eabi/lib/thumb/v7e-m+fp/hard\libc_nano.a(libc_a-impure.o)
 .ARM.attributes
                0x000006f7       0x34 C:/ST/STM32CubeIDE_1.17.0/STM32CubeIDE/plugins/com.st.stm32cube.ide.mcu.externaltools.gnu-tools-for-stm32.13.3.rel1.win32_1.0.0.202411081344/tools/bin/../lib/gcc/arm-none-eabi/13.3.1/../../../../arm-none-eabi/lib/thumb/v7e-m+fp/hard\libc_nano.a(libc_a-errno.o)
 .ARM.attributes
                0x0000072b       0x34 C:/ST/STM32CubeIDE_1.17.0/STM32CubeIDE/plugins/com.st.stm32cube.ide.mcu.externaltools.gnu-tools-for-stm32.13.3.rel1.win32_1.0.0.202411081344/tools/bin/../lib/gcc/arm-none-eabi/13.3.1/../../../../arm-none-eabi/lib/thumb/v7e-m+fp/hard\libc_nano.a(libc_a-init.o)
 .ARM.attributes
                0x0000075f       0x34 C:/ST/STM32CubeIDE_1.17.0/STM32CubeIDE/plugins/com.st.stm32cube.ide.mcu.externaltools.gnu-tools-for-stm32.13.3.rel1.win32_1.0.0.202411081344/tools/bin/../lib/gcc/arm-none-eabi/13.3.1/../../../../arm-none-eabi/lib/thumb/v7e-m+fp/hard\libc_nano.a(libc_a-lock.o)
 .ARM.attributes
                0x00000793       0x34 C:/ST/STM32CubeIDE_1.17.0/STM32CubeIDE/plugins/com.st.stm32cube.ide.mcu.externaltools.gnu-tools-for-stm32.13.3.rel1.win32_1.0.0.202411081344/tools/bin/../lib/gcc/arm-none-eabi/13.3.1/../../../../arm-none-eabi/lib/thumb/v7e-m+fp/hard\libc_nano.a(libc_a-memcpy-stub.o)
 .ARM.attributes
                0x000007c7       0x17 C:/ST/STM32CubeIDE_1.17.0/STM32CubeIDE/plugins/com.st.stm32cube.ide.mcu.externaltools.gnu-tools-for-stm32.13.3.rel1.win32_1.0.0.202411081344/tools/bin/../lib/gcc/arm-none-eabi/13.3.1/../../../../arm-none-eabi/lib/thumb/v7e-m+fp/hard\libc_nano.a(libc_a-strlen.o)
 .ARM.attributes
                0x000007de       0x34 C:/ST/STM32CubeIDE_1.17.0/STM32CubeIDE/plugins/com.st.stm32cube.ide.mcu.externaltools.gnu-tools-for-stm32.13.3.rel1.win32_1.0.0.202411081344/tools/bin/../lib/gcc/arm-none-eabi/13.3.1/../../../../arm-none-eabi/lib/thumb/v7e-m+fp/hard\libc_nano.a(libc_a-freer.o)
 .ARM.attributes
                0x00000812       0x34 C:/ST/STM32CubeIDE_1.17.0/STM32CubeIDE/plugins/com.st.stm32cube.ide.mcu.externaltools.gnu-tools-for-stm32.13.3.rel1.win32_1.0.0.202411081344/tools/bin/../lib/gcc/arm-none-eabi/13.3.1/../../../../arm-none-eabi/lib/thumb/v7e-m+fp/hard\libc_nano.a(libc_a-mallocr.o)
 .ARM.attributes
                0x00000846       0x34 C:/ST/STM32CubeIDE_1.17.0/STM32CubeIDE/plugins/com.st.stm32cube.ide.mcu.externaltools.gnu-tools-for-stm32.13.3.rel1.win32_1.0.0.202411081344/tools/bin/../lib/gcc/arm-none-eabi/13.3.1/../../../../arm-none-eabi/lib/thumb/v7e-m+fp/hard\libc_nano.a(libc_a-mlock.o)
 .ARM.attributes
                0x0000087a       0x34 C:/ST/STM32CubeIDE_1.17.0/STM32CubeIDE/plugins/com.st.stm32cube.ide.mcu.externaltools.gnu-tools-for-stm32.13.3.rel1.win32_1.0.0.202411081344/tools/bin/../lib/gcc/arm-none-eabi/13.3.1/../../../../arm-none-eabi/lib/thumb/v7e-m+fp/hard\libc_nano.a(libc_a-nano-svfprintf.o)
 .ARM.attributes
                0x000008ae       0x34 C:/ST/STM32CubeIDE_1.17.0/STM32CubeIDE/plugins/com.st.stm32cube.ide.mcu.externaltools.gnu-tools-for-stm32.13.3.rel1.win32_1.0.0.202411081344/tools/bin/../lib/gcc/arm-none-eabi/13.3.1/../../../../arm-none-eabi/lib/thumb/v7e-m+fp/hard\libc_nano.a(libc_a-nano-vfprintf_i.o)
 .ARM.attributes
                0x000008e2       0x34 C:/ST/STM32CubeIDE_1.17.0/STM32CubeIDE/plugins/com.st.stm32cube.ide.mcu.externaltools.gnu-tools-for-stm32.13.3.rel1.win32_1.0.0.202411081344/tools/bin/../lib/gcc/arm-none-eabi/13.3.1/../../../../arm-none-eabi/lib/thumb/v7e-m+fp/hard\libc_nano.a(libc_a-memmove.o)
 .ARM.attributes
                0x00000916       0x34 C:/ST/STM32CubeIDE_1.17.0/STM32CubeIDE/plugins/com.st.stm32cube.ide.mcu.externaltools.gnu-tools-for-stm32.13.3.rel1.win32_1.0.0.202411081344/tools/bin/../lib/gcc/arm-none-eabi/13.3.1/../../../../arm-none-eabi/lib/thumb/v7e-m+fp/hard\libc_nano.a(libc_a-sbrkr.o)
 .ARM.attributes
                0x0000094a       0x1c C:/ST/STM32CubeIDE_1.17.0/STM32CubeIDE/plugins/com.st.stm32cube.ide.mcu.externaltools.gnu-tools-for-stm32.13.3.rel1.win32_1.0.0.202411081344/tools/bin/../lib/gcc/arm-none-eabi/13.3.1/../../../../arm-none-eabi/lib/thumb/v7e-m+fp/hard\libc_nano.a(libc_a-memchr.o)
 .ARM.attributes
                0x00000966       0x34 C:/ST/STM32CubeIDE_1.17.0/STM32CubeIDE/plugins/com.st.stm32cube.ide.mcu.externaltools.gnu-tools-for-stm32.13.3.rel1.win32_1.0.0.202411081344/tools/bin/../lib/gcc/arm-none-eabi/13.3.1/../../../../arm-none-eabi/lib/thumb/v7e-m+fp/hard\libc_nano.a(libc_a-reallocr.o)
 .ARM.attributes
                0x0000099a       0x34 C:/ST/STM32CubeIDE_1.17.0/STM32CubeIDE/plugins/com.st.stm32cube.ide.mcu.externaltools.gnu-tools-for-stm32.13.3.rel1.win32_1.0.0.202411081344/tools/bin/../lib/gcc/arm-none-eabi/13.3.1/../../../../arm-none-eabi/lib/thumb/v7e-m+fp/hard\libc_nano.a(libc_a-msizer.o)
 .ARM.attributes
                0x000009ce       0x22 C:/ST/STM32CubeIDE_1.17.0/STM32CubeIDE/plugins/com.st.stm32cube.ide.mcu.externaltools.gnu-tools-for-stm32.13.3.rel1.win32_1.0.0.202411081344/tools/bin/../lib/gcc/arm-none-eabi/13.3.1/thumb/v7e-m+fp/hard\libgcc.a(_arm_addsubdf3.o)
 .ARM.attributes
                0x000009f0       0x22 C:/ST/STM32CubeIDE_1.17.0/STM32CubeIDE/plugins/com.st.stm32cube.ide.mcu.externaltools.gnu-tools-for-stm32.13.3.rel1.win32_1.0.0.202411081344/tools/bin/../lib/gcc/arm-none-eabi/13.3.1/thumb/v7e-m+fp/hard\libgcc.a(_arm_muldivdf3.o)
 .ARM.attributes
                0x00000a12       0x22 C:/ST/STM32CubeIDE_1.17.0/STM32CubeIDE/plugins/com.st.stm32cube.ide.mcu.externaltools.gnu-tools-for-stm32.13.3.rel1.win32_1.0.0.202411081344/tools/bin/../lib/gcc/arm-none-eabi/13.3.1/thumb/v7e-m+fp/hard\libgcc.a(_arm_fixunsdfsi.o)
 .ARM.attributes
                0x00000a34       0x22 C:/ST/STM32CubeIDE_1.17.0/STM32CubeIDE/plugins/com.st.stm32cube.ide.mcu.externaltools.gnu-tools-for-stm32.13.3.rel1.win32_1.0.0.202411081344/tools/bin/../lib/gcc/arm-none-eabi/13.3.1/thumb/v7e-m+fp/hard\libgcc.a(_arm_truncdfsf2.o)
 .ARM.attributes
                0x00000a56       0x22 C:/ST/STM32CubeIDE_1.17.0/STM32CubeIDE/plugins/com.st.stm32cube.ide.mcu.externaltools.gnu-tools-for-stm32.13.3.rel1.win32_1.0.0.202411081344/tools/bin/../lib/gcc/arm-none-eabi/13.3.1/thumb/v7e-m+fp/hard\libgcc.a(_aeabi_uldivmod.o)
 .ARM.attributes
                0x00000a78       0x34 C:/ST/STM32CubeIDE_1.17.0/STM32CubeIDE/plugins/com.st.stm32cube.ide.mcu.externaltools.gnu-tools-for-stm32.13.3.rel1.win32_1.0.0.202411081344/tools/bin/../lib/gcc/arm-none-eabi/13.3.1/thumb/v7e-m+fp/hard\libgcc.a(_udivmoddi4.o)
 .ARM.attributes
                0x00000aac       0x22 C:/ST/STM32CubeIDE_1.17.0/STM32CubeIDE/plugins/com.st.stm32cube.ide.mcu.externaltools.gnu-tools-for-stm32.13.3.rel1.win32_1.0.0.202411081344/tools/bin/../lib/gcc/arm-none-eabi/13.3.1/thumb/v7e-m+fp/hard\libgcc.a(_dvmd_tls.o)
 .ARM.attributes
                0x00000ace       0x22 C:/ST/STM32CubeIDE_1.17.0/STM32CubeIDE/plugins/com.st.stm32cube.ide.mcu.externaltools.gnu-tools-for-stm32.13.3.rel1.win32_1.0.0.202411081344/tools/bin/../lib/gcc/arm-none-eabi/13.3.1/thumb/v7e-m+fp/hard/crtn.o
OUTPUT(BMTR_RTOS_ASRV1.elf elf32-littlearm)
LOAD linker stubs
LOAD C:/ST/STM32CubeIDE_1.17.0/STM32CubeIDE/plugins/com.st.stm32cube.ide.mcu.externaltools.gnu-tools-for-stm32.13.3.rel1.win32_1.0.0.202411081344/tools/bin/../lib/gcc/arm-none-eabi/13.3.1/../../../../arm-none-eabi/lib/thumb/v7e-m+fp/hard\libc.a
LOAD C:/ST/STM32CubeIDE_1.17.0/STM32CubeIDE/plugins/com.st.stm32cube.ide.mcu.externaltools.gnu-tools-for-stm32.13.3.rel1.win32_1.0.0.202411081344/tools/bin/../lib/gcc/arm-none-eabi/13.3.1/../../../../arm-none-eabi/lib/thumb/v7e-m+fp/hard\libm.a
LOAD C:/ST/STM32CubeIDE_1.17.0/STM32CubeIDE/plugins/com.st.stm32cube.ide.mcu.externaltools.gnu-tools-for-stm32.13.3.rel1.win32_1.0.0.202411081344/tools/bin/../lib/gcc/arm-none-eabi/13.3.1/thumb/v7e-m+fp/hard\libgcc.a

.debug_info     0x00000000    0x173dc
 .debug_info    0x00000000      0x279 ./Core/Src/freertos.o
 .debug_info    0x00000279     0x2649 ./Core/Src/main.o
 .debug_info    0x000028c2     0x133c ./Core/Src/stm32f7xx_hal_msp.o
 .debug_info    0x00003bfe      0xcc9 ./Core/Src/stm32f7xx_hal_timebase_tim.o