../Core/Src/main.c:264:7:applyLowPassFilterVelocity	24	static
../Core/Src/main.c:269:7:applyLowPassFilterVelocity2	24	static
../Core/Src/main.c:274:7:applyLowPassFilterAcceleration	24	static
../Core/Src/main.c:279:6:ConfigureMotor01	24	static
../Core/Src/main.c:285:6:ConfigureMotor02	24	static
../Core/Src/main.c:290:6:UpdateMotor01CommandedCurrent	4	static
../Core/Src/main.c:348:6:UpdateMotor02CommandedCurrent	4	static
../Core/Src/main.c:416:5:main	72	static
../Core/Src/main.c:509:6:SystemClock_Config	88	static
../Core/Src/main.c:555:13:MX_DAC_Init	16	static
../Core/Src/main.c:602:13:MX_SPI4_Init	8	static
../Core/Src/main.c:642:13:MX_TIM1_Init	56	static
../Core/Src/main.c:693:13:MX_TIM2_Init	40	static
../Core/Src/main.c:738:13:MX_TIM4_Init	56	static
../Core/Src/main.c:787:13:MX_TIM13_Init	8	static
../Core/Src/main.c:818:13:MX_GPIO_Init	56	static
../Core/Src/main.c:889:6:StartDefaultTask	56	static,ignoring_inline_asm
../Core/Src/main.c:977:6:StartTask02	40	static
../Core/Src/main.c:1019:6:MPU_Config	24	static
../Core/Src/main.c:1054:6:HAL_TIM_PeriodElapsedCallback	16	static
../Core/Src/main.c:1072:6:Error_Handler	4	static,ignoring_inline_asm
