23:51:01 **** Incremental Build of configuration Debug for project EncorderProject ****
make -j12 all 
arm-none-eabi-gcc "../Core/Src/main.c" -mcpu=cortex-m7 -std=gnu11 -g3 -DDEBUG -DUSE_HAL_DRIVER -DSTM32F756xx -c -I../Core/Inc -I../Drivers/STM32F7xx_HAL_Driver/Inc -I../Drivers/STM32F7xx_HAL_Driver/Inc/Legacy -I../Drivers/CMSIS/Device/ST/STM32F7xx/Include -I../Drivers/CMSIS/Include -I../FATFS/Target -I../FATFS/App -I../Middlewares/Third_Party/FatFs/src -O0 -ffunction-sections -fdata-sections -Wall -fstack-usage -fcyclomatic-complexity -MMD -MP -MF"Core/Src/main.d" -MT"Core/Src/main.o" --specs=nano.specs -mfpu=fpv5-sp-d16 -mfloat-abi=hard -mthumb -o "Core/Src/main.o"
arm-none-eabi-gcc -o "EncorderProject.elf" @"objects.list"   -mcpu=cortex-m7 -T"C:\Users\ashen\Documents\GitHub\MSc-Project\P01\EncorderProject\STM32F756ZGTX_FLASH.ld" --specs=nosys.specs -Wl,-Map="EncorderProject.map" -Wl,--gc-sections -static --specs=nano.specs -mfpu=fpv5-sp-d16 -mfloat-abi=hard -mthumb -Wl,--start-group -lc -lm -Wl,--end-group
Finished building target: EncorderProject.elf
 
arm-none-eabi-size  EncorderProject.elf 
arm-none-eabi-objdump -h -S EncorderProject.elf  > "EncorderProject.list"
   text	   data	    bss	    dec	    hex	filename
  33920	    176	  12824	  46920	   b748	EncorderProject.elf
Finished building: default.size.stdout
 
Finished building: EncorderProject.list
 

23:51:02 Build Finished. 0 errors, 0 warnings. (took 1s.201ms)

