18:34:58 **** Incremental Build of configuration Debug for project BMTR_RTOS_ASRV1 ****
make -j12 all 
arm-none-eabi-gcc "../Core/Src/main.c" -mcpu=cortex-m7 -std=gnu11 -g3 -DDEBUG -DUSE_HAL_DRIVER -DSTM32F756xx -c -I../FATFS/Target -I../FATFS/App -I../Core/Inc -I../Drivers/STM32F7xx_HAL_Driver/Inc -I../Drivers/STM32F7xx_HAL_Driver/Inc/Legacy -I../Middlewares/Third_Party/FatFs/src -I../Drivers/CMSIS/Device/ST/STM32F7xx/Include -I../Drivers/CMSIS/Include -I../Middlewares/Third_Party/FreeRTOS/Source/include -I../Middlewares/Third_Party/FreeRTOS/Source/CMSIS_RTOS -I../Middlewares/Third_Party/FreeRTOS/Source/portable/GCC/ARM_CM7/r0p1 -O0 -ffunction-sections -fdata-sections -Wall -fstack-usage -fcyclomatic-complexity -MMD -MP -MF"Core/Src/main.d" -MT"Core/Src/main.o" --specs=nano.specs -mfpu=fpv5-sp-d16 -mfloat-abi=hard -mthumb -o "Core/Src/main.o"
../Core/Src/main.c:1114:1: error: expected identifier or '(' before '}' token
 1114 | }
      | ^
make: *** [Core/Src/subdir.mk:43: Core/Src/main.o] Error 1
"make -j12 all" terminated with exit code 2. Build might be incomplete.
18:35:31 **** Incremental Build of configuration Debug for project BMTR_RTOS_ASRV1 ****
make -j12 all 
arm-none-eabi-gcc "../Core/Src/main.c" -mcpu=cortex-m7 -std=gnu11 -g3 -DDEBUG -DUSE_HAL_DRIVER -DSTM32F756xx -c -I../FATFS/Target -I../FATFS/App -I../Core/Inc -I../Drivers/STM32F7xx_HAL_Driver/Inc -I../Drivers/STM32F7xx_HAL_Driver/Inc/Legacy -I../Middlewares/Third_Party/FatFs/src -I../Drivers/CMSIS/Device/ST/STM32F7xx/Include -I../Drivers/CMSIS/Include -I../Middlewares/Third_Party/FreeRTOS/Source/include -I../Middlewares/Third_Party/FreeRTOS/Source/CMSIS_RTOS -I../Middlewares/Third_Party/FreeRTOS/Source/portable/GCC/ARM_CM7/r0p1 -O0 -ffunction-sections -fdata-sections -Wall -fstack-usage -fcyclomatic-complexity -MMD -MP -MF"Core/Src/main.d" -MT"Core/Src/main.o" --specs=nano.specs -mfpu=fpv5-sp-d16 -mfloat-abi=hard -mthumb -o "Core/Src/main.o"
arm-none-eabi-gcc -o "BMTR_RTOS_ASRV1.elf" @"objects.list"   -mcpu=cortex-m7 -T"C:\Users\ashen\Documents\GitHub\MSc-Project\P01\BMTR_RTOS_ASRV1\STM32F756ZGTX_FLASH.ld" --specs=nosys.specs -Wl,-Map="BMTR_RTOS_ASRV1.map" -Wl,--gc-sections -static --specs=nano.specs -mfpu=fpv5-sp-d16 -mfloat-abi=hard -mthumb -Wl,--start-group -lc -lm -Wl,--end-group
Finished building target: BMTR_RTOS_ASRV1.elf
 
arm-none-eabi-size  BMTR_RTOS_ASRV1.elf 
arm-none-eabi-objdump -h -S BMTR_RTOS_ASRV1.elf  > "BMTR_RTOS_ASRV1.list"
   text	   data	    bss	    dec	    hex	filename
  42520	    204	  25212	  67936	  10960	BMTR_RTOS_ASRV1.elf
Finished building: default.size.stdout
 
Finished building: BMTR_RTOS_ASRV1.list
 
18:42:22 **** Incremental Build of configuration Debug for project BMTR_RTOS_ASRV1 ****
make -j12 all 
arm-none-eabi-gcc "../Core/Src/main.c" -mcpu=cortex-m7 -std=gnu11 -g3 -DDEBUG -DUSE_HAL_DRIVER -DSTM32F756xx -c -I../FATFS/Target -I../FATFS/App -I../Core/Inc -I../Drivers/STM32F7xx_HAL_Driver/Inc -I../Drivers/STM32F7xx_HAL_Driver/Inc/Legacy -I../Middlewares/Third_Party/FatFs/src -I../Drivers/CMSIS/Device/ST/STM32F7xx/Include -I../Drivers/CMSIS/Include -I../Middlewares/Third_Party/FreeRTOS/Source/include -I../Middlewares/Third_Party/FreeRTOS/Source/CMSIS_RTOS -I../Middlewares/Third_Party/FreeRTOS/Source/portable/GCC/ARM_CM7/r0p1 -O0 -ffunction-sections -fdata-sections -Wall -fstack-usage -fcyclomatic-complexity -MMD -MP -MF"Core/Src/main.d" -MT"Core/Src/main.o" --specs=nano.specs -mfpu=fpv5-sp-d16 -mfloat-abi=hard -mthumb -o "Core/Src/main.o"
arm-none-eabi-gcc -o "BMTR_RTOS_ASRV1.elf" @"objects.list"   -mcpu=cortex-m7 -T"C:\Users\ashen\Documents\GitHub\MSc-Project\P01\BMTR_RTOS_ASRV1\STM32F756ZGTX_FLASH.ld" --specs=nosys.specs -Wl,-Map="BMTR_RTOS_ASRV1.map" -Wl,--gc-sections -static --specs=nano.specs -mfpu=fpv5-sp-d16 -mfloat-abi=hard -mthumb -Wl,--start-group -lc -lm -Wl,--end-group
Finished building target: BMTR_RTOS_ASRV1.elf
 
arm-none-eabi-size  BMTR_RTOS_ASRV1.elf 
arm-none-eabi-objdump -h -S BMTR_RTOS_ASRV1.elf  > "BMTR_RTOS_ASRV1.list"
   text	   data	    bss	    dec	    hex	filename
  42600	    204	  25212	  68016	  109b0	BMTR_RTOS_ASRV1.elf
Finished building: default.size.stdout
 
Finished building: BMTR_RTOS_ASRV1.list
 
18:45:16 **** Incremental Build of configuration Debug for project BMTR_RTOS_ASRV1 ****
make -j12 all 
arm-none-eabi-gcc "../Core/Src/main.c" -mcpu=cortex-m7 -std=gnu11 -g3 -DDEBUG -DUSE_HAL_DRIVER -DSTM32F756xx -c -I../FATFS/Target -I../FATFS/App -I../Core/Inc -I../Drivers/STM32F7xx_HAL_Driver/Inc -I../Drivers/STM32F7xx_HAL_Driver/Inc/Legacy -I../Middlewares/Third_Party/FatFs/src -I../Drivers/CMSIS/Device/ST/STM32F7xx/Include -I../Drivers/CMSIS/Include -I../Middlewares/Third_Party/FreeRTOS/Source/include -I../Middlewares/Third_Party/FreeRTOS/Source/CMSIS_RTOS -I../Middlewares/Third_Party/FreeRTOS/Source/portable/GCC/ARM_CM7/r0p1 -O0 -ffunction-sections -fdata-sections -Wall -fstack-usage -fcyclomatic-complexity -MMD -MP -MF"Core/Src/main.d" -MT"Core/Src/main.o" --specs=nano.specs -mfpu=fpv5-sp-d16 -mfloat-abi=hard -mthumb -o "Core/Src/main.o"
arm-none-eabi-gcc -o "BMTR_RTOS_ASRV1.elf" @"objects.list"   -mcpu=cortex-m7 -T"C:\Users\ashen\Documents\GitHub\MSc-Project\P01\BMTR_RTOS_ASRV1\STM32F756ZGTX_FLASH.ld" --specs=nosys.specs -Wl,-Map="BMTR_RTOS_ASRV1.map" -Wl,--gc-sections -static --specs=nano.specs -mfpu=fpv5-sp-d16 -mfloat-abi=hard -mthumb -Wl,--start-group -lc -lm -Wl,--end-group
Finished building target: BMTR_RTOS_ASRV1.elf
 
arm-none-eabi-size  BMTR_RTOS_ASRV1.elf 
arm-none-eabi-objdump -h -S BMTR_RTOS_ASRV1.elf  > "BMTR_RTOS_ASRV1.list"
   text	   data	    bss	    dec	    hex	filename
  42616	    204	  25212	  68032	  109c0	BMTR_RTOS_ASRV1.elf
Finished building: default.size.stdout
 
Finished building: BMTR_RTOS_ASRV1.list
 
18:52:57 **** Incremental Build of configuration Debug for project BMTR_RTOS_ASRV1 ****
make -j12 all 
arm-none-eabi-gcc "../Core/Src/main.c" -mcpu=cortex-m7 -std=gnu11 -g3 -DDEBUG -DUSE_HAL_DRIVER -DSTM32F756xx -c -I../FATFS/Target -I../FATFS/App -I../Core/Inc -I../Drivers/STM32F7xx_HAL_Driver/Inc -I../Drivers/STM32F7xx_HAL_Driver/Inc/Legacy -I../Middlewares/Third_Party/FatFs/src -I../Drivers/CMSIS/Device/ST/STM32F7xx/Include -I../Drivers/CMSIS/Include -I../Middlewares/Third_Party/FreeRTOS/Source/include -I../Middlewares/Third_Party/FreeRTOS/Source/CMSIS_RTOS -I../Middlewares/Third_Party/FreeRTOS/Source/portable/GCC/ARM_CM7/r0p1 -O0 -ffunction-sections -fdata-sections -Wall -fstack-usage -fcyclomatic-complexity -MMD -MP -MF"Core/Src/main.d" -MT"Core/Src/main.o" --specs=nano.specs -mfpu=fpv5-sp-d16 -mfloat-abi=hard -mthumb -o "Core/Src/main.o"
arm-none-eabi-gcc -o "BMTR_RTOS_ASRV1.elf" @"objects.list"   -mcpu=cortex-m7 -T"C:\Users\ashen\Documents\GitHub\MSc-Project\P01\BMTR_RTOS_ASRV1\STM32F756ZGTX_FLASH.ld" --specs=nosys.specs -Wl,-Map="BMTR_RTOS_ASRV1.map" -Wl,--gc-sections -static --specs=nano.specs -mfpu=fpv5-sp-d16 -mfloat-abi=hard -mthumb -Wl,--start-group -lc -lm -Wl,--end-group
Finished building target: BMTR_RTOS_ASRV1.elf
 
arm-none-eabi-size  BMTR_RTOS_ASRV1.elf 
arm-none-eabi-objdump -h -S BMTR_RTOS_ASRV1.elf  > "BMTR_RTOS_ASRV1.list"
   text	   data	    bss	    dec	    hex	filename
  42632	    204	  25212	  68048	  109d0	BMTR_RTOS_ASRV1.elf
Finished building: default.size.stdout
 
Finished building: BMTR_RTOS_ASRV1.list
 
18:54:51 **** Incremental Build of configuration Debug for project BMTR_RTOS_ASRV1 ****
make -j12 all 
arm-none-eabi-size  BMTR_RTOS_ASRV1.elf 
   text	   data	    bss	    dec	    hex	filename
  42632	    204	  25212	  68048	  109d0	BMTR_RTOS_ASRV1.elf
Finished building: default.size.stdout
 
18:56:22 **** Incremental Build of configuration Debug for project BMTR_RTOS_ASRV1 ****
make -j12 all 
arm-none-eabi-size  BMTR_RTOS_ASRV1.elf 
   text	   data	    bss	    dec	    hex	filename
  42632	    204	  25212	  68048	  109d0	BMTR_RTOS_ASRV1.elf
Finished building: default.size.stdout
 
18:57:41 **** Incremental Build of configuration Debug for project BMTR_RTOS_ASRV1 ****
make -j12 all 
arm-none-eabi-size  BMTR_RTOS_ASRV1.elf 
   text	   data	    bss	    dec	    hex	filename
  42632	    204	  25212	  68048	  109d0	BMTR_RTOS_ASRV1.elf
Finished building: default.size.stdout
 
18:59:09 **** Incremental Build of configuration Debug for project BMTR_RTOS_ASRV1 ****
make -j12 all 
arm-none-eabi-gcc "../Core/Src/main.c" -mcpu=cortex-m7 -std=gnu11 -g3 -DDEBUG -DUSE_HAL_DRIVER -DSTM32F756xx -c -I../FATFS/Target -I../FATFS/App -I../Core/Inc -I../Drivers/STM32F7xx_HAL_Driver/Inc -I../Drivers/STM32F7xx_HAL_Driver/Inc/Legacy -I../Middlewares/Third_Party/FatFs/src -I../Drivers/CMSIS/Device/ST/STM32F7xx/Include -I../Drivers/CMSIS/Include -I../Middlewares/Third_Party/FreeRTOS/Source/include -I../Middlewares/Third_Party/FreeRTOS/Source/CMSIS_RTOS -I../Middlewares/Third_Party/FreeRTOS/Source/portable/GCC/ARM_CM7/r0p1 -O0 -ffunction-sections -fdata-sections -Wall -fstack-usage -fcyclomatic-complexity -MMD -MP -MF"Core/Src/main.d" -MT"Core/Src/main.o" --specs=nano.specs -mfpu=fpv5-sp-d16 -mfloat-abi=hard -mthumb -o "Core/Src/main.o"
arm-none-eabi-gcc -o "BMTR_RTOS_ASRV1.elf" @"objects.list"   -mcpu=cortex-m7 -T"C:\Users\ashen\Documents\GitHub\MSc-Project\P01\BMTR_RTOS_ASRV1\STM32F756ZGTX_FLASH.ld" --specs=nosys.specs -Wl,-Map="BMTR_RTOS_ASRV1.map" -Wl,--gc-sections -static --specs=nano.specs -mfpu=fpv5-sp-d16 -mfloat-abi=hard -mthumb -Wl,--start-group -lc -lm -Wl,--end-group
Finished building target: BMTR_RTOS_ASRV1.elf
 
arm-none-eabi-size  BMTR_RTOS_ASRV1.elf 
arm-none-eabi-objdump -h -S BMTR_RTOS_ASRV1.elf  > "BMTR_RTOS_ASRV1.list"
   text	   data	    bss	    dec	    hex	filename
  42632	    204	  25212	  68048	  109d0	BMTR_RTOS_ASRV1.elf
Finished building: default.size.stdout
 
Finished building: BMTR_RTOS_ASRV1.list
 
18:59:46 **** Incremental Build of configuration Debug for project BMTR_RTOS_ASRV1 ****
make -j12 all 
arm-none-eabi-size  BMTR_RTOS_ASRV1.elf 
   text	   data	    bss	    dec	    hex	filename
  42632	    204	  25212	  68048	  109d0	BMTR_RTOS_ASRV1.elf
Finished building: default.size.stdout
 
