20:28:36 **** Incremental Build of configuration Debug for project EncorderProject ****
make -j12 all 
arm-none-eabi-gcc "../Core/Src/main.c" -mcpu=cortex-m7 -std=gnu11 -g3 -DDEBUG -DUSE_HAL_DRIVER -DSTM32F756xx -c -I../Core/Inc -I../Drivers/STM32F7xx_HAL_Driver/Inc -I../Drivers/STM32F7xx_HAL_Driver/Inc/Legacy -I../Drivers/CMSIS/Device/ST/STM32F7xx/Include -I../Drivers/CMSIS/Include -I../FATFS/Target -I../FATFS/App -I../Middlewares/Third_Party/FatFs/src -O0 -ffunction-sections -fdata-sections -Wall -fstack-usage -fcyclomatic-complexity -MMD -MP -MF"Core/Src/main.d" -MT"Core/Src/main.o" --specs=nano.specs -mfpu=fpv5-sp-d16 -mfloat-abi=hard -mthumb -o "Core/Src/main.o"
arm-none-eabi-gcc -o "EncorderProject.elf" @"objects.list"   -mcpu=cortex-m7 -T"C:\Users\ashen\Documents\GitHub\MSc-Project\P01\EncorderProject\STM32F756ZGTX_FLASH.ld" --specs=nosys.specs -Wl,-Map="EncorderProject.map" -Wl,--gc-sections -static --specs=nano.specs -mfpu=fpv5-sp-d16 -mfloat-abi=hard -mthumb -Wl,--start-group -lc -lm -Wl,--end-group
Finished building target: EncorderProject.elf
 
arm-none-eabi-size  EncorderProject.elf 
arm-none-eabi-objdump -h -S EncorderProject.elf  > "EncorderProject.list"
   text	   data	    bss	    dec	    hex	filename
  31036	    124	  11684	  42844	   a75c	EncorderProject.elf
Finished building: default.size.stdout
 
Finished building: EncorderProject.list
 
20:28:40 **** Incremental Build of configuration Debug for project EncorderProject ****
make -j12 all 
arm-none-eabi-size  EncorderProject.elf 
   text	   data	    bss	    dec	    hex	filename
  31036	    124	  11684	  42844	   a75c	EncorderProject.elf
Finished building: default.size.stdout
 
20:30:36 **** Incremental Build of configuration Debug for project EncorderProject ****
make -j12 all 
arm-none-eabi-gcc "../Core/Src/main.c" -mcpu=cortex-m7 -std=gnu11 -g3 -DDEBUG -DUSE_HAL_DRIVER -DSTM32F756xx -c -I../Core/Inc -I../Drivers/STM32F7xx_HAL_Driver/Inc -I../Drivers/STM32F7xx_HAL_Driver/Inc/Legacy -I../Drivers/CMSIS/Device/ST/STM32F7xx/Include -I../Drivers/CMSIS/Include -I../FATFS/Target -I../FATFS/App -I../Middlewares/Third_Party/FatFs/src -O0 -ffunction-sections -fdata-sections -Wall -fstack-usage -fcyclomatic-complexity -MMD -MP -MF"Core/Src/main.d" -MT"Core/Src/main.o" --specs=nano.specs -mfpu=fpv5-sp-d16 -mfloat-abi=hard -mthumb -o "Core/Src/main.o"
arm-none-eabi-gcc -o "EncorderProject.elf" @"objects.list"   -mcpu=cortex-m7 -T"C:\Users\ashen\Documents\GitHub\MSc-Project\P01\EncorderProject\STM32F756ZGTX_FLASH.ld" --specs=nosys.specs -Wl,-Map="EncorderProject.map" -Wl,--gc-sections -static --specs=nano.specs -mfpu=fpv5-sp-d16 -mfloat-abi=hard -mthumb -Wl,--start-group -lc -lm -Wl,--end-group
Finished building target: EncorderProject.elf
 
arm-none-eabi-size  EncorderProject.elf 
arm-none-eabi-objdump -h -S EncorderProject.elf  > "EncorderProject.list"
   text	   data	    bss	    dec	    hex	filename
  31044	    124	  11684	  42852	   a764	EncorderProject.elf
Finished building: default.size.stdout
 
Finished building: EncorderProject.list
 
20:31:31 **** Incremental Build of configuration Debug for project EncorderProject ****
make -j12 all 
arm-none-eabi-gcc "../Core/Src/main.c" -mcpu=cortex-m7 -std=gnu11 -g3 -DDEBUG -DUSE_HAL_DRIVER -DSTM32F756xx -c -I../Core/Inc -I../Drivers/STM32F7xx_HAL_Driver/Inc -I../Drivers/STM32F7xx_HAL_Driver/Inc/Legacy -I../Drivers/CMSIS/Device/ST/STM32F7xx/Include -I../Drivers/CMSIS/Include -I../FATFS/Target -I../FATFS/App -I../Middlewares/Third_Party/FatFs/src -O0 -ffunction-sections -fdata-sections -Wall -fstack-usage -fcyclomatic-complexity -MMD -MP -MF"Core/Src/main.d" -MT"Core/Src/main.o" --specs=nano.specs -mfpu=fpv5-sp-d16 -mfloat-abi=hard -mthumb -o "Core/Src/main.o"
arm-none-eabi-gcc -o "EncorderProject.elf" @"objects.list"   -mcpu=cortex-m7 -T"C:\Users\ashen\Documents\GitHub\MSc-Project\P01\EncorderProject\STM32F756ZGTX_FLASH.ld" --specs=nosys.specs -Wl,-Map="EncorderProject.map" -Wl,--gc-sections -static --specs=nano.specs -mfpu=fpv5-sp-d16 -mfloat-abi=hard -mthumb -Wl,--start-group -lc -lm -Wl,--end-group
Finished building target: EncorderProject.elf
 
arm-none-eabi-size  EncorderProject.elf 
arm-none-eabi-objdump -h -S EncorderProject.elf  > "EncorderProject.list"
   text	   data	    bss	    dec	    hex	filename
  31028	    124	  11684	  42836	   a754	EncorderProject.elf
Finished building: default.size.stdout
 
Finished building: EncorderProject.list
 
20:33:56 **** Incremental Build of configuration Debug for project EncorderProject ****
make -j12 all 
arm-none-eabi-gcc "../Core/Src/main.c" -mcpu=cortex-m7 -std=gnu11 -g3 -DDEBUG -DUSE_HAL_DRIVER -DSTM32F756xx -c -I../Core/Inc -I../Drivers/STM32F7xx_HAL_Driver/Inc -I../Drivers/STM32F7xx_HAL_Driver/Inc/Legacy -I../Drivers/CMSIS/Device/ST/STM32F7xx/Include -I../Drivers/CMSIS/Include -I../FATFS/Target -I../FATFS/App -I../Middlewares/Third_Party/FatFs/src -O0 -ffunction-sections -fdata-sections -Wall -fstack-usage -fcyclomatic-complexity -MMD -MP -MF"Core/Src/main.d" -MT"Core/Src/main.o" --specs=nano.specs -mfpu=fpv5-sp-d16 -mfloat-abi=hard -mthumb -o "Core/Src/main.o"
arm-none-eabi-gcc -o "EncorderProject.elf" @"objects.list"   -mcpu=cortex-m7 -T"C:\Users\ashen\Documents\GitHub\MSc-Project\P01\EncorderProject\STM32F756ZGTX_FLASH.ld" --specs=nosys.specs -Wl,-Map="EncorderProject.map" -Wl,--gc-sections -static --specs=nano.specs -mfpu=fpv5-sp-d16 -mfloat-abi=hard -mthumb -Wl,--start-group -lc -lm -Wl,--end-group
Finished building target: EncorderProject.elf
 
arm-none-eabi-size  EncorderProject.elf 
arm-none-eabi-objdump -h -S EncorderProject.elf  > "EncorderProject.list"
   text	   data	    bss	    dec	    hex	filename
  31028	    124	  11692	  42844	   a75c	EncorderProject.elf
Finished building: default.size.stdout
 
Finished building: EncorderProject.list
 
20:34:26 **** Incremental Build of configuration Debug for project EncorderProject ****
make -j12 all 
arm-none-eabi-size  EncorderProject.elf 
   text	   data	    bss	    dec	    hex	filename
  31028	    124	  11692	  42844	   a75c	EncorderProject.elf
Finished building: default.size.stdout
 
20:36:23 **** Incremental Build of configuration Debug for project EncorderProject ****
make -j12 all 
arm-none-eabi-gcc "../Core/Src/main.c" -mcpu=cortex-m7 -std=gnu11 -g3 -DDEBUG -DUSE_HAL_DRIVER -DSTM32F756xx -c -I../Core/Inc -I../Drivers/STM32F7xx_HAL_Driver/Inc -I../Drivers/STM32F7xx_HAL_Driver/Inc/Legacy -I../Drivers/CMSIS/Device/ST/STM32F7xx/Include -I../Drivers/CMSIS/Include -I../FATFS/Target -I../FATFS/App -I../Middlewares/Third_Party/FatFs/src -O0 -ffunction-sections -fdata-sections -Wall -fstack-usage -fcyclomatic-complexity -MMD -MP -MF"Core/Src/main.d" -MT"Core/Src/main.o" --specs=nano.specs -mfpu=fpv5-sp-d16 -mfloat-abi=hard -mthumb -o "Core/Src/main.o"
arm-none-eabi-gcc -o "EncorderProject.elf" @"objects.list"   -mcpu=cortex-m7 -T"C:\Users\ashen\Documents\GitHub\MSc-Project\P01\EncorderProject\STM32F756ZGTX_FLASH.ld" --specs=nosys.specs -Wl,-Map="EncorderProject.map" -Wl,--gc-sections -static --specs=nano.specs -mfpu=fpv5-sp-d16 -mfloat-abi=hard -mthumb -Wl,--start-group -lc -lm -Wl,--end-group
Finished building target: EncorderProject.elf
 
arm-none-eabi-size  EncorderProject.elf 
arm-none-eabi-objdump -h -S EncorderProject.elf  > "EncorderProject.list"
   text	   data	    bss	    dec	    hex	filename
  31028	    124	  11692	  42844	   a75c	EncorderProject.elf
Finished building: default.size.stdout
 
Finished building: EncorderProject.list
 
20:38:44 **** Incremental Build of configuration Debug for project EncorderProject ****
make -j12 all 
arm-none-eabi-size  EncorderProject.elf 
   text	   data	    bss	    dec	    hex	filename
  31028	    124	  11692	  42844	   a75c	EncorderProject.elf
Finished building: default.size.stdout
 
20:41:35 **** Incremental Build of configuration Debug for project EncorderProject ****
make -j12 all 
arm-none-eabi-gcc "../Core/Src/main.c" -mcpu=cortex-m7 -std=gnu11 -g3 -DDEBUG -DUSE_HAL_DRIVER -DSTM32F756xx -c -I../Core/Inc -I../Drivers/STM32F7xx_HAL_Driver/Inc -I../Drivers/STM32F7xx_HAL_Driver/Inc/Legacy -I../Drivers/CMSIS/Device/ST/STM32F7xx/Include -I../Drivers/CMSIS/Include -I../FATFS/Target -I../FATFS/App -I../Middlewares/Third_Party/FatFs/src -O0 -ffunction-sections -fdata-sections -Wall -fstack-usage -fcyclomatic-complexity -MMD -MP -MF"Core/Src/main.d" -MT"Core/Src/main.o" --specs=nano.specs -mfpu=fpv5-sp-d16 -mfloat-abi=hard -mthumb -o "Core/Src/main.o"
arm-none-eabi-gcc -o "EncorderProject.elf" @"objects.list"   -mcpu=cortex-m7 -T"C:\Users\ashen\Documents\GitHub\MSc-Project\P01\EncorderProject\STM32F756ZGTX_FLASH.ld" --specs=nosys.specs -Wl,-Map="EncorderProject.map" -Wl,--gc-sections -static --specs=nano.specs -mfpu=fpv5-sp-d16 -mfloat-abi=hard -mthumb -Wl,--start-group -lc -lm -Wl,--end-group
Finished building target: EncorderProject.elf
 
arm-none-eabi-size  EncorderProject.elf 
arm-none-eabi-objdump -h -S EncorderProject.elf  > "EncorderProject.list"
   text	   data	    bss	    dec	    hex	filename
  31068	    124	  11684	  42876	   a77c	EncorderProject.elf
Finished building: default.size.stdout
 
Finished building: EncorderProject.list
 
20:42:28 **** Incremental Build of configuration Debug for project EncorderProject ****
make -j12 all 
arm-none-eabi-size  EncorderProject.elf 
   text	   data	    bss	    dec	    hex	filename
  31068	    124	  11684	  42876	   a77c	EncorderProject.elf
Finished building: default.size.stdout
 
20:42:55 **** Incremental Build of configuration Debug for project EncorderProject ****
make -j12 all 
arm-none-eabi-size  EncorderProject.elf 
   text	   data	    bss	    dec	    hex	filename
  31068	    124	  11684	  42876	   a77c	EncorderProject.elf
Finished building: default.size.stdout
 
20:43:13 **** Incremental Build of configuration Debug for project EncorderProject ****
make -j12 all 
arm-none-eabi-size  EncorderProject.elf 
   text	   data	    bss	    dec	    hex	filename
  31068	    124	  11684	  42876	   a77c	EncorderProject.elf
Finished building: default.size.stdout
 
20:44:34 **** Incremental Build of configuration Debug for project EncorderProject ****
make -j12 all 
arm-none-eabi-gcc "../Core/Src/main.c" -mcpu=cortex-m7 -std=gnu11 -g3 -DDEBUG -DUSE_HAL_DRIVER -DSTM32F756xx -c -I../Core/Inc -I../Drivers/STM32F7xx_HAL_Driver/Inc -I../Drivers/STM32F7xx_HAL_Driver/Inc/Legacy -I../Drivers/CMSIS/Device/ST/STM32F7xx/Include -I../Drivers/CMSIS/Include -I../FATFS/Target -I../FATFS/App -I../Middlewares/Third_Party/FatFs/src -O0 -ffunction-sections -fdata-sections -Wall -fstack-usage -fcyclomatic-complexity -MMD -MP -MF"Core/Src/main.d" -MT"Core/Src/main.o" --specs=nano.specs -mfpu=fpv5-sp-d16 -mfloat-abi=hard -mthumb -o "Core/Src/main.o"
arm-none-eabi-gcc -o "EncorderProject.elf" @"objects.list"   -mcpu=cortex-m7 -T"C:\Users\ashen\Documents\GitHub\MSc-Project\P01\EncorderProject\STM32F756ZGTX_FLASH.ld" --specs=nosys.specs -Wl,-Map="EncorderProject.map" -Wl,--gc-sections -static --specs=nano.specs -mfpu=fpv5-sp-d16 -mfloat-abi=hard -mthumb -Wl,--start-group -lc -lm -Wl,--end-group
Finished building target: EncorderProject.elf
 
arm-none-eabi-size  EncorderProject.elf 
arm-none-eabi-objdump -h -S EncorderProject.elf  > "EncorderProject.list"
   text	   data	    bss	    dec	    hex	filename
  31092	    124	  11684	  42900	   a794	EncorderProject.elf
Finished building: default.size.stdout
 
Finished building: EncorderProject.list
 
20:44:57 **** Incremental Build of configuration Debug for project EncorderProject ****
make -j12 all 
arm-none-eabi-size  EncorderProject.elf 
   text	   data	    bss	    dec	    hex	filename
  31092	    124	  11684	  42900	   a794	EncorderProject.elf
Finished building: default.size.stdout
 
