00:47:37 **** Incremental Build of configuration Debug for project RTOS_V1ASR ****
make -j12 all 
arm-none-eabi-gcc "../Middlewares/Third_Party/FreeRTOS/Source/portable/MemMang/heap_4.c" -mcpu=cortex-m7 -std=gnu11 -g3 -DDEBUG -DUSE_HAL_DRIVER -DSTM32F756xx -c -I../Core/Inc -I../Drivers/STM32F7xx_HAL_Driver/Inc -I../Drivers/STM32F7xx_HAL_Driver/Inc/Legacy -I../Drivers/CMSIS/Device/ST/STM32F7xx/Include -I../Drivers/CMSIS/Include -I../Middlewares/Third_Party/FreeRTOS/Source/include -I../Middlewares/Third_Party/FreeRTOS/Source/portable/GCC/ARM_CM7/r0p1 -I../Middlewares/Third_Party/FreeRTOS/Source/CMSIS_RTOS -O0 -ffunction-sections -fdata-sections -Wall -fstack-usage -fcyclomatic-complexity -MMD -MP -MF"Middlewares/Third_Party/FreeRTOS/Source/portable/MemMang/heap_4.d" -MT"Middlewares/Third_Party/FreeRTOS/Source/portable/MemMang/heap_4.o" --specs=nano.specs -mfpu=fpv5-sp-d16 -mfloat-abi=hard -mthumb -o "Middlewares/Third_Party/FreeRTOS/Source/portable/MemMang/heap_4.o"
arm-none-eabi-gcc -o "RTOS_V1ASR.elf" @"objects.list"   -mcpu=cortex-m7 -T"C:\Users\ashen\Documents\GitHub\MSc-Project\P01\RTOS_V1ASR\STM32F756ZGTX_FLASH.ld" --specs=nosys.specs -Wl,-Map="RTOS_V1ASR.map" -Wl,--gc-sections -static --specs=nano.specs -mfpu=fpv5-sp-d16 -mfloat-abi=hard -mthumb -Wl,--start-group -lc -lm -Wl,--end-group
Finished building target: RTOS_V1ASR.elf
 
arm-none-eabi-size  RTOS_V1ASR.elf 
arm-none-eabi-objdump -h -S RTOS_V1ASR.elf  > "RTOS_V1ASR.list"
   text	   data	    bss	    dec	    hex	filename
  12088	     16	  17344	  29448	   7308	RTOS_V1ASR.elf
Finished building: default.size.stdout
 
Finished building: RTOS_V1ASR.list
 
00:48:00 **** Incremental Build of configuration Debug for project RTOS_V1ASR ****
make -j12 all 
arm-none-eabi-size  RTOS_V1ASR.elf 
   text	   data	    bss	    dec	    hex	filename
  12088	     16	  17344	  29448	   7308	RTOS_V1ASR.elf
Finished building: default.size.stdout
 
00:50:05 **** Incremental Build of configuration Debug for project RTOS_V1ASR ****
make -j12 all 
arm-none-eabi-gcc "../Core/Src/main.c" -mcpu=cortex-m7 -std=gnu11 -g3 -DDEBUG -DUSE_HAL_DRIVER -DSTM32F756xx -c -I../Core/Inc -I../Drivers/STM32F7xx_HAL_Driver/Inc -I../Drivers/STM32F7xx_HAL_Driver/Inc/Legacy -I../Drivers/CMSIS/Device/ST/STM32F7xx/Include -I../Drivers/CMSIS/Include -I../Middlewares/Third_Party/FreeRTOS/Source/include -I../Middlewares/Third_Party/FreeRTOS/Source/portable/GCC/ARM_CM7/r0p1 -I../Middlewares/Third_Party/FreeRTOS/Source/CMSIS_RTOS -O0 -ffunction-sections -fdata-sections -Wall -fstack-usage -fcyclomatic-complexity -MMD -MP -MF"Core/Src/main.d" -MT"Core/Src/main.o" --specs=nano.specs -mfpu=fpv5-sp-d16 -mfloat-abi=hard -mthumb -o "Core/Src/main.o"
arm-none-eabi-gcc -o "RTOS_V1ASR.elf" @"objects.list"   -mcpu=cortex-m7 -T"C:\Users\ashen\Documents\GitHub\MSc-Project\P01\RTOS_V1ASR\STM32F756ZGTX_FLASH.ld" --specs=nosys.specs -Wl,-Map="RTOS_V1ASR.map" -Wl,--gc-sections -static --specs=nano.specs -mfpu=fpv5-sp-d16 -mfloat-abi=hard -mthumb -Wl,--start-group -lc -lm -Wl,--end-group
Finished building target: RTOS_V1ASR.elf
 
arm-none-eabi-size  RTOS_V1ASR.elf 
arm-none-eabi-objdump -h -S RTOS_V1ASR.elf  > "RTOS_V1ASR.list"
   text	   data	    bss	    dec	    hex	filename
  12136	     16	  17352	  29504	   7340	RTOS_V1ASR.elf
Finished building: default.size.stdout
 
Finished building: RTOS_V1ASR.list
 
00:54:08 **** Incremental Build of configuration Debug for project RTOS_V1ASR ****
make -j12 all 
arm-none-eabi-gcc "../Core/Src/main.c" -mcpu=cortex-m7 -std=gnu11 -g3 -DDEBUG -DUSE_HAL_DRIVER -DSTM32F756xx -c -I../Core/Inc -I../Drivers/STM32F7xx_HAL_Driver/Inc -I../Drivers/STM32F7xx_HAL_Driver/Inc/Legacy -I../Drivers/CMSIS/Device/ST/STM32F7xx/Include -I../Drivers/CMSIS/Include -I../Middlewares/Third_Party/FreeRTOS/Source/include -I../Middlewares/Third_Party/FreeRTOS/Source/portable/GCC/ARM_CM7/r0p1 -I../Middlewares/Third_Party/FreeRTOS/Source/CMSIS_RTOS -O0 -ffunction-sections -fdata-sections -Wall -fstack-usage -fcyclomatic-complexity -MMD -MP -MF"Core/Src/main.d" -MT"Core/Src/main.o" --specs=nano.specs -mfpu=fpv5-sp-d16 -mfloat-abi=hard -mthumb -o "Core/Src/main.o"
arm-none-eabi-gcc -o "RTOS_V1ASR.elf" @"objects.list"   -mcpu=cortex-m7 -T"C:\Users\ashen\Documents\GitHub\MSc-Project\P01\RTOS_V1ASR\STM32F756ZGTX_FLASH.ld" --specs=nosys.specs -Wl,-Map="RTOS_V1ASR.map" -Wl,--gc-sections -static --specs=nano.specs -mfpu=fpv5-sp-d16 -mfloat-abi=hard -mthumb -Wl,--start-group -lc -lm -Wl,--end-group
Finished building target: RTOS_V1ASR.elf
 
arm-none-eabi-size  RTOS_V1ASR.elf 
arm-none-eabi-objdump -h -S RTOS_V1ASR.elf  > "RTOS_V1ASR.list"
   text	   data	    bss	    dec	    hex	filename
  12120	     16	  17352	  29488	   7330	RTOS_V1ASR.elf
Finished building: default.size.stdout
 
Finished building: RTOS_V1ASR.list
 
