../Core/Src/main.c:264:7:applyLowPassFilterVelocity	1
../Core/Src/main.c:269:7:applyLowPassFilterVelocity2	1
../Core/Src/main.c:274:7:applyLowPassFilterAcceleration	1
../Core/Src/main.c:279:6:ConfigureMotor01	1
../Core/Src/main.c:285:6:ConfigureMotor02	1
../Core/Src/main.c:290:6:UpdateMotor01CommandedCurrent	1
../Core/Src/main.c:348:6:UpdateMotor02CommandedCurrent	1
../Core/Src/main.c:416:5:main	1
../Core/Src/main.c:509:6:SystemClock_Config	3
../Core/Src/main.c:555:13:MX_DAC_Init	4
../Core/Src/main.c:602:13:MX_SPI4_Init	2
../Core/Src/main.c:642:13:MX_TIM1_Init	3
../Core/Src/main.c:693:13:MX_TIM2_Init	4
../Core/Src/main.c:738:13:MX_TIM4_Init	3
../Core/Src/main.c:787:13:MX_TIM13_Init	2
../Core/Src/main.c:818:13:MX_GPIO_Init	1
../Core/Src/main.c:889:6:StartDefaultTask	8
../Core/Src/main.c:1065:6:StartTask02	9
../Core/Src/main.c:1150:6:MPU_Config	1
../Core/Src/main.c:1185:6:HAL_TIM_PeriodElapsedCallback	2
../Core/Src/main.c:1203:6:Error_Handler	1
