../Core/Src/main.c:118:6:HAL_TIM_PeriodElapsedCallback	32	static
../Core/Src/main.c:161:5:main	16	static
../Core/Src/main.c:256:6:SystemClock_Config	88	static
../Core/Src/main.c:302:13:MX_SPI4_Init	8	static
../Core/Src/main.c:342:13:MX_TIM1_Init	56	static
../Core/Src/main.c:393:13:MX_TIM2_Init	40	static
../Core/Src/main.c:438:13:MX_TIM4_Init	56	static
../Core/Src/main.c:487:13:MX_TIM13_Init	8	static
../Core/Src/main.c:518:13:MX_GPIO_Init	48	static
../Core/Src/main.c:553:6:MPU_Config	24	static
../Core/Src/main.c:584:6:Error_Handler	4	static,ignoring_inline_asm
