../Core/Src/main.c:167:6:HAL_TIM_PeriodElapsedCallback	32	static
../Core/Src/main.c:210:7:applyLowPassFilterVelocity	24	static
../Core/Src/main.c:217:6:ConfigureMotor01	24	static
../Core/Src/main.c:223:6:ConfigureMotor02	24	static
../Core/Src/main.c:235:5:main	24	static
../Core/Src/main.c:355:6:SystemClock_Config	88	static
../Core/Src/main.c:401:13:MX_DAC_Init	16	static
../Core/Src/main.c:448:13:MX_SPI4_Init	8	static
../Core/Src/main.c:488:13:MX_TIM1_Init	56	static
../Core/Src/main.c:539:13:MX_TIM2_Init	40	static
../Core/Src/main.c:584:13:MX_TIM4_Init	56	static
../Core/Src/main.c:633:13:MX_TIM13_Init	8	static
../Core/Src/main.c:664:13:MX_GPIO_Init	56	static
../Core/Src/main.c:730:6:MPU_Config	24	static
../Core/Src/main.c:761:6:Error_Handler	4	static,ignoring_inline_asm
