../Core/Src/main.c:176:7:applyLowPassFilterVelocity	24	static
../Core/Src/main.c:183:6:ConfigureMotor01	24	static
../Core/Src/main.c:189:6:ConfigureMotor02	24	static
../Core/Src/main.c:201:5:main	72	static
../Core/Src/main.c:294:6:SystemClock_Config	88	static
../Core/Src/main.c:340:13:MX_DAC_Init	16	static
../Core/Src/main.c:387:13:MX_SPI4_Init	8	static
../Core/Src/main.c:427:13:MX_TIM1_Init	56	static
../Core/Src/main.c:478:13:MX_TIM2_Init	40	static
../Core/Src/main.c:523:13:MX_TIM4_Init	56	static
../Core/Src/main.c:572:13:MX_TIM13_Init	8	static
../Core/Src/main.c:603:13:MX_GPIO_Init	56	static
../Core/Src/main.c:674:6:StartDefaultTask	24	static
../Core/Src/main.c:740:6:StartTask02	16	static
../Core/Src/main.c:754:6:MPU_Config	24	static
../Core/Src/main.c:789:6:HAL_TIM_PeriodElapsedCallback	16	static
../Core/Src/main.c:807:6:Error_Handler	4	static,ignoring_inline_asm
