2025-07-02 00:27:53,476 [INFO] Activator:176 - 


2025-07-02 00:27:53,478 [INFO] Activator:177 - !SESSION log4j initialized
2025-07-02 00:28:08,948 [INFO] LogOutputStream:77 - [STDOUT_REDIRECT] 
2025-07-02 00:28:16,025 [INFO] ApplicationProperties:184 - Using Application install path: /opt/st/stm32cubeide_1.17.0/plugins/com.st.stm32cube.common.mx_6.13.0.202411220809
2025-07-02 00:28:16,114 [INFO] DbMcusXml:78 - Set database path to: /opt/st/stm32cubeide_1.17.0/plugins/com.st.stm32cube.common.mx_6.13.0.202411220809//db//mcu/
2025-07-02 00:28:16,114 [INFO] ApiDb:274 - Set plugin database path to: /opt/st/stm32cubeide_1.17.0/plugins/com.st.stm32cube.common.mx_6.13.0.202411220809//db//plugins/boardmanager/
2025-07-02 00:28:16,114 [WARN] ApiDb:259 - Overriding images path with different value:  => /opt/st/stm32cubeide_1.17.0/plugins/com.st.stm32cube.common.mx_6.13.0.202411220809//db//plugins/mcufinder/images/
2025-07-02 00:28:16,261 [INFO] ApiDb:250 - Set database path to: /home/asrpc/.stmcufinder/plugins/mcufinder//mcu/
2025-07-02 00:28:16,263 [INFO] DbMcusAds:125 - Set database path to: /home/asrpc/.stmcufinder/plugins/mcufinder//mcu/
2025-07-02 00:28:16,265 [INFO] CrossReferenceDbSqlite:203 - Set database path to: /home/asrpc/.stmcufinder/plugins/mcufinder//mcu/cs/
2025-07-02 00:28:16,691 [INFO] RulesReader:64 - Compatibility file has been processed (297 Rules)
2025-07-02 00:28:17,108 [INFO] DbMcusXml:78 - Set database path to: /opt/st/stm32cubeide_1.17.0/plugins/com.st.stm32cube.common.mx_6.13.0.202411220809//db//mcu/
2025-07-02 00:28:17,108 [INFO] ApiDb:274 - Set plugin database path to: /opt/st/stm32cubeide_1.17.0/plugins/com.st.stm32cube.common.mx_6.13.0.202411220809//db//plugins/boardmanager/
2025-07-02 00:28:17,108 [INFO] ApiDb:261 - Set plugin images path to: /opt/st/stm32cubeide_1.17.0/plugins/com.st.stm32cube.common.mx_6.13.0.202411220809//db//plugins/mcufinder/images/
2025-07-02 00:28:17,109 [WARN] DbFile:41 - Overriding database path with different value: /home/asrpc/.stmcufinder/plugins/mcufinder/ => /home/asrpc/.stmcufinder/plugins/mcufinder
2025-07-02 00:28:17,109 [INFO] ApiDb:250 - Set database path to: /home/asrpc/.stmcufinder/plugins/mcufinder//mcu/
2025-07-02 00:28:17,109 [WARN] DbFile:41 - Overriding database path with different value: /home/asrpc/.stmcufinder/plugins/mcufinder/ => /home/asrpc/.stmcufinder/plugins/mcufinder
2025-07-02 00:28:17,109 [INFO] DbMcusAds:125 - Set database path to: /home/asrpc/.stmcufinder/plugins/mcufinder//mcu/
2025-07-02 00:28:17,109 [WARN] DbFile:41 - Overriding database path with different value: /home/asrpc/.stmcufinder/plugins/mcufinder/ => /home/asrpc/.stmcufinder/plugins/mcufinder
2025-07-02 00:28:17,109 [WARN] DbFile:41 - Overriding database path with different value: /home/asrpc/.stmcufinder/plugins/mcufinder/ => /home/asrpc/.stmcufinder/plugins/mcufinder
2025-07-02 00:28:17,109 [INFO] CrossReferenceDbSqlite:203 - Set database path to: /home/asrpc/.stmcufinder/plugins/mcufinder//mcu/cs/
2025-07-02 00:28:17,338 [INFO] MainPanel:272 - HeapMemory: 268435456
2025-07-02 00:28:18,793 [INFO] DbMcusXml:78 - Set database path to: /opt/st/stm32cubeide_1.17.0/plugins/com.st.stm32cube.common.mx_6.13.0.202411220809//db//mcu/
2025-07-02 00:28:18,793 [INFO] ApiDb:274 - Set plugin database path to: /opt/st/stm32cubeide_1.17.0/plugins/com.st.stm32cube.common.mx_6.13.0.202411220809//db//plugins/boardmanager/
2025-07-02 00:28:18,793 [INFO] ApiDb:261 - Set plugin images path to: /opt/st/stm32cubeide_1.17.0/plugins/com.st.stm32cube.common.mx_6.13.0.202411220809//db//plugins/mcufinder/images/
2025-07-02 00:28:18,793 [WARN] DbFile:41 - Overriding database path with different value: /home/asrpc/.stmcufinder/plugins/mcufinder/ => /home/asrpc/.stmcufinder/plugins/mcufinder
2025-07-02 00:28:18,793 [INFO] ApiDb:250 - Set database path to: /home/asrpc/.stmcufinder/plugins/mcufinder//mcu/
2025-07-02 00:28:18,793 [WARN] DbFile:41 - Overriding database path with different value: /home/asrpc/.stmcufinder/plugins/mcufinder/ => /home/asrpc/.stmcufinder/plugins/mcufinder
2025-07-02 00:28:18,794 [INFO] DbMcusAds:125 - Set database path to: /home/asrpc/.stmcufinder/plugins/mcufinder//mcu/
2025-07-02 00:28:18,794 [WARN] DbFile:41 - Overriding database path with different value: /home/asrpc/.stmcufinder/plugins/mcufinder/ => /home/asrpc/.stmcufinder/plugins/mcufinder
2025-07-02 00:28:18,794 [WARN] DbFile:41 - Overriding database path with different value: /home/asrpc/.stmcufinder/plugins/mcufinder/ => /home/asrpc/.stmcufinder/plugins/mcufinder
2025-07-02 00:28:18,794 [INFO] CrossReferenceDbSqlite:203 - Set database path to: /home/asrpc/.stmcufinder/plugins/mcufinder//mcu/cs/
2025-07-02 00:28:18,882 [INFO] ApplicationProperties:184 - Using Application install path: /opt/st/stm32cubeide_1.17.0/plugins/com.st.stm32cube.common.mx_6.13.0.202411220809
2025-07-02 00:28:18,889 [INFO] PluginManage:196 - Search for loadable plugins [exclusion list=, ]
2025-07-02 00:28:18,891 [INFO] PluginManage:310 - Check plugin analytics
2025-07-02 00:28:20,910 [INFO] AnalyticsPlugin:253 - Accepted Software Licenses: 
2025-07-02 00:28:20,910 [INFO] AnalyticsPlugin:255 - Accepted CMSIS Pack Licenses: 
2025-07-02 00:28:20,911 [INFO] AnalyticsPlugin:257 - Accepted Firmware Licenses: 
2025-07-02 00:28:20,912 [INFO] PluginManage:359 - Loaded plugin analytics (category:tool,tabindex:-1)
2025-07-02 00:28:20,913 [INFO] PluginManage:310 - Check plugin cadmodel
2025-07-02 00:28:21,038 [INFO] CADModel:105 - Init CAD model plugin
2025-07-02 00:28:21,038 [INFO] PluginManage:359 - Loaded plugin cadmodel (category:power,tabindex:5)
2025-07-02 00:28:21,038 [INFO] PluginManage:310 - Check plugin clock
2025-07-02 00:28:21,208 [INFO] PluginManage:359 - Loaded plugin clock (category:base,tabindex:2)
2025-07-02 00:28:21,208 [INFO] PluginManage:310 - Check plugin ddr
2025-07-02 00:28:21,334 [INFO] PluginManage:359 - Loaded plugin ddr (category:tool,tabindex:6)
2025-07-02 00:28:21,334 [INFO] PluginManage:310 - Check plugin filemanager
2025-07-02 00:28:22,335 [INFO] PluginManage:359 - Loaded plugin filemanager (category:base,tabindex:10)
2025-07-02 00:28:22,335 [INFO] PluginManage:310 - Check plugin ipmanager
2025-07-02 00:28:22,427 [INFO] PluginManage:359 - Loaded plugin ipmanager (category:base,tabindex:5)
2025-07-02 00:28:22,427 [INFO] PluginManage:310 - Check plugin lpbam
2025-07-02 00:28:22,556 [INFO] PluginManage:359 - Loaded plugin lpbam (category:base,tabindex:0)
2025-07-02 00:28:22,556 [INFO] PluginManage:310 - Check plugin memorymap
2025-07-02 00:28:22,876 [INFO] PluginManage:359 - Loaded plugin memorymap (category:base,tabindex:4)
2025-07-02 00:28:22,876 [INFO] PluginManage:310 - Check plugin pinoutandconfiguration
2025-07-02 00:28:23,153 [INFO] PluginManage:359 - Loaded plugin pinoutandconfiguration (category:base,tabindex:1)
2025-07-02 00:28:23,153 [INFO] PluginManage:310 - Check plugin pinoutconfig
2025-07-02 00:28:24,113 [WARN] SupportedApi:132 - Cannot load RTOS API schema: s4s-elt-must-match.1: The content of 'definitions' must match (annotation?, (simpleType | complexType)?, (unique | key | keyref)*)). A problem was found starting at: attribute.
2025-07-02 00:28:25,319 [INFO] PluginManage:359 - Loaded plugin pinoutconfig (category:base,tabindex:0)
2025-07-02 00:28:25,319 [INFO] PluginManage:310 - Check plugin power
2025-07-02 00:28:25,558 [INFO] PluginManage:359 - Loaded plugin power (category:power,tabindex:4)
2025-07-02 00:28:25,559 [INFO] PluginManage:310 - Check plugin projectmanager
2025-07-02 00:28:25,638 [INFO] PluginManage:359 - Loaded plugin projectmanager (category:projectmanager,tabindex:4)
2025-07-02 00:28:25,639 [INFO] PluginManage:310 - Check plugin rif
2025-07-02 00:28:25,848 [INFO] PluginManage:359 - Loaded plugin rif (category:base,tabindex:3)
2025-07-02 00:28:25,848 [INFO] PluginManage:310 - Check plugin thirdparty
2025-07-02 00:28:26,745 [WARN] IntegrityCheckThread:84 - waiting for thirdparty lock release [integrity check]
2025-07-02 00:28:26,746 [INFO] IntegrityCheckThread:86 - entering critical section [integrity check]
2025-07-02 00:28:26,746 [INFO] ThirdPartyUpdaterWithRetryManager:70 - Updater plugin not ready yet. [1/15]
2025-07-02 00:28:26,753 [INFO] PluginManage:359 - Loaded plugin thirdparty (category:base,tabindex:-1)
2025-07-02 00:28:26,753 [INFO] PluginManage:310 - Check plugin tools
2025-07-02 00:28:26,782 [INFO] PluginManage:359 - Loaded plugin tools (category:base,tabindex:7)
2025-07-02 00:28:26,782 [INFO] PluginManage:310 - Check plugin tutovideos
2025-07-02 00:28:27,830 [INFO] PluginManage:359 - Loaded plugin tutovideos (category:base,tabindex:-1)
2025-07-02 00:28:27,830 [INFO] PluginManage:310 - Check plugin updater
2025-07-02 00:28:28,401 [INFO] PluginManage:359 - Loaded plugin updater (category:base,tabindex:12)
2025-07-02 00:28:28,401 [INFO] PluginManage:310 - Check plugin userauth
2025-07-02 00:28:28,492 [INFO] UserAuth:118 - Init User Auth plugin
2025-07-02 00:28:28,492 [INFO] PluginManage:359 - Loaded plugin userauth (category:base,tabindex:14)
2025-07-02 00:28:28,493 [INFO] PluginManage:283 - PluginManage : Loaded plugins [18]
2025-07-02 00:28:29,746 [INFO] ThirdPartyUpdaterWithRetryManager:70 - Updater plugin not ready yet. [2/15]
2025-07-02 00:28:31,254 [INFO] PinOutPanel:1589 - setPackage(No Configuration,No Configuration)
2025-07-02 00:28:31,987 [INFO] CADModel:165 - CPN selected for project level
2025-07-02 00:28:31,988 [INFO] CADModel:114 - Register for checkConnection events
2025-07-02 00:28:32,186 [INFO] IPUIPlugin:80 - create IPUIPlugin
2025-07-02 00:28:32,187 [INFO] PluginManager:220 - loadIPPluginJar : add usart
2025-07-02 00:28:32,284 [INFO] IPUIPlugin:80 - create IPUIPlugin
2025-07-02 00:28:32,284 [INFO] PluginManager:220 - loadIPPluginJar : add resmgrutility
2025-07-02 00:28:32,308 [INFO] IPUIPlugin:80 - create IPUIPlugin
2025-07-02 00:28:32,309 [INFO] PluginManager:220 - loadIPPluginJar : add gtzc
2025-07-02 00:28:32,345 [INFO] IPUIPlugin:80 - create IPUIPlugin
2025-07-02 00:28:32,345 [INFO] PluginManager:220 - loadIPPluginJar : add quadspi
2025-07-02 00:28:32,349 [INFO] IPUIPlugin:80 - create IPUIPlugin
2025-07-02 00:28:32,349 [INFO] PluginManager:220 - loadIPPluginJar : add sai
2025-07-02 00:28:32,392 [INFO] IPUIPlugin:80 - create IPUIPlugin
2025-07-02 00:28:32,392 [INFO] PluginManager:220 - loadIPPluginJar : add mdma
2025-07-02 00:28:32,401 [INFO] IPUIPlugin:80 - create IPUIPlugin
2025-07-02 00:28:32,401 [INFO] PluginManager:220 - loadIPPluginJar : add lorawan
2025-07-02 00:28:32,404 [INFO] IPUIPlugin:80 - create IPUIPlugin
2025-07-02 00:28:32,404 [INFO] PluginManager:220 - loadIPPluginJar : add spi
2025-07-02 00:28:32,409 [INFO] IPUIPlugin:80 - create IPUIPlugin
2025-07-02 00:28:32,409 [INFO] PluginManager:220 - loadIPPluginJar : add i3c
2025-07-02 00:28:32,556 [INFO] IPUIPlugin:80 - create IPUIPlugin
2025-07-02 00:28:32,557 [INFO] PluginManager:220 - loadIPPluginJar : add ddr_ctrl_phy
2025-07-02 00:28:32,558 [INFO] IPUIPlugin:80 - create IPUIPlugin
2025-07-02 00:28:32,558 [INFO] PluginManager:220 - loadIPPluginJar : add ltdc
2025-07-02 00:28:32,580 [INFO] IPUIPlugin:80 - create IPUIPlugin
2025-07-02 00:28:32,580 [INFO] PluginManager:220 - loadIPPluginJar : add touchsensing
2025-07-02 00:28:32,582 [INFO] IPUIPlugin:80 - create IPUIPlugin
2025-07-02 00:28:32,583 [INFO] PluginManager:220 - loadIPPluginJar : add radio
2025-07-02 00:28:32,604 [INFO] IPUIPlugin:80 - create IPUIPlugin
2025-07-02 00:28:32,604 [INFO] PluginManager:220 - loadIPPluginJar : add aes
2025-07-02 00:28:32,623 [INFO] IPUIPlugin:80 - create IPUIPlugin
2025-07-02 00:28:32,623 [INFO] PluginManager:220 - loadIPPluginJar : add tsc
2025-07-02 00:28:32,626 [INFO] IPUIPlugin:80 - create IPUIPlugin
2025-07-02 00:28:32,626 [INFO] PluginManager:220 - loadIPPluginJar : add opamp
2025-07-02 00:28:32,629 [INFO] IPUIPlugin:80 - create IPUIPlugin
2025-07-02 00:28:32,629 [INFO] PluginManager:220 - loadIPPluginJar : add i2c
2025-07-02 00:28:32,631 [INFO] IPUIPlugin:80 - create IPUIPlugin
2025-07-02 00:28:32,631 [INFO] PluginManager:220 - loadIPPluginJar : add can
2025-07-02 00:28:32,636 [INFO] IPUIPlugin:80 - create IPUIPlugin
2025-07-02 00:28:32,636 [INFO] PluginManager:220 - loadIPPluginJar : add fatfs
2025-07-02 00:28:32,647 [INFO] IPUIPlugin:80 - create IPUIPlugin
2025-07-02 00:28:32,647 [INFO] PluginManager:220 - loadIPPluginJar : add ucpd
2025-07-02 00:28:32,710 [INFO] IPUIPlugin:80 - create IPUIPlugin
2025-07-02 00:28:32,710 [INFO] PluginManager:220 - loadIPPluginJar : add nvic
2025-07-02 00:28:32,718 [INFO] IPUIPlugin:80 - create IPUIPlugin
2025-07-02 00:28:32,718 [INFO] PluginManager:220 - loadIPPluginJar : add hash
2025-07-02 00:28:32,720 [INFO] IPUIPlugin:80 - create IPUIPlugin
2025-07-02 00:28:32,720 [INFO] PluginManager:220 - loadIPPluginJar : add ts
2025-07-02 00:28:32,732 [INFO] IPUIPlugin:80 - create IPUIPlugin
2025-07-02 00:28:32,733 [INFO] PluginManager:220 - loadIPPluginJar : add pdm2pcm
2025-07-02 00:28:32,747 [INFO] ThirdPartyUpdaterWithRetryManager:70 - Updater plugin not ready yet. [3/15]
2025-07-02 00:28:32,765 [INFO] IPUIPlugin:80 - create IPUIPlugin
2025-07-02 00:28:32,765 [INFO] PluginManager:220 - loadIPPluginJar : add comp
2025-07-02 00:28:32,770 [INFO] IPUIPlugin:80 - create IPUIPlugin
2025-07-02 00:28:32,771 [INFO] PluginManager:220 - loadIPPluginJar : add tim
2025-07-02 00:28:32,780 [INFO] IPUIPlugin:80 - create IPUIPlugin
2025-07-02 00:28:32,780 [INFO] PluginManager:220 - loadIPPluginJar : add cryp
2025-07-02 00:28:32,799 [INFO] IPUIPlugin:80 - create IPUIPlugin
2025-07-02 00:28:32,800 [INFO] PluginManager:220 - loadIPPluginJar : add dma
2025-07-02 00:28:32,812 [INFO] IPUIPlugin:80 - create IPUIPlugin
2025-07-02 00:28:32,812 [INFO] PluginManager:220 - loadIPPluginJar : add gfxmmu
2025-07-02 00:28:32,859 [INFO] IPUIPlugin:80 - create IPUIPlugin
2025-07-02 00:28:32,859 [INFO] PluginManager:220 - loadIPPluginJar : add dma3
2025-07-02 00:28:33,048 [INFO] IPUIPlugin:80 - create IPUIPlugin
2025-07-02 00:28:33,048 [INFO] PluginManager:220 - loadIPPluginJar : add freertos
2025-07-02 00:28:33,138 [INFO] IPUIPlugin:80 - create IPUIPlugin
2025-07-02 00:28:33,138 [INFO] PluginManager:220 - loadIPPluginJar : add ipddr
2025-07-02 00:28:33,185 [INFO] IPUIPlugin:80 - create IPUIPlugin
2025-07-02 00:28:33,185 [INFO] PluginManager:220 - loadIPPluginJar : add gic
2025-07-02 00:28:33,213 [INFO] IPUIPlugin:80 - create IPUIPlugin
2025-07-02 00:28:33,213 [INFO] PluginManager:220 - loadIPPluginJar : add fmc
2025-07-02 00:28:33,232 [INFO] IPUIPlugin:80 - create IPUIPlugin
2025-07-02 00:28:33,232 [INFO] PluginManager:220 - loadIPPluginJar : add extmemmanager
2025-07-02 00:28:33,239 [INFO] IPUIPlugin:80 - create IPUIPlugin
2025-07-02 00:28:33,239 [INFO] PluginManager:220 - loadIPPluginJar : add i2s
2025-07-02 00:28:33,266 [INFO] IPUIPlugin:80 - create IPUIPlugin
2025-07-02 00:28:33,266 [INFO] PluginManager:220 - loadIPPluginJar : add linkedlist
2025-07-02 00:28:33,277 [INFO] IPUIPlugin:80 - create IPUIPlugin
2025-07-02 00:28:33,278 [INFO] PluginManager:220 - loadIPPluginJar : add openamp
2025-07-02 00:28:33,288 [INFO] IPUIPlugin:80 - create IPUIPlugin
2025-07-02 00:28:33,289 [INFO] PluginManager:220 - loadIPPluginJar : add genericplugin
2025-07-02 00:28:33,413 [INFO] IPUIPlugin:80 - create IPUIPlugin
2025-07-02 00:28:33,413 [INFO] PluginManager:220 - loadIPPluginJar : add gpio
2025-07-02 00:28:33,429 [INFO] IPUIPlugin:80 - create IPUIPlugin
2025-07-02 00:28:33,429 [INFO] PluginManager:220 - loadIPPluginJar : add stm32_wpan
2025-07-02 00:28:33,431 [INFO] IPUIPlugin:80 - create IPUIPlugin
2025-07-02 00:28:33,431 [INFO] PluginManager:220 - loadIPPluginJar : add dfsdm
2025-07-02 00:28:33,439 [INFO] IPUIPlugin:80 - create IPUIPlugin
2025-07-02 00:28:33,439 [INFO] PluginManager:220 - loadIPPluginJar : add adc
2025-07-02 00:28:33,496 [INFO] IPUIPlugin:80 - create IPUIPlugin
2025-07-02 00:28:33,499 [INFO] PluginManager:220 - loadIPPluginJar : add plateformsettings
2025-07-02 00:28:33,501 [INFO] IPUIPlugin:80 - create IPUIPlugin
2025-07-02 00:28:33,501 [INFO] PluginManager:220 - loadIPPluginJar : add tracer_emb
2025-07-02 00:28:33,507 [INFO] IPUIPlugin:80 - create IPUIPlugin
2025-07-02 00:28:33,507 [INFO] PluginManager:220 - loadIPPluginJar : add usbx
2025-07-02 00:28:33,749 [FATAL] Updater:351 - Updater called before beeing initialized
2025-07-02 00:28:33,869 [INFO] RulesReader:64 - Compatibility file has been processed (297 Rules)
2025-07-02 00:28:33,907 [INFO] RulesReader:64 - Compatibility file has been processed (297 Rules)
2025-07-02 00:28:33,922 [INFO] CADModel:165 - CPN selected for project level
2025-07-02 00:28:33,922 [INFO] CADModel:114 - Register for checkConnection events
2025-07-02 00:28:33,922 [FATAL] Updater:351 - Updater called before beeing initialized
2025-07-02 00:28:33,922 [ERROR] CADModel:125 - Updater not yet initialized, retry later 
2025-07-02 00:28:34,868 [FATAL] Updater:351 - Updater called before beeing initialized
2025-07-02 00:28:34,884 [INFO] CADModel:165 - CPN selected for project level
2025-07-02 00:28:34,884 [INFO] CADModel:114 - Register for checkConnection events
2025-07-02 00:28:34,884 [FATAL] Updater:351 - Updater called before beeing initialized
2025-07-02 00:28:34,885 [ERROR] CADModel:125 - Updater not yet initialized, retry later 
2025-07-02 00:28:34,891 [FATAL] Updater:351 - Updater called before beeing initialized
2025-07-02 00:28:35,287 [FATAL] Updater:351 - Updater called before beeing initialized
2025-07-02 00:28:35,322 [INFO] DbMcusAds:53 - JSON generation date=Tue Dec 17 21:31:15 IST 2024 (1734451275222)
2025-07-02 00:28:35,323 [FATAL] Updater:351 - Updater called before beeing initialized
2025-07-02 00:28:35,515 [WARN] DetailPanel:346 - Failed to get advertising image, set to default
2025-07-02 00:28:35,750 [INFO] ThirdPartyUpdaterWithRetryManager:70 - Updater plugin not ready yet. [4/15]
2025-07-02 00:28:35,984 [FATAL] Updater:351 - Updater called before beeing initialized
2025-07-02 00:28:35,995 [FATAL] Updater:351 - Updater called before beeing initialized
2025-07-02 00:28:35,995 [FATAL] Updater:351 - Updater called before beeing initialized
2025-07-02 00:28:35,995 [WARN] DetailPanel:346 - Failed to get advertising image, set to default
2025-07-02 00:28:35,997 [FATAL] Updater:351 - Updater called before beeing initialized
2025-07-02 00:28:36,111 [ERROR] Updater:1198 - MainUpdater not yet initialized. External WinMGr cannot be set.
2025-07-02 00:28:36,141 [INFO] Updater:1134 - Updater Version found : 6.13.0
2025-07-02 00:28:36,211 [INFO] ApplicationProperties:184 - Using Application install path: /opt/st/stm32cubeide_1.17.0/plugins/com.st.stm32cube.common.mx_6.13.0.202411220809
2025-07-02 00:28:37,073 [INFO] MainUpdater:2872 - connection check result : 10
2025-07-02 00:28:37,074 [INFO] MainUpdater:289 - Updater Check For Update Now.
2025-07-02 00:28:37,074 [INFO] MicroXplorer:498 - Change Database Version : DB.6.0.130
2025-07-02 00:28:37,081 [INFO] McuFinderGlobals:63 - Set McuFinder mode to 2 (CubeIDE integrated)
2025-07-02 00:28:37,189 [INFO] UserAuth:486 - Internet connection configuration mode: 1
2025-07-02 00:28:37,618 [INFO] JxBrowserEngine:152 - Initiate JxBrowser Engine with user profile folder
2025-07-02 00:28:37,719 [INFO] CheckServerUpdateThread:120 - End of CheckServer Thread
2025-07-02 00:28:40,042 [WARN] PackLoader:240 - Cannot read IP mode file for STMicroelectronics.FP-SNS-MOTENVWB1.1.4.0
2025-07-02 00:28:40,078 [WARN] PackLoader:240 - Cannot read IP mode file for STMicroelectronics.FP-ATR-ASTRA1.2.0.2
2025-07-02 00:28:40,081 [WARN] PackLoader:240 - Cannot read IP mode file for STMicroelectronics.FP-ATR-ASTRA1.2.0.1
2025-07-02 00:28:40,173 [WARN] PackLoader:240 - Cannot read IP mode file for STMicroelectronics.X-CUBE-SMBUS.2.1.0
2025-07-02 00:28:40,427 [WARN] PackLoader:240 - Cannot read IP mode file for STMicroelectronics.X-CUBE-WB05N.1.1.0
2025-07-02 00:28:40,476 [WARN] PackLoader:240 - Cannot read IP mode file for STMicroelectronics.X-CUBE-ST60.1.0.0
2025-07-02 00:28:40,643 [WARN] PackLoader:240 - Cannot read IP mode file for STMicroelectronics.X-CUBE-AZRTOS-F7.1.1.0
2025-07-02 00:28:40,661 [WARN] PackLoader:240 - Cannot read IP mode file for STMicroelectronics.FP-SNS-FLIGHT1.5.0.2
2025-07-02 00:28:40,905 [WARN] PackLoader:240 - Cannot read IP mode file for Infineon.AIROC-Wi-Fi-Bluetooth-STM32.1.7.0
2025-07-02 00:28:40,943 [WARN] PackLoader:240 - Cannot read IP mode file for STMicroelectronics.X-CUBE-DISPLAY.3.0.0
2025-07-02 00:28:41,055 [WARN] PackLoader:240 - Cannot read IP mode file for STMicroelectronics.X-CUBE-BLE1.7.0.0
2025-07-02 00:28:41,223 [WARN] PackLoader:240 - Cannot read IP mode file for STMicroelectronics.X-CUBE-NFC10.1.0.0
2025-07-02 00:28:41,322 [WARN] PackLoader:240 - Cannot read IP mode file for emotas.I-CUBE-CANOPEN.1.3.0
2025-07-02 00:28:41,347 [WARN] PackLoader:240 - Cannot read IP mode file for STMicroelectronics.X-CUBE-AI.10.0.0
2025-07-02 00:28:41,410 [WARN] PackLoader:240 - Cannot read IP mode file for STMicroelectronics.FP-SNS-SMARTAG2.1.2.0
2025-07-02 00:28:41,487 [WARN] PackLoader:240 - Cannot read IP mode file for STMicroelectronics.FP-SNS-FLIGHT1.5.1.0
2025-07-02 00:28:41,622 [WARN] PackLoader:240 - Cannot read IP mode file for STMicroelectronics.X-CUBE-MEMS1.11.1.0
2025-07-02 00:28:41,858 [INFO] LogOutputStream:77 - [STDOUT_REDIRECT] 1 : Invalid condition id : UX_CORESTACK_Condition cause : null
2025-07-02 00:28:41,859 [INFO] LogOutputStream:77 - [STDOUT_REDIRECT] 1 : Invalid condition id : UX_CORESTACK_Condition cause : null
2025-07-02 00:28:41,859 [INFO] LogOutputStream:77 - [STDOUT_REDIRECT] 1 : Invalid condition id : UX_CORESTACK_Condition cause : null
2025-07-02 00:28:41,859 [INFO] LogOutputStream:77 - [STDOUT_REDIRECT] 1 : Invalid condition id : UX_CORESTACK_Condition cause : null
2025-07-02 00:28:41,859 [INFO] LogOutputStream:77 - [STDOUT_REDIRECT] 1 : Invalid condition id : UX_CORESTACK_Condition cause : null
2025-07-02 00:28:41,861 [WARN] PackLoader:240 - Cannot read IP mode file for STMicroelectronics.X-CUBE-AZRTOS-WL.2.0.0
2025-07-02 00:28:41,867 [WARN] PackLoader:240 - Cannot read IP mode file for STMicroelectronics.FP-SNS-MOTENV1.5.0.0
2025-07-02 00:28:41,917 [WARN] PackLoader:240 - Cannot read IP mode file for wolfSSL.I-CUBE-wolfMQTT.1.19.0
2025-07-02 00:28:41,942 [WARN] PackLoader:240 - Cannot read IP mode file for WES.I-CUBE-Cesium.1.3.0
2025-07-02 00:28:41,968 [WARN] PackLoader:240 - Cannot read IP mode file for STMicroelectronics.X-CUBE-BLE2.3.3.0
2025-07-02 00:28:42,046 [WARN] PackLoader:240 - Cannot read IP mode file for STMicroelectronics.X-CUBE-NFC9.1.0.0
2025-07-02 00:28:42,116 [WARN] PackLoader:240 - Cannot read IP mode file for STMicroelectronics.X-CUBE-BLE1.7.1.0
2025-07-02 00:28:42,157 [WARN] PackLoader:240 - Cannot read IP mode file for STMicroelectronics.X-CUBE-AI.10.1.0
2025-07-02 00:28:42,296 [WARN] PackLoader:240 - Cannot read IP mode file for STMicroelectronics.X-CUBE-MEMS1.11.2.0
2025-07-02 00:28:42,527 [WARN] PackLoader:240 - Cannot read IP mode file for STMicroelectronics.X-CUBE-AZRTOS-G0.1.1.0
2025-07-02 00:28:42,640 [WARN] PackLoader:240 - Cannot read IP mode file for STMicroelectronics.X-CUBE-SAFEA1.1.2.2
2025-07-02 00:28:42,725 [WARN] PackLoader:240 - Cannot read IP mode file for STMicroelectronics.X-CUBE-NFC4.3.0.0
2025-07-02 00:28:42,783 [WARN] PackLoader:240 - Cannot read IP mode file for EmbeddedOffice.I-CUBE-FS-RTOS.1.0.1
2025-07-02 00:28:42,910 [WARN] PackLoader:240 - Cannot read IP mode file for STMicroelectronics.X-CUBE-WB05N.2.0.0
2025-07-02 00:28:42,946 [WARN] PackLoader:240 - Cannot read IP mode file for RealThread.X-CUBE-RT-Thread_Nano.4.1.1
2025-07-02 00:28:43,488 [WARN] PackLoader:240 - Cannot read IP mode file for STMicroelectronics.FP-ATR-SIGFOX1.3.2.0
2025-07-02 00:28:43,569 [WARN] ConditionMgr:438 - getConditionDescription Invalid condition id : Cortex-A Device cause : null
2025-07-02 00:28:43,612 [WARN] ConditionMgr:1044 - genDependencies : Invalid condition id : Cortex-A Device cause : null
2025-07-02 00:28:43,612 [WARN] ConditionMgr:1044 - genDependencies : Invalid condition id : Cortex-A Device cause : null
2025-07-02 00:28:43,612 [WARN] ConditionMgr:1044 - genDependencies : Invalid condition id : Cortex-A Device cause : null
2025-07-02 00:28:43,642 [WARN] PackLoader:240 - Cannot read IP mode file for STMicroelectronics.X-CUBE-EEPRMA1.5.1.0
2025-07-02 00:28:43,761 [WARN] PackLoader:240 - Cannot read IP mode file for wolfSSL.I-CUBE-wolfSSL.5.7.6
2025-07-02 00:28:43,801 [WARN] PackLoader:240 - Cannot read IP mode file for ITTIA_DB.I-CUBE-ITTIADB.8.9.0
2025-07-02 00:28:43,880 [WARN] PackLoader:240 - Cannot read IP mode file for STMicroelectronics.X-CUBE-ST67W61.1.0.0
2025-07-02 00:28:45,096 [WARN] PackLoader:240 - Cannot read IP mode file for SEGGER.I-CUBE-embOS.1.3.1
2025-07-02 00:28:45,216 [WARN] PackLoader:240 - Cannot read IP mode file for STMicroelectronics.X-CUBE-ALGOBUILD.1.4.0
2025-07-02 00:28:45,630 [WARN] PackLoader:240 - Cannot read IP mode file for STMicroelectronics.X-CUBE-MEMS1.11.3.0
2025-07-02 00:28:45,787 [WARN] PackLoader:240 - Cannot read IP mode file for STMicroelectronics.X-CUBE-AI.9.1.0
2025-07-02 00:28:45,836 [WARN] PackLoader:240 - Cannot read IP mode file for STMicroelectronics.X-CUBE-PM33A1.1.0.0
2025-07-02 00:28:45,964 [WARN] PackLoader:240 - Cannot read IP mode file for STMicroelectronics.X-CUBE-AZRTOS-F4.1.1.0
2025-07-02 00:28:46,010 [WARN] PackLoader:240 - Cannot read IP mode file for Avnet-IotConnect.X-CUBE-IoTC-DA16k-PMOD.1.0.0
2025-07-02 00:28:46,096 [WARN] PackLoader:240 - Cannot read IP mode file for STMicroelectronics.X-CUBE-ISPU.2.1.0
2025-07-02 00:28:46,237 [WARN] PackLoader:240 - Cannot read IP mode file for STMicroelectronics.X-CUBE-AZRTOS-L5.2.0.0
2025-07-02 00:28:46,285 [WARN] PackLoader:240 - Cannot read IP mode file for STMicroelectronics.X-CUBE-NFC6.3.1.0
2025-07-02 00:28:46,461 [WARN] PackLoader:240 - Cannot read IP mode file for STMicroelectronics.X-CUBE-DPower.1.2.0
2025-07-02 00:28:46,513 [WARN] PackLoader:240 - Cannot read IP mode file for STMicroelectronics.X-CUBE-FREERTOS.1.3.1
2025-07-02 00:28:46,562 [WARN] PackLoader:240 - Cannot read IP mode file for STMicroelectronics.X-CUBE-FREERTOS.1.3.0
2025-07-02 00:28:46,652 [WARN] PackLoader:240 - Cannot read IP mode file for STMicroelectronics.X-CUBE-NFC7.1.0.1
2025-07-02 00:28:46,699 [WARN] PackLoader:240 - Cannot read IP mode file for STMicroelectronics.FP-SNS-STAIOTCFT.1.0.0
2025-07-02 00:28:46,766 [WARN] PackLoader:240 - Cannot read IP mode file for STMicroelectronics.X-CUBE-DPower.1.3.0
2025-07-02 00:28:46,845 [WARN] ConditionMgr:438 - getConditionDescription Invalid condition id : LAN8742 Phy interface Condition cause : null
2025-07-02 00:28:46,845 [WARN] PackLoader:240 - Cannot read IP mode file for STMicroelectronics.X-CUBE-AZRTOS-L4.2.0.0
2025-07-02 00:28:46,846 [WARN] ConditionMgr:1044 - genDependencies : Invalid condition id : LAN8742 Phy interface Condition cause : null
2025-07-02 00:28:46,847 [WARN] ConditionMgr:1044 - genDependencies : Invalid condition id : LAN8742 Phy interface Condition cause : null
2025-07-02 00:28:46,847 [WARN] ConditionMgr:1044 - genDependencies : Invalid condition id : LAN8742 Phy interface Condition cause : null
2025-07-02 00:28:46,877 [WARN] PackLoader:240 - Cannot read IP mode file for STMicroelectronics.X-CUBE-SFXS2LP1.4.0.0
2025-07-02 00:28:46,962 [WARN] PackLoader:240 - Cannot read IP mode file for STMicroelectronics.X-CUBE-AZRTOS-H7.3.3.0
2025-07-02 00:28:47,061 [WARN] ConditionMgr:438 - getConditionDescription Invalid condition id : UX DEVICE CLASS RTOS Condition cause : null
2025-07-02 00:28:47,061 [WARN] ConditionMgr:438 - getConditionDescription Invalid condition id : UX DEVICE CLASS RTOS Condition cause : null
2025-07-02 00:28:47,063 [WARN] PackLoader:240 - Cannot read IP mode file for STMicroelectronics.X-CUBE-AZRTOS-WB.2.0.0
2025-07-02 00:28:47,063 [WARN] ConditionMgr:1044 - genDependencies : Invalid condition id : UX DEVICE CLASS RTOS Condition cause : null
2025-07-02 00:28:47,063 [WARN] ConditionMgr:1044 - genDependencies : Invalid condition id : UX DEVICE CLASS RTOS Condition cause : null
2025-07-02 00:28:47,064 [WARN] ConditionMgr:1044 - genDependencies : Invalid condition id : UX DEVICE CLASS RTOS Condition cause : null
2025-07-02 00:28:47,064 [WARN] ConditionMgr:1044 - genDependencies : Invalid condition id : UX DEVICE CLASS RTOS Condition cause : null
2025-07-02 00:28:47,064 [WARN] ConditionMgr:1044 - genDependencies : Invalid condition id : UX DEVICE CLASS RTOS Condition cause : null
2025-07-02 00:28:47,147 [WARN] PackLoader:240 - Cannot read IP mode file for STMicroelectronics.X-CUBE-TOUCHGFX.4.25.0
2025-07-02 00:28:47,254 [WARN] PackLoader:240 - Cannot read IP mode file for STMicroelectronics.FP-SNS-STBOX1.2.0.0
2025-07-02 00:28:47,350 [WARN] PackLoader:240 - Cannot read IP mode file for STMicroelectronics.X-CUBE-SUBG2.5.0.0
2025-07-02 00:28:47,462 [WARN] PackLoader:240 - Cannot read IP mode file for STMicroelectronics.X-CUBE-AZRTOS-H7RS.1.1.0
2025-07-02 00:28:47,481 [WARN] PackLoader:240 - Cannot read IP mode file for Cesanta.I-CUBE-Mongoose.7.13.0
2025-07-02 00:28:47,518 [WARN] PackLoader:240 - Cannot read IP mode file for STMicroelectronics.X-CUBE-AZRTOS-G4.2.0.0
2025-07-02 00:28:47,555 [WARN] PackLoader:240 - Cannot read IP mode file for STMicroelectronics.X-CUBE-NFC7.2.0.0
2025-07-02 00:28:47,610 [WARN] PackLoader:240 - Cannot read IP mode file for STMicroelectronics.X-CUBE-ALS.1.0.2
2025-07-02 00:28:47,629 [WARN] PackLoader:240 - Cannot read IP mode file for STMicroelectronics.X-CUBE-TOUCHGFX.4.24.2
2025-07-02 00:28:47,684 [WARN] PackLoader:240 - Cannot read IP mode file for wolfSSL.I-CUBE-wolfTPM.3.4.0
2025-07-02 00:28:47,728 [WARN] PackLoader:240 - Cannot read IP mode file for portGmbH.I-Cube-SoM-uGOAL.1.1.0
2025-07-02 00:28:47,843 [WARN] PackLoader:240 - Cannot read IP mode file for STMicroelectronics.X-CUBE-AZRTOS-H7RS.1.0.0
2025-07-02 00:28:47,914 [WARN] PackLoader:240 - Cannot read IP mode file for STMicroelectronics.X-CUBE-TOF1.3.4.2
2025-07-02 00:28:48,024 [WARN] PackLoader:240 - Cannot read IP mode file for STMicroelectronics.X-CUBE-TOF1.3.4.3
2025-07-02 00:28:48,072 [WARN] PackLoader:240 - Cannot read IP mode file for wolfSSL.I-CUBE-wolfSSH.1.4.17
2025-07-02 00:28:48,073 [INFO] ThirdParty:978 - Integrity check success = true
2025-07-02 00:28:48,073 [INFO] IntegrityCheckThread:100 - exiting critical section [integrity check]
2025-07-02 00:28:48,073 [INFO] IntegrityCheckThread:103 - End integrity checks thread
2025-07-02 00:29:37,537 [INFO] WebApp:168 - Instantiating new browser for Auth
2025-07-02 00:30:36,413 [INFO] WebApp:449 - Apply proxy settings
2025-07-02 00:30:36,414 [INFO] WebApp:534 - Chromium requires no authentication
2025-07-02 00:30:38,438 [INFO] WebApp:477 - Direct internet connection detected
2025-07-02 00:30:39,222 [INFO] WebApp:880 - Register for checkConnection events
2025-07-02 00:30:39,223 [INFO] WebApp:449 - Apply proxy settings
2025-07-02 00:30:39,223 [INFO] WebApp:534 - Chromium requires no authentication
2025-07-02 00:30:39,223 [INFO] WebApp:477 - Direct internet connection detected
2025-07-02 00:30:46,124 [INFO] WebApp:221 - Starting web application
2025-07-02 00:30:46,124 [INFO] WebApp:579 - Web application path used /opt/st/stm32cubeide_1.17.0/plugins/com.st.stm32cube.common.mx_6.13.0.202411220809/db/plugins/mcufinder/reactClient1/index.html
2025-07-02 00:30:47,898 [INFO] WebApp:187 - Connection restablished
2025-07-02 00:31:39,084 [INFO] UserAuth:486 - Internet connection configuration mode: 1
