../Drivers/CMSIS/Include/core_cm7.h:2606:26:ITM_SendChar	16	static,ignoring_inline_asm
../Core/Src/main.c:294:6:send_uart	24	static
../Core/Src/main.c:348:6:SDCARD_Task	16	static
../Core/Src/main.c:414:6:INITIALIZATION_Task	208	static
../Core/Src/main.c:581:6:BM_Task	16	static
../Core/Src/main.c:616:6:WriteToSD	136	static
../Core/Src/main.c:634:5:_write	32	static
../Core/Src/main.c:644:5:bufsize	24	static
../Core/Src/main.c:654:6:bufclear	16	static
../Core/Src/main.c:662:6:HAL_GPIO_EXTI_Callback	16	static
../Core/Src/main.c:685:7:findJ	32	static
../Core/Src/main.c:701:7:findG	32	static
../Core/Src/main.c:709:7:torque_profile	32	static
../Core/Src/main.c:729:7:T_gravity	32	static
../Core/Src/main.c:746:6:Profile_Record	16	static
../Core/Src/main.c:838:6:Bimanual_MotorCtrl	16	static
../Core/Src/main.c:970:6:Bimanual_MotorCtrl_M1	16	static
../Core/Src/main.c:1111:6:Bimanual_MotorCtrl_M2	16	static
../Core/Src/main.c:1254:5:main	24	static
../Core/Src/main.c:1400:6:SystemClock_Config	88	static
../Core/Src/main.c:1449:13:MX_I2C3_Init	8	static
../Core/Src/main.c:1494:13:MX_SPI4_Init	8	static
../Core/Src/main.c:1532:13:MX_TIM1_Init	56	static
../Core/Src/main.c:1581:13:MX_TIM4_Init	56	static
../Core/Src/main.c:1628:13:MX_USART2_UART_Init	8	static
../Core/Src/main.c:1661:13:MX_USART3_UART_Init	8	static
../Core/Src/main.c:1694:13:MX_GPIO_Init	64	static
../Core/Src/main.c:1851:6:HAL_TIM_PeriodElapsedCallback	16	static
../Core/Src/main.c:1867:6:Error_Handler	4	static,ignoring_inline_asm
