../Core/Src/stm32f7xx_it.c:97:7:torque_profile	32	static
../Core/Src/stm32f7xx_it.c:118:7:T_gravity	32	static
../Core/Src/stm32f7xx_it.c:173:6:NMI_Handler	4	static
../Core/Src/stm32f7xx_it.c:186:6:HardFault_Handler	4	static
../Core/Src/stm32f7xx_it.c:199:6:MemManage_Handler	4	static
../Core/Src/stm32f7xx_it.c:212:6:BusFault_Handler	4	static
../Core/Src/stm32f7xx_it.c:225:6:UsageFault_Handler	4	static
../Core/Src/stm32f7xx_it.c:238:6:SVC_Handler	4	static
../Core/Src/stm32f7xx_it.c:250:6:DebugMon_Handler	4	static
../Core/Src/stm32f7xx_it.c:262:6:PendSV_Handler	4	static
../Core/Src/stm32f7xx_it.c:274:6:SysTick_Handler	8	static
../Core/Src/stm32f7xx_it.c:300:6:TIM1_CC_IRQHandler	8	static
../Core/Src/stm32f7xx_it.c:311:6:Bimanual_MotorCtrl	16	static
